[0.245s] DEBUG:colcon:Command line arguments: ['/usr/bin/colcon', 'build', '--packages-select', 'my_robot_gazebo']
[0.245s] DEBUG:colcon:Parsed command line arguments: Namespace(log_base=None, log_level=None, verb_name='build', build_base='build', install_base='install', merge_install=False, symlink_install=False, test_result_base=None, continue_on_error=False, executor='parallel', parallel_workers=16, event_handlers=None, ignore_user_meta=False, metas=['./colcon.meta'], base_paths=['.'], packages_ignore=None, packages_ignore_regex=None, paths=None, packages_up_to=None, packages_up_to_regex=None, packages_above=None, packages_above_and_dependencies=None, packages_above_depth=None, packages_select_by_dep=None, packages_skip_by_dep=None, packages_skip_up_to=None, packages_select_build_failed=False, packages_skip_build_finished=False, packages_select_test_failures=False, packages_skip_test_passed=False, packages_select=['my_robot_gazebo'], packages_skip=None, packages_select_regex=None, packages_skip_regex=None, packages_start=None, packages_end=None, allow_overriding=[], cmake_args=None, cmake_target=None, cmake_target_skip_unavailable=False, cmake_clean_cache=False, cmake_clean_first=False, cmake_force_configure=False, ament_cmake_args=None, catkin_cmake_args=None, catkin_skip_building_tests=False, verb_parser=<colcon_defaults.argument_parser.defaults.DefaultArgumentsDecorator object at 0x7f1a8035df30>, verb_extension=<colcon_core.verb.build.BuildVerb object at 0x7f1a80553490>, main=<bound method BuildVerb.main of <colcon_core.verb.build.BuildVerb object at 0x7f1a80553490>>)
[0.494s] Level 1:colcon.colcon_core.package_discovery:discover_packages(colcon_meta) check parameters
[0.494s] Level 1:colcon.colcon_core.package_discovery:discover_packages(recursive) check parameters
[0.494s] Level 1:colcon.colcon_core.package_discovery:discover_packages(ignore) check parameters
[0.494s] Level 1:colcon.colcon_core.package_discovery:discover_packages(path) check parameters
[0.494s] Level 1:colcon.colcon_core.package_discovery:discover_packages(colcon_meta) discover
[0.494s] Level 1:colcon.colcon_core.package_discovery:discover_packages(recursive) discover
[0.494s] INFO:colcon.colcon_core.package_discovery:Crawling recursively for packages in '/home/ivan/ros2_ws/task5'
[0.495s] Level 1:colcon.colcon_core.package_identification:_identify(.) by extensions ['ignore', 'ignore_ament_install']
[0.495s] Level 1:colcon.colcon_core.package_identification:_identify(.) by extension 'ignore'
[0.495s] Level 1:colcon.colcon_core.package_identification:_identify(.) by extension 'ignore_ament_install'
[0.495s] Level 1:colcon.colcon_core.package_identification:_identify(.) by extensions ['colcon_pkg']
[0.495s] Level 1:colcon.colcon_core.package_identification:_identify(.) by extension 'colcon_pkg'
[0.495s] Level 1:colcon.colcon_core.package_identification:_identify(.) by extensions ['colcon_meta']
[0.495s] Level 1:colcon.colcon_core.package_identification:_identify(.) by extension 'colcon_meta'
[0.495s] Level 1:colcon.colcon_core.package_identification:_identify(.) by extensions ['ros']
[0.495s] Level 1:colcon.colcon_core.package_identification:_identify(.) by extension 'ros'
[0.513s] Level 1:colcon.colcon_core.package_identification:_identify(.) by extensions ['cmake', 'python']
[0.513s] Level 1:colcon.colcon_core.package_identification:_identify(.) by extension 'cmake'
[0.513s] Level 1:colcon.colcon_core.package_identification:_identify(.) by extension 'python'
[0.513s] Level 1:colcon.colcon_core.package_identification:_identify(.) by extensions ['python_setup_py']
[0.513s] Level 1:colcon.colcon_core.package_identification:_identify(.) by extension 'python_setup_py'
[0.513s] Level 1:colcon.colcon_core.package_identification:_identify(build) by extensions ['ignore', 'ignore_ament_install']
[0.513s] Level 1:colcon.colcon_core.package_identification:_identify(build) by extension 'ignore'
[0.513s] Level 1:colcon.colcon_core.package_identification:_identify(build) ignored
[0.514s] Level 1:colcon.colcon_core.package_identification:_identify(ex01) by extensions ['ignore', 'ignore_ament_install']
[0.514s] Level 1:colcon.colcon_core.package_identification:_identify(ex01) by extension 'ignore'
[0.514s] Level 1:colcon.colcon_core.package_identification:_identify(ex01) by extension 'ignore_ament_install'
[0.514s] Level 1:colcon.colcon_core.package_identification:_identify(ex01) by extensions ['colcon_pkg']
[0.514s] Level 1:colcon.colcon_core.package_identification:_identify(ex01) by extension 'colcon_pkg'
[0.514s] Level 1:colcon.colcon_core.package_identification:_identify(ex01) by extensions ['colcon_meta']
[0.514s] Level 1:colcon.colcon_core.package_identification:_identify(ex01) by extension 'colcon_meta'
[0.514s] Level 1:colcon.colcon_core.package_identification:_identify(ex01) by extensions ['ros']
[0.514s] Level 1:colcon.colcon_core.package_identification:_identify(ex01) by extension 'ros'
[0.514s] Level 1:colcon.colcon_core.package_identification:_identify(ex01) by extensions ['cmake', 'python']
[0.514s] Level 1:colcon.colcon_core.package_identification:_identify(ex01) by extension 'cmake'
[0.514s] Level 1:colcon.colcon_core.package_identification:_identify(ex01) by extension 'python'
[0.514s] Level 1:colcon.colcon_core.package_identification:_identify(ex01) by extensions ['python_setup_py']
[0.514s] Level 1:colcon.colcon_core.package_identification:_identify(ex01) by extension 'python_setup_py'
[0.515s] Level 1:colcon.colcon_core.package_identification:_identify(ex01/build) by extensions ['ignore', 'ignore_ament_install']
[0.515s] Level 1:colcon.colcon_core.package_identification:_identify(ex01/build) by extension 'ignore'
[0.515s] Level 1:colcon.colcon_core.package_identification:_identify(ex01/build) ignored
[0.515s] Level 1:colcon.colcon_core.package_identification:_identify(ex01/install) by extensions ['ignore', 'ignore_ament_install']
[0.515s] Level 1:colcon.colcon_core.package_identification:_identify(ex01/install) by extension 'ignore'
[0.515s] Level 1:colcon.colcon_core.package_identification:_identify(ex01/install) ignored
[0.515s] Level 1:colcon.colcon_core.package_identification:_identify(ex01/log) by extensions ['ignore', 'ignore_ament_install']
[0.515s] Level 1:colcon.colcon_core.package_identification:_identify(ex01/log) by extension 'ignore'
[0.515s] Level 1:colcon.colcon_core.package_identification:_identify(ex01/log) ignored
[0.515s] Level 1:colcon.colcon_core.package_identification:_identify(ex01/my_robot_description) by extensions ['ignore', 'ignore_ament_install']
[0.516s] Level 1:colcon.colcon_core.package_identification:_identify(ex01/my_robot_description) by extension 'ignore'
[0.516s] Level 1:colcon.colcon_core.package_identification:_identify(ex01/my_robot_description) by extension 'ignore_ament_install'
[0.516s] Level 1:colcon.colcon_core.package_identification:_identify(ex01/my_robot_description) by extensions ['colcon_pkg']
[0.516s] Level 1:colcon.colcon_core.package_identification:_identify(ex01/my_robot_description) by extension 'colcon_pkg'
[0.516s] Level 1:colcon.colcon_core.package_identification:_identify(ex01/my_robot_description) by extensions ['colcon_meta']
[0.516s] Level 1:colcon.colcon_core.package_identification:_identify(ex01/my_robot_description) by extension 'colcon_meta'
[0.516s] Level 1:colcon.colcon_core.package_identification:_identify(ex01/my_robot_description) by extensions ['ros']
[0.516s] Level 1:colcon.colcon_core.package_identification:_identify(ex01/my_robot_description) by extension 'ros'
[0.520s] DEBUG:colcon.colcon_core.package_identification:Package 'ex01/my_robot_description' with type 'ros.ament_cmake' and name 'my_robot_description'
[0.521s] Level 1:colcon.colcon_core.package_identification:_identify(ex02) by extensions ['ignore', 'ignore_ament_install']
[0.521s] Level 1:colcon.colcon_core.package_identification:_identify(ex02) by extension 'ignore'
[0.521s] Level 1:colcon.colcon_core.package_identification:_identify(ex02) by extension 'ignore_ament_install'
[0.521s] Level 1:colcon.colcon_core.package_identification:_identify(ex02) by extensions ['colcon_pkg']
[0.521s] Level 1:colcon.colcon_core.package_identification:_identify(ex02) by extension 'colcon_pkg'
[0.521s] Level 1:colcon.colcon_core.package_identification:_identify(ex02) by extensions ['colcon_meta']
[0.521s] Level 1:colcon.colcon_core.package_identification:_identify(ex02) by extension 'colcon_meta'
[0.521s] Level 1:colcon.colcon_core.package_identification:_identify(ex02) by extensions ['ros']
[0.521s] Level 1:colcon.colcon_core.package_identification:_identify(ex02) by extension 'ros'
[0.521s] Level 1:colcon.colcon_core.package_identification:_identify(ex02) by extensions ['cmake', 'python']
[0.521s] Level 1:colcon.colcon_core.package_identification:_identify(ex02) by extension 'cmake'
[0.521s] Level 1:colcon.colcon_core.package_identification:_identify(ex02) by extension 'python'
[0.522s] Level 1:colcon.colcon_core.package_identification:_identify(ex02) by extensions ['python_setup_py']
[0.522s] Level 1:colcon.colcon_core.package_identification:_identify(ex02) by extension 'python_setup_py'
[0.522s] Level 1:colcon.colcon_core.package_identification:_identify(ex03) by extensions ['ignore', 'ignore_ament_install']
[0.522s] Level 1:colcon.colcon_core.package_identification:_identify(ex03) by extension 'ignore'
[0.522s] Level 1:colcon.colcon_core.package_identification:_identify(ex03) by extension 'ignore_ament_install'
[0.522s] Level 1:colcon.colcon_core.package_identification:_identify(ex03) by extensions ['colcon_pkg']
[0.522s] Level 1:colcon.colcon_core.package_identification:_identify(ex03) by extension 'colcon_pkg'
[0.522s] Level 1:colcon.colcon_core.package_identification:_identify(ex03) by extensions ['colcon_meta']
[0.522s] Level 1:colcon.colcon_core.package_identification:_identify(ex03) by extension 'colcon_meta'
[0.522s] Level 1:colcon.colcon_core.package_identification:_identify(ex03) by extensions ['ros']
[0.522s] Level 1:colcon.colcon_core.package_identification:_identify(ex03) by extension 'ros'
[0.522s] Level 1:colcon.colcon_core.package_identification:_identify(ex03) by extensions ['cmake', 'python']
[0.522s] Level 1:colcon.colcon_core.package_identification:_identify(ex03) by extension 'cmake'
[0.522s] Level 1:colcon.colcon_core.package_identification:_identify(ex03) by extension 'python'
[0.522s] Level 1:colcon.colcon_core.package_identification:_identify(ex03) by extensions ['python_setup_py']
[0.523s] Level 1:colcon.colcon_core.package_identification:_identify(ex03) by extension 'python_setup_py'
[0.523s] Level 1:colcon.colcon_core.package_identification:_identify(ex03/build) by extensions ['ignore', 'ignore_ament_install']
[0.523s] Level 1:colcon.colcon_core.package_identification:_identify(ex03/build) by extension 'ignore'
[0.523s] Level 1:colcon.colcon_core.package_identification:_identify(ex03/build) ignored
[0.523s] Level 1:colcon.colcon_core.package_identification:_identify(ex03/install) by extensions ['ignore', 'ignore_ament_install']
[0.523s] Level 1:colcon.colcon_core.package_identification:_identify(ex03/install) by extension 'ignore'
[0.523s] Level 1:colcon.colcon_core.package_identification:_identify(ex03/install) ignored
[0.523s] Level 1:colcon.colcon_core.package_identification:_identify(ex03/log) by extensions ['ignore', 'ignore_ament_install']
[0.524s] Level 1:colcon.colcon_core.package_identification:_identify(ex03/log) by extension 'ignore'
[0.524s] Level 1:colcon.colcon_core.package_identification:_identify(ex03/log) ignored
[0.524s] Level 1:colcon.colcon_core.package_identification:_identify(ex03/src) by extensions ['ignore', 'ignore_ament_install']
[0.524s] Level 1:colcon.colcon_core.package_identification:_identify(ex03/src) by extension 'ignore'
[0.524s] Level 1:colcon.colcon_core.package_identification:_identify(ex03/src) by extension 'ignore_ament_install'
[0.524s] Level 1:colcon.colcon_core.package_identification:_identify(ex03/src) by extensions ['colcon_pkg']
[0.524s] Level 1:colcon.colcon_core.package_identification:_identify(ex03/src) by extension 'colcon_pkg'
[0.524s] Level 1:colcon.colcon_core.package_identification:_identify(ex03/src) by extensions ['colcon_meta']
[0.524s] Level 1:colcon.colcon_core.package_identification:_identify(ex03/src) by extension 'colcon_meta'
[0.524s] Level 1:colcon.colcon_core.package_identification:_identify(ex03/src) by extensions ['ros']
[0.524s] Level 1:colcon.colcon_core.package_identification:_identify(ex03/src) by extension 'ros'
[0.524s] Level 1:colcon.colcon_core.package_identification:_identify(ex03/src) by extensions ['cmake', 'python']
[0.524s] Level 1:colcon.colcon_core.package_identification:_identify(ex03/src) by extension 'cmake'
[0.524s] Level 1:colcon.colcon_core.package_identification:_identify(ex03/src) by extension 'python'
[0.524s] Level 1:colcon.colcon_core.package_identification:_identify(ex03/src) by extensions ['python_setup_py']
[0.524s] Level 1:colcon.colcon_core.package_identification:_identify(ex03/src) by extension 'python_setup_py'
[0.525s] Level 1:colcon.colcon_core.package_identification:_identify(ex03/src/my_robot_gazebo) by extensions ['ignore', 'ignore_ament_install']
[0.525s] Level 1:colcon.colcon_core.package_identification:_identify(ex03/src/my_robot_gazebo) by extension 'ignore'
[0.525s] Level 1:colcon.colcon_core.package_identification:_identify(ex03/src/my_robot_gazebo) by extension 'ignore_ament_install'
[0.525s] Level 1:colcon.colcon_core.package_identification:_identify(ex03/src/my_robot_gazebo) by extensions ['colcon_pkg']
[0.525s] Level 1:colcon.colcon_core.package_identification:_identify(ex03/src/my_robot_gazebo) by extension 'colcon_pkg'
[0.525s] Level 1:colcon.colcon_core.package_identification:_identify(ex03/src/my_robot_gazebo) by extensions ['colcon_meta']
[0.525s] Level 1:colcon.colcon_core.package_identification:_identify(ex03/src/my_robot_gazebo) by extension 'colcon_meta'
[0.525s] Level 1:colcon.colcon_core.package_identification:_identify(ex03/src/my_robot_gazebo) by extensions ['ros']
[0.525s] Level 1:colcon.colcon_core.package_identification:_identify(ex03/src/my_robot_gazebo) by extension 'ros'
[0.527s] DEBUG:colcon.colcon_core.package_identification:Package 'ex03/src/my_robot_gazebo' with type 'ros.ament_cmake' and name 'my_robot_gazebo'
[0.527s] Level 1:colcon.colcon_core.package_identification:_identify(install) by extensions ['ignore', 'ignore_ament_install']
[0.527s] Level 1:colcon.colcon_core.package_identification:_identify(install) by extension 'ignore'
[0.527s] Level 1:colcon.colcon_core.package_identification:_identify(install) ignored
[0.527s] Level 1:colcon.colcon_core.package_identification:_identify(log) by extensions ['ignore', 'ignore_ament_install']
[0.527s] Level 1:colcon.colcon_core.package_identification:_identify(log) by extension 'ignore'
[0.527s] Level 1:colcon.colcon_core.package_identification:_identify(log) ignored
[0.527s] Level 1:colcon.colcon_core.package_identification:_identify(src) by extensions ['ignore', 'ignore_ament_install']
[0.527s] Level 1:colcon.colcon_core.package_identification:_identify(src) by extension 'ignore'
[0.528s] Level 1:colcon.colcon_core.package_identification:_identify(src) by extension 'ignore_ament_install'
[0.528s] Level 1:colcon.colcon_core.package_identification:_identify(src) by extensions ['colcon_pkg']
[0.528s] Level 1:colcon.colcon_core.package_identification:_identify(src) by extension 'colcon_pkg'
[0.528s] Level 1:colcon.colcon_core.package_identification:_identify(src) by extensions ['colcon_meta']
[0.528s] Level 1:colcon.colcon_core.package_identification:_identify(src) by extension 'colcon_meta'
[0.528s] Level 1:colcon.colcon_core.package_identification:_identify(src) by extensions ['ros']
[0.528s] Level 1:colcon.colcon_core.package_identification:_identify(src) by extension 'ros'
[0.528s] Level 1:colcon.colcon_core.package_identification:_identify(src) by extensions ['cmake', 'python']
[0.528s] Level 1:colcon.colcon_core.package_identification:_identify(src) by extension 'cmake'
[0.528s] Level 1:colcon.colcon_core.package_identification:_identify(src) by extension 'python'
[0.528s] Level 1:colcon.colcon_core.package_identification:_identify(src) by extensions ['python_setup_py']
[0.528s] Level 1:colcon.colcon_core.package_identification:_identify(src) by extension 'python_setup_py'
[0.529s] Level 1:colcon.colcon_core.package_identification:_identify(src/my_robot_gazebo) by extensions ['ignore', 'ignore_ament_install']
[0.529s] Level 1:colcon.colcon_core.package_identification:_identify(src/my_robot_gazebo) by extension 'ignore'
[0.529s] Level 1:colcon.colcon_core.package_identification:_identify(src/my_robot_gazebo) by extension 'ignore_ament_install'
[0.529s] Level 1:colcon.colcon_core.package_identification:_identify(src/my_robot_gazebo) by extensions ['colcon_pkg']
[0.529s] Level 1:colcon.colcon_core.package_identification:_identify(src/my_robot_gazebo) by extension 'colcon_pkg'
[0.529s] Level 1:colcon.colcon_core.package_identification:_identify(src/my_robot_gazebo) by extensions ['colcon_meta']
[0.529s] Level 1:colcon.colcon_core.package_identification:_identify(src/my_robot_gazebo) by extension 'colcon_meta'
[0.529s] Level 1:colcon.colcon_core.package_identification:_identify(src/my_robot_gazebo) by extensions ['ros']
[0.529s] Level 1:colcon.colcon_core.package_identification:_identify(src/my_robot_gazebo) by extension 'ros'
[0.529s] Level 1:colcon.colcon_core.package_identification:_identify(src/my_robot_gazebo) by extensions ['cmake', 'python']
[0.529s] Level 1:colcon.colcon_core.package_identification:_identify(src/my_robot_gazebo) by extension 'cmake'
[0.529s] Level 1:colcon.colcon_core.package_identification:_identify(src/my_robot_gazebo) by extension 'python'
[0.529s] Level 1:colcon.colcon_core.package_identification:_identify(src/my_robot_gazebo) by extensions ['python_setup_py']
[0.529s] Level 1:colcon.colcon_core.package_identification:_identify(src/my_robot_gazebo) by extension 'python_setup_py'
[0.529s] Level 1:colcon.colcon_core.package_identification:_identify(src/my_robot_gazebo/ex03) by extensions ['ignore', 'ignore_ament_install']
[0.530s] Level 1:colcon.colcon_core.package_identification:_identify(src/my_robot_gazebo/ex03) by extension 'ignore'
[0.530s] Level 1:colcon.colcon_core.package_identification:_identify(src/my_robot_gazebo/ex03) by extension 'ignore_ament_install'
[0.530s] Level 1:colcon.colcon_core.package_identification:_identify(src/my_robot_gazebo/ex03) by extensions ['colcon_pkg']
[0.530s] Level 1:colcon.colcon_core.package_identification:_identify(src/my_robot_gazebo/ex03) by extension 'colcon_pkg'
[0.530s] Level 1:colcon.colcon_core.package_identification:_identify(src/my_robot_gazebo/ex03) by extensions ['colcon_meta']
[0.530s] Level 1:colcon.colcon_core.package_identification:_identify(src/my_robot_gazebo/ex03) by extension 'colcon_meta'
[0.530s] Level 1:colcon.colcon_core.package_identification:_identify(src/my_robot_gazebo/ex03) by extensions ['ros']
[0.530s] Level 1:colcon.colcon_core.package_identification:_identify(src/my_robot_gazebo/ex03) by extension 'ros'
[0.530s] Level 1:colcon.colcon_core.package_identification:_identify(src/my_robot_gazebo/ex03) by extensions ['cmake', 'python']
[0.530s] Level 1:colcon.colcon_core.package_identification:_identify(src/my_robot_gazebo/ex03) by extension 'cmake'
[0.530s] Level 1:colcon.colcon_core.package_identification:_identify(src/my_robot_gazebo/ex03) by extension 'python'
[0.530s] Level 1:colcon.colcon_core.package_identification:_identify(src/my_robot_gazebo/ex03) by extensions ['python_setup_py']
[0.530s] Level 1:colcon.colcon_core.package_identification:_identify(src/my_robot_gazebo/ex03) by extension 'python_setup_py'
[0.530s] Level 1:colcon.colcon_core.package_discovery:discover_packages(recursive) using defaults
[0.531s] Level 1:colcon.colcon_core.package_discovery:discover_packages(ignore) discover
[0.531s] Level 1:colcon.colcon_core.package_discovery:discover_packages(ignore) using defaults
[0.531s] Level 1:colcon.colcon_core.package_discovery:discover_packages(path) discover
[0.531s] Level 1:colcon.colcon_core.package_discovery:discover_packages(path) using defaults
[0.565s] INFO:colcon.colcon_core.package_selection:Skipping not selected package 'my_robot_description' in 'ex01/my_robot_description'
[0.566s] Level 1:colcon.colcon_core.package_discovery:discover_packages(prefix_path) check parameters
[0.566s] Level 1:colcon.colcon_core.package_discovery:discover_packages(prefix_path) discover
[0.569s] DEBUG:colcon.colcon_installed_package_information.package_discovery:Found 2 installed packages in /home/ivan/ros2_ws/task5/install
[0.569s] DEBUG:colcon.colcon_installed_package_information.package_discovery:Found 1 installed packages in /home/ivan/ros2_ws/task5/ex03/install
[0.570s] DEBUG:colcon.colcon_installed_package_information.package_discovery:Found 7 installed packages in /home/ivan/ros2_ws/install
[0.572s] DEBUG:colcon.colcon_installed_package_information.package_discovery:Found 294 installed packages in /opt/ros/humble
[0.600s] Level 1:colcon.colcon_core.package_discovery:discover_packages(prefix_path) using defaults
[0.661s] Level 5:colcon.colcon_core.verb:set package 'my_robot_gazebo' build argument 'cmake_args' from command line to 'None'
[0.661s] Level 5:colcon.colcon_core.verb:set package 'my_robot_gazebo' build argument 'cmake_target' from command line to 'None'
[0.661s] Level 5:colcon.colcon_core.verb:set package 'my_robot_gazebo' build argument 'cmake_target_skip_unavailable' from command line to 'False'
[0.661s] Level 5:colcon.colcon_core.verb:set package 'my_robot_gazebo' build argument 'cmake_clean_cache' from command line to 'False'
[0.661s] Level 5:colcon.colcon_core.verb:set package 'my_robot_gazebo' build argument 'cmake_clean_first' from command line to 'False'
[0.662s] Level 5:colcon.colcon_core.verb:set package 'my_robot_gazebo' build argument 'cmake_force_configure' from command line to 'False'
[0.662s] Level 5:colcon.colcon_core.verb:set package 'my_robot_gazebo' build argument 'ament_cmake_args' from command line to 'None'
[0.662s] Level 5:colcon.colcon_core.verb:set package 'my_robot_gazebo' build argument 'catkin_cmake_args' from command line to 'None'
[0.662s] Level 5:colcon.colcon_core.verb:set package 'my_robot_gazebo' build argument 'catkin_skip_building_tests' from command line to 'False'
[0.662s] DEBUG:colcon.colcon_core.verb:Building package 'my_robot_gazebo' with the following arguments: {'ament_cmake_args': None, 'build_base': '/home/ivan/ros2_ws/task5/build/my_robot_gazebo', 'catkin_cmake_args': None, 'catkin_skip_building_tests': False, 'cmake_args': None, 'cmake_clean_cache': False, 'cmake_clean_first': False, 'cmake_force_configure': False, 'cmake_target': None, 'cmake_target_skip_unavailable': False, 'install_base': '/home/ivan/ros2_ws/task5/install/my_robot_gazebo', 'merge_install': False, 'path': '/home/ivan/ros2_ws/task5/ex03/src/my_robot_gazebo', 'symlink_install': False, 'test_result_base': None}
[0.662s] INFO:colcon.colcon_core.executor:Executing jobs using 'parallel' executor
[0.665s] DEBUG:colcon.colcon_parallel_executor.executor.parallel:run_until_complete
[0.666s] INFO:colcon.colcon_ros.task.ament_cmake.build:Building ROS package in '/home/ivan/ros2_ws/task5/ex03/src/my_robot_gazebo' with build type 'ament_cmake'
[0.666s] INFO:colcon.colcon_cmake.task.cmake.build:Building CMake package in '/home/ivan/ros2_ws/task5/ex03/src/my_robot_gazebo'
[0.671s] INFO:colcon.colcon_core.plugin_system:Skipping extension 'colcon_core.shell.bat': Not used on non-Windows systems
[0.671s] INFO:colcon.colcon_core.shell:Skip shell extension 'powershell' for command environment: Not usable outside of PowerShell
[0.671s] DEBUG:colcon.colcon_core.shell:Skip shell extension 'dsv' for command environment
[0.730s] DEBUG:colcon.colcon_core.event_handler.log_command:Invoking command in '/home/ivan/ros2_ws/task5/build/my_robot_gazebo': CMAKE_PREFIX_PATH=/home/ivan/ros2_ws/task5/install/my_robot_description:/home/ivan/ros2_ws/task5/ex03/install/my_robot_gazebo:/home/ivan/ros2_ws/task5/install/my_robot_gazebo:/home/ivan/ros2_ws/install/tutorial_interfaces:/home/ivan/ros2_ws/install/turtlesim:/home/ivan/ros2_ws/install/turtle_multi_target:/home/ivan/ros2_ws/install/text_to_cmd_vel_pkg:/home/ivan/ros2_ws/install/py_pubsub:/home/ivan/ros2_ws/install/my_package:/home/ivan/ros2_ws/install/Ivan:/opt/ros/humble /usr/bin/cmake --build /home/ivan/ros2_ws/task5/build/my_robot_gazebo -- -j16 -l16
[0.806s] DEBUG:colcon.colcon_core.event_handler.log_command:Invoked command in '/home/ivan/ros2_ws/task5/build/my_robot_gazebo' returned '0': CMAKE_PREFIX_PATH=/home/ivan/ros2_ws/task5/install/my_robot_description:/home/ivan/ros2_ws/task5/ex03/install/my_robot_gazebo:/home/ivan/ros2_ws/task5/install/my_robot_gazebo:/home/ivan/ros2_ws/install/tutorial_interfaces:/home/ivan/ros2_ws/install/turtlesim:/home/ivan/ros2_ws/install/turtle_multi_target:/home/ivan/ros2_ws/install/text_to_cmd_vel_pkg:/home/ivan/ros2_ws/install/py_pubsub:/home/ivan/ros2_ws/install/my_package:/home/ivan/ros2_ws/install/Ivan:/opt/ros/humble /usr/bin/cmake --build /home/ivan/ros2_ws/task5/build/my_robot_gazebo -- -j16 -l16
[0.823s] DEBUG:colcon.colcon_core.event_handler.log_command:Invoking command in '/home/ivan/ros2_ws/task5/build/my_robot_gazebo': CMAKE_PREFIX_PATH=/home/ivan/ros2_ws/task5/install/my_robot_description:/home/ivan/ros2_ws/task5/ex03/install/my_robot_gazebo:/home/ivan/ros2_ws/task5/install/my_robot_gazebo:/home/ivan/ros2_ws/install/tutorial_interfaces:/home/ivan/ros2_ws/install/turtlesim:/home/ivan/ros2_ws/install/turtle_multi_target:/home/ivan/ros2_ws/install/text_to_cmd_vel_pkg:/home/ivan/ros2_ws/install/py_pubsub:/home/ivan/ros2_ws/install/my_package:/home/ivan/ros2_ws/install/Ivan:/opt/ros/humble /usr/bin/cmake --install /home/ivan/ros2_ws/task5/build/my_robot_gazebo
[0.844s] Level 1:colcon.colcon_core.environment:create_environment_scripts_only(my_robot_gazebo)
[0.846s] DEBUG:colcon.colcon_core.event_handler.log_command:Invoked command in '/home/ivan/ros2_ws/task5/build/my_robot_gazebo' returned '0': CMAKE_PREFIX_PATH=/home/ivan/ros2_ws/task5/install/my_robot_description:/home/ivan/ros2_ws/task5/ex03/install/my_robot_gazebo:/home/ivan/ros2_ws/task5/install/my_robot_gazebo:/home/ivan/ros2_ws/install/tutorial_interfaces:/home/ivan/ros2_ws/install/turtlesim:/home/ivan/ros2_ws/install/turtle_multi_target:/home/ivan/ros2_ws/install/text_to_cmd_vel_pkg:/home/ivan/ros2_ws/install/py_pubsub:/home/ivan/ros2_ws/install/my_package:/home/ivan/ros2_ws/install/Ivan:/opt/ros/humble /usr/bin/cmake --install /home/ivan/ros2_ws/task5/build/my_robot_gazebo
[0.849s] Level 1:colcon.colcon_core.environment:checking '/home/ivan/ros2_ws/task5/install/my_robot_gazebo' for CMake module files
[0.850s] Level 1:colcon.colcon_core.environment:checking '/home/ivan/ros2_ws/task5/install/my_robot_gazebo' for CMake config files
[0.851s] Level 1:colcon.colcon_core.shell:create_environment_hook('my_robot_gazebo', 'cmake_prefix_path')
[0.851s] INFO:colcon.colcon_core.shell:Creating environment hook '/home/ivan/ros2_ws/task5/install/my_robot_gazebo/share/my_robot_gazebo/hook/cmake_prefix_path.ps1'
[0.852s] INFO:colcon.colcon_core.shell:Creating environment descriptor '/home/ivan/ros2_ws/task5/install/my_robot_gazebo/share/my_robot_gazebo/hook/cmake_prefix_path.dsv'
[0.853s] INFO:colcon.colcon_core.shell:Creating environment hook '/home/ivan/ros2_ws/task5/install/my_robot_gazebo/share/my_robot_gazebo/hook/cmake_prefix_path.sh'
[0.855s] Level 1:colcon.colcon_core.environment:checking '/home/ivan/ros2_ws/task5/install/my_robot_gazebo/bin'
[0.855s] Level 1:colcon.colcon_core.environment:checking '/home/ivan/ros2_ws/task5/install/my_robot_gazebo/lib/pkgconfig/my_robot_gazebo.pc'
[0.855s] Level 1:colcon.colcon_core.environment:checking '/home/ivan/ros2_ws/task5/install/my_robot_gazebo/lib/python3.10/site-packages'
[0.856s] Level 1:colcon.colcon_core.environment:checking '/home/ivan/ros2_ws/task5/install/my_robot_gazebo/bin'
[0.856s] INFO:colcon.colcon_core.shell:Creating package script '/home/ivan/ros2_ws/task5/install/my_robot_gazebo/share/my_robot_gazebo/package.ps1'
[0.857s] INFO:colcon.colcon_core.shell:Creating package descriptor '/home/ivan/ros2_ws/task5/install/my_robot_gazebo/share/my_robot_gazebo/package.dsv'
[0.858s] INFO:colcon.colcon_core.shell:Creating package script '/home/ivan/ros2_ws/task5/install/my_robot_gazebo/share/my_robot_gazebo/package.sh'
[0.860s] INFO:colcon.colcon_core.shell:Creating package script '/home/ivan/ros2_ws/task5/install/my_robot_gazebo/share/my_robot_gazebo/package.bash'
[0.862s] INFO:colcon.colcon_core.shell:Creating package script '/home/ivan/ros2_ws/task5/install/my_robot_gazebo/share/my_robot_gazebo/package.zsh'
[0.864s] Level 1:colcon.colcon_core.environment:create_file_with_runtime_dependencies(/home/ivan/ros2_ws/task5/install/my_robot_gazebo/share/colcon-core/packages/my_robot_gazebo)
[0.866s] Level 1:colcon.colcon_core.environment:create_environment_scripts_only(my_robot_gazebo)
[0.867s] Level 1:colcon.colcon_core.environment:checking '/home/ivan/ros2_ws/task5/install/my_robot_gazebo' for CMake module files
[0.867s] Level 1:colcon.colcon_core.environment:checking '/home/ivan/ros2_ws/task5/install/my_robot_gazebo' for CMake config files
[0.868s] Level 1:colcon.colcon_core.shell:create_environment_hook('my_robot_gazebo', 'cmake_prefix_path')
[0.868s] INFO:colcon.colcon_core.shell:Creating environment hook '/home/ivan/ros2_ws/task5/install/my_robot_gazebo/share/my_robot_gazebo/hook/cmake_prefix_path.ps1'
[0.869s] INFO:colcon.colcon_core.shell:Creating environment descriptor '/home/ivan/ros2_ws/task5/install/my_robot_gazebo/share/my_robot_gazebo/hook/cmake_prefix_path.dsv'
[0.870s] INFO:colcon.colcon_core.shell:Creating environment hook '/home/ivan/ros2_ws/task5/install/my_robot_gazebo/share/my_robot_gazebo/hook/cmake_prefix_path.sh'
[0.871s] Level 1:colcon.colcon_core.environment:checking '/home/ivan/ros2_ws/task5/install/my_robot_gazebo/bin'
[0.871s] Level 1:colcon.colcon_core.environment:checking '/home/ivan/ros2_ws/task5/install/my_robot_gazebo/lib/pkgconfig/my_robot_gazebo.pc'
[0.871s] Level 1:colcon.colcon_core.environment:checking '/home/ivan/ros2_ws/task5/install/my_robot_gazebo/lib/python3.10/site-packages'
[0.872s] Level 1:colcon.colcon_core.environment:checking '/home/ivan/ros2_ws/task5/install/my_robot_gazebo/bin'
[0.872s] INFO:colcon.colcon_core.shell:Creating package script '/home/ivan/ros2_ws/task5/install/my_robot_gazebo/share/my_robot_gazebo/package.ps1'
[0.873s] INFO:colcon.colcon_core.shell:Creating package descriptor '/home/ivan/ros2_ws/task5/install/my_robot_gazebo/share/my_robot_gazebo/package.dsv'
[0.874s] INFO:colcon.colcon_core.shell:Creating package script '/home/ivan/ros2_ws/task5/install/my_robot_gazebo/share/my_robot_gazebo/package.sh'
[0.875s] INFO:colcon.colcon_core.shell:Creating package script '/home/ivan/ros2_ws/task5/install/my_robot_gazebo/share/my_robot_gazebo/package.bash'
[0.877s] INFO:colcon.colcon_core.shell:Creating package script '/home/ivan/ros2_ws/task5/install/my_robot_gazebo/share/my_robot_gazebo/package.zsh'
[0.879s] Level 1:colcon.colcon_core.environment:create_file_with_runtime_dependencies(/home/ivan/ros2_ws/task5/install/my_robot_gazebo/share/colcon-core/packages/my_robot_gazebo)
[0.879s] DEBUG:colcon.colcon_parallel_executor.executor.parallel:closing loop
[0.882s] DEBUG:colcon.colcon_parallel_executor.executor.parallel:loop closed
[0.882s] DEBUG:colcon.colcon_parallel_executor.executor.parallel:run_until_complete finished with '0'
[0.883s] DEBUG:colcon.colcon_core.event_reactor:joining thread
[0.946s] INFO:colcon.colcon_core.plugin_system:Skipping extension 'colcon_notification.desktop_notification.notify_send': Could not find 'notify-send'
[0.946s] INFO:colcon.colcon_core.plugin_system:Skipping extension 'colcon_notification.desktop_notification.terminal_notifier': Not used on non-Darwin systems
[0.947s] INFO:colcon.colcon_core.plugin_system:Skipping extension 'colcon_notification.desktop_notification.win32': Not used on non-Windows systems
[0.947s] INFO:colcon.colcon_notification.desktop_notification:Sending desktop notification using 'notify2'
[0.947s] DEBUG:colcon.colcon_notification.desktop_notification.notify2:Failed to initialize notify2: org.freedesktop.DBus.Error.FileNotFound: Failed to connect to socket /run/user/1000/bus: No such file or directory
[0.947s] DEBUG:colcon.colcon_core.event_reactor:joined thread
[0.948s] INFO:colcon.colcon_core.shell:Creating prefix script '/home/ivan/ros2_ws/task5/install/local_setup.ps1'
[0.949s] INFO:colcon.colcon_core.shell:Creating prefix util module '/home/ivan/ros2_ws/task5/install/_local_setup_util_ps1.py'
[0.952s] INFO:colcon.colcon_core.shell:Creating prefix chain script '/home/ivan/ros2_ws/task5/install/setup.ps1'
[0.954s] INFO:colcon.colcon_core.shell:Creating prefix script '/home/ivan/ros2_ws/task5/install/local_setup.sh'
[0.956s] INFO:colcon.colcon_core.shell:Creating prefix util module '/home/ivan/ros2_ws/task5/install/_local_setup_util_sh.py'
[0.957s] INFO:colcon.colcon_core.shell:Creating prefix chain script '/home/ivan/ros2_ws/task5/install/setup.sh'
[0.959s] INFO:colcon.colcon_core.shell:Creating prefix script '/home/ivan/ros2_ws/task5/install/local_setup.bash'
[0.961s] INFO:colcon.colcon_core.shell:Creating prefix chain script '/home/ivan/ros2_ws/task5/install/setup.bash'
[0.963s] INFO:colcon.colcon_core.shell:Creating prefix script '/home/ivan/ros2_ws/task5/install/local_setup.zsh'
[0.964s] INFO:colcon.colcon_core.shell:Creating prefix chain script '/home/ivan/ros2_ws/task5/install/setup.zsh'
