[0.031s] Invoking command in '/home/ivan/ros2_ws/task6/ex02/build/my_unique_robot_gazebo': CMAKE_PREFIX_PATH=${CMAKE_PREFIX_PATH}:/home/ivan/ros2_ws/install/turtle_multi_target:/home/ivan/ros2_ws/install/text_to_cmd_vel_pkg:/home/ivan/ros2_ws/install/py_pubsub:/home/ivan/ros2_ws/install/my_package:/home/ivan/ros2_ws/install/Ivan:/opt/ros/humble /usr/bin/cmake --build /home/ivan/ros2_ws/task6/ex02/build/my_unique_robot_gazebo -- -j2 -l2
[0.204s] Invoked command in '/home/ivan/ros2_ws/task6/ex02/build/my_unique_robot_gazebo' returned '0': CMAKE_PREFIX_PATH=${CMAKE_PREFIX_PATH}:/home/ivan/ros2_ws/install/turtle_multi_target:/home/ivan/ros2_ws/install/text_to_cmd_vel_pkg:/home/ivan/ros2_ws/install/py_pubsub:/home/ivan/ros2_ws/install/my_package:/home/ivan/ros2_ws/install/Ivan:/opt/ros/humble /usr/bin/cmake --build /home/ivan/ros2_ws/task6/ex02/build/my_unique_robot_gazebo -- -j2 -l2
[0.230s] Invoking command in '/home/ivan/ros2_ws/task6/ex02/build/my_unique_robot_gazebo': CMAKE_PREFIX_PATH=${CMAKE_PREFIX_PATH}:/home/ivan/ros2_ws/install/turtle_multi_target:/home/ivan/ros2_ws/install/text_to_cmd_vel_pkg:/home/ivan/ros2_ws/install/py_pubsub:/home/ivan/ros2_ws/install/my_package:/home/ivan/ros2_ws/install/Ivan:/opt/ros/humble /usr/bin/cmake --install /home/ivan/ros2_ws/task6/ex02/build/my_unique_robot_gazebo
[0.247s] -- Install configuration: ""
[0.248s] -- Execute custom install script
[0.249s] -- Up-to-date symlink: /home/ivan/ros2_ws/task6/ex02/install/my_unique_robot_gazebo/share/my_unique_robot_gazebo/launch/robot_depth_camera.launch.py
[0.250s] -- Up-to-date symlink: /home/ivan/ros2_ws/task6/ex02/install/my_unique_robot_gazebo/share/my_unique_robot_gazebo/launch/robot_lidar.launch.py
[0.250s] -- Up-to-date symlink: /home/ivan/ros2_ws/task6/ex02/install/my_unique_robot_gazebo/share/my_unique_robot_gazebo/config/robot.gazebo.xacro
[0.251s] -- Up-to-date symlink: /home/ivan/ros2_ws/task6/ex02/install/my_unique_robot_gazebo/share/my_unique_robot_gazebo/config/robot.urdf.xacro
[0.251s] -- Up-to-date symlink: /home/ivan/ros2_ws/task6/ex02/install/my_unique_robot_gazebo/share/my_unique_robot_gazebo/config/simple_lidar.sdf
[0.252s] -- Up-to-date symlink: /home/ivan/ros2_ws/task6/ex02/install/my_unique_robot_gazebo/share/my_unique_robot_gazebo/config/test_lidar.sdf
[0.252s] -- Up-to-date symlink: /home/ivan/ros2_ws/task6/ex02/install/my_unique_robot_gazebo/lib/my_unique_robot_gazebo/odom_to_tf.py
[0.252s] -- Up-to-date symlink: /home/ivan/ros2_ws/task6/ex02/install/my_unique_robot_gazebo/share/ament_index/resource_index/package_run_dependencies/my_unique_robot_gazebo
[0.252s] -- Up-to-date symlink: /home/ivan/ros2_ws/task6/ex02/install/my_unique_robot_gazebo/share/ament_index/resource_index/parent_prefix_path/my_unique_robot_gazebo
[0.253s] -- Up-to-date symlink: /home/ivan/ros2_ws/task6/ex02/install/my_unique_robot_gazebo/share/my_unique_robot_gazebo/environment/ament_prefix_path.sh
[0.253s] -- Up-to-date symlink: /home/ivan/ros2_ws/task6/ex02/install/my_unique_robot_gazebo/share/my_unique_robot_gazebo/environment/ament_prefix_path.dsv
[0.253s] -- Up-to-date symlink: /home/ivan/ros2_ws/task6/ex02/install/my_unique_robot_gazebo/share/my_unique_robot_gazebo/environment/path.sh
[0.254s] -- Up-to-date symlink: /home/ivan/ros2_ws/task6/ex02/install/my_unique_robot_gazebo/share/my_unique_robot_gazebo/environment/path.dsv
[0.254s] -- Up-to-date symlink: /home/ivan/ros2_ws/task6/ex02/install/my_unique_robot_gazebo/share/my_unique_robot_gazebo/local_setup.bash
[0.255s] -- Up-to-date symlink: /home/ivan/ros2_ws/task6/ex02/install/my_unique_robot_gazebo/share/my_unique_robot_gazebo/local_setup.sh
[0.255s] -- Up-to-date symlink: /home/ivan/ros2_ws/task6/ex02/install/my_unique_robot_gazebo/share/my_unique_robot_gazebo/local_setup.zsh
[0.256s] -- Up-to-date symlink: /home/ivan/ros2_ws/task6/ex02/install/my_unique_robot_gazebo/share/my_unique_robot_gazebo/local_setup.dsv
[0.256s] -- Symlinking: /home/ivan/ros2_ws/task6/ex02/install/my_unique_robot_gazebo/share/my_unique_robot_gazebo/package.dsv
[0.291s] -- Up-to-date symlink: /home/ivan/ros2_ws/task6/ex02/install/my_unique_robot_gazebo/share/ament_index/resource_index/packages/my_unique_robot_gazebo
[0.291s] -- Up-to-date symlink: /home/ivan/ros2_ws/task6/ex02/install/my_unique_robot_gazebo/share/my_unique_robot_gazebo/cmake/my_unique_robot_gazeboConfig.cmake
[0.291s] -- Up-to-date symlink: /home/ivan/ros2_ws/task6/ex02/install/my_unique_robot_gazebo/share/my_unique_robot_gazebo/cmake/my_unique_robot_gazeboConfig-version.cmake
[0.291s] -- Up-to-date symlink: /home/ivan/ros2_ws/task6/ex02/install/my_unique_robot_gazebo/share/my_unique_robot_gazebo/package.xml
[0.297s] Invoked command in '/home/ivan/ros2_ws/task6/ex02/build/my_unique_robot_gazebo' returned '0': CMAKE_PREFIX_PATH=${CMAKE_PREFIX_PATH}:/home/ivan/ros2_ws/install/turtle_multi_target:/home/ivan/ros2_ws/install/text_to_cmd_vel_pkg:/home/ivan/ros2_ws/install/py_pubsub:/home/ivan/ros2_ws/install/my_package:/home/ivan/ros2_ws/install/Ivan:/opt/ros/humble /usr/bin/cmake --install /home/ivan/ros2_ws/task6/ex02/build/my_unique_robot_gazebo
