/home/ivan/ros2_ws/task4/install/ex02/lib/python3.10/site-packages/ex02/dummy.py
/home/ivan/ros2_ws/task4/install/ex02/lib/python3.10/site-packages/ex02/carrot_broadcaster.py
/home/ivan/ros2_ws/task4/install/ex02/lib/python3.10/site-packages/ex02/turtle_follower.py
/home/ivan/ros2_ws/task4/install/ex02/lib/python3.10/site-packages/ex02/__init__.py
/home/ivan/ros2_ws/task4/install/ex02/lib/python3.10/site-packages/ex02/turtle_tf2_broadcaster.py
/home/ivan/ros2_ws/task4/install/ex02/lib/python3.10/site-packages/ex02/__pycache__/dummy.cpython-310.pyc
/home/ivan/ros2_ws/task4/install/ex02/lib/python3.10/site-packages/ex02/__pycache__/carrot_broadcaster.cpython-310.pyc
/home/ivan/ros2_ws/task4/install/ex02/lib/python3.10/site-packages/ex02/__pycache__/turtle_follower.cpython-310.pyc
/home/ivan/ros2_ws/task4/install/ex02/lib/python3.10/site-packages/ex02/__pycache__/__init__.cpython-310.pyc
/home/ivan/ros2_ws/task4/install/ex02/lib/python3.10/site-packages/ex02/__pycache__/turtle_tf2_broadcaster.cpython-310.pyc
/home/ivan/ros2_ws/task4/install/ex02/share/ament_index/resource_index/packages/ex02
/home/ivan/ros2_ws/task4/install/ex02/share/ex02/package.xml
/home/ivan/ros2_ws/task4/install/ex02/share/ex02/launch/ex02_launch.py
/home/ivan/ros2_ws/task4/install/ex02/share/ex02/carrot.rviz
/home/ivan/ros2_ws/task4/install/ex02/lib/python3.10/site-packages/ex02-0.0.0-py3.10.egg-info/entry_points.txt
/home/ivan/ros2_ws/task4/install/ex02/lib/python3.10/site-packages/ex02-0.0.0-py3.10.egg-info/requires.txt
/home/ivan/ros2_ws/task4/install/ex02/lib/python3.10/site-packages/ex02-0.0.0-py3.10.egg-info/PKG-INFO
/home/ivan/ros2_ws/task4/install/ex02/lib/python3.10/site-packages/ex02-0.0.0-py3.10.egg-info/zip-safe
/home/ivan/ros2_ws/task4/install/ex02/lib/python3.10/site-packages/ex02-0.0.0-py3.10.egg-info/top_level.txt
/home/ivan/ros2_ws/task4/install/ex02/lib/python3.10/site-packages/ex02-0.0.0-py3.10.egg-info/dependency_links.txt
/home/ivan/ros2_ws/task4/install/ex02/lib/python3.10/site-packages/ex02-0.0.0-py3.10.egg-info/SOURCES.txt
/home/ivan/ros2_ws/task4/install/ex02/lib/ex02/carrot_broadcaster
/home/ivan/ros2_ws/task4/install/ex02/lib/ex02/turtle_broadcaster
/home/ivan/ros2_ws/task4/install/ex02/lib/ex02/turtle_follower
