running egg_info
creating ../build/ex02/ex02.egg-info
writing ../build/ex02/ex02.egg-info/PKG-INFO
writing dependency_links to ../build/ex02/ex02.egg-info/dependency_links.txt
writing entry points to ../build/ex02/ex02.egg-info/entry_points.txt
writing requirements to ../build/ex02/ex02.egg-info/requires.txt
writing top-level names to ../build/ex02/ex02.egg-info/top_level.txt
writing manifest file '../build/ex02/ex02.egg-info/SOURCES.txt'
reading manifest file '../build/ex02/ex02.egg-info/SOURCES.txt'
writing manifest file '../build/ex02/ex02.egg-info/SOURCES.txt'
running build
running build_py
creating /home/ivan/ros2_ws/task4/build/ex02/build
creating /home/ivan/ros2_ws/task4/build/ex02/build/lib
creating /home/ivan/ros2_ws/task4/build/ex02/build/lib/ex02
copying ex02/dummy.py -> /home/ivan/ros2_ws/task4/build/ex02/build/lib/ex02
copying ex02/carrot_broadcaster.py -> /home/ivan/ros2_ws/task4/build/ex02/build/lib/ex02
copying ex02/turtle_follower.py -> /home/ivan/ros2_ws/task4/build/ex02/build/lib/ex02
copying ex02/__init__.py -> /home/ivan/ros2_ws/task4/build/ex02/build/lib/ex02
copying ex02/turtle_tf2_broadcaster.py -> /home/ivan/ros2_ws/task4/build/ex02/build/lib/ex02
running install
running install_lib
creating /home/ivan/ros2_ws/task4/install/ex02/lib/python3.10/site-packages/ex02
copying /home/ivan/ros2_ws/task4/build/ex02/build/lib/ex02/dummy.py -> /home/ivan/ros2_ws/task4/install/ex02/lib/python3.10/site-packages/ex02
copying /home/ivan/ros2_ws/task4/build/ex02/build/lib/ex02/carrot_broadcaster.py -> /home/ivan/ros2_ws/task4/install/ex02/lib/python3.10/site-packages/ex02
copying /home/ivan/ros2_ws/task4/build/ex02/build/lib/ex02/turtle_follower.py -> /home/ivan/ros2_ws/task4/install/ex02/lib/python3.10/site-packages/ex02
copying /home/ivan/ros2_ws/task4/build/ex02/build/lib/ex02/__init__.py -> /home/ivan/ros2_ws/task4/install/ex02/lib/python3.10/site-packages/ex02
copying /home/ivan/ros2_ws/task4/build/ex02/build/lib/ex02/turtle_tf2_broadcaster.py -> /home/ivan/ros2_ws/task4/install/ex02/lib/python3.10/site-packages/ex02
byte-compiling /home/ivan/ros2_ws/task4/install/ex02/lib/python3.10/site-packages/ex02/dummy.py to dummy.cpython-310.pyc
byte-compiling /home/ivan/ros2_ws/task4/install/ex02/lib/python3.10/site-packages/ex02/carrot_broadcaster.py to carrot_broadcaster.cpython-310.pyc
byte-compiling /home/ivan/ros2_ws/task4/install/ex02/lib/python3.10/site-packages/ex02/turtle_follower.py to turtle_follower.cpython-310.pyc
byte-compiling /home/ivan/ros2_ws/task4/install/ex02/lib/python3.10/site-packages/ex02/__init__.py to __init__.cpython-310.pyc
byte-compiling /home/ivan/ros2_ws/task4/install/ex02/lib/python3.10/site-packages/ex02/turtle_tf2_broadcaster.py to turtle_tf2_broadcaster.cpython-310.pyc
running install_data
creating /home/ivan/ros2_ws/task4/install/ex02/share/ament_index
creating /home/ivan/ros2_ws/task4/install/ex02/share/ament_index/resource_index
creating /home/ivan/ros2_ws/task4/install/ex02/share/ament_index/resource_index/packages
copying resource/ex02 -> /home/ivan/ros2_ws/task4/install/ex02/share/ament_index/resource_index/packages
copying package.xml -> /home/ivan/ros2_ws/task4/install/ex02/share/ex02
creating /home/ivan/ros2_ws/task4/install/ex02/share/ex02/launch
copying launch/ex02_launch.py -> /home/ivan/ros2_ws/task4/install/ex02/share/ex02/launch
copying carrot.rviz -> /home/ivan/ros2_ws/task4/install/ex02/share/ex02
running install_egg_info
Copying ../build/ex02/ex02.egg-info to /home/ivan/ros2_ws/task4/install/ex02/lib/python3.10/site-packages/ex02-0.0.0-py3.10.egg-info
running install_scripts
Installing carrot_broadcaster script to /home/ivan/ros2_ws/task4/install/ex02/lib/ex02
Installing turtle_broadcaster script to /home/ivan/ros2_ws/task4/install/ex02/lib/ex02
Installing turtle_follower script to /home/ivan/ros2_ws/task4/install/ex02/lib/ex02
writing list of installed files to '/home/ivan/ros2_ws/task4/build/ex02/install.log'
