[0.040s] Invoking command in '/home/ivan/ros2_ws/task5/ex01/build/my_robot_description': CMAKE_PREFIX_PATH=${CMAKE_PREFIX_PATH}:/home/ivan/ros2_ws/install/turtle_multi_target:/home/ivan/ros2_ws/install/text_to_cmd_vel_pkg:/home/ivan/ros2_ws/install/py_pubsub:/home/ivan/ros2_ws/install/my_package:/home/ivan/ros2_ws/install/Ivan:/opt/ros/humble /usr/bin/cmake --build /home/ivan/ros2_ws/task5/ex01/build/my_robot_description -- -j16 -l16
[0.150s] Invoked command in '/home/ivan/ros2_ws/task5/ex01/build/my_robot_description' returned '0': CMAKE_PREFIX_PATH=${CMAKE_PREFIX_PATH}:/home/ivan/ros2_ws/install/turtle_multi_target:/home/ivan/ros2_ws/install/text_to_cmd_vel_pkg:/home/ivan/ros2_ws/install/py_pubsub:/home/ivan/ros2_ws/install/my_package:/home/ivan/ros2_ws/install/Ivan:/opt/ros/humble /usr/bin/cmake --build /home/ivan/ros2_ws/task5/ex01/build/my_robot_description -- -j16 -l16
[0.169s] Invoking command in '/home/ivan/ros2_ws/task5/ex01/build/my_robot_description': CMAKE_PREFIX_PATH=${CMAKE_PREFIX_PATH}:/home/ivan/ros2_ws/install/turtle_multi_target:/home/ivan/ros2_ws/install/text_to_cmd_vel_pkg:/home/ivan/ros2_ws/install/py_pubsub:/home/ivan/ros2_ws/install/my_package:/home/ivan/ros2_ws/install/Ivan:/opt/ros/humble /usr/bin/cmake --install /home/ivan/ros2_ws/task5/ex01/build/my_robot_description
[0.179s] -- Install configuration: ""
[0.181s] -- Execute custom install script
[0.183s] -- Up-to-date symlink: /home/ivan/ros2_ws/task5/ex01/install/my_robot_description/share/my_robot_description//ex01/robot.urdf
[0.184s] -- Up-to-date symlink: /home/ivan/ros2_ws/task5/ex01/install/my_robot_description/share/my_robot_description//ex01/robot_display.launch.py
[0.186s] -- Up-to-date symlink: /home/ivan/ros2_ws/task5/ex01/install/my_robot_description/share/ament_index/resource_index/package_run_dependencies/my_robot_description
[0.187s] -- Up-to-date symlink: /home/ivan/ros2_ws/task5/ex01/install/my_robot_description/share/ament_index/resource_index/parent_prefix_path/my_robot_description
[0.187s] -- Up-to-date symlink: /home/ivan/ros2_ws/task5/ex01/install/my_robot_description/share/my_robot_description/environment/ament_prefix_path.sh
[0.187s] -- Up-to-date symlink: /home/ivan/ros2_ws/task5/ex01/install/my_robot_description/share/my_robot_description/environment/ament_prefix_path.dsv
[0.188s] -- Up-to-date symlink: /home/ivan/ros2_ws/task5/ex01/install/my_robot_description/share/my_robot_description/environment/path.sh
[0.188s] -- Up-to-date symlink: /home/ivan/ros2_ws/task5/ex01/install/my_robot_description/share/my_robot_description/environment/path.dsv
[0.189s] -- Up-to-date symlink: /home/ivan/ros2_ws/task5/ex01/install/my_robot_description/share/my_robot_description/local_setup.bash
[0.189s] -- Up-to-date symlink: /home/ivan/ros2_ws/task5/ex01/install/my_robot_description/share/my_robot_description/local_setup.sh
[0.189s] -- Up-to-date symlink: /home/ivan/ros2_ws/task5/ex01/install/my_robot_description/share/my_robot_description/local_setup.zsh
[0.190s] -- Up-to-date symlink: /home/ivan/ros2_ws/task5/ex01/install/my_robot_description/share/my_robot_description/local_setup.dsv
[0.190s] -- Symlinking: /home/ivan/ros2_ws/task5/ex01/install/my_robot_description/share/my_robot_description/package.dsv
[0.206s] -- Up-to-date symlink: /home/ivan/ros2_ws/task5/ex01/install/my_robot_description/share/ament_index/resource_index/packages/my_robot_description
[0.206s] -- Up-to-date symlink: /home/ivan/ros2_ws/task5/ex01/install/my_robot_description/share/my_robot_description/cmake/my_robot_descriptionConfig.cmake
[0.207s] -- Up-to-date symlink: /home/ivan/ros2_ws/task5/ex01/install/my_robot_description/share/my_robot_description/cmake/my_robot_descriptionConfig-version.cmake
[0.207s] -- Up-to-date symlink: /home/ivan/ros2_ws/task5/ex01/install/my_robot_description/share/my_robot_description/package.xml
[0.212s] Invoked command in '/home/ivan/ros2_ws/task5/ex01/build/my_robot_description' returned '0': CMAKE_PREFIX_PATH=${CMAKE_PREFIX_PATH}:/home/ivan/ros2_ws/install/turtle_multi_target:/home/ivan/ros2_ws/install/text_to_cmd_vel_pkg:/home/ivan/ros2_ws/install/py_pubsub:/home/ivan/ros2_ws/install/my_package:/home/ivan/ros2_ws/install/Ivan:/opt/ros/humble /usr/bin/cmake --install /home/ivan/ros2_ws/task5/ex01/build/my_robot_description
