-- Found ament_cmake: 1.3.12 (/opt/ros/humble/share/ament_cmake/cmake)
-- Override CMake install command with custom implementation using symlinks instead of copying resources
-- Found urdf: 2.6.1 (/opt/ros/humble/share/urdf/cmake)
-- Found robot_state_publisher: 3.0.3 (/opt/ros/humble/share/robot_state_publisher/cmake)
-- Found rosidl_generator_c: 3.1.7 (/opt/ros/humble/share/rosidl_generator_c/cmake)
-- Found rosidl_adapter: 3.1.7 (/opt/ros/humble/share/rosidl_adapter/cmake)
-- Found rosidl_generator_cpp: 3.1.7 (/opt/ros/humble/share/rosidl_generator_cpp/cmake)
-- Using all available rosidl_typesupport_c: rosidl_typesupport_fastrtps_c;rosidl_typesupport_introspection_c
-- Using all available rosidl_typesupport_cpp: rosidl_typesupport_fastrtps_cpp;rosidl_typesupport_introspection_cpp
-- Found eigen3_cmake_module: 0.1.1 (/opt/ros/humble/share/eigen3_cmake_module/cmake)
-- Ensuring Eigen3 include directory is part of orocos-kdl CMake target
-- Found rmw_implementation_cmake: 6.1.2 (/opt/ros/humble/share/rmw_implementation_cmake/cmake)
-- Found rmw_fastrtps_cpp: 6.2.9 (/opt/ros/humble/share/rmw_fastrtps_cpp/cmake)
-- Found TinyXML2 via Config file: TinyXML2_DIR-NOTFOUND
-- Found TinyXML2 via Config file: TinyXML2_DIR-NOTFOUND
-- Found TinyXML2 via Config file: TinyXML2_DIR-NOTFOUND
-- Found TinyXML2 via Config file: TinyXML2_DIR-NOTFOUND
-- Using RMW implementation 'rmw_fastrtps_cpp' as default
-- Found ament_lint_auto: 0.12.14 (/opt/ros/humble/share/ament_lint_auto/cmake)
-- Added test 'flake8' to check Python code syntax and style conventions
-- Added test 'lint_cmake' to check CMake code style
-- Added test 'pep257' to check Python code against some of the docstring style conventions in PEP 257
-- Added test 'xmllint' to check XML markup files
-- Configuring done
-- Generating done
-- Build files have been written to: /home/ivan/ros2_ws/task5/ex01/build/my_robot_description
-- Install configuration: ""
-- Execute custom install script
-- Symlinking: /home/ivan/ros2_ws/task5/ex01/install/my_robot_description/share/my_robot_description//ex01/robot.urdf
-- Symlinking: /home/ivan/ros2_ws/task5/ex01/install/my_robot_description/share/my_robot_description//ex01/robot_display.launch.py
-- Up-to-date symlink: /home/ivan/ros2_ws/task5/ex01/install/my_robot_description/share/ament_index/resource_index/package_run_dependencies/my_robot_description
-- Up-to-date symlink: /home/ivan/ros2_ws/task5/ex01/install/my_robot_description/share/ament_index/resource_index/parent_prefix_path/my_robot_description
-- Up-to-date symlink: /home/ivan/ros2_ws/task5/ex01/install/my_robot_description/share/my_robot_description/environment/ament_prefix_path.sh
-- Up-to-date symlink: /home/ivan/ros2_ws/task5/ex01/install/my_robot_description/share/my_robot_description/environment/ament_prefix_path.dsv
-- Up-to-date symlink: /home/ivan/ros2_ws/task5/ex01/install/my_robot_description/share/my_robot_description/environment/path.sh
-- Up-to-date symlink: /home/ivan/ros2_ws/task5/ex01/install/my_robot_description/share/my_robot_description/environment/path.dsv
-- Up-to-date symlink: /home/ivan/ros2_ws/task5/ex01/install/my_robot_description/share/my_robot_description/local_setup.bash
-- Up-to-date symlink: /home/ivan/ros2_ws/task5/ex01/install/my_robot_description/share/my_robot_description/local_setup.sh
-- Up-to-date symlink: /home/ivan/ros2_ws/task5/ex01/install/my_robot_description/share/my_robot_description/local_setup.zsh
-- Up-to-date symlink: /home/ivan/ros2_ws/task5/ex01/install/my_robot_description/share/my_robot_description/local_setup.dsv
-- Symlinking: /home/ivan/ros2_ws/task5/ex01/install/my_robot_description/share/my_robot_description/package.dsv
-- Up-to-date symlink: /home/ivan/ros2_ws/task5/ex01/install/my_robot_description/share/ament_index/resource_index/packages/my_robot_description
-- Up-to-date symlink: /home/ivan/ros2_ws/task5/ex01/install/my_robot_description/share/my_robot_description/cmake/my_robot_descriptionConfig.cmake
-- Up-to-date symlink: /home/ivan/ros2_ws/task5/ex01/install/my_robot_description/share/my_robot_description/cmake/my_robot_descriptionConfig-version.cmake
-- Up-to-date symlink: /home/ivan/ros2_ws/task5/ex01/install/my_robot_description/share/my_robot_description/package.xml
