[0.026s] Invoking command in '/home/ivan/ros2_ws/task5/ex01/build/my_robot_description': CMAKE_PREFIX_PATH=${CMAKE_PREFIX_PATH}:/home/ivan/ros2_ws/install/turtle_multi_target:/home/ivan/ros2_ws/install/text_to_cmd_vel_pkg:/home/ivan/ros2_ws/install/py_pubsub:/home/ivan/ros2_ws/install/my_package:/home/ivan/ros2_ws/install/Ivan:/opt/ros/humble /usr/bin/cmake --build /home/ivan/ros2_ws/task5/ex01/build/my_robot_description -- -j16 -l16
[0.060s] -- Found ament_cmake: 1.3.12 (/opt/ros/humble/share/ament_cmake/cmake)
[0.248s] -- Override CMake install command with custom implementation using symlinks instead of copying resources
[0.258s] -- Found urdf: 2.6.1 (/opt/ros/humble/share/urdf/cmake)
[1.948s] -- Found robot_state_publisher: 3.0.3 (/opt/ros/humble/share/robot_state_publisher/cmake)
[1.967s] -- Found rosidl_generator_c: 3.1.7 (/opt/ros/humble/share/rosidl_generator_c/cmake)
[1.970s] -- Found rosidl_adapter: 3.1.7 (/opt/ros/humble/share/rosidl_adapter/cmake)
[1.978s] -- Found rosidl_generator_cpp: 3.1.7 (/opt/ros/humble/share/rosidl_generator_cpp/cmake)
[1.990s] -- Using all available rosidl_typesupport_c: rosidl_typesupport_fastrtps_c;rosidl_typesupport_introspection_c
[2.004s] -- Using all available rosidl_typesupport_cpp: rosidl_typesupport_fastrtps_cpp;rosidl_typesupport_introspection_cpp
[2.057s] -- Found eigen3_cmake_module: 0.1.1 (/opt/ros/humble/share/eigen3_cmake_module/cmake)
[2.059s] -- Ensuring Eigen3 include directory is part of orocos-kdl CMake target
[2.093s] -- Found rmw_implementation_cmake: 6.1.2 (/opt/ros/humble/share/rmw_implementation_cmake/cmake)
[2.095s] -- Found rmw_fastrtps_cpp: 6.2.9 (/opt/ros/humble/share/rmw_fastrtps_cpp/cmake)
[2.123s] -- Found TinyXML2 via Config file: TinyXML2_DIR-NOTFOUND
[2.135s] -- Found TinyXML2 via Config file: TinyXML2_DIR-NOTFOUND
[2.220s] -- Found TinyXML2 via Config file: TinyXML2_DIR-NOTFOUND
[2.232s] -- Found TinyXML2 via Config file: TinyXML2_DIR-NOTFOUND
[2.319s] -- Using RMW implementation 'rmw_fastrtps_cpp' as default
[2.507s] -- Found ament_lint_auto: 0.12.14 (/opt/ros/humble/share/ament_lint_auto/cmake)
[2.604s] -- Added test 'flake8' to check Python code syntax and style conventions
[2.605s] -- Added test 'lint_cmake' to check CMake code style
[2.606s] -- Added test 'pep257' to check Python code against some of the docstring style conventions in PEP 257
[2.607s] -- Added test 'xmllint' to check XML markup files
[2.609s] -- Configuring done
[2.618s] -- Generating done
[2.623s] -- Build files have been written to: /home/ivan/ros2_ws/task5/ex01/build/my_robot_description
[2.658s] Invoked command in '/home/ivan/ros2_ws/task5/ex01/build/my_robot_description' returned '0': CMAKE_PREFIX_PATH=${CMAKE_PREFIX_PATH}:/home/ivan/ros2_ws/install/turtle_multi_target:/home/ivan/ros2_ws/install/text_to_cmd_vel_pkg:/home/ivan/ros2_ws/install/py_pubsub:/home/ivan/ros2_ws/install/my_package:/home/ivan/ros2_ws/install/Ivan:/opt/ros/humble /usr/bin/cmake --build /home/ivan/ros2_ws/task5/ex01/build/my_robot_description -- -j16 -l16
[2.671s] Invoking command in '/home/ivan/ros2_ws/task5/ex01/build/my_robot_description': CMAKE_PREFIX_PATH=${CMAKE_PREFIX_PATH}:/home/ivan/ros2_ws/install/turtle_multi_target:/home/ivan/ros2_ws/install/text_to_cmd_vel_pkg:/home/ivan/ros2_ws/install/py_pubsub:/home/ivan/ros2_ws/install/my_package:/home/ivan/ros2_ws/install/Ivan:/opt/ros/humble /usr/bin/cmake --install /home/ivan/ros2_ws/task5/ex01/build/my_robot_description
[2.680s] -- Install configuration: ""
[2.681s] -- Execute custom install script
[2.682s] -- Symlinking: /home/ivan/ros2_ws/task5/ex01/install/my_robot_description/share/my_robot_description//ex01/robot.urdf
[2.693s] -- Symlinking: /home/ivan/ros2_ws/task5/ex01/install/my_robot_description/share/my_robot_description//ex01/robot_display.launch.py
[2.705s] -- Up-to-date symlink: /home/ivan/ros2_ws/task5/ex01/install/my_robot_description/share/ament_index/resource_index/package_run_dependencies/my_robot_description
[2.705s] -- Up-to-date symlink: /home/ivan/ros2_ws/task5/ex01/install/my_robot_description/share/ament_index/resource_index/parent_prefix_path/my_robot_description
[2.706s] -- Up-to-date symlink: /home/ivan/ros2_ws/task5/ex01/install/my_robot_description/share/my_robot_description/environment/ament_prefix_path.sh
[2.706s] -- Up-to-date symlink: /home/ivan/ros2_ws/task5/ex01/install/my_robot_description/share/my_robot_description/environment/ament_prefix_path.dsv
[2.707s] -- Up-to-date symlink: /home/ivan/ros2_ws/task5/ex01/install/my_robot_description/share/my_robot_description/environment/path.sh
[2.707s] -- Up-to-date symlink: /home/ivan/ros2_ws/task5/ex01/install/my_robot_description/share/my_robot_description/environment/path.dsv
[2.708s] -- Up-to-date symlink: /home/ivan/ros2_ws/task5/ex01/install/my_robot_description/share/my_robot_description/local_setup.bash
[2.708s] -- Up-to-date symlink: /home/ivan/ros2_ws/task5/ex01/install/my_robot_description/share/my_robot_description/local_setup.sh
[2.708s] -- Up-to-date symlink: /home/ivan/ros2_ws/task5/ex01/install/my_robot_description/share/my_robot_description/local_setup.zsh
[2.709s] -- Up-to-date symlink: /home/ivan/ros2_ws/task5/ex01/install/my_robot_description/share/my_robot_description/local_setup.dsv
[2.709s] -- Symlinking: /home/ivan/ros2_ws/task5/ex01/install/my_robot_description/share/my_robot_description/package.dsv
[2.722s] -- Up-to-date symlink: /home/ivan/ros2_ws/task5/ex01/install/my_robot_description/share/ament_index/resource_index/packages/my_robot_description
[2.722s] -- Up-to-date symlink: /home/ivan/ros2_ws/task5/ex01/install/my_robot_description/share/my_robot_description/cmake/my_robot_descriptionConfig.cmake
[2.722s] -- Up-to-date symlink: /home/ivan/ros2_ws/task5/ex01/install/my_robot_description/share/my_robot_description/cmake/my_robot_descriptionConfig-version.cmake
[2.723s] -- Up-to-date symlink: /home/ivan/ros2_ws/task5/ex01/install/my_robot_description/share/my_robot_description/package.xml
[2.726s] Invoked command in '/home/ivan/ros2_ws/task5/ex01/build/my_robot_description' returned '0': CMAKE_PREFIX_PATH=${CMAKE_PREFIX_PATH}:/home/ivan/ros2_ws/install/turtle_multi_target:/home/ivan/ros2_ws/install/text_to_cmd_vel_pkg:/home/ivan/ros2_ws/install/py_pubsub:/home/ivan/ros2_ws/install/my_package:/home/ivan/ros2_ws/install/Ivan:/opt/ros/humble /usr/bin/cmake --install /home/ivan/ros2_ws/task5/ex01/build/my_robot_description
