[0.123s] Invoking command in '/home/ivan/ros2_ws/task5/build/my_robot_gazebo': CMAKE_PREFIX_PATH=/home/ivan/ros2_ws/task5/install/my_robot_description:/home/ivan/ros2_ws/task5/ex03/install/my_robot_gazebo:/home/ivan/ros2_ws/task5/install/my_robot_gazebo:/home/ivan/ros2_ws/install/tutorial_interfaces:/home/ivan/ros2_ws/install/turtlesim:/home/ivan/ros2_ws/install/turtle_multi_target:/home/ivan/ros2_ws/install/text_to_cmd_vel_pkg:/home/ivan/ros2_ws/install/py_pubsub:/home/ivan/ros2_ws/install/my_package:/home/ivan/ros2_ws/install/Ivan:/opt/ros/humble /usr/bin/cmake --build /home/ivan/ros2_ws/task5/build/my_robot_gazebo -- -j16 -l16
[0.242s] Invoked command in '/home/ivan/ros2_ws/task5/build/my_robot_gazebo' returned '0': CMAKE_PREFIX_PATH=/home/ivan/ros2_ws/task5/install/my_robot_description:/home/ivan/ros2_ws/task5/ex03/install/my_robot_gazebo:/home/ivan/ros2_ws/task5/install/my_robot_gazebo:/home/ivan/ros2_ws/install/tutorial_interfaces:/home/ivan/ros2_ws/install/turtlesim:/home/ivan/ros2_ws/install/turtle_multi_target:/home/ivan/ros2_ws/install/text_to_cmd_vel_pkg:/home/ivan/ros2_ws/install/py_pubsub:/home/ivan/ros2_ws/install/my_package:/home/ivan/ros2_ws/install/Ivan:/opt/ros/humble /usr/bin/cmake --build /home/ivan/ros2_ws/task5/build/my_robot_gazebo -- -j16 -l16
[0.270s] Invoking command in '/home/ivan/ros2_ws/task5/build/my_robot_gazebo': CMAKE_PREFIX_PATH=/home/ivan/ros2_ws/task5/install/my_robot_description:/home/ivan/ros2_ws/task5/ex03/install/my_robot_gazebo:/home/ivan/ros2_ws/task5/install/my_robot_gazebo:/home/ivan/ros2_ws/install/tutorial_interfaces:/home/ivan/ros2_ws/install/turtlesim:/home/ivan/ros2_ws/install/turtle_multi_target:/home/ivan/ros2_ws/install/text_to_cmd_vel_pkg:/home/ivan/ros2_ws/install/py_pubsub:/home/ivan/ros2_ws/install/my_package:/home/ivan/ros2_ws/install/Ivan:/opt/ros/humble /usr/bin/cmake --install /home/ivan/ros2_ws/task5/build/my_robot_gazebo
[0.287s] -- Install configuration: ""
[0.287s] -- Up-to-date: /home/ivan/ros2_ws/task5/install/my_robot_gazebo/share/my_robot_gazebo/ex03
[0.288s] -- Up-to-date: /home/ivan/ros2_ws/task5/install/my_robot_gazebo/share/my_robot_gazebo/ex03/robot.urdf.xacro
[0.288s] -- Up-to-date: /home/ivan/ros2_ws/task5/install/my_robot_gazebo/share/my_robot_gazebo/ex03/robot.gazebo.xacro
[0.289s] -- Installing: /home/ivan/ros2_ws/task5/install/my_robot_gazebo/share/my_robot_gazebo/ex03/world.sdf
[0.290s] -- Up-to-date: /home/ivan/ros2_ws/task5/install/my_robot_gazebo/share/my_robot_gazebo/ex03/robot_gazebo.launch.py
[0.291s] -- Up-to-date: /home/ivan/ros2_ws/task5/install/my_robot_gazebo/share/ament_index/resource_index/package_run_dependencies/my_robot_gazebo
[0.291s] -- Up-to-date: /home/ivan/ros2_ws/task5/install/my_robot_gazebo/share/ament_index/resource_index/parent_prefix_path/my_robot_gazebo
[0.293s] -- Up-to-date: /home/ivan/ros2_ws/task5/install/my_robot_gazebo/share/my_robot_gazebo/environment/ament_prefix_path.sh
[0.293s] -- Up-to-date: /home/ivan/ros2_ws/task5/install/my_robot_gazebo/share/my_robot_gazebo/environment/ament_prefix_path.dsv
[0.294s] -- Up-to-date: /home/ivan/ros2_ws/task5/install/my_robot_gazebo/share/my_robot_gazebo/environment/path.sh
[0.295s] -- Up-to-date: /home/ivan/ros2_ws/task5/install/my_robot_gazebo/share/my_robot_gazebo/environment/path.dsv
[0.296s] -- Up-to-date: /home/ivan/ros2_ws/task5/install/my_robot_gazebo/share/my_robot_gazebo/local_setup.bash
[0.297s] -- Up-to-date: /home/ivan/ros2_ws/task5/install/my_robot_gazebo/share/my_robot_gazebo/local_setup.sh
[0.297s] -- Up-to-date: /home/ivan/ros2_ws/task5/install/my_robot_gazebo/share/my_robot_gazebo/local_setup.zsh
[0.298s] -- Up-to-date: /home/ivan/ros2_ws/task5/install/my_robot_gazebo/share/my_robot_gazebo/local_setup.dsv
[0.299s] -- Installing: /home/ivan/ros2_ws/task5/install/my_robot_gazebo/share/my_robot_gazebo/package.dsv
[0.301s] -- Up-to-date: /home/ivan/ros2_ws/task5/install/my_robot_gazebo/share/ament_index/resource_index/packages/my_robot_gazebo
[0.302s] -- Up-to-date: /home/ivan/ros2_ws/task5/install/my_robot_gazebo/share/my_robot_gazebo/cmake/my_robot_gazeboConfig.cmake
[0.303s] -- Up-to-date: /home/ivan/ros2_ws/task5/install/my_robot_gazebo/share/my_robot_gazebo/cmake/my_robot_gazeboConfig-version.cmake
[0.304s] -- Up-to-date: /home/ivan/ros2_ws/task5/install/my_robot_gazebo/share/my_robot_gazebo/package.xml
[0.307s] Invoked command in '/home/ivan/ros2_ws/task5/build/my_robot_gazebo' returned '0': CMAKE_PREFIX_PATH=/home/ivan/ros2_ws/task5/install/my_robot_description:/home/ivan/ros2_ws/task5/ex03/install/my_robot_gazebo:/home/ivan/ros2_ws/task5/install/my_robot_gazebo:/home/ivan/ros2_ws/install/tutorial_interfaces:/home/ivan/ros2_ws/install/turtlesim:/home/ivan/ros2_ws/install/turtle_multi_target:/home/ivan/ros2_ws/install/text_to_cmd_vel_pkg:/home/ivan/ros2_ws/install/py_pubsub:/home/ivan/ros2_ws/install/my_package:/home/ivan/ros2_ws/install/Ivan:/opt/ros/humble /usr/bin/cmake --install /home/ivan/ros2_ws/task5/build/my_robot_gazebo
