[0.631s] DEBUG:colcon:Command line arguments: ['/usr/bin/colcon', 'build', '--packages-select', 'ex02']
[0.631s] DEBUG:colcon:Parsed command line arguments: Namespace(log_base=None, log_level=None, verb_name='build', build_base='build', install_base='install', merge_install=False, symlink_install=False, test_result_base=None, continue_on_error=False, executor='parallel', parallel_workers=16, event_handlers=None, ignore_user_meta=False, metas=['./colcon.meta'], base_paths=['.'], packages_ignore=None, packages_ignore_regex=None, paths=None, packages_up_to=None, packages_up_to_regex=None, packages_above=None, packages_above_and_dependencies=None, packages_above_depth=None, packages_select_by_dep=None, packages_skip_by_dep=None, packages_skip_up_to=None, packages_select_build_failed=False, packages_skip_build_finished=False, packages_select_test_failures=False, packages_skip_test_passed=False, packages_select=['ex02'], packages_skip=None, packages_select_regex=None, packages_skip_regex=None, packages_start=None, packages_end=None, allow_overriding=[], cmake_args=None, cmake_target=None, cmake_target_skip_unavailable=False, cmake_clean_cache=False, cmake_clean_first=False, cmake_force_configure=False, ament_cmake_args=None, catkin_cmake_args=None, catkin_skip_building_tests=False, verb_parser=<colcon_defaults.argument_parser.defaults.DefaultArgumentsDecorator object at 0x7f8872931720>, verb_extension=<colcon_core.verb.build.BuildVerb object at 0x7f8872b26c80>, main=<bound method BuildVerb.main of <colcon_core.verb.build.BuildVerb object at 0x7f8872b26c80>>)
[1.362s] Level 1:colcon.colcon_core.package_discovery:discover_packages(colcon_meta) check parameters
[1.362s] Level 1:colcon.colcon_core.package_discovery:discover_packages(recursive) check parameters
[1.362s] Level 1:colcon.colcon_core.package_discovery:discover_packages(ignore) check parameters
[1.363s] Level 1:colcon.colcon_core.package_discovery:discover_packages(path) check parameters
[1.363s] Level 1:colcon.colcon_core.package_discovery:discover_packages(colcon_meta) discover
[1.363s] Level 1:colcon.colcon_core.package_discovery:discover_packages(recursive) discover
[1.363s] INFO:colcon.colcon_core.package_discovery:Crawling recursively for packages in '/home/ivan/ros2_ws/task4'
[1.363s] Level 1:colcon.colcon_core.package_identification:_identify(.) by extensions ['ignore', 'ignore_ament_install']
[1.363s] Level 1:colcon.colcon_core.package_identification:_identify(.) by extension 'ignore'
[1.363s] Level 1:colcon.colcon_core.package_identification:_identify(.) by extension 'ignore_ament_install'
[1.363s] Level 1:colcon.colcon_core.package_identification:_identify(.) by extensions ['colcon_pkg']
[1.363s] Level 1:colcon.colcon_core.package_identification:_identify(.) by extension 'colcon_pkg'
[1.364s] Level 1:colcon.colcon_core.package_identification:_identify(.) by extensions ['colcon_meta']
[1.364s] Level 1:colcon.colcon_core.package_identification:_identify(.) by extension 'colcon_meta'
[1.364s] Level 1:colcon.colcon_core.package_identification:_identify(.) by extensions ['ros']
[1.364s] Level 1:colcon.colcon_core.package_identification:_identify(.) by extension 'ros'
[1.397s] Level 1:colcon.colcon_core.package_identification:_identify(.) by extensions ['cmake', 'python']
[1.397s] Level 1:colcon.colcon_core.package_identification:_identify(.) by extension 'cmake'
[1.397s] Level 1:colcon.colcon_core.package_identification:_identify(.) by extension 'python'
[1.397s] Level 1:colcon.colcon_core.package_identification:_identify(.) by extensions ['python_setup_py']
[1.397s] Level 1:colcon.colcon_core.package_identification:_identify(.) by extension 'python_setup_py'
[1.398s] Level 1:colcon.colcon_core.package_identification:_identify(build) by extensions ['ignore', 'ignore_ament_install']
[1.398s] Level 1:colcon.colcon_core.package_identification:_identify(build) by extension 'ignore'
[1.398s] Level 1:colcon.colcon_core.package_identification:_identify(build) ignored
[1.398s] Level 1:colcon.colcon_core.package_identification:_identify(ex01) by extensions ['ignore', 'ignore_ament_install']
[1.399s] Level 1:colcon.colcon_core.package_identification:_identify(ex01) by extension 'ignore'
[1.399s] Level 1:colcon.colcon_core.package_identification:_identify(ex01) by extension 'ignore_ament_install'
[1.399s] Level 1:colcon.colcon_core.package_identification:_identify(ex01) by extensions ['colcon_pkg']
[1.399s] Level 1:colcon.colcon_core.package_identification:_identify(ex01) by extension 'colcon_pkg'
[1.400s] Level 1:colcon.colcon_core.package_identification:_identify(ex01) by extensions ['colcon_meta']
[1.400s] Level 1:colcon.colcon_core.package_identification:_identify(ex01) by extension 'colcon_meta'
[1.400s] Level 1:colcon.colcon_core.package_identification:_identify(ex01) by extensions ['ros']
[1.400s] Level 1:colcon.colcon_core.package_identification:_identify(ex01) by extension 'ros'
[1.401s] Level 1:colcon.colcon_core.package_identification:_identify(ex01) by extensions ['cmake', 'python']
[1.401s] Level 1:colcon.colcon_core.package_identification:_identify(ex01) by extension 'cmake'
[1.401s] Level 1:colcon.colcon_core.package_identification:_identify(ex01) by extension 'python'
[1.401s] Level 1:colcon.colcon_core.package_identification:_identify(ex01) by extensions ['python_setup_py']
[1.401s] Level 1:colcon.colcon_core.package_identification:_identify(ex01) by extension 'python_setup_py'
[1.401s] Level 1:colcon.colcon_core.package_identification:_identify(ex02) by extensions ['ignore', 'ignore_ament_install']
[1.401s] Level 1:colcon.colcon_core.package_identification:_identify(ex02) by extension 'ignore'
[1.401s] Level 1:colcon.colcon_core.package_identification:_identify(ex02) by extension 'ignore_ament_install'
[1.402s] Level 1:colcon.colcon_core.package_identification:_identify(ex02) by extensions ['colcon_pkg']
[1.402s] Level 1:colcon.colcon_core.package_identification:_identify(ex02) by extension 'colcon_pkg'
[1.402s] Level 1:colcon.colcon_core.package_identification:_identify(ex02) by extensions ['colcon_meta']
[1.402s] Level 1:colcon.colcon_core.package_identification:_identify(ex02) by extension 'colcon_meta'
[1.402s] Level 1:colcon.colcon_core.package_identification:_identify(ex02) by extensions ['ros']
[1.402s] Level 1:colcon.colcon_core.package_identification:_identify(ex02) by extension 'ros'
[1.409s] DEBUG:colcon.colcon_core.package_identification:Package 'ex02' with type 'ros.ament_python' and name 'ex02'
[1.409s] Level 1:colcon.colcon_core.package_identification:_identify(install) by extensions ['ignore', 'ignore_ament_install']
[1.409s] Level 1:colcon.colcon_core.package_identification:_identify(install) by extension 'ignore'
[1.409s] Level 1:colcon.colcon_core.package_identification:_identify(install) ignored
[1.410s] Level 1:colcon.colcon_core.package_identification:_identify(log) by extensions ['ignore', 'ignore_ament_install']
[1.410s] Level 1:colcon.colcon_core.package_identification:_identify(log) by extension 'ignore'
[1.410s] Level 1:colcon.colcon_core.package_identification:_identify(log) ignored
[1.410s] Level 1:colcon.colcon_core.package_discovery:discover_packages(recursive) using defaults
[1.410s] Level 1:colcon.colcon_core.package_discovery:discover_packages(ignore) discover
[1.410s] Level 1:colcon.colcon_core.package_discovery:discover_packages(ignore) using defaults
[1.411s] Level 1:colcon.colcon_core.package_discovery:discover_packages(path) discover
[1.411s] Level 1:colcon.colcon_core.package_discovery:discover_packages(path) using defaults
[1.475s] Level 1:colcon.colcon_core.package_discovery:discover_packages(prefix_path) check parameters
[1.475s] Level 1:colcon.colcon_core.package_discovery:discover_packages(prefix_path) discover
[1.489s] DEBUG:colcon.colcon_installed_package_information.package_discovery:Found 6 installed packages in /home/ivan/ros2_ws/install
[1.492s] DEBUG:colcon.colcon_installed_package_information.package_discovery:Found 274 installed packages in /opt/ros/humble
[1.513s] Level 1:colcon.colcon_core.package_discovery:discover_packages(prefix_path) using defaults
[1.695s] Level 5:colcon.colcon_core.verb:set package 'ex02' build argument 'cmake_args' from command line to 'None'
[1.695s] Level 5:colcon.colcon_core.verb:set package 'ex02' build argument 'cmake_target' from command line to 'None'
[1.695s] Level 5:colcon.colcon_core.verb:set package 'ex02' build argument 'cmake_target_skip_unavailable' from command line to 'False'
[1.695s] Level 5:colcon.colcon_core.verb:set package 'ex02' build argument 'cmake_clean_cache' from command line to 'False'
[1.695s] Level 5:colcon.colcon_core.verb:set package 'ex02' build argument 'cmake_clean_first' from command line to 'False'
[1.695s] Level 5:colcon.colcon_core.verb:set package 'ex02' build argument 'cmake_force_configure' from command line to 'False'
[1.695s] Level 5:colcon.colcon_core.verb:set package 'ex02' build argument 'ament_cmake_args' from command line to 'None'
[1.695s] Level 5:colcon.colcon_core.verb:set package 'ex02' build argument 'catkin_cmake_args' from command line to 'None'
[1.695s] Level 5:colcon.colcon_core.verb:set package 'ex02' build argument 'catkin_skip_building_tests' from command line to 'False'
[1.695s] DEBUG:colcon.colcon_core.verb:Building package 'ex02' with the following arguments: {'ament_cmake_args': None, 'build_base': '/home/ivan/ros2_ws/task4/build/ex02', 'catkin_cmake_args': None, 'catkin_skip_building_tests': False, 'cmake_args': None, 'cmake_clean_cache': False, 'cmake_clean_first': False, 'cmake_force_configure': False, 'cmake_target': None, 'cmake_target_skip_unavailable': False, 'install_base': '/home/ivan/ros2_ws/task4/install/ex02', 'merge_install': False, 'path': '/home/ivan/ros2_ws/task4/ex02', 'symlink_install': False, 'test_result_base': None}
[1.696s] INFO:colcon.colcon_core.executor:Executing jobs using 'parallel' executor
[1.698s] DEBUG:colcon.colcon_parallel_executor.executor.parallel:run_until_complete
[1.699s] INFO:colcon.colcon_ros.task.ament_python.build:Building ROS package in '/home/ivan/ros2_ws/task4/ex02' with build type 'ament_python'
[1.700s] Level 1:colcon.colcon_core.shell:create_environment_hook('ex02', 'ament_prefix_path')
[1.711s] INFO:colcon.colcon_core.plugin_system:Skipping extension 'colcon_core.shell.bat': Not used on non-Windows systems
[1.712s] INFO:colcon.colcon_core.shell:Creating environment hook '/home/ivan/ros2_ws/task4/install/ex02/share/ex02/hook/ament_prefix_path.ps1'
[1.716s] INFO:colcon.colcon_core.shell:Creating environment descriptor '/home/ivan/ros2_ws/task4/install/ex02/share/ex02/hook/ament_prefix_path.dsv'
[1.718s] INFO:colcon.colcon_core.shell:Creating environment hook '/home/ivan/ros2_ws/task4/install/ex02/share/ex02/hook/ament_prefix_path.sh'
[1.720s] INFO:colcon.colcon_core.shell:Skip shell extension 'powershell' for command environment: Not usable outside of PowerShell
[1.720s] DEBUG:colcon.colcon_core.shell:Skip shell extension 'dsv' for command environment
[2.159s] INFO:colcon.colcon_core.task.python.build:Building Python package in '/home/ivan/ros2_ws/task4/ex02'
[2.159s] INFO:colcon.colcon_core.shell:Skip shell extension 'powershell' for command environment: Not usable outside of PowerShell
[2.159s] DEBUG:colcon.colcon_core.shell:Skip shell extension 'dsv' for command environment
[3.201s] DEBUG:colcon.colcon_core.event_handler.log_command:Invoking command in '/home/ivan/ros2_ws/task4/ex02': PYTHONPATH=/home/ivan/ros2_ws/task4/build/ex02/prefix_override:/usr/lib/python3/dist-packages/colcon_core/task/python/colcon_distutils_commands:/home/ivan/ros2_ws/task4/install/ex02/lib/python3.10/site-packages:${PYTHONPATH} /usr/bin/python3 -W ignore:setup.py install is deprecated -W ignore:easy_install command is deprecated setup.py egg_info --egg-base ../build/ex02 build --build-base /home/ivan/ros2_ws/task4/build/ex02/build install --record /home/ivan/ros2_ws/task4/build/ex02/install.log --single-version-externally-managed install_data
[3.774s] DEBUG:colcon.colcon_core.event_handler.log_command:Invoked command in '/home/ivan/ros2_ws/task4/ex02' returned '0': PYTHONPATH=/home/ivan/ros2_ws/task4/build/ex02/prefix_override:/usr/lib/python3/dist-packages/colcon_core/task/python/colcon_distutils_commands:/home/ivan/ros2_ws/task4/install/ex02/lib/python3.10/site-packages:${PYTHONPATH} /usr/bin/python3 -W ignore:setup.py install is deprecated -W ignore:easy_install command is deprecated setup.py egg_info --egg-base ../build/ex02 build --build-base /home/ivan/ros2_ws/task4/build/ex02/build install --record /home/ivan/ros2_ws/task4/build/ex02/install.log --single-version-externally-managed install_data
[3.789s] Level 1:colcon.colcon_core.environment:checking '/home/ivan/ros2_ws/task4/install/ex02' for CMake module files
[3.790s] Level 1:colcon.colcon_core.environment:checking '/home/ivan/ros2_ws/task4/install/ex02' for CMake config files
[3.791s] Level 1:colcon.colcon_core.environment:checking '/home/ivan/ros2_ws/task4/install/ex02/lib'
[3.791s] Level 1:colcon.colcon_core.environment:checking '/home/ivan/ros2_ws/task4/install/ex02/bin'
[3.791s] Level 1:colcon.colcon_core.environment:checking '/home/ivan/ros2_ws/task4/install/ex02/lib/pkgconfig/ex02.pc'
[3.792s] Level 1:colcon.colcon_core.environment:checking '/home/ivan/ros2_ws/task4/install/ex02/lib/python3.10/site-packages'
[3.792s] Level 1:colcon.colcon_core.shell:create_environment_hook('ex02', 'pythonpath')
[3.792s] INFO:colcon.colcon_core.shell:Creating environment hook '/home/ivan/ros2_ws/task4/install/ex02/share/ex02/hook/pythonpath.ps1'
[3.793s] INFO:colcon.colcon_core.shell:Creating environment descriptor '/home/ivan/ros2_ws/task4/install/ex02/share/ex02/hook/pythonpath.dsv'
[3.794s] INFO:colcon.colcon_core.shell:Creating environment hook '/home/ivan/ros2_ws/task4/install/ex02/share/ex02/hook/pythonpath.sh'
[3.795s] Level 1:colcon.colcon_core.environment:checking '/home/ivan/ros2_ws/task4/install/ex02/bin'
[3.795s] Level 1:colcon.colcon_core.environment:create_environment_scripts_only(ex02)
[3.795s] INFO:colcon.colcon_core.shell:Creating package script '/home/ivan/ros2_ws/task4/install/ex02/share/ex02/package.ps1'
[3.798s] INFO:colcon.colcon_core.shell:Creating package descriptor '/home/ivan/ros2_ws/task4/install/ex02/share/ex02/package.dsv'
[3.800s] INFO:colcon.colcon_core.shell:Creating package script '/home/ivan/ros2_ws/task4/install/ex02/share/ex02/package.sh'
[3.802s] INFO:colcon.colcon_core.shell:Creating package script '/home/ivan/ros2_ws/task4/install/ex02/share/ex02/package.bash'
[3.804s] INFO:colcon.colcon_core.shell:Creating package script '/home/ivan/ros2_ws/task4/install/ex02/share/ex02/package.zsh'
[3.807s] Level 1:colcon.colcon_core.environment:create_file_with_runtime_dependencies(/home/ivan/ros2_ws/task4/install/ex02/share/colcon-core/packages/ex02)
[3.810s] DEBUG:colcon.colcon_parallel_executor.executor.parallel:closing loop
[3.811s] DEBUG:colcon.colcon_parallel_executor.executor.parallel:loop closed
[3.811s] DEBUG:colcon.colcon_parallel_executor.executor.parallel:run_until_complete finished with '0'
[3.811s] DEBUG:colcon.colcon_core.event_reactor:joining thread
[3.900s] INFO:colcon.colcon_core.plugin_system:Skipping extension 'colcon_notification.desktop_notification.notify_send': Could not find 'notify-send'
[3.901s] INFO:colcon.colcon_core.plugin_system:Skipping extension 'colcon_notification.desktop_notification.terminal_notifier': Not used on non-Darwin systems
[3.901s] INFO:colcon.colcon_core.plugin_system:Skipping extension 'colcon_notification.desktop_notification.win32': Not used on non-Windows systems
[3.901s] INFO:colcon.colcon_notification.desktop_notification:Sending desktop notification using 'notify2'
[3.903s] DEBUG:colcon.colcon_notification.desktop_notification.notify2:Failed to initialize notify2: org.freedesktop.DBus.Error.FileNotFound: Failed to connect to socket /run/user/1000/bus: No such file or directory
[3.903s] DEBUG:colcon.colcon_core.event_reactor:joined thread
[3.903s] INFO:colcon.colcon_core.shell:Creating prefix script '/home/ivan/ros2_ws/task4/install/local_setup.ps1'
[3.906s] INFO:colcon.colcon_core.shell:Creating prefix util module '/home/ivan/ros2_ws/task4/install/_local_setup_util_ps1.py'
[3.910s] INFO:colcon.colcon_core.shell:Creating prefix chain script '/home/ivan/ros2_ws/task4/install/setup.ps1'
[3.914s] INFO:colcon.colcon_core.shell:Creating prefix script '/home/ivan/ros2_ws/task4/install/local_setup.sh'
[3.917s] INFO:colcon.colcon_core.shell:Creating prefix util module '/home/ivan/ros2_ws/task4/install/_local_setup_util_sh.py'
[3.918s] INFO:colcon.colcon_core.shell:Creating prefix chain script '/home/ivan/ros2_ws/task4/install/setup.sh'
[3.921s] INFO:colcon.colcon_core.shell:Creating prefix script '/home/ivan/ros2_ws/task4/install/local_setup.bash'
[3.923s] INFO:colcon.colcon_core.shell:Creating prefix chain script '/home/ivan/ros2_ws/task4/install/setup.bash'
[3.926s] INFO:colcon.colcon_core.shell:Creating prefix script '/home/ivan/ros2_ws/task4/install/local_setup.zsh'
[3.928s] INFO:colcon.colcon_core.shell:Creating prefix chain script '/home/ivan/ros2_ws/task4/install/setup.zsh'
