[1.196s] Invoking command in '/home/ivan/ros2_ws/task5/ex05/my_unique_robot_control': CMAKE_PREFIX_PATH=/home/ivan/ros2_ws/task5/install/my_robot_gazebo:/home/ivan/ros2_ws/task5/install/my_unique_robot_gazebo:/home/ivan/ros2_ws/task5/install/my_robot_description:/home/ivan/ros2_ws/task5/ex03/install/my_robot_gazebo:/home/ivan/ros2_ws/install/tutorial_interfaces:/home/ivan/ros2_ws/install/turtlesim PYTHONPATH=/home/ivan/ros2_ws/task5/build/my_unique_robot_control/prefix_override:/usr/lib/python3/dist-packages/colcon_core/task/python/colcon_distutils_commands:/home/ivan/ros2_ws/task5/install/my_unique_robot_control/lib/python3.10/site-packages:${PYTHONPATH} /usr/bin/python3 -W ignore:setup.py install is deprecated -W ignore:easy_install command is deprecated setup.py egg_info --egg-base ../../build/my_unique_robot_control build --build-base /home/ivan/ros2_ws/task5/build/my_unique_robot_control/build install --record /home/ivan/ros2_ws/task5/build/my_unique_robot_control/install.log --single-version-externally-managed install_data
[1.519s] running egg_info
[1.520s] writing ../../build/my_unique_robot_control/my_unique_robot_control.egg-info/PKG-INFO
[1.520s] writing dependency_links to ../../build/my_unique_robot_control/my_unique_robot_control.egg-info/dependency_links.txt
[1.521s] writing entry points to ../../build/my_unique_robot_control/my_unique_robot_control.egg-info/entry_points.txt
[1.522s] writing requirements to ../../build/my_unique_robot_control/my_unique_robot_control.egg-info/requires.txt
[1.522s] writing top-level names to ../../build/my_unique_robot_control/my_unique_robot_control.egg-info/top_level.txt
[1.525s] reading manifest file '../../build/my_unique_robot_control/my_unique_robot_control.egg-info/SOURCES.txt'
[1.526s] writing manifest file '../../build/my_unique_robot_control/my_unique_robot_control.egg-info/SOURCES.txt'
[1.527s] running build
[1.527s] running build_py
[1.527s] copying my_unique_robot_control/unique_movement.py -> /home/ivan/ros2_ws/task5/build/my_unique_robot_control/build/lib/my_unique_robot_control
[1.527s] running install
[1.528s] running install_lib
[1.529s] copying /home/ivan/ros2_ws/task5/build/my_unique_robot_control/build/lib/my_unique_robot_control/unique_movement.py -> /home/ivan/ros2_ws/task5/install/my_unique_robot_control/lib/python3.10/site-packages/my_unique_robot_control
[1.531s] byte-compiling /home/ivan/ros2_ws/task5/install/my_unique_robot_control/lib/python3.10/site-packages/my_unique_robot_control/unique_movement.py to unique_movement.cpython-310.pyc
[1.532s] running install_data
[1.532s] running install_egg_info
[1.534s] removing '/home/ivan/ros2_ws/task5/install/my_unique_robot_control/lib/python3.10/site-packages/my_unique_robot_control-0.0.0-py3.10.egg-info' (and everything under it)
[1.535s] Copying ../../build/my_unique_robot_control/my_unique_robot_control.egg-info to /home/ivan/ros2_ws/task5/install/my_unique_robot_control/lib/python3.10/site-packages/my_unique_robot_control-0.0.0-py3.10.egg-info
[1.537s] running install_scripts
[1.564s] Installing unique_movement script to /home/ivan/ros2_ws/task5/install/my_unique_robot_control/lib/my_unique_robot_control
[1.565s] writing list of installed files to '/home/ivan/ros2_ws/task5/build/my_unique_robot_control/install.log'
[1.604s] Invoked command in '/home/ivan/ros2_ws/task5/ex05/my_unique_robot_control' returned '0': CMAKE_PREFIX_PATH=/home/ivan/ros2_ws/task5/install/my_robot_gazebo:/home/ivan/ros2_ws/task5/install/my_unique_robot_gazebo:/home/ivan/ros2_ws/task5/install/my_robot_description:/home/ivan/ros2_ws/task5/ex03/install/my_robot_gazebo:/home/ivan/ros2_ws/install/tutorial_interfaces:/home/ivan/ros2_ws/install/turtlesim PYTHONPATH=/home/ivan/ros2_ws/task5/build/my_unique_robot_control/prefix_override:/usr/lib/python3/dist-packages/colcon_core/task/python/colcon_distutils_commands:/home/ivan/ros2_ws/task5/install/my_unique_robot_control/lib/python3.10/site-packages:${PYTHONPATH} /usr/bin/python3 -W ignore:setup.py install is deprecated -W ignore:easy_install command is deprecated setup.py egg_info --egg-base ../../build/my_unique_robot_control build --build-base /home/ivan/ros2_ws/task5/build/my_unique_robot_control/build install --record /home/ivan/ros2_ws/task5/build/my_unique_robot_control/install.log --single-version-externally-managed install_data
