[1.668s] Invoking command in '/home/ivan/ros2_ws/task5/ex05/my_unique_robot_control': AMENT_PREFIX_PATH=/home/ivan/ros2_ws/task5/install/my_unique_robot_gazebo:${AMENT_PREFIX_PATH} CMAKE_PREFIX_PATH=/home/ivan/ros2_ws/task5/install/my_robot_gazebo:/home/ivan/ros2_ws/task5/install/my_unique_robot_gazebo:/home/ivan/ros2_ws/task5/install/my_robot_description:/home/ivan/ros2_ws/task5/ex03/install/my_robot_gazebo:/home/ivan/ros2_ws/install/tutorial_interfaces:/home/ivan/ros2_ws/install/turtlesim PYTHONPATH=/home/ivan/ros2_ws/task5/build/my_unique_robot_control/prefix_override:/usr/lib/python3/dist-packages/colcon_core/task/python/colcon_distutils_commands:/home/ivan/ros2_ws/task5/install/my_unique_robot_control/lib/python3.10/site-packages:${PYTHONPATH} /usr/bin/python3 -W ignore:setup.py install is deprecated -W ignore:easy_install command is deprecated setup.py egg_info --egg-base ../../build/my_unique_robot_control build --build-base /home/ivan/ros2_ws/task5/build/my_unique_robot_control/build install --record /home/ivan/ros2_ws/task5/build/my_unique_robot_control/install.log --single-version-externally-managed install_data
[2.044s] running egg_info
[2.046s] writing ../../build/my_unique_robot_control/my_unique_robot_control.egg-info/PKG-INFO
[2.048s] writing dependency_links to ../../build/my_unique_robot_control/my_unique_robot_control.egg-info/dependency_links.txt
[2.048s] writing entry points to ../../build/my_unique_robot_control/my_unique_robot_control.egg-info/entry_points.txt
[2.049s] writing requirements to ../../build/my_unique_robot_control/my_unique_robot_control.egg-info/requires.txt
[2.049s] writing top-level names to ../../build/my_unique_robot_control/my_unique_robot_control.egg-info/top_level.txt
[2.052s] reading manifest file '../../build/my_unique_robot_control/my_unique_robot_control.egg-info/SOURCES.txt'
[2.054s] writing manifest file '../../build/my_unique_robot_control/my_unique_robot_control.egg-info/SOURCES.txt'
[2.055s] running build
[2.055s] running build_py
[2.056s] running install
[2.056s] running install_lib
[2.058s] running install_data
[2.058s] copying package.xml -> /home/ivan/ros2_ws/task5/install/my_unique_robot_control/share/my_unique_robot_control
[2.058s] copying launch/unique_movement.launch.py -> /home/ivan/ros2_ws/task5/install/my_unique_robot_control/share/my_unique_robot_control/launch
[2.058s] running install_egg_info
[2.061s] removing '/home/ivan/ros2_ws/task5/install/my_unique_robot_control/lib/python3.10/site-packages/my_unique_robot_control-0.0.0-py3.10.egg-info' (and everything under it)
[2.062s] Copying ../../build/my_unique_robot_control/my_unique_robot_control.egg-info to /home/ivan/ros2_ws/task5/install/my_unique_robot_control/lib/python3.10/site-packages/my_unique_robot_control-0.0.0-py3.10.egg-info
[2.064s] running install_scripts
[2.093s] Installing unique_movement script to /home/ivan/ros2_ws/task5/install/my_unique_robot_control/lib/my_unique_robot_control
[2.094s] writing list of installed files to '/home/ivan/ros2_ws/task5/build/my_unique_robot_control/install.log'
[2.145s] Invoked command in '/home/ivan/ros2_ws/task5/ex05/my_unique_robot_control' returned '0': AMENT_PREFIX_PATH=/home/ivan/ros2_ws/task5/install/my_unique_robot_gazebo:${AMENT_PREFIX_PATH} CMAKE_PREFIX_PATH=/home/ivan/ros2_ws/task5/install/my_robot_gazebo:/home/ivan/ros2_ws/task5/install/my_unique_robot_gazebo:/home/ivan/ros2_ws/task5/install/my_robot_description:/home/ivan/ros2_ws/task5/ex03/install/my_robot_gazebo:/home/ivan/ros2_ws/install/tutorial_interfaces:/home/ivan/ros2_ws/install/turtlesim PYTHONPATH=/home/ivan/ros2_ws/task5/build/my_unique_robot_control/prefix_override:/usr/lib/python3/dist-packages/colcon_core/task/python/colcon_distutils_commands:/home/ivan/ros2_ws/task5/install/my_unique_robot_control/lib/python3.10/site-packages:${PYTHONPATH} /usr/bin/python3 -W ignore:setup.py install is deprecated -W ignore:easy_install command is deprecated setup.py egg_info --egg-base ../../build/my_unique_robot_control build --build-base /home/ivan/ros2_ws/task5/build/my_unique_robot_control/build install --record /home/ivan/ros2_ws/task5/build/my_unique_robot_control/install.log --single-version-externally-managed install_data
