[0.465s] DEBUG:colcon:Command line arguments: ['/usr/bin/colcon', 'build', '--packages-select', 'my_robot_gazebo']
[0.466s] DEBUG:colcon:Parsed command line arguments: Namespace(log_base=None, log_level=None, verb_name='build', build_base='build', install_base='install', merge_install=False, symlink_install=False, test_result_base=None, continue_on_error=False, executor='parallel', parallel_workers=16, event_handlers=None, ignore_user_meta=False, metas=['./colcon.meta'], base_paths=['.'], packages_ignore=None, packages_ignore_regex=None, paths=None, packages_up_to=None, packages_up_to_regex=None, packages_above=None, packages_above_and_dependencies=None, packages_above_depth=None, packages_select_by_dep=None, packages_skip_by_dep=None, packages_skip_up_to=None, packages_select_build_failed=False, packages_skip_build_finished=False, packages_select_test_failures=False, packages_skip_test_passed=False, packages_select=['my_robot_gazebo'], packages_skip=None, packages_select_regex=None, packages_skip_regex=None, packages_start=None, packages_end=None, allow_overriding=[], cmake_args=None, cmake_target=None, cmake_target_skip_unavailable=False, cmake_clean_cache=False, cmake_clean_first=False, cmake_force_configure=False, ament_cmake_args=None, catkin_cmake_args=None, catkin_skip_building_tests=False, verb_parser=<colcon_defaults.argument_parser.defaults.DefaultArgumentsDecorator object at 0x7f9da44b5f30>, verb_extension=<colcon_core.verb.build.BuildVerb object at 0x7f9da46ab490>, main=<bound method BuildVerb.main of <colcon_core.verb.build.BuildVerb object at 0x7f9da46ab490>>)
[0.987s] Level 1:colcon.colcon_core.package_discovery:discover_packages(colcon_meta) check parameters
[0.987s] Level 1:colcon.colcon_core.package_discovery:discover_packages(recursive) check parameters
[0.987s] Level 1:colcon.colcon_core.package_discovery:discover_packages(ignore) check parameters
[0.987s] Level 1:colcon.colcon_core.package_discovery:discover_packages(path) check parameters
[0.987s] Level 1:colcon.colcon_core.package_discovery:discover_packages(colcon_meta) discover
[0.988s] Level 1:colcon.colcon_core.package_discovery:discover_packages(recursive) discover
[0.988s] INFO:colcon.colcon_core.package_discovery:Crawling recursively for packages in '/home/ivan/ros2_ws/task5'
[0.988s] Level 1:colcon.colcon_core.package_identification:_identify(.) by extensions ['ignore', 'ignore_ament_install']
[0.988s] Level 1:colcon.colcon_core.package_identification:_identify(.) by extension 'ignore'
[0.988s] Level 1:colcon.colcon_core.package_identification:_identify(.) by extension 'ignore_ament_install'
[0.989s] Level 1:colcon.colcon_core.package_identification:_identify(.) by extensions ['colcon_pkg']
[0.989s] Level 1:colcon.colcon_core.package_identification:_identify(.) by extension 'colcon_pkg'
[0.989s] Level 1:colcon.colcon_core.package_identification:_identify(.) by extensions ['colcon_meta']
[0.989s] Level 1:colcon.colcon_core.package_identification:_identify(.) by extension 'colcon_meta'
[0.989s] Level 1:colcon.colcon_core.package_identification:_identify(.) by extensions ['ros']
[0.989s] Level 1:colcon.colcon_core.package_identification:_identify(.) by extension 'ros'
[1.020s] Level 1:colcon.colcon_core.package_identification:_identify(.) by extensions ['cmake', 'python']
[1.020s] Level 1:colcon.colcon_core.package_identification:_identify(.) by extension 'cmake'
[1.020s] Level 1:colcon.colcon_core.package_identification:_identify(.) by extension 'python'
[1.020s] Level 1:colcon.colcon_core.package_identification:_identify(.) by extensions ['python_setup_py']
[1.020s] Level 1:colcon.colcon_core.package_identification:_identify(.) by extension 'python_setup_py'
[1.021s] Level 1:colcon.colcon_core.package_identification:_identify(build) by extensions ['ignore', 'ignore_ament_install']
[1.021s] Level 1:colcon.colcon_core.package_identification:_identify(build) by extension 'ignore'
[1.021s] Level 1:colcon.colcon_core.package_identification:_identify(build) ignored
[1.022s] Level 1:colcon.colcon_core.package_identification:_identify(ex01) by extensions ['ignore', 'ignore_ament_install']
[1.022s] Level 1:colcon.colcon_core.package_identification:_identify(ex01) by extension 'ignore'
[1.022s] Level 1:colcon.colcon_core.package_identification:_identify(ex01) by extension 'ignore_ament_install'
[1.022s] Level 1:colcon.colcon_core.package_identification:_identify(ex01) by extensions ['colcon_pkg']
[1.022s] Level 1:colcon.colcon_core.package_identification:_identify(ex01) by extension 'colcon_pkg'
[1.022s] Level 1:colcon.colcon_core.package_identification:_identify(ex01) by extensions ['colcon_meta']
[1.022s] Level 1:colcon.colcon_core.package_identification:_identify(ex01) by extension 'colcon_meta'
[1.022s] Level 1:colcon.colcon_core.package_identification:_identify(ex01) by extensions ['ros']
[1.022s] Level 1:colcon.colcon_core.package_identification:_identify(ex01) by extension 'ros'
[1.023s] Level 1:colcon.colcon_core.package_identification:_identify(ex01) by extensions ['cmake', 'python']
[1.023s] Level 1:colcon.colcon_core.package_identification:_identify(ex01) by extension 'cmake'
[1.023s] Level 1:colcon.colcon_core.package_identification:_identify(ex01) by extension 'python'
[1.023s] Level 1:colcon.colcon_core.package_identification:_identify(ex01) by extensions ['python_setup_py']
[1.023s] Level 1:colcon.colcon_core.package_identification:_identify(ex01) by extension 'python_setup_py'
[1.023s] Level 1:colcon.colcon_core.package_identification:_identify(ex01/build) by extensions ['ignore', 'ignore_ament_install']
[1.024s] Level 1:colcon.colcon_core.package_identification:_identify(ex01/build) by extension 'ignore'
[1.024s] Level 1:colcon.colcon_core.package_identification:_identify(ex01/build) ignored
[1.024s] Level 1:colcon.colcon_core.package_identification:_identify(ex01/install) by extensions ['ignore', 'ignore_ament_install']
[1.024s] Level 1:colcon.colcon_core.package_identification:_identify(ex01/install) by extension 'ignore'
[1.024s] Level 1:colcon.colcon_core.package_identification:_identify(ex01/install) ignored
[1.024s] Level 1:colcon.colcon_core.package_identification:_identify(ex01/log) by extensions ['ignore', 'ignore_ament_install']
[1.025s] Level 1:colcon.colcon_core.package_identification:_identify(ex01/log) by extension 'ignore'
[1.025s] Level 1:colcon.colcon_core.package_identification:_identify(ex01/log) ignored
[1.025s] Level 1:colcon.colcon_core.package_identification:_identify(ex01/my_robot_description) by extensions ['ignore', 'ignore_ament_install']
[1.025s] Level 1:colcon.colcon_core.package_identification:_identify(ex01/my_robot_description) by extension 'ignore'
[1.025s] Level 1:colcon.colcon_core.package_identification:_identify(ex01/my_robot_description) by extension 'ignore_ament_install'
[1.025s] Level 1:colcon.colcon_core.package_identification:_identify(ex01/my_robot_description) by extensions ['colcon_pkg']
[1.026s] Level 1:colcon.colcon_core.package_identification:_identify(ex01/my_robot_description) by extension 'colcon_pkg'
[1.026s] Level 1:colcon.colcon_core.package_identification:_identify(ex01/my_robot_description) by extensions ['colcon_meta']
[1.026s] Level 1:colcon.colcon_core.package_identification:_identify(ex01/my_robot_description) by extension 'colcon_meta'
[1.026s] Level 1:colcon.colcon_core.package_identification:_identify(ex01/my_robot_description) by extensions ['ros']
[1.026s] Level 1:colcon.colcon_core.package_identification:_identify(ex01/my_robot_description) by extension 'ros'
[1.034s] DEBUG:colcon.colcon_core.package_identification:Package 'ex01/my_robot_description' with type 'ros.ament_cmake' and name 'my_robot_description'
[1.035s] Level 1:colcon.colcon_core.package_identification:_identify(ex02) by extensions ['ignore', 'ignore_ament_install']
[1.035s] Level 1:colcon.colcon_core.package_identification:_identify(ex02) by extension 'ignore'
[1.035s] Level 1:colcon.colcon_core.package_identification:_identify(ex02) by extension 'ignore_ament_install'
[1.035s] Level 1:colcon.colcon_core.package_identification:_identify(ex02) by extensions ['colcon_pkg']
[1.035s] Level 1:colcon.colcon_core.package_identification:_identify(ex02) by extension 'colcon_pkg'
[1.036s] Level 1:colcon.colcon_core.package_identification:_identify(ex02) by extensions ['colcon_meta']
[1.036s] Level 1:colcon.colcon_core.package_identification:_identify(ex02) by extension 'colcon_meta'
[1.036s] Level 1:colcon.colcon_core.package_identification:_identify(ex02) by extensions ['ros']
[1.036s] Level 1:colcon.colcon_core.package_identification:_identify(ex02) by extension 'ros'
[1.036s] Level 1:colcon.colcon_core.package_identification:_identify(ex02) by extensions ['cmake', 'python']
[1.036s] Level 1:colcon.colcon_core.package_identification:_identify(ex02) by extension 'cmake'
[1.036s] Level 1:colcon.colcon_core.package_identification:_identify(ex02) by extension 'python'
[1.036s] Level 1:colcon.colcon_core.package_identification:_identify(ex02) by extensions ['python_setup_py']
[1.036s] Level 1:colcon.colcon_core.package_identification:_identify(ex02) by extension 'python_setup_py'
[1.037s] Level 1:colcon.colcon_core.package_identification:_identify(ex03) by extensions ['ignore', 'ignore_ament_install']
[1.037s] Level 1:colcon.colcon_core.package_identification:_identify(ex03) by extension 'ignore'
[1.037s] Level 1:colcon.colcon_core.package_identification:_identify(ex03) by extension 'ignore_ament_install'
[1.037s] Level 1:colcon.colcon_core.package_identification:_identify(ex03) by extensions ['colcon_pkg']
[1.038s] Level 1:colcon.colcon_core.package_identification:_identify(ex03) by extension 'colcon_pkg'
[1.038s] Level 1:colcon.colcon_core.package_identification:_identify(ex03) by extensions ['colcon_meta']
[1.038s] Level 1:colcon.colcon_core.package_identification:_identify(ex03) by extension 'colcon_meta'
[1.038s] Level 1:colcon.colcon_core.package_identification:_identify(ex03) by extensions ['ros']
[1.038s] Level 1:colcon.colcon_core.package_identification:_identify(ex03) by extension 'ros'
[1.039s] Level 1:colcon.colcon_core.package_identification:_identify(ex03) by extensions ['cmake', 'python']
[1.039s] Level 1:colcon.colcon_core.package_identification:_identify(ex03) by extension 'cmake'
[1.039s] Level 1:colcon.colcon_core.package_identification:_identify(ex03) by extension 'python'
[1.039s] Level 1:colcon.colcon_core.package_identification:_identify(ex03) by extensions ['python_setup_py']
[1.039s] Level 1:colcon.colcon_core.package_identification:_identify(ex03) by extension 'python_setup_py'
[1.040s] Level 1:colcon.colcon_core.package_identification:_identify(ex03/src) by extensions ['ignore', 'ignore_ament_install']
[1.040s] Level 1:colcon.colcon_core.package_identification:_identify(ex03/src) by extension 'ignore'
[1.040s] Level 1:colcon.colcon_core.package_identification:_identify(ex03/src) by extension 'ignore_ament_install'
[1.040s] Level 1:colcon.colcon_core.package_identification:_identify(ex03/src) by extensions ['colcon_pkg']
[1.040s] Level 1:colcon.colcon_core.package_identification:_identify(ex03/src) by extension 'colcon_pkg'
[1.040s] Level 1:colcon.colcon_core.package_identification:_identify(ex03/src) by extensions ['colcon_meta']
[1.040s] Level 1:colcon.colcon_core.package_identification:_identify(ex03/src) by extension 'colcon_meta'
[1.040s] Level 1:colcon.colcon_core.package_identification:_identify(ex03/src) by extensions ['ros']
[1.041s] Level 1:colcon.colcon_core.package_identification:_identify(ex03/src) by extension 'ros'
[1.041s] Level 1:colcon.colcon_core.package_identification:_identify(ex03/src) by extensions ['cmake', 'python']
[1.041s] Level 1:colcon.colcon_core.package_identification:_identify(ex03/src) by extension 'cmake'
[1.041s] Level 1:colcon.colcon_core.package_identification:_identify(ex03/src) by extension 'python'
[1.041s] Level 1:colcon.colcon_core.package_identification:_identify(ex03/src) by extensions ['python_setup_py']
[1.041s] Level 1:colcon.colcon_core.package_identification:_identify(ex03/src) by extension 'python_setup_py'
[1.042s] Level 1:colcon.colcon_core.package_identification:_identify(ex03/src/my_robot_gazebo) by extensions ['ignore', 'ignore_ament_install']
[1.042s] Level 1:colcon.colcon_core.package_identification:_identify(ex03/src/my_robot_gazebo) by extension 'ignore'
[1.042s] Level 1:colcon.colcon_core.package_identification:_identify(ex03/src/my_robot_gazebo) by extension 'ignore_ament_install'
[1.043s] Level 1:colcon.colcon_core.package_identification:_identify(ex03/src/my_robot_gazebo) by extensions ['colcon_pkg']
[1.043s] Level 1:colcon.colcon_core.package_identification:_identify(ex03/src/my_robot_gazebo) by extension 'colcon_pkg'
[1.043s] Level 1:colcon.colcon_core.package_identification:_identify(ex03/src/my_robot_gazebo) by extensions ['colcon_meta']
[1.043s] Level 1:colcon.colcon_core.package_identification:_identify(ex03/src/my_robot_gazebo) by extension 'colcon_meta'
[1.043s] Level 1:colcon.colcon_core.package_identification:_identify(ex03/src/my_robot_gazebo) by extensions ['ros']
[1.043s] Level 1:colcon.colcon_core.package_identification:_identify(ex03/src/my_robot_gazebo) by extension 'ros'
[1.045s] DEBUG:colcon.colcon_core.package_identification:Package 'ex03/src/my_robot_gazebo' with type 'ros.ament_cmake' and name 'my_robot_gazebo'
[1.046s] Level 1:colcon.colcon_core.package_identification:_identify(install) by extensions ['ignore', 'ignore_ament_install']
[1.046s] Level 1:colcon.colcon_core.package_identification:_identify(install) by extension 'ignore'
[1.046s] Level 1:colcon.colcon_core.package_identification:_identify(install) ignored
[1.046s] Level 1:colcon.colcon_core.package_identification:_identify(log) by extensions ['ignore', 'ignore_ament_install']
[1.046s] Level 1:colcon.colcon_core.package_identification:_identify(log) by extension 'ignore'
[1.047s] Level 1:colcon.colcon_core.package_identification:_identify(log) ignored
[1.047s] Level 1:colcon.colcon_core.package_identification:_identify(src) by extensions ['ignore', 'ignore_ament_install']
[1.047s] Level 1:colcon.colcon_core.package_identification:_identify(src) by extension 'ignore'
[1.047s] Level 1:colcon.colcon_core.package_identification:_identify(src) by extension 'ignore_ament_install'
[1.047s] Level 1:colcon.colcon_core.package_identification:_identify(src) by extensions ['colcon_pkg']
[1.048s] Level 1:colcon.colcon_core.package_identification:_identify(src) by extension 'colcon_pkg'
[1.048s] Level 1:colcon.colcon_core.package_identification:_identify(src) by extensions ['colcon_meta']
[1.048s] Level 1:colcon.colcon_core.package_identification:_identify(src) by extension 'colcon_meta'
[1.048s] Level 1:colcon.colcon_core.package_identification:_identify(src) by extensions ['ros']
[1.048s] Level 1:colcon.colcon_core.package_identification:_identify(src) by extension 'ros'
[1.048s] Level 1:colcon.colcon_core.package_identification:_identify(src) by extensions ['cmake', 'python']
[1.048s] Level 1:colcon.colcon_core.package_identification:_identify(src) by extension 'cmake'
[1.048s] Level 1:colcon.colcon_core.package_identification:_identify(src) by extension 'python'
[1.048s] Level 1:colcon.colcon_core.package_identification:_identify(src) by extensions ['python_setup_py']
[1.049s] Level 1:colcon.colcon_core.package_identification:_identify(src) by extension 'python_setup_py'
[1.049s] Level 1:colcon.colcon_core.package_identification:_identify(src/my_robot_gazebo) by extensions ['ignore', 'ignore_ament_install']
[1.049s] Level 1:colcon.colcon_core.package_identification:_identify(src/my_robot_gazebo) by extension 'ignore'
[1.049s] Level 1:colcon.colcon_core.package_identification:_identify(src/my_robot_gazebo) by extension 'ignore_ament_install'
[1.049s] Level 1:colcon.colcon_core.package_identification:_identify(src/my_robot_gazebo) by extensions ['colcon_pkg']
[1.049s] Level 1:colcon.colcon_core.package_identification:_identify(src/my_robot_gazebo) by extension 'colcon_pkg'
[1.049s] Level 1:colcon.colcon_core.package_identification:_identify(src/my_robot_gazebo) by extensions ['colcon_meta']
[1.049s] Level 1:colcon.colcon_core.package_identification:_identify(src/my_robot_gazebo) by extension 'colcon_meta'
[1.050s] Level 1:colcon.colcon_core.package_identification:_identify(src/my_robot_gazebo) by extensions ['ros']
[1.050s] Level 1:colcon.colcon_core.package_identification:_identify(src/my_robot_gazebo) by extension 'ros'
[1.050s] Level 1:colcon.colcon_core.package_identification:_identify(src/my_robot_gazebo) by extensions ['cmake', 'python']
[1.050s] Level 1:colcon.colcon_core.package_identification:_identify(src/my_robot_gazebo) by extension 'cmake'
[1.050s] Level 1:colcon.colcon_core.package_identification:_identify(src/my_robot_gazebo) by extension 'python'
[1.050s] Level 1:colcon.colcon_core.package_identification:_identify(src/my_robot_gazebo) by extensions ['python_setup_py']
[1.050s] Level 1:colcon.colcon_core.package_identification:_identify(src/my_robot_gazebo) by extension 'python_setup_py'
[1.051s] Level 1:colcon.colcon_core.package_identification:_identify(src/my_robot_gazebo/ex03) by extensions ['ignore', 'ignore_ament_install']
[1.051s] Level 1:colcon.colcon_core.package_identification:_identify(src/my_robot_gazebo/ex03) by extension 'ignore'
[1.051s] Level 1:colcon.colcon_core.package_identification:_identify(src/my_robot_gazebo/ex03) by extension 'ignore_ament_install'
[1.051s] Level 1:colcon.colcon_core.package_identification:_identify(src/my_robot_gazebo/ex03) by extensions ['colcon_pkg']
[1.051s] Level 1:colcon.colcon_core.package_identification:_identify(src/my_robot_gazebo/ex03) by extension 'colcon_pkg'
[1.051s] Level 1:colcon.colcon_core.package_identification:_identify(src/my_robot_gazebo/ex03) by extensions ['colcon_meta']
[1.051s] Level 1:colcon.colcon_core.package_identification:_identify(src/my_robot_gazebo/ex03) by extension 'colcon_meta'
[1.051s] Level 1:colcon.colcon_core.package_identification:_identify(src/my_robot_gazebo/ex03) by extensions ['ros']
[1.052s] Level 1:colcon.colcon_core.package_identification:_identify(src/my_robot_gazebo/ex03) by extension 'ros'
[1.052s] Level 1:colcon.colcon_core.package_identification:_identify(src/my_robot_gazebo/ex03) by extensions ['cmake', 'python']
[1.052s] Level 1:colcon.colcon_core.package_identification:_identify(src/my_robot_gazebo/ex03) by extension 'cmake'
[1.052s] Level 1:colcon.colcon_core.package_identification:_identify(src/my_robot_gazebo/ex03) by extension 'python'
[1.052s] Level 1:colcon.colcon_core.package_identification:_identify(src/my_robot_gazebo/ex03) by extensions ['python_setup_py']
[1.052s] Level 1:colcon.colcon_core.package_identification:_identify(src/my_robot_gazebo/ex03) by extension 'python_setup_py'
[1.052s] Level 1:colcon.colcon_core.package_discovery:discover_packages(recursive) using defaults
[1.052s] Level 1:colcon.colcon_core.package_discovery:discover_packages(ignore) discover
[1.053s] Level 1:colcon.colcon_core.package_discovery:discover_packages(ignore) using defaults
[1.053s] Level 1:colcon.colcon_core.package_discovery:discover_packages(path) discover
[1.053s] Level 1:colcon.colcon_core.package_discovery:discover_packages(path) using defaults
[1.111s] INFO:colcon.colcon_core.package_selection:Skipping not selected package 'my_robot_description' in 'ex01/my_robot_description'
[1.112s] Level 1:colcon.colcon_core.package_discovery:discover_packages(prefix_path) check parameters
[1.113s] Level 1:colcon.colcon_core.package_discovery:discover_packages(prefix_path) discover
[1.115s] WARNING:colcon.colcon_core.prefix_path.colcon:The path '/home/ivan/ros2_ws/task5/ex03/install' in the environment variable COLCON_PREFIX_PATH doesn't exist
[1.115s] WARNING:colcon.colcon_ros.prefix_path.ament:The path '/home/ivan/ros2_ws/task5/ex03/install/my_robot_gazebo' in the environment variable AMENT_PREFIX_PATH doesn't exist
[1.117s] WARNING:colcon.colcon_ros.prefix_path.catkin:The path '/home/ivan/ros2_ws/task5/ex03/install/my_robot_gazebo' in the environment variable CMAKE_PREFIX_PATH doesn't exist
[1.120s] DEBUG:colcon.colcon_installed_package_information.package_discovery:Found 2 installed packages in /home/ivan/ros2_ws/task5/install
[1.123s] DEBUG:colcon.colcon_installed_package_information.package_discovery:Found 7 installed packages in /home/ivan/ros2_ws/install
[1.126s] DEBUG:colcon.colcon_installed_package_information.package_discovery:Found 294 installed packages in /opt/ros/humble
[1.154s] Level 1:colcon.colcon_core.package_discovery:discover_packages(prefix_path) using defaults
[1.268s] Level 5:colcon.colcon_core.verb:set package 'my_robot_gazebo' build argument 'cmake_args' from command line to 'None'
[1.268s] Level 5:colcon.colcon_core.verb:set package 'my_robot_gazebo' build argument 'cmake_target' from command line to 'None'
[1.268s] Level 5:colcon.colcon_core.verb:set package 'my_robot_gazebo' build argument 'cmake_target_skip_unavailable' from command line to 'False'
[1.268s] Level 5:colcon.colcon_core.verb:set package 'my_robot_gazebo' build argument 'cmake_clean_cache' from command line to 'False'
[1.268s] Level 5:colcon.colcon_core.verb:set package 'my_robot_gazebo' build argument 'cmake_clean_first' from command line to 'False'
[1.268s] Level 5:colcon.colcon_core.verb:set package 'my_robot_gazebo' build argument 'cmake_force_configure' from command line to 'False'
[1.268s] Level 5:colcon.colcon_core.verb:set package 'my_robot_gazebo' build argument 'ament_cmake_args' from command line to 'None'
[1.268s] Level 5:colcon.colcon_core.verb:set package 'my_robot_gazebo' build argument 'catkin_cmake_args' from command line to 'None'
[1.269s] Level 5:colcon.colcon_core.verb:set package 'my_robot_gazebo' build argument 'catkin_skip_building_tests' from command line to 'False'
[1.269s] DEBUG:colcon.colcon_core.verb:Building package 'my_robot_gazebo' with the following arguments: {'ament_cmake_args': None, 'build_base': '/home/ivan/ros2_ws/task5/build/my_robot_gazebo', 'catkin_cmake_args': None, 'catkin_skip_building_tests': False, 'cmake_args': None, 'cmake_clean_cache': False, 'cmake_clean_first': False, 'cmake_force_configure': False, 'cmake_target': None, 'cmake_target_skip_unavailable': False, 'install_base': '/home/ivan/ros2_ws/task5/install/my_robot_gazebo', 'merge_install': False, 'path': '/home/ivan/ros2_ws/task5/ex03/src/my_robot_gazebo', 'symlink_install': False, 'test_result_base': None}
[1.269s] INFO:colcon.colcon_core.executor:Executing jobs using 'parallel' executor
[1.272s] DEBUG:colcon.colcon_parallel_executor.executor.parallel:run_until_complete
[1.273s] INFO:colcon.colcon_ros.task.ament_cmake.build:Building ROS package in '/home/ivan/ros2_ws/task5/ex03/src/my_robot_gazebo' with build type 'ament_cmake'
[1.273s] INFO:colcon.colcon_cmake.task.cmake.build:Building CMake package in '/home/ivan/ros2_ws/task5/ex03/src/my_robot_gazebo'
[1.283s] INFO:colcon.colcon_core.plugin_system:Skipping extension 'colcon_core.shell.bat': Not used on non-Windows systems
[1.284s] INFO:colcon.colcon_core.shell:Skip shell extension 'powershell' for command environment: Not usable outside of PowerShell
[1.284s] DEBUG:colcon.colcon_core.shell:Skip shell extension 'dsv' for command environment
[1.399s] DEBUG:colcon.colcon_core.event_handler.log_command:Invoking command in '/home/ivan/ros2_ws/task5/build/my_robot_gazebo': CMAKE_PREFIX_PATH=/home/ivan/ros2_ws/task5/install/my_robot_description:/home/ivan/ros2_ws/task5/ex03/install/my_robot_gazebo:/home/ivan/ros2_ws/task5/install/my_robot_gazebo:/home/ivan/ros2_ws/install/tutorial_interfaces:/home/ivan/ros2_ws/install/turtlesim:/home/ivan/ros2_ws/install/turtle_multi_target:/home/ivan/ros2_ws/install/text_to_cmd_vel_pkg:/home/ivan/ros2_ws/install/py_pubsub:/home/ivan/ros2_ws/install/my_package:/home/ivan/ros2_ws/install/Ivan:/opt/ros/humble /usr/bin/cmake --build /home/ivan/ros2_ws/task5/build/my_robot_gazebo -- -j16 -l16
[1.518s] DEBUG:colcon.colcon_core.event_handler.log_command:Invoked command in '/home/ivan/ros2_ws/task5/build/my_robot_gazebo' returned '0': CMAKE_PREFIX_PATH=/home/ivan/ros2_ws/task5/install/my_robot_description:/home/ivan/ros2_ws/task5/ex03/install/my_robot_gazebo:/home/ivan/ros2_ws/task5/install/my_robot_gazebo:/home/ivan/ros2_ws/install/tutorial_interfaces:/home/ivan/ros2_ws/install/turtlesim:/home/ivan/ros2_ws/install/turtle_multi_target:/home/ivan/ros2_ws/install/text_to_cmd_vel_pkg:/home/ivan/ros2_ws/install/py_pubsub:/home/ivan/ros2_ws/install/my_package:/home/ivan/ros2_ws/install/Ivan:/opt/ros/humble /usr/bin/cmake --build /home/ivan/ros2_ws/task5/build/my_robot_gazebo -- -j16 -l16
[1.545s] DEBUG:colcon.colcon_core.event_handler.log_command:Invoking command in '/home/ivan/ros2_ws/task5/build/my_robot_gazebo': CMAKE_PREFIX_PATH=/home/ivan/ros2_ws/task5/install/my_robot_description:/home/ivan/ros2_ws/task5/ex03/install/my_robot_gazebo:/home/ivan/ros2_ws/task5/install/my_robot_gazebo:/home/ivan/ros2_ws/install/tutorial_interfaces:/home/ivan/ros2_ws/install/turtlesim:/home/ivan/ros2_ws/install/turtle_multi_target:/home/ivan/ros2_ws/install/text_to_cmd_vel_pkg:/home/ivan/ros2_ws/install/py_pubsub:/home/ivan/ros2_ws/install/my_package:/home/ivan/ros2_ws/install/Ivan:/opt/ros/humble /usr/bin/cmake --install /home/ivan/ros2_ws/task5/build/my_robot_gazebo
[1.581s] Level 1:colcon.colcon_core.environment:create_environment_scripts_only(my_robot_gazebo)
[1.582s] DEBUG:colcon.colcon_core.event_handler.log_command:Invoked command in '/home/ivan/ros2_ws/task5/build/my_robot_gazebo' returned '0': CMAKE_PREFIX_PATH=/home/ivan/ros2_ws/task5/install/my_robot_description:/home/ivan/ros2_ws/task5/ex03/install/my_robot_gazebo:/home/ivan/ros2_ws/task5/install/my_robot_gazebo:/home/ivan/ros2_ws/install/tutorial_interfaces:/home/ivan/ros2_ws/install/turtlesim:/home/ivan/ros2_ws/install/turtle_multi_target:/home/ivan/ros2_ws/install/text_to_cmd_vel_pkg:/home/ivan/ros2_ws/install/py_pubsub:/home/ivan/ros2_ws/install/my_package:/home/ivan/ros2_ws/install/Ivan:/opt/ros/humble /usr/bin/cmake --install /home/ivan/ros2_ws/task5/build/my_robot_gazebo
[1.591s] Level 1:colcon.colcon_core.environment:checking '/home/ivan/ros2_ws/task5/install/my_robot_gazebo' for CMake module files
[1.593s] Level 1:colcon.colcon_core.environment:checking '/home/ivan/ros2_ws/task5/install/my_robot_gazebo' for CMake config files
[1.593s] Level 1:colcon.colcon_core.shell:create_environment_hook('my_robot_gazebo', 'cmake_prefix_path')
[1.594s] INFO:colcon.colcon_core.shell:Creating environment hook '/home/ivan/ros2_ws/task5/install/my_robot_gazebo/share/my_robot_gazebo/hook/cmake_prefix_path.ps1'
[1.596s] INFO:colcon.colcon_core.shell:Creating environment descriptor '/home/ivan/ros2_ws/task5/install/my_robot_gazebo/share/my_robot_gazebo/hook/cmake_prefix_path.dsv'
[1.597s] INFO:colcon.colcon_core.shell:Creating environment hook '/home/ivan/ros2_ws/task5/install/my_robot_gazebo/share/my_robot_gazebo/hook/cmake_prefix_path.sh'
[1.600s] Level 1:colcon.colcon_core.environment:checking '/home/ivan/ros2_ws/task5/install/my_robot_gazebo/bin'
[1.601s] Level 1:colcon.colcon_core.environment:checking '/home/ivan/ros2_ws/task5/install/my_robot_gazebo/lib/pkgconfig/my_robot_gazebo.pc'
[1.601s] Level 1:colcon.colcon_core.environment:checking '/home/ivan/ros2_ws/task5/install/my_robot_gazebo/lib/python3.10/site-packages'
[1.602s] Level 1:colcon.colcon_core.environment:checking '/home/ivan/ros2_ws/task5/install/my_robot_gazebo/bin'
[1.603s] INFO:colcon.colcon_core.shell:Creating package script '/home/ivan/ros2_ws/task5/install/my_robot_gazebo/share/my_robot_gazebo/package.ps1'
[1.605s] INFO:colcon.colcon_core.shell:Creating package descriptor '/home/ivan/ros2_ws/task5/install/my_robot_gazebo/share/my_robot_gazebo/package.dsv'
[1.607s] INFO:colcon.colcon_core.shell:Creating package script '/home/ivan/ros2_ws/task5/install/my_robot_gazebo/share/my_robot_gazebo/package.sh'
[1.609s] INFO:colcon.colcon_core.shell:Creating package script '/home/ivan/ros2_ws/task5/install/my_robot_gazebo/share/my_robot_gazebo/package.bash'
[1.611s] INFO:colcon.colcon_core.shell:Creating package script '/home/ivan/ros2_ws/task5/install/my_robot_gazebo/share/my_robot_gazebo/package.zsh'
[1.613s] Level 1:colcon.colcon_core.environment:create_file_with_runtime_dependencies(/home/ivan/ros2_ws/task5/install/my_robot_gazebo/share/colcon-core/packages/my_robot_gazebo)
[1.615s] Level 1:colcon.colcon_core.environment:create_environment_scripts_only(my_robot_gazebo)
[1.615s] Level 1:colcon.colcon_core.environment:checking '/home/ivan/ros2_ws/task5/install/my_robot_gazebo' for CMake module files
[1.616s] Level 1:colcon.colcon_core.environment:checking '/home/ivan/ros2_ws/task5/install/my_robot_gazebo' for CMake config files
[1.617s] Level 1:colcon.colcon_core.shell:create_environment_hook('my_robot_gazebo', 'cmake_prefix_path')
[1.618s] INFO:colcon.colcon_core.shell:Creating environment hook '/home/ivan/ros2_ws/task5/install/my_robot_gazebo/share/my_robot_gazebo/hook/cmake_prefix_path.ps1'
[1.619s] INFO:colcon.colcon_core.shell:Creating environment descriptor '/home/ivan/ros2_ws/task5/install/my_robot_gazebo/share/my_robot_gazebo/hook/cmake_prefix_path.dsv'
[1.620s] INFO:colcon.colcon_core.shell:Creating environment hook '/home/ivan/ros2_ws/task5/install/my_robot_gazebo/share/my_robot_gazebo/hook/cmake_prefix_path.sh'
[1.623s] Level 1:colcon.colcon_core.environment:checking '/home/ivan/ros2_ws/task5/install/my_robot_gazebo/bin'
[1.623s] Level 1:colcon.colcon_core.environment:checking '/home/ivan/ros2_ws/task5/install/my_robot_gazebo/lib/pkgconfig/my_robot_gazebo.pc'
[1.623s] Level 1:colcon.colcon_core.environment:checking '/home/ivan/ros2_ws/task5/install/my_robot_gazebo/lib/python3.10/site-packages'
[1.624s] Level 1:colcon.colcon_core.environment:checking '/home/ivan/ros2_ws/task5/install/my_robot_gazebo/bin'
[1.625s] INFO:colcon.colcon_core.shell:Creating package script '/home/ivan/ros2_ws/task5/install/my_robot_gazebo/share/my_robot_gazebo/package.ps1'
[1.627s] INFO:colcon.colcon_core.shell:Creating package descriptor '/home/ivan/ros2_ws/task5/install/my_robot_gazebo/share/my_robot_gazebo/package.dsv'
[1.628s] INFO:colcon.colcon_core.shell:Creating package script '/home/ivan/ros2_ws/task5/install/my_robot_gazebo/share/my_robot_gazebo/package.sh'
[1.630s] INFO:colcon.colcon_core.shell:Creating package script '/home/ivan/ros2_ws/task5/install/my_robot_gazebo/share/my_robot_gazebo/package.bash'
[1.631s] INFO:colcon.colcon_core.shell:Creating package script '/home/ivan/ros2_ws/task5/install/my_robot_gazebo/share/my_robot_gazebo/package.zsh'
[1.633s] Level 1:colcon.colcon_core.environment:create_file_with_runtime_dependencies(/home/ivan/ros2_ws/task5/install/my_robot_gazebo/share/colcon-core/packages/my_robot_gazebo)
[1.634s] DEBUG:colcon.colcon_parallel_executor.executor.parallel:closing loop
[1.635s] DEBUG:colcon.colcon_parallel_executor.executor.parallel:loop closed
[1.637s] DEBUG:colcon.colcon_parallel_executor.executor.parallel:run_until_complete finished with '0'
[1.638s] DEBUG:colcon.colcon_core.event_reactor:joining thread
[1.736s] INFO:colcon.colcon_core.plugin_system:Skipping extension 'colcon_notification.desktop_notification.notify_send': Could not find 'notify-send'
[1.736s] INFO:colcon.colcon_core.plugin_system:Skipping extension 'colcon_notification.desktop_notification.terminal_notifier': Not used on non-Darwin systems
[1.736s] INFO:colcon.colcon_core.plugin_system:Skipping extension 'colcon_notification.desktop_notification.win32': Not used on non-Windows systems
[1.736s] INFO:colcon.colcon_notification.desktop_notification:Sending desktop notification using 'notify2'
[1.737s] DEBUG:colcon.colcon_notification.desktop_notification.notify2:Failed to initialize notify2: org.freedesktop.DBus.Error.FileNotFound: Failed to connect to socket /run/user/1000/bus: No such file or directory
[1.737s] DEBUG:colcon.colcon_core.event_reactor:joined thread
[1.738s] INFO:colcon.colcon_core.shell:Creating prefix script '/home/ivan/ros2_ws/task5/install/local_setup.ps1'
[1.740s] INFO:colcon.colcon_core.shell:Creating prefix util module '/home/ivan/ros2_ws/task5/install/_local_setup_util_ps1.py'
[1.744s] INFO:colcon.colcon_core.shell:Creating prefix chain script '/home/ivan/ros2_ws/task5/install/setup.ps1'
[1.747s] INFO:colcon.colcon_core.shell:Creating prefix script '/home/ivan/ros2_ws/task5/install/local_setup.sh'
[1.749s] INFO:colcon.colcon_core.shell:Creating prefix util module '/home/ivan/ros2_ws/task5/install/_local_setup_util_sh.py'
[1.751s] INFO:colcon.colcon_core.shell:Creating prefix chain script '/home/ivan/ros2_ws/task5/install/setup.sh'
[1.755s] INFO:colcon.colcon_core.shell:Creating prefix script '/home/ivan/ros2_ws/task5/install/local_setup.bash'
[1.756s] INFO:colcon.colcon_core.shell:Creating prefix chain script '/home/ivan/ros2_ws/task5/install/setup.bash'
[1.761s] INFO:colcon.colcon_core.shell:Creating prefix script '/home/ivan/ros2_ws/task5/install/local_setup.zsh'
[1.763s] INFO:colcon.colcon_core.shell:Creating prefix chain script '/home/ivan/ros2_ws/task5/install/setup.zsh'
