[0.265s] DEBUG:colcon:Command line arguments: ['/usr/bin/colcon', 'build', '--packages-select', 'my_unique_robot_gazebo', 'my_unique_robot_control']
[0.265s] DEBUG:colcon:Parsed command line arguments: Namespace(log_base=None, log_level=None, verb_name='build', build_base='build', install_base='install', merge_install=False, symlink_install=False, test_result_base=None, continue_on_error=False, executor='parallel', parallel_workers=16, event_handlers=None, ignore_user_meta=False, metas=['./colcon.meta'], base_paths=['.'], packages_ignore=None, packages_ignore_regex=None, paths=None, packages_up_to=None, packages_up_to_regex=None, packages_above=None, packages_above_and_dependencies=None, packages_above_depth=None, packages_select_by_dep=None, packages_skip_by_dep=None, packages_skip_up_to=None, packages_select_build_failed=False, packages_skip_build_finished=False, packages_select_test_failures=False, packages_skip_test_passed=False, packages_select=['my_unique_robot_gazebo', 'my_unique_robot_control'], packages_skip=None, packages_select_regex=None, packages_skip_regex=None, packages_start=None, packages_end=None, allow_overriding=[], cmake_args=None, cmake_target=None, cmake_target_skip_unavailable=False, cmake_clean_cache=False, cmake_clean_first=False, cmake_force_configure=False, ament_cmake_args=None, catkin_cmake_args=None, catkin_skip_building_tests=False, verb_parser=<colcon_defaults.argument_parser.defaults.DefaultArgumentsDecorator object at 0x7fba9e29eb30>, verb_extension=<colcon_core.verb.build.BuildVerb object at 0x7fba9e258070>, main=<bound method BuildVerb.main of <colcon_core.verb.build.BuildVerb object at 0x7fba9e258070>>)
[0.521s] Level 1:colcon.colcon_core.package_discovery:discover_packages(colcon_meta) check parameters
[0.521s] Level 1:colcon.colcon_core.package_discovery:discover_packages(recursive) check parameters
[0.521s] Level 1:colcon.colcon_core.package_discovery:discover_packages(ignore) check parameters
[0.521s] Level 1:colcon.colcon_core.package_discovery:discover_packages(path) check parameters
[0.521s] Level 1:colcon.colcon_core.package_discovery:discover_packages(colcon_meta) discover
[0.522s] Level 1:colcon.colcon_core.package_discovery:discover_packages(recursive) discover
[0.522s] INFO:colcon.colcon_core.package_discovery:Crawling recursively for packages in '/home/ivan/ros2_ws/task5'
[0.522s] Level 1:colcon.colcon_core.package_identification:_identify(.) by extensions ['ignore', 'ignore_ament_install']
[0.534s] Level 1:colcon.colcon_core.package_identification:_identify(.) by extension 'ignore'
[0.534s] Level 1:colcon.colcon_core.package_identification:_identify(.) by extension 'ignore_ament_install'
[0.534s] Level 1:colcon.colcon_core.package_identification:_identify(.) by extensions ['colcon_pkg']
[0.534s] Level 1:colcon.colcon_core.package_identification:_identify(.) by extension 'colcon_pkg'
[0.534s] Level 1:colcon.colcon_core.package_identification:_identify(.) by extensions ['colcon_meta']
[0.534s] Level 1:colcon.colcon_core.package_identification:_identify(.) by extension 'colcon_meta'
[0.534s] Level 1:colcon.colcon_core.package_identification:_identify(.) by extensions ['ros']
[0.534s] Level 1:colcon.colcon_core.package_identification:_identify(.) by extension 'ros'
[0.553s] Level 1:colcon.colcon_core.package_identification:_identify(.) by extensions ['cmake', 'python']
[0.553s] Level 1:colcon.colcon_core.package_identification:_identify(.) by extension 'cmake'
[0.553s] Level 1:colcon.colcon_core.package_identification:_identify(.) by extension 'python'
[0.553s] Level 1:colcon.colcon_core.package_identification:_identify(.) by extensions ['python_setup_py']
[0.554s] Level 1:colcon.colcon_core.package_identification:_identify(.) by extension 'python_setup_py'
[0.554s] Level 1:colcon.colcon_core.package_identification:_identify(build) by extensions ['ignore', 'ignore_ament_install']
[0.554s] Level 1:colcon.colcon_core.package_identification:_identify(build) by extension 'ignore'
[0.554s] Level 1:colcon.colcon_core.package_identification:_identify(build) ignored
[0.554s] Level 1:colcon.colcon_core.package_identification:_identify(ex01) by extensions ['ignore', 'ignore_ament_install']
[0.555s] Level 1:colcon.colcon_core.package_identification:_identify(ex01) by extension 'ignore'
[0.555s] Level 1:colcon.colcon_core.package_identification:_identify(ex01) by extension 'ignore_ament_install'
[0.555s] Level 1:colcon.colcon_core.package_identification:_identify(ex01) by extensions ['colcon_pkg']
[0.555s] Level 1:colcon.colcon_core.package_identification:_identify(ex01) by extension 'colcon_pkg'
[0.555s] Level 1:colcon.colcon_core.package_identification:_identify(ex01) by extensions ['colcon_meta']
[0.555s] Level 1:colcon.colcon_core.package_identification:_identify(ex01) by extension 'colcon_meta'
[0.555s] Level 1:colcon.colcon_core.package_identification:_identify(ex01) by extensions ['ros']
[0.555s] Level 1:colcon.colcon_core.package_identification:_identify(ex01) by extension 'ros'
[0.556s] Level 1:colcon.colcon_core.package_identification:_identify(ex01) by extensions ['cmake', 'python']
[0.556s] Level 1:colcon.colcon_core.package_identification:_identify(ex01) by extension 'cmake'
[0.556s] Level 1:colcon.colcon_core.package_identification:_identify(ex01) by extension 'python'
[0.556s] Level 1:colcon.colcon_core.package_identification:_identify(ex01) by extensions ['python_setup_py']
[0.556s] Level 1:colcon.colcon_core.package_identification:_identify(ex01) by extension 'python_setup_py'
[0.556s] Level 1:colcon.colcon_core.package_identification:_identify(ex01/build) by extensions ['ignore', 'ignore_ament_install']
[0.556s] Level 1:colcon.colcon_core.package_identification:_identify(ex01/build) by extension 'ignore'
[0.556s] Level 1:colcon.colcon_core.package_identification:_identify(ex01/build) ignored
[0.557s] Level 1:colcon.colcon_core.package_identification:_identify(ex01/install) by extensions ['ignore', 'ignore_ament_install']
[0.557s] Level 1:colcon.colcon_core.package_identification:_identify(ex01/install) by extension 'ignore'
[0.557s] Level 1:colcon.colcon_core.package_identification:_identify(ex01/install) ignored
[0.557s] Level 1:colcon.colcon_core.package_identification:_identify(ex01/log) by extensions ['ignore', 'ignore_ament_install']
[0.557s] Level 1:colcon.colcon_core.package_identification:_identify(ex01/log) by extension 'ignore'
[0.557s] Level 1:colcon.colcon_core.package_identification:_identify(ex01/log) ignored
[0.557s] Level 1:colcon.colcon_core.package_identification:_identify(ex01/my_robot_description) by extensions ['ignore', 'ignore_ament_install']
[0.558s] Level 1:colcon.colcon_core.package_identification:_identify(ex01/my_robot_description) by extension 'ignore'
[0.558s] Level 1:colcon.colcon_core.package_identification:_identify(ex01/my_robot_description) by extension 'ignore_ament_install'
[0.558s] Level 1:colcon.colcon_core.package_identification:_identify(ex01/my_robot_description) by extensions ['colcon_pkg']
[0.558s] Level 1:colcon.colcon_core.package_identification:_identify(ex01/my_robot_description) by extension 'colcon_pkg'
[0.558s] Level 1:colcon.colcon_core.package_identification:_identify(ex01/my_robot_description) by extensions ['colcon_meta']
[0.558s] Level 1:colcon.colcon_core.package_identification:_identify(ex01/my_robot_description) by extension 'colcon_meta'
[0.559s] Level 1:colcon.colcon_core.package_identification:_identify(ex01/my_robot_description) by extensions ['ros']
[0.559s] Level 1:colcon.colcon_core.package_identification:_identify(ex01/my_robot_description) by extension 'ros'
[0.564s] DEBUG:colcon.colcon_core.package_identification:Package 'ex01/my_robot_description' with type 'ros.ament_cmake' and name 'my_robot_description'
[0.565s] Level 1:colcon.colcon_core.package_identification:_identify(ex02) by extensions ['ignore', 'ignore_ament_install']
[0.565s] Level 1:colcon.colcon_core.package_identification:_identify(ex02) by extension 'ignore'
[0.565s] Level 1:colcon.colcon_core.package_identification:_identify(ex02) by extension 'ignore_ament_install'
[0.565s] Level 1:colcon.colcon_core.package_identification:_identify(ex02) by extensions ['colcon_pkg']
[0.567s] Level 1:colcon.colcon_core.package_identification:_identify(ex02) by extension 'colcon_pkg'
[0.567s] Level 1:colcon.colcon_core.package_identification:_identify(ex02) by extensions ['colcon_meta']
[0.567s] Level 1:colcon.colcon_core.package_identification:_identify(ex02) by extension 'colcon_meta'
[0.567s] Level 1:colcon.colcon_core.package_identification:_identify(ex02) by extensions ['ros']
[0.567s] Level 1:colcon.colcon_core.package_identification:_identify(ex02) by extension 'ros'
[0.567s] Level 1:colcon.colcon_core.package_identification:_identify(ex02) by extensions ['cmake', 'python']
[0.567s] Level 1:colcon.colcon_core.package_identification:_identify(ex02) by extension 'cmake'
[0.567s] Level 1:colcon.colcon_core.package_identification:_identify(ex02) by extension 'python'
[0.568s] Level 1:colcon.colcon_core.package_identification:_identify(ex02) by extensions ['python_setup_py']
[0.568s] Level 1:colcon.colcon_core.package_identification:_identify(ex02) by extension 'python_setup_py'
[0.568s] Level 1:colcon.colcon_core.package_identification:_identify(ex03) by extensions ['ignore', 'ignore_ament_install']
[0.568s] Level 1:colcon.colcon_core.package_identification:_identify(ex03) by extension 'ignore'
[0.568s] Level 1:colcon.colcon_core.package_identification:_identify(ex03) by extension 'ignore_ament_install'
[0.568s] Level 1:colcon.colcon_core.package_identification:_identify(ex03) by extensions ['colcon_pkg']
[0.568s] Level 1:colcon.colcon_core.package_identification:_identify(ex03) by extension 'colcon_pkg'
[0.568s] Level 1:colcon.colcon_core.package_identification:_identify(ex03) by extensions ['colcon_meta']
[0.568s] Level 1:colcon.colcon_core.package_identification:_identify(ex03) by extension 'colcon_meta'
[0.568s] Level 1:colcon.colcon_core.package_identification:_identify(ex03) by extensions ['ros']
[0.568s] Level 1:colcon.colcon_core.package_identification:_identify(ex03) by extension 'ros'
[0.568s] Level 1:colcon.colcon_core.package_identification:_identify(ex03) by extensions ['cmake', 'python']
[0.568s] Level 1:colcon.colcon_core.package_identification:_identify(ex03) by extension 'cmake'
[0.568s] Level 1:colcon.colcon_core.package_identification:_identify(ex03) by extension 'python'
[0.568s] Level 1:colcon.colcon_core.package_identification:_identify(ex03) by extensions ['python_setup_py']
[0.568s] Level 1:colcon.colcon_core.package_identification:_identify(ex03) by extension 'python_setup_py'
[0.569s] Level 1:colcon.colcon_core.package_identification:_identify(ex03/src) by extensions ['ignore', 'ignore_ament_install']
[0.569s] Level 1:colcon.colcon_core.package_identification:_identify(ex03/src) by extension 'ignore'
[0.569s] Level 1:colcon.colcon_core.package_identification:_identify(ex03/src) by extension 'ignore_ament_install'
[0.569s] Level 1:colcon.colcon_core.package_identification:_identify(ex03/src) by extensions ['colcon_pkg']
[0.569s] Level 1:colcon.colcon_core.package_identification:_identify(ex03/src) by extension 'colcon_pkg'
[0.569s] Level 1:colcon.colcon_core.package_identification:_identify(ex03/src) by extensions ['colcon_meta']
[0.569s] Level 1:colcon.colcon_core.package_identification:_identify(ex03/src) by extension 'colcon_meta'
[0.569s] Level 1:colcon.colcon_core.package_identification:_identify(ex03/src) by extensions ['ros']
[0.569s] Level 1:colcon.colcon_core.package_identification:_identify(ex03/src) by extension 'ros'
[0.569s] Level 1:colcon.colcon_core.package_identification:_identify(ex03/src) by extensions ['cmake', 'python']
[0.569s] Level 1:colcon.colcon_core.package_identification:_identify(ex03/src) by extension 'cmake'
[0.569s] Level 1:colcon.colcon_core.package_identification:_identify(ex03/src) by extension 'python'
[0.570s] Level 1:colcon.colcon_core.package_identification:_identify(ex03/src) by extensions ['python_setup_py']
[0.570s] Level 1:colcon.colcon_core.package_identification:_identify(ex03/src) by extension 'python_setup_py'
[0.570s] Level 1:colcon.colcon_core.package_identification:_identify(ex03/src/my_robot_gazebo) by extensions ['ignore', 'ignore_ament_install']
[0.570s] Level 1:colcon.colcon_core.package_identification:_identify(ex03/src/my_robot_gazebo) by extension 'ignore'
[0.570s] Level 1:colcon.colcon_core.package_identification:_identify(ex03/src/my_robot_gazebo) by extension 'ignore_ament_install'
[0.570s] Level 1:colcon.colcon_core.package_identification:_identify(ex03/src/my_robot_gazebo) by extensions ['colcon_pkg']
[0.570s] Level 1:colcon.colcon_core.package_identification:_identify(ex03/src/my_robot_gazebo) by extension 'colcon_pkg'
[0.571s] Level 1:colcon.colcon_core.package_identification:_identify(ex03/src/my_robot_gazebo) by extensions ['colcon_meta']
[0.571s] Level 1:colcon.colcon_core.package_identification:_identify(ex03/src/my_robot_gazebo) by extension 'colcon_meta'
[0.571s] Level 1:colcon.colcon_core.package_identification:_identify(ex03/src/my_robot_gazebo) by extensions ['ros']
[0.571s] Level 1:colcon.colcon_core.package_identification:_identify(ex03/src/my_robot_gazebo) by extension 'ros'
[0.572s] DEBUG:colcon.colcon_core.package_identification:Package 'ex03/src/my_robot_gazebo' with type 'ros.ament_cmake' and name 'my_robot_gazebo'
[0.573s] Level 1:colcon.colcon_core.package_identification:_identify(ex04) by extensions ['ignore', 'ignore_ament_install']
[0.573s] Level 1:colcon.colcon_core.package_identification:_identify(ex04) by extension 'ignore'
[0.573s] Level 1:colcon.colcon_core.package_identification:_identify(ex04) by extension 'ignore_ament_install'
[0.573s] Level 1:colcon.colcon_core.package_identification:_identify(ex04) by extensions ['colcon_pkg']
[0.573s] Level 1:colcon.colcon_core.package_identification:_identify(ex04) by extension 'colcon_pkg'
[0.573s] Level 1:colcon.colcon_core.package_identification:_identify(ex04) by extensions ['colcon_meta']
[0.573s] Level 1:colcon.colcon_core.package_identification:_identify(ex04) by extension 'colcon_meta'
[0.573s] Level 1:colcon.colcon_core.package_identification:_identify(ex04) by extensions ['ros']
[0.573s] Level 1:colcon.colcon_core.package_identification:_identify(ex04) by extension 'ros'
[0.573s] Level 1:colcon.colcon_core.package_identification:_identify(ex04) by extensions ['cmake', 'python']
[0.573s] Level 1:colcon.colcon_core.package_identification:_identify(ex04) by extension 'cmake'
[0.573s] Level 1:colcon.colcon_core.package_identification:_identify(ex04) by extension 'python'
[0.574s] Level 1:colcon.colcon_core.package_identification:_identify(ex04) by extensions ['python_setup_py']
[0.574s] Level 1:colcon.colcon_core.package_identification:_identify(ex04) by extension 'python_setup_py'
[0.574s] Level 1:colcon.colcon_core.package_identification:_identify(ex04/my_robot_control) by extensions ['ignore', 'ignore_ament_install']
[0.574s] Level 1:colcon.colcon_core.package_identification:_identify(ex04/my_robot_control) by extension 'ignore'
[0.574s] Level 1:colcon.colcon_core.package_identification:_identify(ex04/my_robot_control) by extension 'ignore_ament_install'
[0.574s] Level 1:colcon.colcon_core.package_identification:_identify(ex04/my_robot_control) by extensions ['colcon_pkg']
[0.574s] Level 1:colcon.colcon_core.package_identification:_identify(ex04/my_robot_control) by extension 'colcon_pkg'
[0.574s] Level 1:colcon.colcon_core.package_identification:_identify(ex04/my_robot_control) by extensions ['colcon_meta']
[0.574s] Level 1:colcon.colcon_core.package_identification:_identify(ex04/my_robot_control) by extension 'colcon_meta'
[0.574s] Level 1:colcon.colcon_core.package_identification:_identify(ex04/my_robot_control) by extensions ['ros']
[0.574s] Level 1:colcon.colcon_core.package_identification:_identify(ex04/my_robot_control) by extension 'ros'
[0.576s] DEBUG:colcon.colcon_core.package_identification:Package 'ex04/my_robot_control' with type 'ros.ament_python' and name 'my_robot_control'
[0.576s] Level 1:colcon.colcon_core.package_identification:_identify(ex05) by extensions ['ignore', 'ignore_ament_install']
[0.576s] Level 1:colcon.colcon_core.package_identification:_identify(ex05) by extension 'ignore'
[0.576s] Level 1:colcon.colcon_core.package_identification:_identify(ex05) by extension 'ignore_ament_install'
[0.576s] Level 1:colcon.colcon_core.package_identification:_identify(ex05) by extensions ['colcon_pkg']
[0.576s] Level 1:colcon.colcon_core.package_identification:_identify(ex05) by extension 'colcon_pkg'
[0.576s] Level 1:colcon.colcon_core.package_identification:_identify(ex05) by extensions ['colcon_meta']
[0.577s] Level 1:colcon.colcon_core.package_identification:_identify(ex05) by extension 'colcon_meta'
[0.577s] Level 1:colcon.colcon_core.package_identification:_identify(ex05) by extensions ['ros']
[0.577s] Level 1:colcon.colcon_core.package_identification:_identify(ex05) by extension 'ros'
[0.577s] Level 1:colcon.colcon_core.package_identification:_identify(ex05) by extensions ['cmake', 'python']
[0.577s] Level 1:colcon.colcon_core.package_identification:_identify(ex05) by extension 'cmake'
[0.577s] Level 1:colcon.colcon_core.package_identification:_identify(ex05) by extension 'python'
[0.577s] Level 1:colcon.colcon_core.package_identification:_identify(ex05) by extensions ['python_setup_py']
[0.577s] Level 1:colcon.colcon_core.package_identification:_identify(ex05) by extension 'python_setup_py'
[0.577s] Level 1:colcon.colcon_core.package_identification:_identify(ex05/my_unique_robot_control) by extensions ['ignore', 'ignore_ament_install']
[0.577s] Level 1:colcon.colcon_core.package_identification:_identify(ex05/my_unique_robot_control) by extension 'ignore'
[0.577s] Level 1:colcon.colcon_core.package_identification:_identify(ex05/my_unique_robot_control) by extension 'ignore_ament_install'
[0.577s] Level 1:colcon.colcon_core.package_identification:_identify(ex05/my_unique_robot_control) by extensions ['colcon_pkg']
[0.577s] Level 1:colcon.colcon_core.package_identification:_identify(ex05/my_unique_robot_control) by extension 'colcon_pkg'
[0.577s] Level 1:colcon.colcon_core.package_identification:_identify(ex05/my_unique_robot_control) by extensions ['colcon_meta']
[0.578s] Level 1:colcon.colcon_core.package_identification:_identify(ex05/my_unique_robot_control) by extension 'colcon_meta'
[0.578s] Level 1:colcon.colcon_core.package_identification:_identify(ex05/my_unique_robot_control) by extensions ['ros']
[0.578s] Level 1:colcon.colcon_core.package_identification:_identify(ex05/my_unique_robot_control) by extension 'ros'
[0.579s] DEBUG:colcon.colcon_core.package_identification:Package 'ex05/my_unique_robot_control' with type 'ros.ament_python' and name 'my_unique_robot_control'
[0.580s] Level 1:colcon.colcon_core.package_identification:_identify(ex05/my_unique_robot_gazebo) by extensions ['ignore', 'ignore_ament_install']
[0.580s] Level 1:colcon.colcon_core.package_identification:_identify(ex05/my_unique_robot_gazebo) by extension 'ignore'
[0.580s] Level 1:colcon.colcon_core.package_identification:_identify(ex05/my_unique_robot_gazebo) by extension 'ignore_ament_install'
[0.580s] Level 1:colcon.colcon_core.package_identification:_identify(ex05/my_unique_robot_gazebo) by extensions ['colcon_pkg']
[0.580s] Level 1:colcon.colcon_core.package_identification:_identify(ex05/my_unique_robot_gazebo) by extension 'colcon_pkg'
[0.580s] Level 1:colcon.colcon_core.package_identification:_identify(ex05/my_unique_robot_gazebo) by extensions ['colcon_meta']
[0.580s] Level 1:colcon.colcon_core.package_identification:_identify(ex05/my_unique_robot_gazebo) by extension 'colcon_meta'
[0.580s] Level 1:colcon.colcon_core.package_identification:_identify(ex05/my_unique_robot_gazebo) by extensions ['ros']
[0.580s] Level 1:colcon.colcon_core.package_identification:_identify(ex05/my_unique_robot_gazebo) by extension 'ros'
[0.582s] DEBUG:colcon.colcon_core.package_identification:Package 'ex05/my_unique_robot_gazebo' with type 'ros.ament_cmake' and name 'my_unique_robot_gazebo'
[0.583s] Level 1:colcon.colcon_core.package_identification:_identify(install) by extensions ['ignore', 'ignore_ament_install']
[0.583s] Level 1:colcon.colcon_core.package_identification:_identify(install) by extension 'ignore'
[0.583s] Level 1:colcon.colcon_core.package_identification:_identify(install) ignored
[0.584s] Level 1:colcon.colcon_core.package_identification:_identify(log) by extensions ['ignore', 'ignore_ament_install']
[0.584s] Level 1:colcon.colcon_core.package_identification:_identify(log) by extension 'ignore'
[0.584s] Level 1:colcon.colcon_core.package_identification:_identify(log) ignored
[0.584s] Level 1:colcon.colcon_core.package_identification:_identify(src) by extensions ['ignore', 'ignore_ament_install']
[0.585s] Level 1:colcon.colcon_core.package_identification:_identify(src) by extension 'ignore'
[0.585s] Level 1:colcon.colcon_core.package_identification:_identify(src) by extension 'ignore_ament_install'
[0.585s] Level 1:colcon.colcon_core.package_identification:_identify(src) by extensions ['colcon_pkg']
[0.585s] Level 1:colcon.colcon_core.package_identification:_identify(src) by extension 'colcon_pkg'
[0.585s] Level 1:colcon.colcon_core.package_identification:_identify(src) by extensions ['colcon_meta']
[0.585s] Level 1:colcon.colcon_core.package_identification:_identify(src) by extension 'colcon_meta'
[0.585s] Level 1:colcon.colcon_core.package_identification:_identify(src) by extensions ['ros']
[0.585s] Level 1:colcon.colcon_core.package_identification:_identify(src) by extension 'ros'
[0.585s] Level 1:colcon.colcon_core.package_identification:_identify(src) by extensions ['cmake', 'python']
[0.585s] Level 1:colcon.colcon_core.package_identification:_identify(src) by extension 'cmake'
[0.585s] Level 1:colcon.colcon_core.package_identification:_identify(src) by extension 'python'
[0.586s] Level 1:colcon.colcon_core.package_identification:_identify(src) by extensions ['python_setup_py']
[0.586s] Level 1:colcon.colcon_core.package_identification:_identify(src) by extension 'python_setup_py'
[0.586s] Level 1:colcon.colcon_core.package_identification:_identify(src/my_robot_gazebo) by extensions ['ignore', 'ignore_ament_install']
[0.586s] Level 1:colcon.colcon_core.package_identification:_identify(src/my_robot_gazebo) by extension 'ignore'
[0.586s] Level 1:colcon.colcon_core.package_identification:_identify(src/my_robot_gazebo) by extension 'ignore_ament_install'
[0.586s] Level 1:colcon.colcon_core.package_identification:_identify(src/my_robot_gazebo) by extensions ['colcon_pkg']
[0.586s] Level 1:colcon.colcon_core.package_identification:_identify(src/my_robot_gazebo) by extension 'colcon_pkg'
[0.586s] Level 1:colcon.colcon_core.package_identification:_identify(src/my_robot_gazebo) by extensions ['colcon_meta']
[0.587s] Level 1:colcon.colcon_core.package_identification:_identify(src/my_robot_gazebo) by extension 'colcon_meta'
[0.587s] Level 1:colcon.colcon_core.package_identification:_identify(src/my_robot_gazebo) by extensions ['ros']
[0.587s] Level 1:colcon.colcon_core.package_identification:_identify(src/my_robot_gazebo) by extension 'ros'
[0.587s] Level 1:colcon.colcon_core.package_identification:_identify(src/my_robot_gazebo) by extensions ['cmake', 'python']
[0.587s] Level 1:colcon.colcon_core.package_identification:_identify(src/my_robot_gazebo) by extension 'cmake'
[0.587s] Level 1:colcon.colcon_core.package_identification:_identify(src/my_robot_gazebo) by extension 'python'
[0.587s] Level 1:colcon.colcon_core.package_identification:_identify(src/my_robot_gazebo) by extensions ['python_setup_py']
[0.587s] Level 1:colcon.colcon_core.package_identification:_identify(src/my_robot_gazebo) by extension 'python_setup_py'
[0.588s] Level 1:colcon.colcon_core.package_identification:_identify(src/my_robot_gazebo/ex03) by extensions ['ignore', 'ignore_ament_install']
[0.588s] Level 1:colcon.colcon_core.package_identification:_identify(src/my_robot_gazebo/ex03) by extension 'ignore'
[0.588s] Level 1:colcon.colcon_core.package_identification:_identify(src/my_robot_gazebo/ex03) by extension 'ignore_ament_install'
[0.588s] Level 1:colcon.colcon_core.package_identification:_identify(src/my_robot_gazebo/ex03) by extensions ['colcon_pkg']
[0.588s] Level 1:colcon.colcon_core.package_identification:_identify(src/my_robot_gazebo/ex03) by extension 'colcon_pkg'
[0.588s] Level 1:colcon.colcon_core.package_identification:_identify(src/my_robot_gazebo/ex03) by extensions ['colcon_meta']
[0.589s] Level 1:colcon.colcon_core.package_identification:_identify(src/my_robot_gazebo/ex03) by extension 'colcon_meta'
[0.589s] Level 1:colcon.colcon_core.package_identification:_identify(src/my_robot_gazebo/ex03) by extensions ['ros']
[0.589s] Level 1:colcon.colcon_core.package_identification:_identify(src/my_robot_gazebo/ex03) by extension 'ros'
[0.589s] Level 1:colcon.colcon_core.package_identification:_identify(src/my_robot_gazebo/ex03) by extensions ['cmake', 'python']
[0.589s] Level 1:colcon.colcon_core.package_identification:_identify(src/my_robot_gazebo/ex03) by extension 'cmake'
[0.589s] Level 1:colcon.colcon_core.package_identification:_identify(src/my_robot_gazebo/ex03) by extension 'python'
[0.589s] Level 1:colcon.colcon_core.package_identification:_identify(src/my_robot_gazebo/ex03) by extensions ['python_setup_py']
[0.589s] Level 1:colcon.colcon_core.package_identification:_identify(src/my_robot_gazebo/ex03) by extension 'python_setup_py'
[0.589s] Level 1:colcon.colcon_core.package_identification:_identify(Новая папка) by extensions ['ignore', 'ignore_ament_install']
[0.590s] Level 1:colcon.colcon_core.package_identification:_identify(Новая папка) by extension 'ignore'
[0.590s] Level 1:colcon.colcon_core.package_identification:_identify(Новая папка) by extension 'ignore_ament_install'
[0.590s] Level 1:colcon.colcon_core.package_identification:_identify(Новая папка) by extensions ['colcon_pkg']
[0.590s] Level 1:colcon.colcon_core.package_identification:_identify(Новая папка) by extension 'colcon_pkg'
[0.590s] Level 1:colcon.colcon_core.package_identification:_identify(Новая папка) by extensions ['colcon_meta']
[0.590s] Level 1:colcon.colcon_core.package_identification:_identify(Новая папка) by extension 'colcon_meta'
[0.590s] Level 1:colcon.colcon_core.package_identification:_identify(Новая папка) by extensions ['ros']
[0.590s] Level 1:colcon.colcon_core.package_identification:_identify(Новая папка) by extension 'ros'
[0.591s] Level 1:colcon.colcon_core.package_identification:_identify(Новая папка) by extensions ['cmake', 'python']
[0.591s] Level 1:colcon.colcon_core.package_identification:_identify(Новая папка) by extension 'cmake'
[0.591s] Level 1:colcon.colcon_core.package_identification:_identify(Новая папка) by extension 'python'
[0.591s] Level 1:colcon.colcon_core.package_identification:_identify(Новая папка) by extensions ['python_setup_py']
[0.591s] Level 1:colcon.colcon_core.package_identification:_identify(Новая папка) by extension 'python_setup_py'
[0.591s] Level 1:colcon.colcon_core.package_discovery:discover_packages(recursive) using defaults
[0.591s] Level 1:colcon.colcon_core.package_discovery:discover_packages(ignore) discover
[0.591s] Level 1:colcon.colcon_core.package_discovery:discover_packages(ignore) using defaults
[0.591s] Level 1:colcon.colcon_core.package_discovery:discover_packages(path) discover
[0.591s] Level 1:colcon.colcon_core.package_discovery:discover_packages(path) using defaults
[0.674s] INFO:colcon.colcon_core.package_selection:Skipping not selected package 'my_robot_description' in 'ex01/my_robot_description'
[0.674s] INFO:colcon.colcon_core.package_selection:Skipping not selected package 'my_robot_gazebo' in 'ex03/src/my_robot_gazebo'
[0.674s] INFO:colcon.colcon_core.package_selection:Skipping not selected package 'my_robot_control' in 'ex04/my_robot_control'
[0.675s] Level 1:colcon.colcon_core.package_discovery:discover_packages(prefix_path) check parameters
[0.675s] Level 1:colcon.colcon_core.package_discovery:discover_packages(prefix_path) discover
[0.677s] WARNING:colcon.colcon_core.prefix_path.colcon:The path '/home/ivan/ros2_ws/task5/ex04/install' in the environment variable COLCON_PREFIX_PATH doesn't exist
[0.677s] WARNING:colcon.colcon_core.prefix_path.colcon:The path '/home/ivan/ros2_ws/task5/ex03/install' in the environment variable COLCON_PREFIX_PATH doesn't exist
[0.679s] WARNING:colcon.colcon_ros.prefix_path.ament:The path '/home/ivan/ros2_ws/task5/ex04/install/my_robot_control' in the environment variable AMENT_PREFIX_PATH doesn't exist
[0.679s] WARNING:colcon.colcon_ros.prefix_path.ament:The path '/home/ivan/ros2_ws/task5/ex03/install/my_robot_gazebo' in the environment variable AMENT_PREFIX_PATH doesn't exist
[0.681s] WARNING:colcon.colcon_ros.prefix_path.catkin:The path '/home/ivan/ros2_ws/task5/ex03/install/my_robot_gazebo' in the environment variable CMAKE_PREFIX_PATH doesn't exist
[0.685s] DEBUG:colcon.colcon_installed_package_information.package_discovery:Found 5 installed packages in /home/ivan/ros2_ws/task5/install
[0.687s] DEBUG:colcon.colcon_installed_package_information.package_discovery:Found 7 installed packages in /home/ivan/ros2_ws/install
[0.692s] DEBUG:colcon.colcon_installed_package_information.package_discovery:Found 340 installed packages in /opt/ros/humble
[0.696s] Level 1:colcon.colcon_core.package_discovery:discover_packages(prefix_path) using defaults
[0.786s] Level 5:colcon.colcon_core.verb:set package 'my_unique_robot_gazebo' build argument 'cmake_args' from command line to 'None'
[0.786s] Level 5:colcon.colcon_core.verb:set package 'my_unique_robot_gazebo' build argument 'cmake_target' from command line to 'None'
[0.786s] Level 5:colcon.colcon_core.verb:set package 'my_unique_robot_gazebo' build argument 'cmake_target_skip_unavailable' from command line to 'False'
[0.786s] Level 5:colcon.colcon_core.verb:set package 'my_unique_robot_gazebo' build argument 'cmake_clean_cache' from command line to 'False'
[0.786s] Level 5:colcon.colcon_core.verb:set package 'my_unique_robot_gazebo' build argument 'cmake_clean_first' from command line to 'False'
[0.786s] Level 5:colcon.colcon_core.verb:set package 'my_unique_robot_gazebo' build argument 'cmake_force_configure' from command line to 'False'
[0.786s] Level 5:colcon.colcon_core.verb:set package 'my_unique_robot_gazebo' build argument 'ament_cmake_args' from command line to 'None'
[0.786s] Level 5:colcon.colcon_core.verb:set package 'my_unique_robot_gazebo' build argument 'catkin_cmake_args' from command line to 'None'
[0.786s] Level 5:colcon.colcon_core.verb:set package 'my_unique_robot_gazebo' build argument 'catkin_skip_building_tests' from command line to 'False'
[0.786s] DEBUG:colcon.colcon_core.verb:Building package 'my_unique_robot_gazebo' with the following arguments: {'ament_cmake_args': None, 'build_base': '/home/ivan/ros2_ws/task5/build/my_unique_robot_gazebo', 'catkin_cmake_args': None, 'catkin_skip_building_tests': False, 'cmake_args': None, 'cmake_clean_cache': False, 'cmake_clean_first': False, 'cmake_force_configure': False, 'cmake_target': None, 'cmake_target_skip_unavailable': False, 'install_base': '/home/ivan/ros2_ws/task5/install/my_unique_robot_gazebo', 'merge_install': False, 'path': '/home/ivan/ros2_ws/task5/ex05/my_unique_robot_gazebo', 'symlink_install': False, 'test_result_base': None}
[0.787s] Level 5:colcon.colcon_core.verb:set package 'my_unique_robot_control' build argument 'cmake_args' from command line to 'None'
[0.788s] Level 5:colcon.colcon_core.verb:set package 'my_unique_robot_control' build argument 'cmake_target' from command line to 'None'
[0.788s] Level 5:colcon.colcon_core.verb:set package 'my_unique_robot_control' build argument 'cmake_target_skip_unavailable' from command line to 'False'
[0.788s] Level 5:colcon.colcon_core.verb:set package 'my_unique_robot_control' build argument 'cmake_clean_cache' from command line to 'False'
[0.788s] Level 5:colcon.colcon_core.verb:set package 'my_unique_robot_control' build argument 'cmake_clean_first' from command line to 'False'
[0.788s] Level 5:colcon.colcon_core.verb:set package 'my_unique_robot_control' build argument 'cmake_force_configure' from command line to 'False'
[0.788s] Level 5:colcon.colcon_core.verb:set package 'my_unique_robot_control' build argument 'ament_cmake_args' from command line to 'None'
[0.788s] Level 5:colcon.colcon_core.verb:set package 'my_unique_robot_control' build argument 'catkin_cmake_args' from command line to 'None'
[0.788s] Level 5:colcon.colcon_core.verb:set package 'my_unique_robot_control' build argument 'catkin_skip_building_tests' from command line to 'False'
[0.788s] DEBUG:colcon.colcon_core.verb:Building package 'my_unique_robot_control' with the following arguments: {'ament_cmake_args': None, 'build_base': '/home/ivan/ros2_ws/task5/build/my_unique_robot_control', 'catkin_cmake_args': None, 'catkin_skip_building_tests': False, 'cmake_args': None, 'cmake_clean_cache': False, 'cmake_clean_first': False, 'cmake_force_configure': False, 'cmake_target': None, 'cmake_target_skip_unavailable': False, 'install_base': '/home/ivan/ros2_ws/task5/install/my_unique_robot_control', 'merge_install': False, 'path': '/home/ivan/ros2_ws/task5/ex05/my_unique_robot_control', 'symlink_install': False, 'test_result_base': None}
[0.788s] INFO:colcon.colcon_core.executor:Executing jobs using 'parallel' executor
[0.790s] DEBUG:colcon.colcon_parallel_executor.executor.parallel:run_until_complete
[0.791s] INFO:colcon.colcon_ros.task.ament_cmake.build:Building ROS package in '/home/ivan/ros2_ws/task5/ex05/my_unique_robot_gazebo' with build type 'ament_cmake'
[0.792s] INFO:colcon.colcon_cmake.task.cmake.build:Building CMake package in '/home/ivan/ros2_ws/task5/ex05/my_unique_robot_gazebo'
[0.799s] INFO:colcon.colcon_core.plugin_system:Skipping extension 'colcon_core.shell.bat': Not used on non-Windows systems
[0.799s] INFO:colcon.colcon_core.shell:Skip shell extension 'powershell' for command environment: Not usable outside of PowerShell
[0.799s] DEBUG:colcon.colcon_core.shell:Skip shell extension 'dsv' for command environment
[0.830s] DEBUG:colcon.colcon_core.event_handler.log_command:Invoking command in '/home/ivan/ros2_ws/task5/build/my_unique_robot_gazebo': CMAKE_PREFIX_PATH=${CMAKE_PREFIX_PATH}:/home/ivan/ros2_ws/task5/install/my_unique_robot_control:/home/ivan/ros2_ws/task5/install/my_robot_control:/home/ivan/ros2_ws/task5/ex04/install/my_robot_control:/home/ivan/ros2_ws/install/turtle_multi_target:/home/ivan/ros2_ws/install/text_to_cmd_vel_pkg:/home/ivan/ros2_ws/install/py_pubsub:/home/ivan/ros2_ws/install/my_package:/home/ivan/ros2_ws/install/Ivan:/opt/ros/humble /usr/bin/cmake --build /home/ivan/ros2_ws/task5/build/my_unique_robot_gazebo -- -j16 -l16
[0.909s] DEBUG:colcon.colcon_core.event_handler.log_command:Invoked command in '/home/ivan/ros2_ws/task5/build/my_unique_robot_gazebo' returned '0': CMAKE_PREFIX_PATH=${CMAKE_PREFIX_PATH}:/home/ivan/ros2_ws/task5/install/my_unique_robot_control:/home/ivan/ros2_ws/task5/install/my_robot_control:/home/ivan/ros2_ws/task5/ex04/install/my_robot_control:/home/ivan/ros2_ws/install/turtle_multi_target:/home/ivan/ros2_ws/install/text_to_cmd_vel_pkg:/home/ivan/ros2_ws/install/py_pubsub:/home/ivan/ros2_ws/install/my_package:/home/ivan/ros2_ws/install/Ivan:/opt/ros/humble /usr/bin/cmake --build /home/ivan/ros2_ws/task5/build/my_unique_robot_gazebo -- -j16 -l16
[0.928s] DEBUG:colcon.colcon_core.event_handler.log_command:Invoking command in '/home/ivan/ros2_ws/task5/build/my_unique_robot_gazebo': CMAKE_PREFIX_PATH=${CMAKE_PREFIX_PATH}:/home/ivan/ros2_ws/task5/install/my_unique_robot_control:/home/ivan/ros2_ws/task5/install/my_robot_control:/home/ivan/ros2_ws/task5/ex04/install/my_robot_control:/home/ivan/ros2_ws/install/turtle_multi_target:/home/ivan/ros2_ws/install/text_to_cmd_vel_pkg:/home/ivan/ros2_ws/install/py_pubsub:/home/ivan/ros2_ws/install/my_package:/home/ivan/ros2_ws/install/Ivan:/opt/ros/humble /usr/bin/cmake --install /home/ivan/ros2_ws/task5/build/my_unique_robot_gazebo
[0.951s] Level 1:colcon.colcon_core.environment:create_environment_scripts_only(my_unique_robot_gazebo)
[0.952s] DEBUG:colcon.colcon_core.event_handler.log_command:Invoked command in '/home/ivan/ros2_ws/task5/build/my_unique_robot_gazebo' returned '0': CMAKE_PREFIX_PATH=${CMAKE_PREFIX_PATH}:/home/ivan/ros2_ws/task5/install/my_unique_robot_control:/home/ivan/ros2_ws/task5/install/my_robot_control:/home/ivan/ros2_ws/task5/ex04/install/my_robot_control:/home/ivan/ros2_ws/install/turtle_multi_target:/home/ivan/ros2_ws/install/text_to_cmd_vel_pkg:/home/ivan/ros2_ws/install/py_pubsub:/home/ivan/ros2_ws/install/my_package:/home/ivan/ros2_ws/install/Ivan:/opt/ros/humble /usr/bin/cmake --install /home/ivan/ros2_ws/task5/build/my_unique_robot_gazebo
[0.957s] Level 1:colcon.colcon_core.environment:checking '/home/ivan/ros2_ws/task5/install/my_unique_robot_gazebo' for CMake module files
[0.958s] Level 1:colcon.colcon_core.environment:checking '/home/ivan/ros2_ws/task5/install/my_unique_robot_gazebo' for CMake config files
[0.959s] Level 1:colcon.colcon_core.shell:create_environment_hook('my_unique_robot_gazebo', 'cmake_prefix_path')
[0.959s] INFO:colcon.colcon_core.shell:Creating environment hook '/home/ivan/ros2_ws/task5/install/my_unique_robot_gazebo/share/my_unique_robot_gazebo/hook/cmake_prefix_path.ps1'
[0.961s] INFO:colcon.colcon_core.shell:Creating environment descriptor '/home/ivan/ros2_ws/task5/install/my_unique_robot_gazebo/share/my_unique_robot_gazebo/hook/cmake_prefix_path.dsv'
[0.962s] INFO:colcon.colcon_core.shell:Creating environment hook '/home/ivan/ros2_ws/task5/install/my_unique_robot_gazebo/share/my_unique_robot_gazebo/hook/cmake_prefix_path.sh'
[0.964s] Level 1:colcon.colcon_core.environment:checking '/home/ivan/ros2_ws/task5/install/my_unique_robot_gazebo/bin'
[0.965s] Level 1:colcon.colcon_core.environment:checking '/home/ivan/ros2_ws/task5/install/my_unique_robot_gazebo/lib/pkgconfig/my_unique_robot_gazebo.pc'
[0.965s] Level 1:colcon.colcon_core.environment:checking '/home/ivan/ros2_ws/task5/install/my_unique_robot_gazebo/lib/python3.10/site-packages'
[0.965s] Level 1:colcon.colcon_core.environment:checking '/home/ivan/ros2_ws/task5/install/my_unique_robot_gazebo/bin'
[0.966s] INFO:colcon.colcon_core.shell:Creating package script '/home/ivan/ros2_ws/task5/install/my_unique_robot_gazebo/share/my_unique_robot_gazebo/package.ps1'
[0.968s] INFO:colcon.colcon_core.shell:Creating package descriptor '/home/ivan/ros2_ws/task5/install/my_unique_robot_gazebo/share/my_unique_robot_gazebo/package.dsv'
[0.970s] INFO:colcon.colcon_core.shell:Creating package script '/home/ivan/ros2_ws/task5/install/my_unique_robot_gazebo/share/my_unique_robot_gazebo/package.sh'
[0.971s] INFO:colcon.colcon_core.shell:Creating package script '/home/ivan/ros2_ws/task5/install/my_unique_robot_gazebo/share/my_unique_robot_gazebo/package.bash'
[0.973s] INFO:colcon.colcon_core.shell:Creating package script '/home/ivan/ros2_ws/task5/install/my_unique_robot_gazebo/share/my_unique_robot_gazebo/package.zsh'
[0.975s] Level 1:colcon.colcon_core.environment:create_file_with_runtime_dependencies(/home/ivan/ros2_ws/task5/install/my_unique_robot_gazebo/share/colcon-core/packages/my_unique_robot_gazebo)
[0.976s] Level 1:colcon.colcon_core.environment:create_environment_scripts_only(my_unique_robot_gazebo)
[0.977s] Level 1:colcon.colcon_core.environment:checking '/home/ivan/ros2_ws/task5/install/my_unique_robot_gazebo' for CMake module files
[0.977s] Level 1:colcon.colcon_core.environment:checking '/home/ivan/ros2_ws/task5/install/my_unique_robot_gazebo' for CMake config files
[0.978s] Level 1:colcon.colcon_core.shell:create_environment_hook('my_unique_robot_gazebo', 'cmake_prefix_path')
[0.979s] INFO:colcon.colcon_core.shell:Creating environment hook '/home/ivan/ros2_ws/task5/install/my_unique_robot_gazebo/share/my_unique_robot_gazebo/hook/cmake_prefix_path.ps1'
[0.980s] INFO:colcon.colcon_core.shell:Creating environment descriptor '/home/ivan/ros2_ws/task5/install/my_unique_robot_gazebo/share/my_unique_robot_gazebo/hook/cmake_prefix_path.dsv'
[0.981s] INFO:colcon.colcon_core.shell:Creating environment hook '/home/ivan/ros2_ws/task5/install/my_unique_robot_gazebo/share/my_unique_robot_gazebo/hook/cmake_prefix_path.sh'
[0.982s] Level 1:colcon.colcon_core.environment:checking '/home/ivan/ros2_ws/task5/install/my_unique_robot_gazebo/bin'
[0.983s] Level 1:colcon.colcon_core.environment:checking '/home/ivan/ros2_ws/task5/install/my_unique_robot_gazebo/lib/pkgconfig/my_unique_robot_gazebo.pc'
[0.983s] Level 1:colcon.colcon_core.environment:checking '/home/ivan/ros2_ws/task5/install/my_unique_robot_gazebo/lib/python3.10/site-packages'
[0.984s] Level 1:colcon.colcon_core.environment:checking '/home/ivan/ros2_ws/task5/install/my_unique_robot_gazebo/bin'
[0.984s] INFO:colcon.colcon_core.shell:Creating package script '/home/ivan/ros2_ws/task5/install/my_unique_robot_gazebo/share/my_unique_robot_gazebo/package.ps1'
[0.986s] INFO:colcon.colcon_core.shell:Creating package descriptor '/home/ivan/ros2_ws/task5/install/my_unique_robot_gazebo/share/my_unique_robot_gazebo/package.dsv'
[0.987s] INFO:colcon.colcon_core.shell:Creating package script '/home/ivan/ros2_ws/task5/install/my_unique_robot_gazebo/share/my_unique_robot_gazebo/package.sh'
[0.988s] INFO:colcon.colcon_core.shell:Creating package script '/home/ivan/ros2_ws/task5/install/my_unique_robot_gazebo/share/my_unique_robot_gazebo/package.bash'
[0.989s] INFO:colcon.colcon_core.shell:Creating package script '/home/ivan/ros2_ws/task5/install/my_unique_robot_gazebo/share/my_unique_robot_gazebo/package.zsh'
[0.992s] Level 1:colcon.colcon_core.environment:create_file_with_runtime_dependencies(/home/ivan/ros2_ws/task5/install/my_unique_robot_gazebo/share/colcon-core/packages/my_unique_robot_gazebo)
[0.993s] INFO:colcon.colcon_ros.task.ament_python.build:Building ROS package in '/home/ivan/ros2_ws/task5/ex05/my_unique_robot_control' with build type 'ament_python'
[0.995s] Level 1:colcon.colcon_core.shell:create_environment_hook('my_unique_robot_control', 'ament_prefix_path')
[0.996s] INFO:colcon.colcon_core.shell:Creating environment hook '/home/ivan/ros2_ws/task5/install/my_unique_robot_control/share/my_unique_robot_control/hook/ament_prefix_path.ps1'
[0.998s] INFO:colcon.colcon_core.shell:Creating environment descriptor '/home/ivan/ros2_ws/task5/install/my_unique_robot_control/share/my_unique_robot_control/hook/ament_prefix_path.dsv'
[1.000s] INFO:colcon.colcon_core.shell:Creating environment hook '/home/ivan/ros2_ws/task5/install/my_unique_robot_control/share/my_unique_robot_control/hook/ament_prefix_path.sh'
[1.003s] INFO:colcon.colcon_core.shell:Skip shell extension 'powershell' for command environment: Not usable outside of PowerShell
[1.003s] DEBUG:colcon.colcon_core.shell:Skip shell extension 'dsv' for command environment
[1.755s] INFO:colcon.colcon_core.task.python.build:Building Python package in '/home/ivan/ros2_ws/task5/ex05/my_unique_robot_control'
[1.756s] INFO:colcon.colcon_core.shell:Skip shell extension 'powershell' for command environment: Not usable outside of PowerShell
[1.756s] DEBUG:colcon.colcon_core.shell:Skip shell extension 'dsv' for command environment
[2.553s] DEBUG:colcon.colcon_core.event_handler.log_command:Invoking command in '/home/ivan/ros2_ws/task5/ex05/my_unique_robot_control': CMAKE_PREFIX_PATH=/home/ivan/ros2_ws/task5/install/my_robot_gazebo:/home/ivan/ros2_ws/task5/install/my_unique_robot_gazebo:/home/ivan/ros2_ws/task5/install/my_robot_description:/home/ivan/ros2_ws/task5/ex03/install/my_robot_gazebo:/home/ivan/ros2_ws/install/tutorial_interfaces:/home/ivan/ros2_ws/install/turtlesim PYTHONPATH=/home/ivan/ros2_ws/task5/build/my_unique_robot_control/prefix_override:/usr/lib/python3/dist-packages/colcon_core/task/python/colcon_distutils_commands:/home/ivan/ros2_ws/task5/install/my_unique_robot_control/lib/python3.10/site-packages:${PYTHONPATH} /usr/bin/python3 -W ignore:setup.py install is deprecated -W ignore:easy_install command is deprecated setup.py egg_info --egg-base ../../build/my_unique_robot_control build --build-base /home/ivan/ros2_ws/task5/build/my_unique_robot_control/build install --record /home/ivan/ros2_ws/task5/build/my_unique_robot_control/install.log --single-version-externally-managed install_data
[3.082s] Level 1:colcon.colcon_core.environment:checking '/home/ivan/ros2_ws/task5/install/my_unique_robot_control' for CMake module files
[3.084s] DEBUG:colcon.colcon_core.event_handler.log_command:Invoked command in '/home/ivan/ros2_ws/task5/ex05/my_unique_robot_control' returned '0': CMAKE_PREFIX_PATH=/home/ivan/ros2_ws/task5/install/my_robot_gazebo:/home/ivan/ros2_ws/task5/install/my_unique_robot_gazebo:/home/ivan/ros2_ws/task5/install/my_robot_description:/home/ivan/ros2_ws/task5/ex03/install/my_robot_gazebo:/home/ivan/ros2_ws/install/tutorial_interfaces:/home/ivan/ros2_ws/install/turtlesim PYTHONPATH=/home/ivan/ros2_ws/task5/build/my_unique_robot_control/prefix_override:/usr/lib/python3/dist-packages/colcon_core/task/python/colcon_distutils_commands:/home/ivan/ros2_ws/task5/install/my_unique_robot_control/lib/python3.10/site-packages:${PYTHONPATH} /usr/bin/python3 -W ignore:setup.py install is deprecated -W ignore:easy_install command is deprecated setup.py egg_info --egg-base ../../build/my_unique_robot_control build --build-base /home/ivan/ros2_ws/task5/build/my_unique_robot_control/build install --record /home/ivan/ros2_ws/task5/build/my_unique_robot_control/install.log --single-version-externally-managed install_data
[3.085s] Level 1:colcon.colcon_core.environment:checking '/home/ivan/ros2_ws/task5/install/my_unique_robot_control' for CMake config files
[3.086s] Level 1:colcon.colcon_core.environment:checking '/home/ivan/ros2_ws/task5/install/my_unique_robot_control/lib'
[3.086s] Level 1:colcon.colcon_core.environment:checking '/home/ivan/ros2_ws/task5/install/my_unique_robot_control/bin'
[3.086s] Level 1:colcon.colcon_core.environment:checking '/home/ivan/ros2_ws/task5/install/my_unique_robot_control/lib/pkgconfig/my_unique_robot_control.pc'
[3.086s] Level 1:colcon.colcon_core.environment:checking '/home/ivan/ros2_ws/task5/install/my_unique_robot_control/lib/python3.10/site-packages'
[3.086s] Level 1:colcon.colcon_core.shell:create_environment_hook('my_unique_robot_control', 'pythonpath')
[3.087s] INFO:colcon.colcon_core.shell:Creating environment hook '/home/ivan/ros2_ws/task5/install/my_unique_robot_control/share/my_unique_robot_control/hook/pythonpath.ps1'
[3.087s] INFO:colcon.colcon_core.shell:Creating environment descriptor '/home/ivan/ros2_ws/task5/install/my_unique_robot_control/share/my_unique_robot_control/hook/pythonpath.dsv'
[3.088s] INFO:colcon.colcon_core.shell:Creating environment hook '/home/ivan/ros2_ws/task5/install/my_unique_robot_control/share/my_unique_robot_control/hook/pythonpath.sh'
[3.089s] Level 1:colcon.colcon_core.environment:checking '/home/ivan/ros2_ws/task5/install/my_unique_robot_control/bin'
[3.089s] Level 1:colcon.colcon_core.environment:create_environment_scripts_only(my_unique_robot_control)
[3.090s] INFO:colcon.colcon_core.shell:Creating package script '/home/ivan/ros2_ws/task5/install/my_unique_robot_control/share/my_unique_robot_control/package.ps1'
[3.091s] INFO:colcon.colcon_core.shell:Creating package descriptor '/home/ivan/ros2_ws/task5/install/my_unique_robot_control/share/my_unique_robot_control/package.dsv'
[3.091s] INFO:colcon.colcon_core.shell:Creating package script '/home/ivan/ros2_ws/task5/install/my_unique_robot_control/share/my_unique_robot_control/package.sh'
[3.092s] INFO:colcon.colcon_core.shell:Creating package script '/home/ivan/ros2_ws/task5/install/my_unique_robot_control/share/my_unique_robot_control/package.bash'
[3.093s] INFO:colcon.colcon_core.shell:Creating package script '/home/ivan/ros2_ws/task5/install/my_unique_robot_control/share/my_unique_robot_control/package.zsh'
[3.094s] Level 1:colcon.colcon_core.environment:create_file_with_runtime_dependencies(/home/ivan/ros2_ws/task5/install/my_unique_robot_control/share/colcon-core/packages/my_unique_robot_control)
[3.095s] DEBUG:colcon.colcon_parallel_executor.executor.parallel:closing loop
[3.095s] DEBUG:colcon.colcon_parallel_executor.executor.parallel:loop closed
[3.095s] DEBUG:colcon.colcon_parallel_executor.executor.parallel:run_until_complete finished with '0'
[3.096s] DEBUG:colcon.colcon_core.event_reactor:joining thread
[3.151s] INFO:colcon.colcon_core.plugin_system:Skipping extension 'colcon_notification.desktop_notification.notify_send': Could not find 'notify-send'
[3.151s] INFO:colcon.colcon_core.plugin_system:Skipping extension 'colcon_notification.desktop_notification.terminal_notifier': Not used on non-Darwin systems
[3.152s] INFO:colcon.colcon_core.plugin_system:Skipping extension 'colcon_notification.desktop_notification.win32': Not used on non-Windows systems
[3.152s] INFO:colcon.colcon_notification.desktop_notification:Sending desktop notification using 'notify2'
[3.152s] DEBUG:colcon.colcon_notification.desktop_notification.notify2:Failed to initialize notify2: org.freedesktop.DBus.Error.FileNotFound: Failed to connect to socket /run/user/1000/bus: No such file or directory
[3.152s] DEBUG:colcon.colcon_core.event_reactor:joined thread
[3.153s] INFO:colcon.colcon_core.shell:Creating prefix script '/home/ivan/ros2_ws/task5/install/local_setup.ps1'
[3.154s] INFO:colcon.colcon_core.shell:Creating prefix util module '/home/ivan/ros2_ws/task5/install/_local_setup_util_ps1.py'
[3.156s] INFO:colcon.colcon_core.shell:Creating prefix chain script '/home/ivan/ros2_ws/task5/install/setup.ps1'
[3.158s] INFO:colcon.colcon_core.shell:Creating prefix script '/home/ivan/ros2_ws/task5/install/local_setup.sh'
[3.159s] INFO:colcon.colcon_core.shell:Creating prefix util module '/home/ivan/ros2_ws/task5/install/_local_setup_util_sh.py'
[3.159s] INFO:colcon.colcon_core.shell:Creating prefix chain script '/home/ivan/ros2_ws/task5/install/setup.sh'
[3.161s] INFO:colcon.colcon_core.shell:Creating prefix script '/home/ivan/ros2_ws/task5/install/local_setup.bash'
[3.163s] INFO:colcon.colcon_core.shell:Creating prefix chain script '/home/ivan/ros2_ws/task5/install/setup.bash'
[3.165s] INFO:colcon.colcon_core.shell:Creating prefix script '/home/ivan/ros2_ws/task5/install/local_setup.zsh'
[3.167s] INFO:colcon.colcon_core.shell:Creating prefix chain script '/home/ivan/ros2_ws/task5/install/setup.zsh'
