[0.023s] Invoking command in '/home/ivan/ros2_ws/task6/ex02/build/my_unique_robot_gazebo': CMAKE_PREFIX_PATH=${CMAKE_PREFIX_PATH}:/home/ivan/ros2_ws/install/turtle_multi_target:/home/ivan/ros2_ws/install/text_to_cmd_vel_pkg:/home/ivan/ros2_ws/install/py_pubsub:/home/ivan/ros2_ws/install/my_package:/home/ivan/ros2_ws/install/Ivan:/opt/ros/humble /usr/bin/cmake /home/ivan/ros2_ws/task6/ex02/my_unique_robot_gazebo -DCMAKE_INSTALL_PREFIX=/home/ivan/ros2_ws/task6/ex02/install/my_unique_robot_gazebo
[0.057s] -- Found ament_cmake: 1.3.12 (/opt/ros/humble/share/ament_cmake/cmake)
[0.372s] -- Override CMake install command with custom implementation using symlinks instead of copying resources
[0.385s] -- Found ros_gz_sim: 0.244.12 (/opt/ros/humble/share/ros_gz_sim/cmake)
[0.612s] -- Found rosidl_generator_c: 3.1.7 (/opt/ros/humble/share/rosidl_generator_c/cmake)
[0.615s] -- Found rosidl_adapter: 3.1.7 (/opt/ros/humble/share/rosidl_adapter/cmake)
[0.624s] -- Found rosidl_generator_cpp: 3.1.7 (/opt/ros/humble/share/rosidl_generator_cpp/cmake)
[0.639s] -- Using all available rosidl_typesupport_c: rosidl_typesupport_fastrtps_c;rosidl_typesupport_introspection_c
[0.658s] -- Using all available rosidl_typesupport_cpp: rosidl_typesupport_fastrtps_cpp;rosidl_typesupport_introspection_cpp
[0.705s] -- Found rmw_implementation_cmake: 6.1.2 (/opt/ros/humble/share/rmw_implementation_cmake/cmake)
[0.707s] -- Found rmw_fastrtps_cpp: 6.2.9 (/opt/ros/humble/share/rmw_fastrtps_cpp/cmake)
[7.631s] -- Using RMW implementation 'rmw_fastrtps_cpp' as default
[7.700s] -- Found ros_gz_bridge: 0.244.12 (/opt/ros/humble/share/ros_gz_bridge/cmake)
[7.919s] -- Found tf2_ros: 0.25.17 (/opt/ros/humble/share/tf2_ros/cmake)
[7.980s] -- Found robot_state_publisher: 3.0.3 (/opt/ros/humble/share/robot_state_publisher/cmake)
[7.986s] -- Found eigen3_cmake_module: 0.1.1 (/opt/ros/humble/share/eigen3_cmake_module/cmake)
[7.988s] -- Ensuring Eigen3 include directory is part of orocos-kdl CMake target
[9.444s] -- Found xacro: 2.1.1 (/opt/ros/humble/share/xacro/cmake)
[9.447s] -- Found ament_lint_auto: 0.12.14 (/opt/ros/humble/share/ament_lint_auto/cmake)
[9.613s] -- Added test 'flake8' to check Python code syntax and style conventions
[9.614s] -- Added test 'lint_cmake' to check CMake code style
[9.615s] -- Added test 'pep257' to check Python code against some of the docstring style conventions in PEP 257
[9.619s] -- Added test 'xmllint' to check XML markup files
[9.621s] -- Configuring done
[9.634s] -- Generating done
[9.644s] -- Build files have been written to: /home/ivan/ros2_ws/task6/ex02/build/my_unique_robot_gazebo
[9.660s] Invoked command in '/home/ivan/ros2_ws/task6/ex02/build/my_unique_robot_gazebo' returned '0': CMAKE_PREFIX_PATH=${CMAKE_PREFIX_PATH}:/home/ivan/ros2_ws/install/turtle_multi_target:/home/ivan/ros2_ws/install/text_to_cmd_vel_pkg:/home/ivan/ros2_ws/install/py_pubsub:/home/ivan/ros2_ws/install/my_package:/home/ivan/ros2_ws/install/Ivan:/opt/ros/humble /usr/bin/cmake /home/ivan/ros2_ws/task6/ex02/my_unique_robot_gazebo -DCMAKE_INSTALL_PREFIX=/home/ivan/ros2_ws/task6/ex02/install/my_unique_robot_gazebo
[9.663s] Invoking command in '/home/ivan/ros2_ws/task6/ex02/build/my_unique_robot_gazebo': CMAKE_PREFIX_PATH=${CMAKE_PREFIX_PATH}:/home/ivan/ros2_ws/install/turtle_multi_target:/home/ivan/ros2_ws/install/text_to_cmd_vel_pkg:/home/ivan/ros2_ws/install/py_pubsub:/home/ivan/ros2_ws/install/my_package:/home/ivan/ros2_ws/install/Ivan:/opt/ros/humble /usr/bin/cmake --build /home/ivan/ros2_ws/task6/ex02/build/my_unique_robot_gazebo -- -j2 -l2
[9.743s] Invoked command in '/home/ivan/ros2_ws/task6/ex02/build/my_unique_robot_gazebo' returned '0': CMAKE_PREFIX_PATH=${CMAKE_PREFIX_PATH}:/home/ivan/ros2_ws/install/turtle_multi_target:/home/ivan/ros2_ws/install/text_to_cmd_vel_pkg:/home/ivan/ros2_ws/install/py_pubsub:/home/ivan/ros2_ws/install/my_package:/home/ivan/ros2_ws/install/Ivan:/opt/ros/humble /usr/bin/cmake --build /home/ivan/ros2_ws/task6/ex02/build/my_unique_robot_gazebo -- -j2 -l2
[9.762s] Invoking command in '/home/ivan/ros2_ws/task6/ex02/build/my_unique_robot_gazebo': CMAKE_PREFIX_PATH=${CMAKE_PREFIX_PATH}:/home/ivan/ros2_ws/install/turtle_multi_target:/home/ivan/ros2_ws/install/text_to_cmd_vel_pkg:/home/ivan/ros2_ws/install/py_pubsub:/home/ivan/ros2_ws/install/my_package:/home/ivan/ros2_ws/install/Ivan:/opt/ros/humble /usr/bin/cmake --install /home/ivan/ros2_ws/task6/ex02/build/my_unique_robot_gazebo
[9.776s] -- Install configuration: ""
[9.776s] -- Execute custom install script
[9.777s] -- Symlinking: /home/ivan/ros2_ws/task6/ex02/install/my_unique_robot_gazebo/share/my_unique_robot_gazebo/launch/robot_depth_camera.launch.py
[9.794s] -- Up-to-date symlink: /home/ivan/ros2_ws/task6/ex02/install/my_unique_robot_gazebo/share/my_unique_robot_gazebo/launch/robot_lidar.launch.py
[9.796s] -- Up-to-date symlink: /home/ivan/ros2_ws/task6/ex02/install/my_unique_robot_gazebo/share/my_unique_robot_gazebo/config/robot.gazebo.xacro
[9.796s] -- Up-to-date symlink: /home/ivan/ros2_ws/task6/ex02/install/my_unique_robot_gazebo/share/my_unique_robot_gazebo/config/robot.urdf.xacro
[9.797s] -- Up-to-date symlink: /home/ivan/ros2_ws/task6/ex02/install/my_unique_robot_gazebo/share/my_unique_robot_gazebo/config/simple_lidar.sdf
[9.797s] -- Up-to-date symlink: /home/ivan/ros2_ws/task6/ex02/install/my_unique_robot_gazebo/share/my_unique_robot_gazebo/config/test_lidar.sdf
[9.798s] -- Up-to-date symlink: /home/ivan/ros2_ws/task6/ex02/install/my_unique_robot_gazebo/lib/my_unique_robot_gazebo/odom_to_tf.py
[9.799s] -- Up-to-date symlink: /home/ivan/ros2_ws/task6/ex02/install/my_unique_robot_gazebo/share/ament_index/resource_index/package_run_dependencies/my_unique_robot_gazebo
[9.799s] -- Up-to-date symlink: /home/ivan/ros2_ws/task6/ex02/install/my_unique_robot_gazebo/share/ament_index/resource_index/parent_prefix_path/my_unique_robot_gazebo
[9.799s] -- Up-to-date symlink: /home/ivan/ros2_ws/task6/ex02/install/my_unique_robot_gazebo/share/my_unique_robot_gazebo/environment/ament_prefix_path.sh
[9.800s] -- Up-to-date symlink: /home/ivan/ros2_ws/task6/ex02/install/my_unique_robot_gazebo/share/my_unique_robot_gazebo/environment/ament_prefix_path.dsv
[9.800s] -- Up-to-date symlink: /home/ivan/ros2_ws/task6/ex02/install/my_unique_robot_gazebo/share/my_unique_robot_gazebo/environment/path.sh
[9.800s] -- Up-to-date symlink: /home/ivan/ros2_ws/task6/ex02/install/my_unique_robot_gazebo/share/my_unique_robot_gazebo/environment/path.dsv
[9.801s] -- Up-to-date symlink: /home/ivan/ros2_ws/task6/ex02/install/my_unique_robot_gazebo/share/my_unique_robot_gazebo/local_setup.bash
[9.801s] -- Up-to-date symlink: /home/ivan/ros2_ws/task6/ex02/install/my_unique_robot_gazebo/share/my_unique_robot_gazebo/local_setup.sh
[9.801s] -- Up-to-date symlink: /home/ivan/ros2_ws/task6/ex02/install/my_unique_robot_gazebo/share/my_unique_robot_gazebo/local_setup.zsh
[9.801s] -- Up-to-date symlink: /home/ivan/ros2_ws/task6/ex02/install/my_unique_robot_gazebo/share/my_unique_robot_gazebo/local_setup.dsv
[9.802s] -- Symlinking: /home/ivan/ros2_ws/task6/ex02/install/my_unique_robot_gazebo/share/my_unique_robot_gazebo/package.dsv
[9.819s] -- Up-to-date symlink: /home/ivan/ros2_ws/task6/ex02/install/my_unique_robot_gazebo/share/ament_index/resource_index/packages/my_unique_robot_gazebo
[9.819s] -- Up-to-date symlink: /home/ivan/ros2_ws/task6/ex02/install/my_unique_robot_gazebo/share/my_unique_robot_gazebo/cmake/my_unique_robot_gazeboConfig.cmake
[9.820s] -- Up-to-date symlink: /home/ivan/ros2_ws/task6/ex02/install/my_unique_robot_gazebo/share/my_unique_robot_gazebo/cmake/my_unique_robot_gazeboConfig-version.cmake
[9.820s] -- Up-to-date symlink: /home/ivan/ros2_ws/task6/ex02/install/my_unique_robot_gazebo/share/my_unique_robot_gazebo/package.xml
[9.824s] Invoked command in '/home/ivan/ros2_ws/task6/ex02/build/my_unique_robot_gazebo' returned '0': CMAKE_PREFIX_PATH=${CMAKE_PREFIX_PATH}:/home/ivan/ros2_ws/install/turtle_multi_target:/home/ivan/ros2_ws/install/text_to_cmd_vel_pkg:/home/ivan/ros2_ws/install/py_pubsub:/home/ivan/ros2_ws/install/my_package:/home/ivan/ros2_ws/install/Ivan:/opt/ros/humble /usr/bin/cmake --install /home/ivan/ros2_ws/task6/ex02/build/my_unique_robot_gazebo
