[0.041s] Invoking command in '/home/ivan/ros2_ws/task6/ex02/build/my_unique_robot_gazebo': CMAKE_PREFIX_PATH=${CMAKE_PREFIX_PATH}:/home/ivan/ros2_ws/install/turtle_multi_target:/home/ivan/ros2_ws/install/text_to_cmd_vel_pkg:/home/ivan/ros2_ws/install/py_pubsub:/home/ivan/ros2_ws/install/my_package:/home/ivan/ros2_ws/install/Ivan:/opt/ros/humble /usr/bin/cmake /home/ivan/ros2_ws/task6/ex02/my_unique_robot_gazebo -DAMENT_CMAKE_SYMLINK_INSTALL=1 -DCMAKE_INSTALL_PREFIX=/home/ivan/ros2_ws/task6/ex02/install/my_unique_robot_gazebo
[0.586s] -- The C compiler identification is GNU 11.4.0
[1.272s] -- The CXX compiler identification is GNU 11.4.0
[1.668s] -- Detecting C compiler ABI info
[1.932s] -- Detecting C compiler ABI info - done
[1.949s] -- Check for working C compiler: /usr/bin/cc - skipped
[1.950s] -- Detecting C compile features
[1.951s] -- Detecting C compile features - done
[1.958s] -- Detecting CXX compiler ABI info
[2.203s] -- Detecting CXX compiler ABI info - done
[2.215s] -- Check for working CXX compiler: /usr/bin/c++ - skipped
[2.215s] -- Detecting CXX compile features
[2.215s] -- Detecting CXX compile features - done
[2.257s] -- Found ament_cmake: 1.3.12 (/opt/ros/humble/share/ament_cmake/cmake)
[2.545s] -- Found Python3: /usr/bin/python3 (found version "3.10.12") found components: Interpreter 
[2.691s] -- Override CMake install command with custom implementation using symlinks instead of copying resources
[2.798s] -- Found ros_gz_sim: 0.244.12 (/opt/ros/humble/share/ros_gz_sim/cmake)
[3.226s] -- Found rosidl_generator_c: 3.1.7 (/opt/ros/humble/share/rosidl_generator_c/cmake)
[3.244s] -- Found rosidl_adapter: 3.1.7 (/opt/ros/humble/share/rosidl_adapter/cmake)
[3.274s] -- Found rosidl_generator_cpp: 3.1.7 (/opt/ros/humble/share/rosidl_generator_cpp/cmake)
[3.325s] -- Using all available rosidl_typesupport_c: rosidl_typesupport_fastrtps_c;rosidl_typesupport_introspection_c
[3.376s] -- Using all available rosidl_typesupport_cpp: rosidl_typesupport_fastrtps_cpp;rosidl_typesupport_introspection_cpp
[3.524s] -- Found rmw_implementation_cmake: 6.1.2 (/opt/ros/humble/share/rmw_implementation_cmake/cmake)
[3.534s] -- Found rmw_fastrtps_cpp: 6.2.9 (/opt/ros/humble/share/rmw_fastrtps_cpp/cmake)
[5.302s] -- Found OpenSSL: /usr/lib/x86_64-linux-gnu/libcrypto.so (found version "3.0.2")  
[7.032s] -- Found FastRTPS: /opt/ros/humble/include  
[10.493s] -- Using RMW implementation 'rmw_fastrtps_cpp' as default
[10.533s] -- Looking for pthread.h
[10.806s] -- Looking for pthread.h - found
[10.807s] -- Performing Test CMAKE_HAVE_LIBC_PTHREAD
[11.032s] -- Performing Test CMAKE_HAVE_LIBC_PTHREAD - Success
[11.033s] -- Found Threads: TRUE  
[11.198s] -- Found ros_gz_bridge: 0.244.12 (/opt/ros/humble/share/ros_gz_bridge/cmake)
[11.685s] -- Found tf2_ros: 0.25.17 (/opt/ros/humble/share/tf2_ros/cmake)
[11.852s] -- Found robot_state_publisher: 3.0.3 (/opt/ros/humble/share/robot_state_publisher/cmake)
[11.940s] -- Found eigen3_cmake_module: 0.1.1 (/opt/ros/humble/share/eigen3_cmake_module/cmake)
[11.944s] -- Found Eigen3: TRUE (found version "3.4.0") 
[11.944s] -- Ensuring Eigen3 include directory is part of orocos-kdl CMake target
[13.656s] -- Found xacro: 2.1.1 (/opt/ros/humble/share/xacro/cmake)
[13.664s] -- Found ament_lint_auto: 0.12.14 (/opt/ros/humble/share/ament_lint_auto/cmake)
[13.841s] -- Added test 'flake8' to check Python code syntax and style conventions
[13.844s] -- Added test 'lint_cmake' to check CMake code style
[13.847s] -- Added test 'pep257' to check Python code against some of the docstring style conventions in PEP 257
[13.853s] -- Added test 'xmllint' to check XML markup files
[13.860s] -- Configuring done
[13.882s] -- Generating done
[13.890s] -- Build files have been written to: /home/ivan/ros2_ws/task6/ex02/build/my_unique_robot_gazebo
[13.910s] Invoked command in '/home/ivan/ros2_ws/task6/ex02/build/my_unique_robot_gazebo' returned '0': CMAKE_PREFIX_PATH=${CMAKE_PREFIX_PATH}:/home/ivan/ros2_ws/install/turtle_multi_target:/home/ivan/ros2_ws/install/text_to_cmd_vel_pkg:/home/ivan/ros2_ws/install/py_pubsub:/home/ivan/ros2_ws/install/my_package:/home/ivan/ros2_ws/install/Ivan:/opt/ros/humble /usr/bin/cmake /home/ivan/ros2_ws/task6/ex02/my_unique_robot_gazebo -DAMENT_CMAKE_SYMLINK_INSTALL=1 -DCMAKE_INSTALL_PREFIX=/home/ivan/ros2_ws/task6/ex02/install/my_unique_robot_gazebo
[13.913s] Invoking command in '/home/ivan/ros2_ws/task6/ex02/build/my_unique_robot_gazebo': CMAKE_PREFIX_PATH=${CMAKE_PREFIX_PATH}:/home/ivan/ros2_ws/install/turtle_multi_target:/home/ivan/ros2_ws/install/text_to_cmd_vel_pkg:/home/ivan/ros2_ws/install/py_pubsub:/home/ivan/ros2_ws/install/my_package:/home/ivan/ros2_ws/install/Ivan:/opt/ros/humble /usr/bin/cmake --build /home/ivan/ros2_ws/task6/ex02/build/my_unique_robot_gazebo -- -j2 -l2
[14.008s] Invoked command in '/home/ivan/ros2_ws/task6/ex02/build/my_unique_robot_gazebo' returned '0': CMAKE_PREFIX_PATH=${CMAKE_PREFIX_PATH}:/home/ivan/ros2_ws/install/turtle_multi_target:/home/ivan/ros2_ws/install/text_to_cmd_vel_pkg:/home/ivan/ros2_ws/install/py_pubsub:/home/ivan/ros2_ws/install/my_package:/home/ivan/ros2_ws/install/Ivan:/opt/ros/humble /usr/bin/cmake --build /home/ivan/ros2_ws/task6/ex02/build/my_unique_robot_gazebo -- -j2 -l2
[14.030s] Invoking command in '/home/ivan/ros2_ws/task6/ex02/build/my_unique_robot_gazebo': CMAKE_PREFIX_PATH=${CMAKE_PREFIX_PATH}:/home/ivan/ros2_ws/install/turtle_multi_target:/home/ivan/ros2_ws/install/text_to_cmd_vel_pkg:/home/ivan/ros2_ws/install/py_pubsub:/home/ivan/ros2_ws/install/my_package:/home/ivan/ros2_ws/install/Ivan:/opt/ros/humble /usr/bin/cmake --install /home/ivan/ros2_ws/task6/ex02/build/my_unique_robot_gazebo
[14.043s] -- Install configuration: ""
[14.043s] -- Execute custom install script
[14.047s] -- Symlinking: /home/ivan/ros2_ws/task6/ex02/install/my_unique_robot_gazebo/share/my_unique_robot_gazebo/launch/robot_lidar.launch.py
[14.067s] -- Symlinking: /home/ivan/ros2_ws/task6/ex02/install/my_unique_robot_gazebo/share/my_unique_robot_gazebo/config/robot.gazebo.xacro
[14.088s] -- Symlinking: /home/ivan/ros2_ws/task6/ex02/install/my_unique_robot_gazebo/share/my_unique_robot_gazebo/config/robot.urdf.xacro
[14.106s] -- Symlinking: /home/ivan/ros2_ws/task6/ex02/install/my_unique_robot_gazebo/share/my_unique_robot_gazebo/config/simple_lidar.sdf
[14.125s] -- Symlinking: /home/ivan/ros2_ws/task6/ex02/install/my_unique_robot_gazebo/share/my_unique_robot_gazebo/config/test_lidar.sdf
[14.146s] -- Symlinking: /home/ivan/ros2_ws/task6/ex02/install/my_unique_robot_gazebo/lib/my_unique_robot_gazebo/odom_to_tf.py
[14.167s] -- Symlinking: /home/ivan/ros2_ws/task6/ex02/install/my_unique_robot_gazebo/share/ament_index/resource_index/package_run_dependencies/my_unique_robot_gazebo
[14.185s] -- Symlinking: /home/ivan/ros2_ws/task6/ex02/install/my_unique_robot_gazebo/share/ament_index/resource_index/parent_prefix_path/my_unique_robot_gazebo
[14.204s] -- Symlinking: /home/ivan/ros2_ws/task6/ex02/install/my_unique_robot_gazebo/share/my_unique_robot_gazebo/environment/ament_prefix_path.sh
[14.224s] -- Symlinking: /home/ivan/ros2_ws/task6/ex02/install/my_unique_robot_gazebo/share/my_unique_robot_gazebo/environment/ament_prefix_path.dsv
[14.243s] -- Symlinking: /home/ivan/ros2_ws/task6/ex02/install/my_unique_robot_gazebo/share/my_unique_robot_gazebo/environment/path.sh
[14.260s] -- Symlinking: /home/ivan/ros2_ws/task6/ex02/install/my_unique_robot_gazebo/share/my_unique_robot_gazebo/environment/path.dsv
[14.281s] -- Symlinking: /home/ivan/ros2_ws/task6/ex02/install/my_unique_robot_gazebo/share/my_unique_robot_gazebo/local_setup.bash
[14.299s] -- Symlinking: /home/ivan/ros2_ws/task6/ex02/install/my_unique_robot_gazebo/share/my_unique_robot_gazebo/local_setup.sh
[14.317s] -- Symlinking: /home/ivan/ros2_ws/task6/ex02/install/my_unique_robot_gazebo/share/my_unique_robot_gazebo/local_setup.zsh
[14.334s] -- Symlinking: /home/ivan/ros2_ws/task6/ex02/install/my_unique_robot_gazebo/share/my_unique_robot_gazebo/local_setup.dsv
[14.353s] -- Symlinking: /home/ivan/ros2_ws/task6/ex02/install/my_unique_robot_gazebo/share/my_unique_robot_gazebo/package.dsv
[14.372s] -- Symlinking: /home/ivan/ros2_ws/task6/ex02/install/my_unique_robot_gazebo/share/ament_index/resource_index/packages/my_unique_robot_gazebo
[14.390s] -- Symlinking: /home/ivan/ros2_ws/task6/ex02/install/my_unique_robot_gazebo/share/my_unique_robot_gazebo/cmake/my_unique_robot_gazeboConfig.cmake
[14.407s] -- Symlinking: /home/ivan/ros2_ws/task6/ex02/install/my_unique_robot_gazebo/share/my_unique_robot_gazebo/cmake/my_unique_robot_gazeboConfig-version.cmake
[14.427s] -- Symlinking: /home/ivan/ros2_ws/task6/ex02/install/my_unique_robot_gazebo/share/my_unique_robot_gazebo/package.xml
[14.451s] Invoked command in '/home/ivan/ros2_ws/task6/ex02/build/my_unique_robot_gazebo' returned '0': CMAKE_PREFIX_PATH=${CMAKE_PREFIX_PATH}:/home/ivan/ros2_ws/install/turtle_multi_target:/home/ivan/ros2_ws/install/text_to_cmd_vel_pkg:/home/ivan/ros2_ws/install/py_pubsub:/home/ivan/ros2_ws/install/my_package:/home/ivan/ros2_ws/install/Ivan:/opt/ros/humble /usr/bin/cmake --install /home/ivan/ros2_ws/task6/ex02/build/my_unique_robot_gazebo
