[1.622s] Invoking command in '/home/ivan/ros2_ws/task5/ex04/my_robot_control': CMAKE_PREFIX_PATH=/home/ivan/ros2_ws/task5/install/my_robot_gazebo:/home/ivan/ros2_ws/task5/install/my_robot_description:/home/ivan/ros2_ws/task5/ex03/install/my_robot_gazebo:/home/ivan/ros2_ws/install/tutorial_interfaces:/home/ivan/ros2_ws/install/turtlesim PYTHONPATH=/home/ivan/ros2_ws/task5/build/my_robot_control/prefix_override:/usr/lib/python3/dist-packages/colcon_core/task/python/colcon_distutils_commands:/home/ivan/ros2_ws/task5/install/my_robot_control/lib/python3.10/site-packages:${PYTHONPATH} /usr/bin/python3 -W ignore:setup.py install is deprecated -W ignore:easy_install command is deprecated setup.py egg_info --egg-base ../../build/my_robot_control build --build-base /home/ivan/ros2_ws/task5/build/my_robot_control/build install --record /home/ivan/ros2_ws/task5/build/my_robot_control/install.log --single-version-externally-managed install_data
[1.962s] running egg_info
[1.963s] creating ../../build/my_robot_control/my_robot_control.egg-info
[1.971s] writing ../../build/my_robot_control/my_robot_control.egg-info/PKG-INFO
[1.974s] writing dependency_links to ../../build/my_robot_control/my_robot_control.egg-info/dependency_links.txt
[1.975s] writing entry points to ../../build/my_robot_control/my_robot_control.egg-info/entry_points.txt
[1.975s] writing requirements to ../../build/my_robot_control/my_robot_control.egg-info/requires.txt
[1.976s] writing top-level names to ../../build/my_robot_control/my_robot_control.egg-info/top_level.txt
[1.976s] writing manifest file '../../build/my_robot_control/my_robot_control.egg-info/SOURCES.txt'
[1.979s] reading manifest file '../../build/my_robot_control/my_robot_control.egg-info/SOURCES.txt'
[1.980s] writing manifest file '../../build/my_robot_control/my_robot_control.egg-info/SOURCES.txt'
[1.981s] running build
[1.981s] running build_py
[1.981s] creating /home/ivan/ros2_ws/task5/build/my_robot_control/build
[1.982s] creating /home/ivan/ros2_ws/task5/build/my_robot_control/build/lib
[1.982s] creating /home/ivan/ros2_ws/task5/build/my_robot_control/build/lib/my_robot_control
[1.983s] copying my_robot_control/circle_movement.py -> /home/ivan/ros2_ws/task5/build/my_robot_control/build/lib/my_robot_control
[1.984s] copying my_robot_control/__init__.py -> /home/ivan/ros2_ws/task5/build/my_robot_control/build/lib/my_robot_control
[1.984s] running install
[1.985s] running install_lib
[1.986s] creating /home/ivan/ros2_ws/task5/install/my_robot_control/lib/python3.10/site-packages/my_robot_control
[1.987s] copying /home/ivan/ros2_ws/task5/build/my_robot_control/build/lib/my_robot_control/circle_movement.py -> /home/ivan/ros2_ws/task5/install/my_robot_control/lib/python3.10/site-packages/my_robot_control
[1.987s] copying /home/ivan/ros2_ws/task5/build/my_robot_control/build/lib/my_robot_control/__init__.py -> /home/ivan/ros2_ws/task5/install/my_robot_control/lib/python3.10/site-packages/my_robot_control
[1.988s] byte-compiling /home/ivan/ros2_ws/task5/install/my_robot_control/lib/python3.10/site-packages/my_robot_control/circle_movement.py to circle_movement.cpython-310.pyc
[1.990s] byte-compiling /home/ivan/ros2_ws/task5/install/my_robot_control/lib/python3.10/site-packages/my_robot_control/__init__.py to __init__.cpython-310.pyc
[1.991s] running install_data
[1.991s] creating /home/ivan/ros2_ws/task5/install/my_robot_control/share/ament_index
[1.992s] creating /home/ivan/ros2_ws/task5/install/my_robot_control/share/ament_index/resource_index
[1.993s] creating /home/ivan/ros2_ws/task5/install/my_robot_control/share/ament_index/resource_index/packages
[1.993s] copying resource/my_robot_control -> /home/ivan/ros2_ws/task5/install/my_robot_control/share/ament_index/resource_index/packages
[1.995s] copying package.xml -> /home/ivan/ros2_ws/task5/install/my_robot_control/share/my_robot_control
[1.996s] creating /home/ivan/ros2_ws/task5/install/my_robot_control/share/my_robot_control/launch
[1.996s] copying launch/circle_movement.launch.py -> /home/ivan/ros2_ws/task5/install/my_robot_control/share/my_robot_control/launch
[1.997s] running install_egg_info
[2.000s] Copying ../../build/my_robot_control/my_robot_control.egg-info to /home/ivan/ros2_ws/task5/install/my_robot_control/lib/python3.10/site-packages/my_robot_control-0.0.0-py3.10.egg-info
[2.002s] running install_scripts
[2.031s] Installing circle_movement script to /home/ivan/ros2_ws/task5/install/my_robot_control/lib/my_robot_control
[2.032s] writing list of installed files to '/home/ivan/ros2_ws/task5/build/my_robot_control/install.log'
[2.071s] Invoked command in '/home/ivan/ros2_ws/task5/ex04/my_robot_control' returned '0': CMAKE_PREFIX_PATH=/home/ivan/ros2_ws/task5/install/my_robot_gazebo:/home/ivan/ros2_ws/task5/install/my_robot_description:/home/ivan/ros2_ws/task5/ex03/install/my_robot_gazebo:/home/ivan/ros2_ws/install/tutorial_interfaces:/home/ivan/ros2_ws/install/turtlesim PYTHONPATH=/home/ivan/ros2_ws/task5/build/my_robot_control/prefix_override:/usr/lib/python3/dist-packages/colcon_core/task/python/colcon_distutils_commands:/home/ivan/ros2_ws/task5/install/my_robot_control/lib/python3.10/site-packages:${PYTHONPATH} /usr/bin/python3 -W ignore:setup.py install is deprecated -W ignore:easy_install command is deprecated setup.py egg_info --egg-base ../../build/my_robot_control build --build-base /home/ivan/ros2_ws/task5/build/my_robot_control/build install --record /home/ivan/ros2_ws/task5/build/my_robot_control/install.log --single-version-externally-managed install_data
