[0.063s] Invoking command in '/home/ivan/ros2_ws/task5/build/my_robot_gazebo': CMAKE_PREFIX_PATH=/home/ivan/ros2_ws/task5/install/my_robot_description:/home/ivan/ros2_ws/task5/ex03/install/my_robot_gazebo:/home/ivan/ros2_ws/task5/install/my_robot_gazebo:/home/ivan/ros2_ws/install/tutorial_interfaces:/home/ivan/ros2_ws/install/turtlesim:/home/ivan/ros2_ws/install/turtle_multi_target:/home/ivan/ros2_ws/install/text_to_cmd_vel_pkg:/home/ivan/ros2_ws/install/py_pubsub:/home/ivan/ros2_ws/install/my_package:/home/ivan/ros2_ws/install/Ivan:/opt/ros/humble /usr/bin/cmake /home/ivan/ros2_ws/task5/ex03/src/my_robot_gazebo -DCMAKE_INSTALL_PREFIX=/home/ivan/ros2_ws/task5/install/my_robot_gazebo
[0.251s] -- The C compiler identification is GNU 11.4.0
[0.842s] -- The CXX compiler identification is GNU 11.4.0
[1.263s] -- Detecting C compiler ABI info
[1.457s] -- Detecting C compiler ABI info - done
[1.469s] -- Check for working C compiler: /usr/bin/cc - skipped
[1.469s] -- Detecting C compile features
[1.470s] -- Detecting C compile features - done
[1.475s] -- Detecting CXX compiler ABI info
[1.670s] -- Detecting CXX compiler ABI info - done
[1.683s] -- Check for working CXX compiler: /usr/bin/c++ - skipped
[1.683s] -- Detecting CXX compile features
[1.683s] -- Detecting CXX compile features - done
[1.689s] -- Found ament_cmake: 1.3.12 (/opt/ros/humble/share/ament_cmake/cmake)
[1.934s] -- Found Python3: /usr/bin/python3 (found version "3.10.12") found components: Interpreter 
[2.108s] -- Found rclpy: 3.3.17 (/opt/ros/humble/share/rclpy/cmake)
[2.112s] -- Found robot_state_publisher: 3.0.3 (/opt/ros/humble/share/robot_state_publisher/cmake)
[2.348s] -- Found rosidl_generator_c: 3.1.7 (/opt/ros/humble/share/rosidl_generator_c/cmake)
[2.358s] -- Found rosidl_adapter: 3.1.7 (/opt/ros/humble/share/rosidl_adapter/cmake)
[2.373s] -- Found rosidl_generator_cpp: 3.1.7 (/opt/ros/humble/share/rosidl_generator_cpp/cmake)
[2.398s] -- Using all available rosidl_typesupport_c: rosidl_typesupport_fastrtps_c;rosidl_typesupport_introspection_c
[2.427s] -- Using all available rosidl_typesupport_cpp: rosidl_typesupport_fastrtps_cpp;rosidl_typesupport_introspection_cpp
[2.579s] -- Found eigen3_cmake_module: 0.1.1 (/opt/ros/humble/share/eigen3_cmake_module/cmake)
[2.581s] -- Found Eigen3: TRUE (found version "3.4.0") 
[2.581s] -- Ensuring Eigen3 include directory is part of orocos-kdl CMake target
[2.660s] -- Found rmw_implementation_cmake: 6.1.2 (/opt/ros/humble/share/rmw_implementation_cmake/cmake)
[2.666s] -- Found rmw_fastrtps_cpp: 6.2.9 (/opt/ros/humble/share/rmw_fastrtps_cpp/cmake)
[4.508s] -- Found OpenSSL: /usr/lib/x86_64-linux-gnu/libcrypto.so (found version "3.0.2")  
[6.310s] -- Found FastRTPS: /opt/ros/humble/include  
[9.756s] -- Using RMW implementation 'rmw_fastrtps_cpp' as default
[9.774s] -- Looking for pthread.h
[9.973s] -- Looking for pthread.h - found
[9.973s] -- Performing Test CMAKE_HAVE_LIBC_PTHREAD
[10.181s] -- Performing Test CMAKE_HAVE_LIBC_PTHREAD - Success
[10.183s] -- Found Threads: TRUE  
[12.095s] -- Found xacro: 2.1.1 (/opt/ros/humble/share/xacro/cmake)
[12.109s] -- Found ros_gz_sim: 0.244.20 (/opt/ros/humble/share/ros_gz_sim/cmake)
[12.120s] -- Found ros_gz_bridge: 0.244.20 (/opt/ros/humble/share/ros_gz_bridge/cmake)
[14.320s] -- Found Protobuf: /usr/lib/x86_64-linux-gnu/libprotobuf.so (found suitable version "3.12.4", minimum required is "3") 
[15.967s] -- Found Protobuf: /usr/lib/x86_64-linux-gnu/libprotobuf.so (found version "3.12.4") 
[18.259s] -- Found ament_lint_auto: 0.12.14 (/opt/ros/humble/share/ament_lint_auto/cmake)
[18.424s] -- Added test 'flake8' to check Python code syntax and style conventions
[18.426s] -- Added test 'lint_cmake' to check CMake code style
[18.428s] -- Added test 'pep257' to check Python code against some of the docstring style conventions in PEP 257
[18.433s] -- Added test 'xmllint' to check XML markup files
[18.437s] -- Configuring done
[18.453s] -- Generating done
[18.460s] -- Build files have been written to: /home/ivan/ros2_ws/task5/build/my_robot_gazebo
[18.479s] Invoked command in '/home/ivan/ros2_ws/task5/build/my_robot_gazebo' returned '0': CMAKE_PREFIX_PATH=/home/ivan/ros2_ws/task5/install/my_robot_description:/home/ivan/ros2_ws/task5/ex03/install/my_robot_gazebo:/home/ivan/ros2_ws/task5/install/my_robot_gazebo:/home/ivan/ros2_ws/install/tutorial_interfaces:/home/ivan/ros2_ws/install/turtlesim:/home/ivan/ros2_ws/install/turtle_multi_target:/home/ivan/ros2_ws/install/text_to_cmd_vel_pkg:/home/ivan/ros2_ws/install/py_pubsub:/home/ivan/ros2_ws/install/my_package:/home/ivan/ros2_ws/install/Ivan:/opt/ros/humble /usr/bin/cmake /home/ivan/ros2_ws/task5/ex03/src/my_robot_gazebo -DCMAKE_INSTALL_PREFIX=/home/ivan/ros2_ws/task5/install/my_robot_gazebo
[18.482s] Invoking command in '/home/ivan/ros2_ws/task5/build/my_robot_gazebo': CMAKE_PREFIX_PATH=/home/ivan/ros2_ws/task5/install/my_robot_description:/home/ivan/ros2_ws/task5/ex03/install/my_robot_gazebo:/home/ivan/ros2_ws/task5/install/my_robot_gazebo:/home/ivan/ros2_ws/install/tutorial_interfaces:/home/ivan/ros2_ws/install/turtlesim:/home/ivan/ros2_ws/install/turtle_multi_target:/home/ivan/ros2_ws/install/text_to_cmd_vel_pkg:/home/ivan/ros2_ws/install/py_pubsub:/home/ivan/ros2_ws/install/my_package:/home/ivan/ros2_ws/install/Ivan:/opt/ros/humble /usr/bin/cmake --build /home/ivan/ros2_ws/task5/build/my_robot_gazebo -- -j16 -l16
[18.542s] Invoked command in '/home/ivan/ros2_ws/task5/build/my_robot_gazebo' returned '0': CMAKE_PREFIX_PATH=/home/ivan/ros2_ws/task5/install/my_robot_description:/home/ivan/ros2_ws/task5/ex03/install/my_robot_gazebo:/home/ivan/ros2_ws/task5/install/my_robot_gazebo:/home/ivan/ros2_ws/install/tutorial_interfaces:/home/ivan/ros2_ws/install/turtlesim:/home/ivan/ros2_ws/install/turtle_multi_target:/home/ivan/ros2_ws/install/text_to_cmd_vel_pkg:/home/ivan/ros2_ws/install/py_pubsub:/home/ivan/ros2_ws/install/my_package:/home/ivan/ros2_ws/install/Ivan:/opt/ros/humble /usr/bin/cmake --build /home/ivan/ros2_ws/task5/build/my_robot_gazebo -- -j16 -l16
[18.545s] Invoking command in '/home/ivan/ros2_ws/task5/build/my_robot_gazebo': CMAKE_PREFIX_PATH=/home/ivan/ros2_ws/task5/install/my_robot_description:/home/ivan/ros2_ws/task5/ex03/install/my_robot_gazebo:/home/ivan/ros2_ws/task5/install/my_robot_gazebo:/home/ivan/ros2_ws/install/tutorial_interfaces:/home/ivan/ros2_ws/install/turtlesim:/home/ivan/ros2_ws/install/turtle_multi_target:/home/ivan/ros2_ws/install/text_to_cmd_vel_pkg:/home/ivan/ros2_ws/install/py_pubsub:/home/ivan/ros2_ws/install/my_package:/home/ivan/ros2_ws/install/Ivan:/opt/ros/humble /usr/bin/cmake --install /home/ivan/ros2_ws/task5/build/my_robot_gazebo
[18.555s] -- Install configuration: ""
[18.556s] -- Installing: /home/ivan/ros2_ws/task5/install/my_robot_gazebo/share/my_robot_gazebo/ex03
[18.557s] -- Installing: /home/ivan/ros2_ws/task5/install/my_robot_gazebo/share/my_robot_gazebo/ex03/robot.urdf.xacro
[18.558s] -- Installing: /home/ivan/ros2_ws/task5/install/my_robot_gazebo/share/my_robot_gazebo/ex03/robot.gazebo.xacro
[18.560s] -- Installing: /home/ivan/ros2_ws/task5/install/my_robot_gazebo/share/my_robot_gazebo/ex03/robot_gazebo.launch.py
[18.562s] -- Installing: /home/ivan/ros2_ws/task5/install/my_robot_gazebo/share/ament_index/resource_index/package_run_dependencies/my_robot_gazebo
[18.563s] -- Installing: /home/ivan/ros2_ws/task5/install/my_robot_gazebo/share/ament_index/resource_index/parent_prefix_path/my_robot_gazebo
[18.564s] -- Installing: /home/ivan/ros2_ws/task5/install/my_robot_gazebo/share/my_robot_gazebo/environment/ament_prefix_path.sh
[18.564s] -- Installing: /home/ivan/ros2_ws/task5/install/my_robot_gazebo/share/my_robot_gazebo/environment/ament_prefix_path.dsv
[18.564s] -- Installing: /home/ivan/ros2_ws/task5/install/my_robot_gazebo/share/my_robot_gazebo/environment/path.sh
[18.565s] -- Installing: /home/ivan/ros2_ws/task5/install/my_robot_gazebo/share/my_robot_gazebo/environment/path.dsv
[18.565s] -- Installing: /home/ivan/ros2_ws/task5/install/my_robot_gazebo/share/my_robot_gazebo/local_setup.bash
[18.566s] -- Installing: /home/ivan/ros2_ws/task5/install/my_robot_gazebo/share/my_robot_gazebo/local_setup.sh
[18.566s] -- Installing: /home/ivan/ros2_ws/task5/install/my_robot_gazebo/share/my_robot_gazebo/local_setup.zsh
[18.566s] -- Installing: /home/ivan/ros2_ws/task5/install/my_robot_gazebo/share/my_robot_gazebo/local_setup.dsv
[18.567s] -- Installing: /home/ivan/ros2_ws/task5/install/my_robot_gazebo/share/my_robot_gazebo/package.dsv
[18.568s] -- Installing: /home/ivan/ros2_ws/task5/install/my_robot_gazebo/share/ament_index/resource_index/packages/my_robot_gazebo
[18.568s] -- Installing: /home/ivan/ros2_ws/task5/install/my_robot_gazebo/share/my_robot_gazebo/cmake/my_robot_gazeboConfig.cmake
[18.569s] -- Installing: /home/ivan/ros2_ws/task5/install/my_robot_gazebo/share/my_robot_gazebo/cmake/my_robot_gazeboConfig-version.cmake
[18.569s] -- Installing: /home/ivan/ros2_ws/task5/install/my_robot_gazebo/share/my_robot_gazebo/package.xml
[18.573s] Invoked command in '/home/ivan/ros2_ws/task5/build/my_robot_gazebo' returned '0': CMAKE_PREFIX_PATH=/home/ivan/ros2_ws/task5/install/my_robot_description:/home/ivan/ros2_ws/task5/ex03/install/my_robot_gazebo:/home/ivan/ros2_ws/task5/install/my_robot_gazebo:/home/ivan/ros2_ws/install/tutorial_interfaces:/home/ivan/ros2_ws/install/turtlesim:/home/ivan/ros2_ws/install/turtle_multi_target:/home/ivan/ros2_ws/install/text_to_cmd_vel_pkg:/home/ivan/ros2_ws/install/py_pubsub:/home/ivan/ros2_ws/install/my_package:/home/ivan/ros2_ws/install/Ivan:/opt/ros/humble /usr/bin/cmake --install /home/ivan/ros2_ws/task5/build/my_robot_gazebo
