[0.398s] DEBUG:colcon:Command line arguments: ['/usr/bin/colcon', 'build', '--symlink-install', '--packages-select', 'my_unique_robot_gazebo']
[0.399s] DEBUG:colcon:Parsed command line arguments: Namespace(log_base=None, log_level=None, verb_name='build', build_base='build', install_base='install', merge_install=False, symlink_install=True, test_result_base=None, continue_on_error=False, executor='parallel', parallel_workers=2, event_handlers=None, ignore_user_meta=False, metas=['./colcon.meta'], base_paths=['.'], packages_ignore=None, packages_ignore_regex=None, paths=None, packages_up_to=None, packages_up_to_regex=None, packages_above=None, packages_above_and_dependencies=None, packages_above_depth=None, packages_select_by_dep=None, packages_skip_by_dep=None, packages_skip_up_to=None, packages_select_build_failed=False, packages_skip_build_finished=False, packages_select_test_failures=False, packages_skip_test_passed=False, packages_select=['my_unique_robot_gazebo'], packages_skip=None, packages_select_regex=None, packages_skip_regex=None, packages_start=None, packages_end=None, allow_overriding=[], cmake_args=None, cmake_target=None, cmake_target_skip_unavailable=False, cmake_clean_cache=False, cmake_clean_first=False, cmake_force_configure=False, ament_cmake_args=None, catkin_cmake_args=None, catkin_skip_building_tests=False, verb_parser=<colcon_defaults.argument_parser.defaults.DefaultArgumentsDecorator object at 0x7062f1a974f0>, verb_extension=<colcon_core.verb.build.BuildVerb object at 0x7062f1ccca90>, main=<bound method BuildVerb.main of <colcon_core.verb.build.BuildVerb object at 0x7062f1ccca90>>)
[0.746s] Level 1:colcon.colcon_core.package_discovery:discover_packages(colcon_meta) check parameters
[0.747s] Level 1:colcon.colcon_core.package_discovery:discover_packages(recursive) check parameters
[0.747s] Level 1:colcon.colcon_core.package_discovery:discover_packages(ignore) check parameters
[0.747s] Level 1:colcon.colcon_core.package_discovery:discover_packages(path) check parameters
[0.747s] Level 1:colcon.colcon_core.package_discovery:discover_packages(colcon_meta) discover
[0.747s] Level 1:colcon.colcon_core.package_discovery:discover_packages(recursive) discover
[0.747s] INFO:colcon.colcon_core.package_discovery:Crawling recursively for packages in '/home/ivan/ros2_ws/task6/ex02'
[0.747s] Level 1:colcon.colcon_core.package_identification:_identify(.) by extensions ['ignore', 'ignore_ament_install']
[0.747s] Level 1:colcon.colcon_core.package_identification:_identify(.) by extension 'ignore'
[0.747s] Level 1:colcon.colcon_core.package_identification:_identify(.) by extension 'ignore_ament_install'
[0.748s] Level 1:colcon.colcon_core.package_identification:_identify(.) by extensions ['colcon_pkg']
[0.748s] Level 1:colcon.colcon_core.package_identification:_identify(.) by extension 'colcon_pkg'
[0.748s] Level 1:colcon.colcon_core.package_identification:_identify(.) by extensions ['colcon_meta']
[0.748s] Level 1:colcon.colcon_core.package_identification:_identify(.) by extension 'colcon_meta'
[0.748s] Level 1:colcon.colcon_core.package_identification:_identify(.) by extensions ['ros']
[0.748s] Level 1:colcon.colcon_core.package_identification:_identify(.) by extension 'ros'
[0.787s] Level 1:colcon.colcon_core.package_identification:_identify(.) by extensions ['cmake', 'python']
[0.787s] Level 1:colcon.colcon_core.package_identification:_identify(.) by extension 'cmake'
[0.788s] Level 1:colcon.colcon_core.package_identification:_identify(.) by extension 'python'
[0.788s] Level 1:colcon.colcon_core.package_identification:_identify(.) by extensions ['python_setup_py']
[0.788s] Level 1:colcon.colcon_core.package_identification:_identify(.) by extension 'python_setup_py'
[0.788s] Level 1:colcon.colcon_core.package_identification:_identify(build) by extensions ['ignore', 'ignore_ament_install']
[0.788s] Level 1:colcon.colcon_core.package_identification:_identify(build) by extension 'ignore'
[0.788s] Level 1:colcon.colcon_core.package_identification:_identify(build) ignored
[0.788s] Level 1:colcon.colcon_core.package_identification:_identify(install) by extensions ['ignore', 'ignore_ament_install']
[0.788s] Level 1:colcon.colcon_core.package_identification:_identify(install) by extension 'ignore'
[0.789s] Level 1:colcon.colcon_core.package_identification:_identify(install) ignored
[0.789s] Level 1:colcon.colcon_core.package_identification:_identify(log) by extensions ['ignore', 'ignore_ament_install']
[0.789s] Level 1:colcon.colcon_core.package_identification:_identify(log) by extension 'ignore'
[0.789s] Level 1:colcon.colcon_core.package_identification:_identify(log) ignored
[0.789s] Level 1:colcon.colcon_core.package_identification:_identify(my_unique_robot_gazebo) by extensions ['ignore', 'ignore_ament_install']
[0.789s] Level 1:colcon.colcon_core.package_identification:_identify(my_unique_robot_gazebo) by extension 'ignore'
[0.789s] Level 1:colcon.colcon_core.package_identification:_identify(my_unique_robot_gazebo) by extension 'ignore_ament_install'
[0.789s] Level 1:colcon.colcon_core.package_identification:_identify(my_unique_robot_gazebo) by extensions ['colcon_pkg']
[0.789s] Level 1:colcon.colcon_core.package_identification:_identify(my_unique_robot_gazebo) by extension 'colcon_pkg'
[0.789s] Level 1:colcon.colcon_core.package_identification:_identify(my_unique_robot_gazebo) by extensions ['colcon_meta']
[0.789s] Level 1:colcon.colcon_core.package_identification:_identify(my_unique_robot_gazebo) by extension 'colcon_meta'
[0.789s] Level 1:colcon.colcon_core.package_identification:_identify(my_unique_robot_gazebo) by extensions ['ros']
[0.789s] Level 1:colcon.colcon_core.package_identification:_identify(my_unique_robot_gazebo) by extension 'ros'
[0.797s] DEBUG:colcon.colcon_core.package_identification:Package 'my_unique_robot_gazebo' with type 'ros.ament_cmake' and name 'my_unique_robot_gazebo'
[0.797s] Level 1:colcon.colcon_core.package_discovery:discover_packages(recursive) using defaults
[0.797s] Level 1:colcon.colcon_core.package_discovery:discover_packages(ignore) discover
[0.797s] Level 1:colcon.colcon_core.package_discovery:discover_packages(ignore) using defaults
[0.797s] Level 1:colcon.colcon_core.package_discovery:discover_packages(path) discover
[0.797s] Level 1:colcon.colcon_core.package_discovery:discover_packages(path) using defaults
[0.875s] Level 1:colcon.colcon_core.package_discovery:discover_packages(prefix_path) check parameters
[0.875s] Level 1:colcon.colcon_core.package_discovery:discover_packages(prefix_path) discover
[0.881s] DEBUG:colcon.colcon_installed_package_information.package_discovery:Found 1 installed packages in /home/ivan/ros2_ws/task6/ex01/install
[0.882s] DEBUG:colcon.colcon_installed_package_information.package_discovery:Found 7 installed packages in /home/ivan/ros2_ws/install
[0.884s] DEBUG:colcon.colcon_installed_package_information.package_discovery:Found 186 installed packages in /opt/ros/humble
[0.887s] Level 1:colcon.colcon_core.package_discovery:discover_packages(prefix_path) using defaults
[0.979s] Level 5:colcon.colcon_core.verb:set package 'my_unique_robot_gazebo' build argument 'cmake_args' from command line to 'None'
[0.979s] Level 5:colcon.colcon_core.verb:set package 'my_unique_robot_gazebo' build argument 'cmake_target' from command line to 'None'
[0.979s] Level 5:colcon.colcon_core.verb:set package 'my_unique_robot_gazebo' build argument 'cmake_target_skip_unavailable' from command line to 'False'
[0.979s] Level 5:colcon.colcon_core.verb:set package 'my_unique_robot_gazebo' build argument 'cmake_clean_cache' from command line to 'False'
[0.979s] Level 5:colcon.colcon_core.verb:set package 'my_unique_robot_gazebo' build argument 'cmake_clean_first' from command line to 'False'
[0.979s] Level 5:colcon.colcon_core.verb:set package 'my_unique_robot_gazebo' build argument 'cmake_force_configure' from command line to 'False'
[0.979s] Level 5:colcon.colcon_core.verb:set package 'my_unique_robot_gazebo' build argument 'ament_cmake_args' from command line to 'None'
[0.979s] Level 5:colcon.colcon_core.verb:set package 'my_unique_robot_gazebo' build argument 'catkin_cmake_args' from command line to 'None'
[0.980s] Level 5:colcon.colcon_core.verb:set package 'my_unique_robot_gazebo' build argument 'catkin_skip_building_tests' from command line to 'False'
[0.980s] DEBUG:colcon.colcon_core.verb:Building package 'my_unique_robot_gazebo' with the following arguments: {'ament_cmake_args': None, 'build_base': '/home/ivan/ros2_ws/task6/ex02/build/my_unique_robot_gazebo', 'catkin_cmake_args': None, 'catkin_skip_building_tests': False, 'cmake_args': None, 'cmake_clean_cache': False, 'cmake_clean_first': False, 'cmake_force_configure': False, 'cmake_target': None, 'cmake_target_skip_unavailable': False, 'install_base': '/home/ivan/ros2_ws/task6/ex02/install/my_unique_robot_gazebo', 'merge_install': False, 'path': '/home/ivan/ros2_ws/task6/ex02/my_unique_robot_gazebo', 'symlink_install': True, 'test_result_base': None}
[0.980s] INFO:colcon.colcon_core.executor:Executing jobs using 'parallel' executor
[0.982s] DEBUG:colcon.colcon_parallel_executor.executor.parallel:run_until_complete
[0.982s] INFO:colcon.colcon_ros.task.ament_cmake.build:Building ROS package in '/home/ivan/ros2_ws/task6/ex02/my_unique_robot_gazebo' with build type 'ament_cmake'
[0.983s] INFO:colcon.colcon_cmake.task.cmake.build:Building CMake package in '/home/ivan/ros2_ws/task6/ex02/my_unique_robot_gazebo'
[0.989s] INFO:colcon.colcon_core.plugin_system:Skipping extension 'colcon_core.shell.bat': Not used on non-Windows systems
[0.990s] INFO:colcon.colcon_core.shell:Skip shell extension 'powershell' for command environment: Not usable outside of PowerShell
[0.990s] DEBUG:colcon.colcon_core.shell:Skip shell extension 'dsv' for command environment
[1.025s] DEBUG:colcon.colcon_core.event_handler.log_command:Invoking command in '/home/ivan/ros2_ws/task6/ex02/build/my_unique_robot_gazebo': CMAKE_PREFIX_PATH=${CMAKE_PREFIX_PATH}:/home/ivan/ros2_ws/install/turtle_multi_target:/home/ivan/ros2_ws/install/text_to_cmd_vel_pkg:/home/ivan/ros2_ws/install/py_pubsub:/home/ivan/ros2_ws/install/my_package:/home/ivan/ros2_ws/install/Ivan:/opt/ros/humble /usr/bin/cmake /home/ivan/ros2_ws/task6/ex02/my_unique_robot_gazebo -DAMENT_CMAKE_SYMLINK_INSTALL=1 -DCMAKE_INSTALL_PREFIX=/home/ivan/ros2_ws/task6/ex02/install/my_unique_robot_gazebo
[14.894s] DEBUG:colcon.colcon_core.event_handler.log_command:Invoked command in '/home/ivan/ros2_ws/task6/ex02/build/my_unique_robot_gazebo' returned '0': CMAKE_PREFIX_PATH=${CMAKE_PREFIX_PATH}:/home/ivan/ros2_ws/install/turtle_multi_target:/home/ivan/ros2_ws/install/text_to_cmd_vel_pkg:/home/ivan/ros2_ws/install/py_pubsub:/home/ivan/ros2_ws/install/my_package:/home/ivan/ros2_ws/install/Ivan:/opt/ros/humble /usr/bin/cmake /home/ivan/ros2_ws/task6/ex02/my_unique_robot_gazebo -DAMENT_CMAKE_SYMLINK_INSTALL=1 -DCMAKE_INSTALL_PREFIX=/home/ivan/ros2_ws/task6/ex02/install/my_unique_robot_gazebo
[14.898s] DEBUG:colcon.colcon_core.event_handler.log_command:Invoking command in '/home/ivan/ros2_ws/task6/ex02/build/my_unique_robot_gazebo': CMAKE_PREFIX_PATH=${CMAKE_PREFIX_PATH}:/home/ivan/ros2_ws/install/turtle_multi_target:/home/ivan/ros2_ws/install/text_to_cmd_vel_pkg:/home/ivan/ros2_ws/install/py_pubsub:/home/ivan/ros2_ws/install/my_package:/home/ivan/ros2_ws/install/Ivan:/opt/ros/humble /usr/bin/cmake --build /home/ivan/ros2_ws/task6/ex02/build/my_unique_robot_gazebo -- -j2 -l2
[14.992s] DEBUG:colcon.colcon_core.event_handler.log_command:Invoked command in '/home/ivan/ros2_ws/task6/ex02/build/my_unique_robot_gazebo' returned '0': CMAKE_PREFIX_PATH=${CMAKE_PREFIX_PATH}:/home/ivan/ros2_ws/install/turtle_multi_target:/home/ivan/ros2_ws/install/text_to_cmd_vel_pkg:/home/ivan/ros2_ws/install/py_pubsub:/home/ivan/ros2_ws/install/my_package:/home/ivan/ros2_ws/install/Ivan:/opt/ros/humble /usr/bin/cmake --build /home/ivan/ros2_ws/task6/ex02/build/my_unique_robot_gazebo -- -j2 -l2
[15.014s] DEBUG:colcon.colcon_core.event_handler.log_command:Invoking command in '/home/ivan/ros2_ws/task6/ex02/build/my_unique_robot_gazebo': CMAKE_PREFIX_PATH=${CMAKE_PREFIX_PATH}:/home/ivan/ros2_ws/install/turtle_multi_target:/home/ivan/ros2_ws/install/text_to_cmd_vel_pkg:/home/ivan/ros2_ws/install/py_pubsub:/home/ivan/ros2_ws/install/my_package:/home/ivan/ros2_ws/install/Ivan:/opt/ros/humble /usr/bin/cmake --install /home/ivan/ros2_ws/task6/ex02/build/my_unique_robot_gazebo
[15.434s] Level 1:colcon.colcon_core.environment:create_environment_scripts_only(my_unique_robot_gazebo)
[15.435s] DEBUG:colcon.colcon_core.event_handler.log_command:Invoked command in '/home/ivan/ros2_ws/task6/ex02/build/my_unique_robot_gazebo' returned '0': CMAKE_PREFIX_PATH=${CMAKE_PREFIX_PATH}:/home/ivan/ros2_ws/install/turtle_multi_target:/home/ivan/ros2_ws/install/text_to_cmd_vel_pkg:/home/ivan/ros2_ws/install/py_pubsub:/home/ivan/ros2_ws/install/my_package:/home/ivan/ros2_ws/install/Ivan:/opt/ros/humble /usr/bin/cmake --install /home/ivan/ros2_ws/task6/ex02/build/my_unique_robot_gazebo
[15.441s] Level 1:colcon.colcon_core.environment:checking '/home/ivan/ros2_ws/task6/ex02/install/my_unique_robot_gazebo' for CMake module files
[15.442s] Level 1:colcon.colcon_core.environment:checking '/home/ivan/ros2_ws/task6/ex02/install/my_unique_robot_gazebo' for CMake config files
[15.442s] Level 1:colcon.colcon_core.shell:create_environment_hook('my_unique_robot_gazebo', 'cmake_prefix_path')
[15.443s] INFO:colcon.colcon_core.shell:Creating environment hook '/home/ivan/ros2_ws/task6/ex02/install/my_unique_robot_gazebo/share/my_unique_robot_gazebo/hook/cmake_prefix_path.ps1'
[15.444s] INFO:colcon.colcon_core.shell:Creating environment descriptor '/home/ivan/ros2_ws/task6/ex02/install/my_unique_robot_gazebo/share/my_unique_robot_gazebo/hook/cmake_prefix_path.dsv'
[15.446s] INFO:colcon.colcon_core.shell:Creating environment hook '/home/ivan/ros2_ws/task6/ex02/install/my_unique_robot_gazebo/share/my_unique_robot_gazebo/hook/cmake_prefix_path.sh'
[15.447s] Level 1:colcon.colcon_core.environment:checking '/home/ivan/ros2_ws/task6/ex02/install/my_unique_robot_gazebo/lib'
[15.447s] Level 1:colcon.colcon_core.environment:checking '/home/ivan/ros2_ws/task6/ex02/install/my_unique_robot_gazebo/bin'
[15.447s] Level 1:colcon.colcon_core.environment:checking '/home/ivan/ros2_ws/task6/ex02/install/my_unique_robot_gazebo/lib/pkgconfig/my_unique_robot_gazebo.pc'
[15.448s] Level 1:colcon.colcon_core.environment:checking '/home/ivan/ros2_ws/task6/ex02/install/my_unique_robot_gazebo/lib/python3.10/site-packages'
[15.449s] Level 1:colcon.colcon_core.environment:checking '/home/ivan/ros2_ws/task6/ex02/install/my_unique_robot_gazebo/bin'
[15.449s] INFO:colcon.colcon_core.shell:Creating package script '/home/ivan/ros2_ws/task6/ex02/install/my_unique_robot_gazebo/share/my_unique_robot_gazebo/package.ps1'
[15.451s] INFO:colcon.colcon_core.shell:Creating package descriptor '/home/ivan/ros2_ws/task6/ex02/install/my_unique_robot_gazebo/share/my_unique_robot_gazebo/package.dsv'
[15.451s] INFO:colcon.colcon_core.shell:Creating package script '/home/ivan/ros2_ws/task6/ex02/install/my_unique_robot_gazebo/share/my_unique_robot_gazebo/package.sh'
[15.452s] INFO:colcon.colcon_core.shell:Creating package script '/home/ivan/ros2_ws/task6/ex02/install/my_unique_robot_gazebo/share/my_unique_robot_gazebo/package.bash'
[15.455s] INFO:colcon.colcon_core.shell:Creating package script '/home/ivan/ros2_ws/task6/ex02/install/my_unique_robot_gazebo/share/my_unique_robot_gazebo/package.zsh'
[15.457s] Level 1:colcon.colcon_core.environment:create_file_with_runtime_dependencies(/home/ivan/ros2_ws/task6/ex02/install/my_unique_robot_gazebo/share/colcon-core/packages/my_unique_robot_gazebo)
[15.460s] Level 1:colcon.colcon_core.environment:create_environment_scripts_only(my_unique_robot_gazebo)
[15.460s] Level 1:colcon.colcon_core.environment:checking '/home/ivan/ros2_ws/task6/ex02/install/my_unique_robot_gazebo' for CMake module files
[15.461s] Level 1:colcon.colcon_core.environment:checking '/home/ivan/ros2_ws/task6/ex02/install/my_unique_robot_gazebo' for CMake config files
[15.462s] Level 1:colcon.colcon_core.shell:create_environment_hook('my_unique_robot_gazebo', 'cmake_prefix_path')
[15.462s] INFO:colcon.colcon_core.shell:Creating environment hook '/home/ivan/ros2_ws/task6/ex02/install/my_unique_robot_gazebo/share/my_unique_robot_gazebo/hook/cmake_prefix_path.ps1'
[15.463s] INFO:colcon.colcon_core.shell:Creating environment descriptor '/home/ivan/ros2_ws/task6/ex02/install/my_unique_robot_gazebo/share/my_unique_robot_gazebo/hook/cmake_prefix_path.dsv'
[15.464s] INFO:colcon.colcon_core.shell:Creating environment hook '/home/ivan/ros2_ws/task6/ex02/install/my_unique_robot_gazebo/share/my_unique_robot_gazebo/hook/cmake_prefix_path.sh'
[15.465s] Level 1:colcon.colcon_core.environment:checking '/home/ivan/ros2_ws/task6/ex02/install/my_unique_robot_gazebo/lib'
[15.465s] Level 1:colcon.colcon_core.environment:checking '/home/ivan/ros2_ws/task6/ex02/install/my_unique_robot_gazebo/bin'
[15.465s] Level 1:colcon.colcon_core.environment:checking '/home/ivan/ros2_ws/task6/ex02/install/my_unique_robot_gazebo/lib/pkgconfig/my_unique_robot_gazebo.pc'
[15.465s] Level 1:colcon.colcon_core.environment:checking '/home/ivan/ros2_ws/task6/ex02/install/my_unique_robot_gazebo/lib/python3.10/site-packages'
[15.465s] Level 1:colcon.colcon_core.environment:checking '/home/ivan/ros2_ws/task6/ex02/install/my_unique_robot_gazebo/bin'
[15.466s] INFO:colcon.colcon_core.shell:Creating package script '/home/ivan/ros2_ws/task6/ex02/install/my_unique_robot_gazebo/share/my_unique_robot_gazebo/package.ps1'
[15.467s] INFO:colcon.colcon_core.shell:Creating package descriptor '/home/ivan/ros2_ws/task6/ex02/install/my_unique_robot_gazebo/share/my_unique_robot_gazebo/package.dsv'
[15.468s] INFO:colcon.colcon_core.shell:Creating package script '/home/ivan/ros2_ws/task6/ex02/install/my_unique_robot_gazebo/share/my_unique_robot_gazebo/package.sh'
[15.468s] INFO:colcon.colcon_core.shell:Creating package script '/home/ivan/ros2_ws/task6/ex02/install/my_unique_robot_gazebo/share/my_unique_robot_gazebo/package.bash'
[15.469s] INFO:colcon.colcon_core.shell:Creating package script '/home/ivan/ros2_ws/task6/ex02/install/my_unique_robot_gazebo/share/my_unique_robot_gazebo/package.zsh'
[15.470s] Level 1:colcon.colcon_core.environment:create_file_with_runtime_dependencies(/home/ivan/ros2_ws/task6/ex02/install/my_unique_robot_gazebo/share/colcon-core/packages/my_unique_robot_gazebo)
[15.471s] DEBUG:colcon.colcon_parallel_executor.executor.parallel:closing loop
[15.471s] DEBUG:colcon.colcon_parallel_executor.executor.parallel:loop closed
[15.472s] DEBUG:colcon.colcon_parallel_executor.executor.parallel:run_until_complete finished with '0'
[15.472s] DEBUG:colcon.colcon_core.event_reactor:joining thread
[15.533s] INFO:colcon.colcon_core.plugin_system:Skipping extension 'colcon_notification.desktop_notification.notify_send': Could not find 'notify-send'
[15.534s] INFO:colcon.colcon_core.plugin_system:Skipping extension 'colcon_notification.desktop_notification.terminal_notifier': Not used on non-Darwin systems
[15.534s] INFO:colcon.colcon_core.plugin_system:Skipping extension 'colcon_notification.desktop_notification.win32': Not used on non-Windows systems
[15.534s] INFO:colcon.colcon_notification.desktop_notification:Sending desktop notification using 'notify2'
[15.535s] DEBUG:colcon.colcon_notification.desktop_notification.notify2:Failed to initialize notify2: org.freedesktop.DBus.Error.FileNotFound: Failed to connect to socket /run/user/1000/bus: No such file or directory
[15.535s] DEBUG:colcon.colcon_core.event_reactor:joined thread
[15.535s] INFO:colcon.colcon_core.shell:Creating prefix script '/home/ivan/ros2_ws/task6/ex02/install/local_setup.ps1'
[15.537s] INFO:colcon.colcon_core.shell:Creating prefix util module '/home/ivan/ros2_ws/task6/ex02/install/_local_setup_util_ps1.py'
[15.539s] INFO:colcon.colcon_core.shell:Creating prefix chain script '/home/ivan/ros2_ws/task6/ex02/install/setup.ps1'
[15.541s] INFO:colcon.colcon_core.shell:Creating prefix script '/home/ivan/ros2_ws/task6/ex02/install/local_setup.sh'
[15.542s] INFO:colcon.colcon_core.shell:Creating prefix util module '/home/ivan/ros2_ws/task6/ex02/install/_local_setup_util_sh.py'
[15.543s] INFO:colcon.colcon_core.shell:Creating prefix chain script '/home/ivan/ros2_ws/task6/ex02/install/setup.sh'
[15.545s] INFO:colcon.colcon_core.shell:Creating prefix script '/home/ivan/ros2_ws/task6/ex02/install/local_setup.bash'
[15.545s] INFO:colcon.colcon_core.shell:Creating prefix chain script '/home/ivan/ros2_ws/task6/ex02/install/setup.bash'
[15.547s] INFO:colcon.colcon_core.shell:Creating prefix script '/home/ivan/ros2_ws/task6/ex02/install/local_setup.zsh'
[15.548s] INFO:colcon.colcon_core.shell:Creating prefix chain script '/home/ivan/ros2_ws/task6/ex02/install/setup.zsh'
