[1.221s] Invoking command in '/home/ivan/ros2_ws/task5/ex05/my_unique_robot_control': CMAKE_PREFIX_PATH=/home/ivan/ros2_ws/task5/install/my_robot_gazebo:/home/ivan/ros2_ws/task5/install/my_unique_robot_gazebo:/home/ivan/ros2_ws/task5/install/my_robot_description:/home/ivan/ros2_ws/task5/ex03/install/my_robot_gazebo:/home/ivan/ros2_ws/install/tutorial_interfaces:/home/ivan/ros2_ws/install/turtlesim PYTHONPATH=/home/ivan/ros2_ws/task5/build/my_unique_robot_control/prefix_override:/usr/lib/python3/dist-packages/colcon_core/task/python/colcon_distutils_commands:/home/ivan/ros2_ws/task5/install/my_unique_robot_control/lib/python3.10/site-packages:${PYTHONPATH} /usr/bin/python3 -W ignore:setup.py install is deprecated -W ignore:easy_install command is deprecated setup.py egg_info --egg-base ../../build/my_unique_robot_control build --build-base /home/ivan/ros2_ws/task5/build/my_unique_robot_control/build install --record /home/ivan/ros2_ws/task5/build/my_unique_robot_control/install.log --single-version-externally-managed install_data
[1.562s] running egg_info
[1.564s] writing ../../build/my_unique_robot_control/my_unique_robot_control.egg-info/PKG-INFO
[1.564s] writing dependency_links to ../../build/my_unique_robot_control/my_unique_robot_control.egg-info/dependency_links.txt
[1.565s] writing entry points to ../../build/my_unique_robot_control/my_unique_robot_control.egg-info/entry_points.txt
[1.565s] writing requirements to ../../build/my_unique_robot_control/my_unique_robot_control.egg-info/requires.txt
[1.565s] writing top-level names to ../../build/my_unique_robot_control/my_unique_robot_control.egg-info/top_level.txt
[1.568s] reading manifest file '../../build/my_unique_robot_control/my_unique_robot_control.egg-info/SOURCES.txt'
[1.570s] writing manifest file '../../build/my_unique_robot_control/my_unique_robot_control.egg-info/SOURCES.txt'
[1.570s] running build
[1.570s] running build_py
[1.571s] running install
[1.571s] running install_lib
[1.573s] running install_data
[1.574s] running install_egg_info
[1.576s] removing '/home/ivan/ros2_ws/task5/install/my_unique_robot_control/lib/python3.10/site-packages/my_unique_robot_control-0.0.0-py3.10.egg-info' (and everything under it)
[1.577s] Copying ../../build/my_unique_robot_control/my_unique_robot_control.egg-info to /home/ivan/ros2_ws/task5/install/my_unique_robot_control/lib/python3.10/site-packages/my_unique_robot_control-0.0.0-py3.10.egg-info
[1.579s] running install_scripts
[1.614s] Installing unique_movement script to /home/ivan/ros2_ws/task5/install/my_unique_robot_control/lib/my_unique_robot_control
[1.615s] writing list of installed files to '/home/ivan/ros2_ws/task5/build/my_unique_robot_control/install.log'
[1.652s] Invoked command in '/home/ivan/ros2_ws/task5/ex05/my_unique_robot_control' returned '0': CMAKE_PREFIX_PATH=/home/ivan/ros2_ws/task5/install/my_robot_gazebo:/home/ivan/ros2_ws/task5/install/my_unique_robot_gazebo:/home/ivan/ros2_ws/task5/install/my_robot_description:/home/ivan/ros2_ws/task5/ex03/install/my_robot_gazebo:/home/ivan/ros2_ws/install/tutorial_interfaces:/home/ivan/ros2_ws/install/turtlesim PYTHONPATH=/home/ivan/ros2_ws/task5/build/my_unique_robot_control/prefix_override:/usr/lib/python3/dist-packages/colcon_core/task/python/colcon_distutils_commands:/home/ivan/ros2_ws/task5/install/my_unique_robot_control/lib/python3.10/site-packages:${PYTHONPATH} /usr/bin/python3 -W ignore:setup.py install is deprecated -W ignore:easy_install command is deprecated setup.py egg_info --egg-base ../../build/my_unique_robot_control build --build-base /home/ivan/ros2_ws/task5/build/my_unique_robot_control/build install --record /home/ivan/ros2_ws/task5/build/my_unique_robot_control/install.log --single-version-externally-managed install_data
