[0.030s] Invoking command in '/home/ivan/ros2_ws/task5/ex01/build/my_robot_description': CMAKE_PREFIX_PATH=${CMAKE_PREFIX_PATH}:/home/ivan/ros2_ws/install/turtle_multi_target:/home/ivan/ros2_ws/install/text_to_cmd_vel_pkg:/home/ivan/ros2_ws/install/py_pubsub:/home/ivan/ros2_ws/install/my_package:/home/ivan/ros2_ws/install/Ivan:/opt/ros/humble /usr/bin/cmake /home/ivan/ros2_ws/task5/ex01/my_robot_description -DAMENT_CMAKE_SYMLINK_INSTALL=1 -DCMAKE_INSTALL_PREFIX=/home/ivan/ros2_ws/task5/ex01/install/my_robot_description
[0.419s] -- The C compiler identification is GNU 11.4.0
[0.890s] -- The CXX compiler identification is GNU 11.4.0
[1.190s] -- Detecting C compiler ABI info
[1.365s] -- Detecting C compiler ABI info - done
[1.373s] -- Check for working C compiler: /usr/bin/cc - skipped
[1.379s] -- Detecting C compile features
[1.381s] -- Detecting C compile features - done
[1.387s] -- Detecting CXX compiler ABI info
[1.552s] -- Detecting CXX compiler ABI info - done
[1.562s] -- Check for working CXX compiler: /usr/bin/c++ - skipped
[1.562s] -- Detecting CXX compile features
[1.563s] -- Detecting CXX compile features - done
[1.601s] -- Found ament_cmake: 1.3.12 (/opt/ros/humble/share/ament_cmake/cmake)
[1.821s] -- Found Python3: /usr/bin/python3 (found version "3.10.12") found components: Interpreter 
[1.926s] -- Override CMake install command with custom implementation using symlinks instead of copying resources
[2.010s] -- Found urdf: 2.6.1 (/opt/ros/humble/share/urdf/cmake)
[4.606s] [31mCMake Error at CMakeLists.txt:11 (find_package):
[4.606s]   By not providing "Findxacro.cmake" in CMAKE_MODULE_PATH this project has
[4.606s]   asked CMake to find a package configuration file provided by "xacro", but
[4.606s]   CMake did not find one.
[4.607s] 
[4.607s]   Could not find a package configuration file provided by "xacro" with any of
[4.607s]   the following names:
[4.607s] 
[4.607s]     xacroConfig.cmake
[4.607s]     xacro-config.cmake
[4.607s] 
[4.607s]   Add the installation prefix of "xacro" to CMAKE_PREFIX_PATH or set
[4.607s]   "xacro_DIR" to a directory containing one of the above files.  If "xacro"
[4.607s]   provides a separate development package or SDK, be sure it has been
[4.607s]   installed.
[4.607s] 
[4.608s] [0m
[4.608s] -- Configuring incomplete, errors occurred!
[4.608s] See also "/home/ivan/ros2_ws/task5/ex01/build/my_robot_description/CMakeFiles/CMakeOutput.log".
[4.616s] Invoked command in '/home/ivan/ros2_ws/task5/ex01/build/my_robot_description' returned '1': CMAKE_PREFIX_PATH=${CMAKE_PREFIX_PATH}:/home/ivan/ros2_ws/install/turtle_multi_target:/home/ivan/ros2_ws/install/text_to_cmd_vel_pkg:/home/ivan/ros2_ws/install/py_pubsub:/home/ivan/ros2_ws/install/my_package:/home/ivan/ros2_ws/install/Ivan:/opt/ros/humble /usr/bin/cmake /home/ivan/ros2_ws/task5/ex01/my_robot_description -DAMENT_CMAKE_SYMLINK_INSTALL=1 -DCMAKE_INSTALL_PREFIX=/home/ivan/ros2_ws/task5/ex01/install/my_robot_description
