[0.036s] Invoking command in '/home/ivan/ros2_ws/task6/ex02/build/my_unique_robot_gazebo': CMAKE_PREFIX_PATH=${CMAKE_PREFIX_PATH}:/home/ivan/ros2_ws/install/turtle_multi_target:/home/ivan/ros2_ws/install/text_to_cmd_vel_pkg:/home/ivan/ros2_ws/install/py_pubsub:/home/ivan/ros2_ws/install/my_package:/home/ivan/ros2_ws/install/Ivan:/opt/ros/humble /usr/bin/cmake --build /home/ivan/ros2_ws/task6/ex02/build/my_unique_robot_gazebo -- -j2 -l2
[0.177s] Invoked command in '/home/ivan/ros2_ws/task6/ex02/build/my_unique_robot_gazebo' returned '0': CMAKE_PREFIX_PATH=${CMAKE_PREFIX_PATH}:/home/ivan/ros2_ws/install/turtle_multi_target:/home/ivan/ros2_ws/install/text_to_cmd_vel_pkg:/home/ivan/ros2_ws/install/py_pubsub:/home/ivan/ros2_ws/install/my_package:/home/ivan/ros2_ws/install/Ivan:/opt/ros/humble /usr/bin/cmake --build /home/ivan/ros2_ws/task6/ex02/build/my_unique_robot_gazebo -- -j2 -l2
[0.202s] Invoking command in '/home/ivan/ros2_ws/task6/ex02/build/my_unique_robot_gazebo': CMAKE_PREFIX_PATH=${CMAKE_PREFIX_PATH}:/home/ivan/ros2_ws/install/turtle_multi_target:/home/ivan/ros2_ws/install/text_to_cmd_vel_pkg:/home/ivan/ros2_ws/install/py_pubsub:/home/ivan/ros2_ws/install/my_package:/home/ivan/ros2_ws/install/Ivan:/opt/ros/humble /usr/bin/cmake --install /home/ivan/ros2_ws/task6/ex02/build/my_unique_robot_gazebo
[0.219s] -- Install configuration: ""
[0.221s] -- Execute custom install script
[0.223s] -- Up-to-date symlink: /home/ivan/ros2_ws/task6/ex02/install/my_unique_robot_gazebo/share/my_unique_robot_gazebo/launch/robot_depth_camera.launch.py
[0.223s] -- Up-to-date symlink: /home/ivan/ros2_ws/task6/ex02/install/my_unique_robot_gazebo/share/my_unique_robot_gazebo/launch/robot_lidar.launch.py
[0.225s] -- Up-to-date symlink: /home/ivan/ros2_ws/task6/ex02/install/my_unique_robot_gazebo/share/my_unique_robot_gazebo/config/robot.gazebo.xacro
[0.226s] -- Up-to-date symlink: /home/ivan/ros2_ws/task6/ex02/install/my_unique_robot_gazebo/share/my_unique_robot_gazebo/config/robot.urdf.xacro
[0.226s] -- Up-to-date symlink: /home/ivan/ros2_ws/task6/ex02/install/my_unique_robot_gazebo/share/my_unique_robot_gazebo/config/simple_lidar.sdf
[0.227s] -- Up-to-date symlink: /home/ivan/ros2_ws/task6/ex02/install/my_unique_robot_gazebo/share/my_unique_robot_gazebo/config/test_lidar.sdf
[0.229s] -- Up-to-date symlink: /home/ivan/ros2_ws/task6/ex02/install/my_unique_robot_gazebo/lib/my_unique_robot_gazebo/odom_to_tf.py
[0.229s] -- Up-to-date symlink: /home/ivan/ros2_ws/task6/ex02/install/my_unique_robot_gazebo/share/ament_index/resource_index/package_run_dependencies/my_unique_robot_gazebo
[0.230s] -- Up-to-date symlink: /home/ivan/ros2_ws/task6/ex02/install/my_unique_robot_gazebo/share/ament_index/resource_index/parent_prefix_path/my_unique_robot_gazebo
[0.231s] -- Up-to-date symlink: /home/ivan/ros2_ws/task6/ex02/install/my_unique_robot_gazebo/share/my_unique_robot_gazebo/environment/ament_prefix_path.sh
[0.232s] -- Up-to-date symlink: /home/ivan/ros2_ws/task6/ex02/install/my_unique_robot_gazebo/share/my_unique_robot_gazebo/environment/ament_prefix_path.dsv
[0.232s] -- Up-to-date symlink: /home/ivan/ros2_ws/task6/ex02/install/my_unique_robot_gazebo/share/my_unique_robot_gazebo/environment/path.sh
[0.233s] -- Up-to-date symlink: /home/ivan/ros2_ws/task6/ex02/install/my_unique_robot_gazebo/share/my_unique_robot_gazebo/environment/path.dsv
[0.233s] -- Up-to-date symlink: /home/ivan/ros2_ws/task6/ex02/install/my_unique_robot_gazebo/share/my_unique_robot_gazebo/local_setup.bash
[0.234s] -- Up-to-date symlink: /home/ivan/ros2_ws/task6/ex02/install/my_unique_robot_gazebo/share/my_unique_robot_gazebo/local_setup.sh
[0.235s] -- Up-to-date symlink: /home/ivan/ros2_ws/task6/ex02/install/my_unique_robot_gazebo/share/my_unique_robot_gazebo/local_setup.zsh
[0.235s] -- Up-to-date symlink: /home/ivan/ros2_ws/task6/ex02/install/my_unique_robot_gazebo/share/my_unique_robot_gazebo/local_setup.dsv
[0.235s] -- Symlinking: /home/ivan/ros2_ws/task6/ex02/install/my_unique_robot_gazebo/share/my_unique_robot_gazebo/package.dsv
[0.258s] -- Up-to-date symlink: /home/ivan/ros2_ws/task6/ex02/install/my_unique_robot_gazebo/share/ament_index/resource_index/packages/my_unique_robot_gazebo
[0.258s] -- Up-to-date symlink: /home/ivan/ros2_ws/task6/ex02/install/my_unique_robot_gazebo/share/my_unique_robot_gazebo/cmake/my_unique_robot_gazeboConfig.cmake
[0.259s] -- Up-to-date symlink: /home/ivan/ros2_ws/task6/ex02/install/my_unique_robot_gazebo/share/my_unique_robot_gazebo/cmake/my_unique_robot_gazeboConfig-version.cmake
[0.260s] -- Up-to-date symlink: /home/ivan/ros2_ws/task6/ex02/install/my_unique_robot_gazebo/share/my_unique_robot_gazebo/package.xml
[0.266s] Invoked command in '/home/ivan/ros2_ws/task6/ex02/build/my_unique_robot_gazebo' returned '0': CMAKE_PREFIX_PATH=${CMAKE_PREFIX_PATH}:/home/ivan/ros2_ws/install/turtle_multi_target:/home/ivan/ros2_ws/install/text_to_cmd_vel_pkg:/home/ivan/ros2_ws/install/py_pubsub:/home/ivan/ros2_ws/install/my_package:/home/ivan/ros2_ws/install/Ivan:/opt/ros/humble /usr/bin/cmake --install /home/ivan/ros2_ws/task6/ex02/build/my_unique_robot_gazebo
