[0.014s] Invoking command in '/home/ivan/ros2_ws/task6/ex01/build/my_unique_robot_gazebo': CMAKE_PREFIX_PATH=${CMAKE_PREFIX_PATH}:/home/ivan/ros2_ws/install/turtle_multi_target:/home/ivan/ros2_ws/install/text_to_cmd_vel_pkg:/home/ivan/ros2_ws/install/py_pubsub:/home/ivan/ros2_ws/install/my_package:/home/ivan/ros2_ws/install/Ivan:/opt/ros/humble /usr/bin/cmake /home/ivan/ros2_ws/task6/ex01/my_unique_robot_gazebo -DAMENT_CMAKE_SYMLINK_INSTALL=1 -DCMAKE_INSTALL_PREFIX=/home/ivan/ros2_ws/task6/ex01/install/my_unique_robot_gazebo
[0.200s] -- The C compiler identification is GNU 11.4.0
[0.535s] -- The CXX compiler identification is GNU 11.4.0
[0.769s] -- Detecting C compiler ABI info
[0.915s] -- Detecting C compiler ABI info - done
[0.921s] -- Check for working C compiler: /usr/bin/cc - skipped
[0.921s] -- Detecting C compile features
[0.921s] -- Detecting C compile features - done
[0.926s] -- Detecting CXX compiler ABI info
[1.080s] -- Detecting CXX compiler ABI info - done
[1.086s] -- Check for working CXX compiler: /usr/bin/c++ - skipped
[1.086s] -- Detecting CXX compile features
[1.086s] -- Detecting CXX compile features - done
[1.090s] -- Found ament_cmake: 1.3.12 (/opt/ros/humble/share/ament_cmake/cmake)
[1.250s] -- Found Python3: /usr/bin/python3 (found version "3.10.12") found components: Interpreter 
[1.316s] -- Override CMake install command with custom implementation using symlinks instead of copying resources
[1.356s] -- Found ros_gz_sim: 0.244.12 (/opt/ros/humble/share/ros_gz_sim/cmake)
[1.522s] -- Found rosidl_generator_c: 3.1.7 (/opt/ros/humble/share/rosidl_generator_c/cmake)
[1.528s] -- Found rosidl_adapter: 3.1.7 (/opt/ros/humble/share/rosidl_adapter/cmake)
[1.536s] -- Found rosidl_generator_cpp: 3.1.7 (/opt/ros/humble/share/rosidl_generator_cpp/cmake)
[1.548s] -- Using all available rosidl_typesupport_c: rosidl_typesupport_fastrtps_c;rosidl_typesupport_introspection_c
[1.564s] -- Using all available rosidl_typesupport_cpp: rosidl_typesupport_fastrtps_cpp;rosidl_typesupport_introspection_cpp
[1.607s] -- Found rmw_implementation_cmake: 6.1.2 (/opt/ros/humble/share/rmw_implementation_cmake/cmake)
[1.609s] -- Found rmw_fastrtps_cpp: 6.2.9 (/opt/ros/humble/share/rmw_fastrtps_cpp/cmake)
[2.724s] -- Found OpenSSL: /usr/lib/x86_64-linux-gnu/libcrypto.so (found version "3.0.2")  
[3.741s] -- Found FastRTPS: /opt/ros/humble/include  
[5.983s] -- Using RMW implementation 'rmw_fastrtps_cpp' as default
[5.992s] -- Looking for pthread.h
[6.137s] -- Looking for pthread.h - found
[6.138s] -- Performing Test CMAKE_HAVE_LIBC_PTHREAD
[6.287s] -- Performing Test CMAKE_HAVE_LIBC_PTHREAD - Success
[6.288s] -- Found Threads: TRUE  
[6.337s] -- Found ros_gz_bridge: 0.244.12 (/opt/ros/humble/share/ros_gz_bridge/cmake)
[6.484s] -- Found tf2_ros: 0.25.17 (/opt/ros/humble/share/tf2_ros/cmake)
[6.534s] -- Found robot_state_publisher: 3.0.3 (/opt/ros/humble/share/robot_state_publisher/cmake)
[6.572s] -- Found eigen3_cmake_module: 0.1.1 (/opt/ros/humble/share/eigen3_cmake_module/cmake)
[6.574s] -- Found Eigen3: TRUE (found version "3.4.0") 
[6.574s] -- Ensuring Eigen3 include directory is part of orocos-kdl CMake target
[7.584s] -- Found xacro: 2.1.1 (/opt/ros/humble/share/xacro/cmake)
[7.587s] -- Found ament_lint_auto: 0.12.14 (/opt/ros/humble/share/ament_lint_auto/cmake)
[7.684s] -- Added test 'flake8' to check Python code syntax and style conventions
[7.685s] -- Added test 'lint_cmake' to check CMake code style
[7.686s] -- Added test 'pep257' to check Python code against some of the docstring style conventions in PEP 257
[7.689s] -- Added test 'xmllint' to check XML markup files
[7.692s] -- Configuring done
[7.704s] -- Generating done
[7.707s] -- Build files have been written to: /home/ivan/ros2_ws/task6/ex01/build/my_unique_robot_gazebo
[7.721s] Invoked command in '/home/ivan/ros2_ws/task6/ex01/build/my_unique_robot_gazebo' returned '0': CMAKE_PREFIX_PATH=${CMAKE_PREFIX_PATH}:/home/ivan/ros2_ws/install/turtle_multi_target:/home/ivan/ros2_ws/install/text_to_cmd_vel_pkg:/home/ivan/ros2_ws/install/py_pubsub:/home/ivan/ros2_ws/install/my_package:/home/ivan/ros2_ws/install/Ivan:/opt/ros/humble /usr/bin/cmake /home/ivan/ros2_ws/task6/ex01/my_unique_robot_gazebo -DAMENT_CMAKE_SYMLINK_INSTALL=1 -DCMAKE_INSTALL_PREFIX=/home/ivan/ros2_ws/task6/ex01/install/my_unique_robot_gazebo
[7.722s] Invoking command in '/home/ivan/ros2_ws/task6/ex01/build/my_unique_robot_gazebo': CMAKE_PREFIX_PATH=${CMAKE_PREFIX_PATH}:/home/ivan/ros2_ws/install/turtle_multi_target:/home/ivan/ros2_ws/install/text_to_cmd_vel_pkg:/home/ivan/ros2_ws/install/py_pubsub:/home/ivan/ros2_ws/install/my_package:/home/ivan/ros2_ws/install/Ivan:/opt/ros/humble /usr/bin/cmake --build /home/ivan/ros2_ws/task6/ex01/build/my_unique_robot_gazebo -- -j2 -l2
[7.770s] Invoked command in '/home/ivan/ros2_ws/task6/ex01/build/my_unique_robot_gazebo' returned '0': CMAKE_PREFIX_PATH=${CMAKE_PREFIX_PATH}:/home/ivan/ros2_ws/install/turtle_multi_target:/home/ivan/ros2_ws/install/text_to_cmd_vel_pkg:/home/ivan/ros2_ws/install/py_pubsub:/home/ivan/ros2_ws/install/my_package:/home/ivan/ros2_ws/install/Ivan:/opt/ros/humble /usr/bin/cmake --build /home/ivan/ros2_ws/task6/ex01/build/my_unique_robot_gazebo -- -j2 -l2
[7.783s] Invoking command in '/home/ivan/ros2_ws/task6/ex01/build/my_unique_robot_gazebo': CMAKE_PREFIX_PATH=${CMAKE_PREFIX_PATH}:/home/ivan/ros2_ws/install/turtle_multi_target:/home/ivan/ros2_ws/install/text_to_cmd_vel_pkg:/home/ivan/ros2_ws/install/py_pubsub:/home/ivan/ros2_ws/install/my_package:/home/ivan/ros2_ws/install/Ivan:/opt/ros/humble /usr/bin/cmake --install /home/ivan/ros2_ws/task6/ex01/build/my_unique_robot_gazebo
[7.790s] -- Install configuration: ""
[7.791s] -- Execute custom install script
[7.793s] -- Symlinking: /home/ivan/ros2_ws/task6/ex01/install/my_unique_robot_gazebo/share/my_unique_robot_gazebo/launch/robot_lidar.launch.py
[7.805s] -- Symlinking: /home/ivan/ros2_ws/task6/ex01/install/my_unique_robot_gazebo/share/my_unique_robot_gazebo/config/robot.gazebo.xacro
[7.816s] -- Symlinking: /home/ivan/ros2_ws/task6/ex01/install/my_unique_robot_gazebo/share/my_unique_robot_gazebo/config/robot.urdf.xacro
[7.829s] -- Symlinking: /home/ivan/ros2_ws/task6/ex01/install/my_unique_robot_gazebo/share/my_unique_robot_gazebo/config/simple_lidar.sdf
[7.841s] -- Symlinking: /home/ivan/ros2_ws/task6/ex01/install/my_unique_robot_gazebo/share/my_unique_robot_gazebo/config/test_lidar.sdf
[7.853s] -- Symlinking: /home/ivan/ros2_ws/task6/ex01/install/my_unique_robot_gazebo/lib/my_unique_robot_gazebo/odom_to_tf.py
[7.866s] -- Symlinking: /home/ivan/ros2_ws/task6/ex01/install/my_unique_robot_gazebo/share/ament_index/resource_index/package_run_dependencies/my_unique_robot_gazebo
[7.880s] -- Symlinking: /home/ivan/ros2_ws/task6/ex01/install/my_unique_robot_gazebo/share/ament_index/resource_index/parent_prefix_path/my_unique_robot_gazebo
[7.891s] -- Symlinking: /home/ivan/ros2_ws/task6/ex01/install/my_unique_robot_gazebo/share/my_unique_robot_gazebo/environment/ament_prefix_path.sh
[7.902s] -- Symlinking: /home/ivan/ros2_ws/task6/ex01/install/my_unique_robot_gazebo/share/my_unique_robot_gazebo/environment/ament_prefix_path.dsv
[7.914s] -- Symlinking: /home/ivan/ros2_ws/task6/ex01/install/my_unique_robot_gazebo/share/my_unique_robot_gazebo/environment/path.sh
[7.926s] -- Symlinking: /home/ivan/ros2_ws/task6/ex01/install/my_unique_robot_gazebo/share/my_unique_robot_gazebo/environment/path.dsv
[7.937s] -- Symlinking: /home/ivan/ros2_ws/task6/ex01/install/my_unique_robot_gazebo/share/my_unique_robot_gazebo/local_setup.bash
[7.950s] -- Symlinking: /home/ivan/ros2_ws/task6/ex01/install/my_unique_robot_gazebo/share/my_unique_robot_gazebo/local_setup.sh
[7.964s] -- Symlinking: /home/ivan/ros2_ws/task6/ex01/install/my_unique_robot_gazebo/share/my_unique_robot_gazebo/local_setup.zsh
[7.975s] -- Symlinking: /home/ivan/ros2_ws/task6/ex01/install/my_unique_robot_gazebo/share/my_unique_robot_gazebo/local_setup.dsv
[7.986s] -- Symlinking: /home/ivan/ros2_ws/task6/ex01/install/my_unique_robot_gazebo/share/my_unique_robot_gazebo/package.dsv
[7.999s] -- Symlinking: /home/ivan/ros2_ws/task6/ex01/install/my_unique_robot_gazebo/share/ament_index/resource_index/packages/my_unique_robot_gazebo
[8.013s] -- Symlinking: /home/ivan/ros2_ws/task6/ex01/install/my_unique_robot_gazebo/share/my_unique_robot_gazebo/cmake/my_unique_robot_gazeboConfig.cmake
[8.024s] -- Symlinking: /home/ivan/ros2_ws/task6/ex01/install/my_unique_robot_gazebo/share/my_unique_robot_gazebo/cmake/my_unique_robot_gazeboConfig-version.cmake
[8.035s] -- Symlinking: /home/ivan/ros2_ws/task6/ex01/install/my_unique_robot_gazebo/share/my_unique_robot_gazebo/package.xml
[8.050s] Invoked command in '/home/ivan/ros2_ws/task6/ex01/build/my_unique_robot_gazebo' returned '0': CMAKE_PREFIX_PATH=${CMAKE_PREFIX_PATH}:/home/ivan/ros2_ws/install/turtle_multi_target:/home/ivan/ros2_ws/install/text_to_cmd_vel_pkg:/home/ivan/ros2_ws/install/py_pubsub:/home/ivan/ros2_ws/install/my_package:/home/ivan/ros2_ws/install/Ivan:/opt/ros/humble /usr/bin/cmake --install /home/ivan/ros2_ws/task6/ex01/build/my_unique_robot_gazebo
