[0.339s] DEBUG:colcon:Command line arguments: ['/usr/bin/colcon', 'build', '--symlink-install', '--packages-select', 'my_unique_robot_gazebo']
[0.339s] DEBUG:colcon:Parsed command line arguments: Namespace(log_base=None, log_level=None, verb_name='build', build_base='build', install_base='install', merge_install=False, symlink_install=True, test_result_base=None, continue_on_error=False, executor='parallel', parallel_workers=2, event_handlers=None, ignore_user_meta=False, metas=['./colcon.meta'], base_paths=['.'], packages_ignore=None, packages_ignore_regex=None, paths=None, packages_up_to=None, packages_up_to_regex=None, packages_above=None, packages_above_and_dependencies=None, packages_above_depth=None, packages_select_by_dep=None, packages_skip_by_dep=None, packages_skip_up_to=None, packages_select_build_failed=False, packages_skip_build_finished=False, packages_select_test_failures=False, packages_skip_test_passed=False, packages_select=['my_unique_robot_gazebo'], packages_skip=None, packages_select_regex=None, packages_skip_regex=None, packages_start=None, packages_end=None, allow_overriding=[], cmake_args=None, cmake_target=None, cmake_target_skip_unavailable=False, cmake_clean_cache=False, cmake_clean_first=False, cmake_force_configure=False, ament_cmake_args=None, catkin_cmake_args=None, catkin_skip_building_tests=False, verb_parser=<colcon_defaults.argument_parser.defaults.DefaultArgumentsDecorator object at 0x70c9f0f13520>, verb_extension=<colcon_core.verb.build.BuildVerb object at 0x70c9f10ccac0>, main=<bound method BuildVerb.main of <colcon_core.verb.build.BuildVerb object at 0x70c9f10ccac0>>)
[0.783s] Level 1:colcon.colcon_core.package_discovery:discover_packages(colcon_meta) check parameters
[0.783s] Level 1:colcon.colcon_core.package_discovery:discover_packages(recursive) check parameters
[0.783s] Level 1:colcon.colcon_core.package_discovery:discover_packages(ignore) check parameters
[0.783s] Level 1:colcon.colcon_core.package_discovery:discover_packages(path) check parameters
[0.783s] Level 1:colcon.colcon_core.package_discovery:discover_packages(colcon_meta) discover
[0.783s] Level 1:colcon.colcon_core.package_discovery:discover_packages(recursive) discover
[0.783s] INFO:colcon.colcon_core.package_discovery:Crawling recursively for packages in '/home/ivan/ros2_ws/task6/ex01'
[0.783s] Level 1:colcon.colcon_core.package_identification:_identify(.) by extensions ['ignore', 'ignore_ament_install']
[0.783s] Level 1:colcon.colcon_core.package_identification:_identify(.) by extension 'ignore'
[0.783s] Level 1:colcon.colcon_core.package_identification:_identify(.) by extension 'ignore_ament_install'
[0.783s] Level 1:colcon.colcon_core.package_identification:_identify(.) by extensions ['colcon_pkg']
[0.783s] Level 1:colcon.colcon_core.package_identification:_identify(.) by extension 'colcon_pkg'
[0.783s] Level 1:colcon.colcon_core.package_identification:_identify(.) by extensions ['colcon_meta']
[0.783s] Level 1:colcon.colcon_core.package_identification:_identify(.) by extension 'colcon_meta'
[0.783s] Level 1:colcon.colcon_core.package_identification:_identify(.) by extensions ['ros']
[0.783s] Level 1:colcon.colcon_core.package_identification:_identify(.) by extension 'ros'
[0.809s] Level 1:colcon.colcon_core.package_identification:_identify(.) by extensions ['cmake', 'python']
[0.810s] Level 1:colcon.colcon_core.package_identification:_identify(.) by extension 'cmake'
[0.810s] Level 1:colcon.colcon_core.package_identification:_identify(.) by extension 'python'
[0.810s] Level 1:colcon.colcon_core.package_identification:_identify(.) by extensions ['python_setup_py']
[0.810s] Level 1:colcon.colcon_core.package_identification:_identify(.) by extension 'python_setup_py'
[0.810s] Level 1:colcon.colcon_core.package_identification:_identify(build) by extensions ['ignore', 'ignore_ament_install']
[0.810s] Level 1:colcon.colcon_core.package_identification:_identify(build) by extension 'ignore'
[0.810s] Level 1:colcon.colcon_core.package_identification:_identify(build) ignored
[0.810s] Level 1:colcon.colcon_core.package_identification:_identify(install) by extensions ['ignore', 'ignore_ament_install']
[0.810s] Level 1:colcon.colcon_core.package_identification:_identify(install) by extension 'ignore'
[0.810s] Level 1:colcon.colcon_core.package_identification:_identify(install) ignored
[0.810s] Level 1:colcon.colcon_core.package_identification:_identify(log) by extensions ['ignore', 'ignore_ament_install']
[0.810s] Level 1:colcon.colcon_core.package_identification:_identify(log) by extension 'ignore'
[0.810s] Level 1:colcon.colcon_core.package_identification:_identify(log) ignored
[0.811s] Level 1:colcon.colcon_core.package_identification:_identify(my_unique_robot_gazebo) by extensions ['ignore', 'ignore_ament_install']
[0.812s] Level 1:colcon.colcon_core.package_identification:_identify(my_unique_robot_gazebo) by extension 'ignore'
[0.812s] Level 1:colcon.colcon_core.package_identification:_identify(my_unique_robot_gazebo) by extension 'ignore_ament_install'
[0.812s] Level 1:colcon.colcon_core.package_identification:_identify(my_unique_robot_gazebo) by extensions ['colcon_pkg']
[0.812s] Level 1:colcon.colcon_core.package_identification:_identify(my_unique_robot_gazebo) by extension 'colcon_pkg'
[0.812s] Level 1:colcon.colcon_core.package_identification:_identify(my_unique_robot_gazebo) by extensions ['colcon_meta']
[0.812s] Level 1:colcon.colcon_core.package_identification:_identify(my_unique_robot_gazebo) by extension 'colcon_meta'
[0.812s] Level 1:colcon.colcon_core.package_identification:_identify(my_unique_robot_gazebo) by extensions ['ros']
[0.812s] Level 1:colcon.colcon_core.package_identification:_identify(my_unique_robot_gazebo) by extension 'ros'
[0.819s] DEBUG:colcon.colcon_core.package_identification:Package 'my_unique_robot_gazebo' with type 'ros.ament_cmake' and name 'my_unique_robot_gazebo'
[0.819s] Level 1:colcon.colcon_core.package_discovery:discover_packages(recursive) using defaults
[0.819s] Level 1:colcon.colcon_core.package_discovery:discover_packages(ignore) discover
[0.819s] Level 1:colcon.colcon_core.package_discovery:discover_packages(ignore) using defaults
[0.819s] Level 1:colcon.colcon_core.package_discovery:discover_packages(path) discover
[0.819s] Level 1:colcon.colcon_core.package_discovery:discover_packages(path) using defaults
[0.870s] Level 1:colcon.colcon_core.package_discovery:discover_packages(prefix_path) check parameters
[0.870s] Level 1:colcon.colcon_core.package_discovery:discover_packages(prefix_path) discover
[0.878s] DEBUG:colcon.colcon_installed_package_information.package_discovery:Found 7 installed packages in /home/ivan/ros2_ws/install
[0.879s] DEBUG:colcon.colcon_installed_package_information.package_discovery:Found 186 installed packages in /opt/ros/humble
[0.880s] Level 1:colcon.colcon_core.package_discovery:discover_packages(prefix_path) using defaults
[0.930s] Level 5:colcon.colcon_core.verb:set package 'my_unique_robot_gazebo' build argument 'cmake_args' from command line to 'None'
[0.931s] Level 5:colcon.colcon_core.verb:set package 'my_unique_robot_gazebo' build argument 'cmake_target' from command line to 'None'
[0.931s] Level 5:colcon.colcon_core.verb:set package 'my_unique_robot_gazebo' build argument 'cmake_target_skip_unavailable' from command line to 'False'
[0.931s] Level 5:colcon.colcon_core.verb:set package 'my_unique_robot_gazebo' build argument 'cmake_clean_cache' from command line to 'False'
[0.931s] Level 5:colcon.colcon_core.verb:set package 'my_unique_robot_gazebo' build argument 'cmake_clean_first' from command line to 'False'
[0.931s] Level 5:colcon.colcon_core.verb:set package 'my_unique_robot_gazebo' build argument 'cmake_force_configure' from command line to 'False'
[0.931s] Level 5:colcon.colcon_core.verb:set package 'my_unique_robot_gazebo' build argument 'ament_cmake_args' from command line to 'None'
[0.931s] Level 5:colcon.colcon_core.verb:set package 'my_unique_robot_gazebo' build argument 'catkin_cmake_args' from command line to 'None'
[0.931s] Level 5:colcon.colcon_core.verb:set package 'my_unique_robot_gazebo' build argument 'catkin_skip_building_tests' from command line to 'False'
[0.931s] DEBUG:colcon.colcon_core.verb:Building package 'my_unique_robot_gazebo' with the following arguments: {'ament_cmake_args': None, 'build_base': '/home/ivan/ros2_ws/task6/ex01/build/my_unique_robot_gazebo', 'catkin_cmake_args': None, 'catkin_skip_building_tests': False, 'cmake_args': None, 'cmake_clean_cache': False, 'cmake_clean_first': False, 'cmake_force_configure': False, 'cmake_target': None, 'cmake_target_skip_unavailable': False, 'install_base': '/home/ivan/ros2_ws/task6/ex01/install/my_unique_robot_gazebo', 'merge_install': False, 'path': '/home/ivan/ros2_ws/task6/ex01/my_unique_robot_gazebo', 'symlink_install': True, 'test_result_base': None}
[0.931s] INFO:colcon.colcon_core.executor:Executing jobs using 'parallel' executor
[0.933s] DEBUG:colcon.colcon_parallel_executor.executor.parallel:run_until_complete
[0.933s] INFO:colcon.colcon_ros.task.ament_cmake.build:Building ROS package in '/home/ivan/ros2_ws/task6/ex01/my_unique_robot_gazebo' with build type 'ament_cmake'
[0.933s] INFO:colcon.colcon_cmake.task.cmake.build:Building CMake package in '/home/ivan/ros2_ws/task6/ex01/my_unique_robot_gazebo'
[0.945s] INFO:colcon.colcon_core.plugin_system:Skipping extension 'colcon_core.shell.bat': Not used on non-Windows systems
[0.946s] INFO:colcon.colcon_core.shell:Skip shell extension 'powershell' for command environment: Not usable outside of PowerShell
[0.946s] DEBUG:colcon.colcon_core.shell:Skip shell extension 'dsv' for command environment
[0.960s] DEBUG:colcon.colcon_core.event_handler.log_command:Invoking command in '/home/ivan/ros2_ws/task6/ex01/build/my_unique_robot_gazebo': CMAKE_PREFIX_PATH=${CMAKE_PREFIX_PATH}:/home/ivan/ros2_ws/install/turtle_multi_target:/home/ivan/ros2_ws/install/text_to_cmd_vel_pkg:/home/ivan/ros2_ws/install/py_pubsub:/home/ivan/ros2_ws/install/my_package:/home/ivan/ros2_ws/install/Ivan:/opt/ros/humble /usr/bin/cmake --build /home/ivan/ros2_ws/task6/ex01/build/my_unique_robot_gazebo -- -j2 -l2
[1.140s] DEBUG:colcon.colcon_core.event_handler.log_command:Invoked command in '/home/ivan/ros2_ws/task6/ex01/build/my_unique_robot_gazebo' returned '0': CMAKE_PREFIX_PATH=${CMAKE_PREFIX_PATH}:/home/ivan/ros2_ws/install/turtle_multi_target:/home/ivan/ros2_ws/install/text_to_cmd_vel_pkg:/home/ivan/ros2_ws/install/py_pubsub:/home/ivan/ros2_ws/install/my_package:/home/ivan/ros2_ws/install/Ivan:/opt/ros/humble /usr/bin/cmake --build /home/ivan/ros2_ws/task6/ex01/build/my_unique_robot_gazebo -- -j2 -l2
[1.156s] DEBUG:colcon.colcon_core.event_handler.log_command:Invoking command in '/home/ivan/ros2_ws/task6/ex01/build/my_unique_robot_gazebo': CMAKE_PREFIX_PATH=${CMAKE_PREFIX_PATH}:/home/ivan/ros2_ws/install/turtle_multi_target:/home/ivan/ros2_ws/install/text_to_cmd_vel_pkg:/home/ivan/ros2_ws/install/py_pubsub:/home/ivan/ros2_ws/install/my_package:/home/ivan/ros2_ws/install/Ivan:/opt/ros/humble /usr/bin/cmake --install /home/ivan/ros2_ws/task6/ex01/build/my_unique_robot_gazebo
[1.202s] Level 1:colcon.colcon_core.environment:create_environment_scripts_only(my_unique_robot_gazebo)
[1.202s] DEBUG:colcon.colcon_core.event_handler.log_command:Invoked command in '/home/ivan/ros2_ws/task6/ex01/build/my_unique_robot_gazebo' returned '0': CMAKE_PREFIX_PATH=${CMAKE_PREFIX_PATH}:/home/ivan/ros2_ws/install/turtle_multi_target:/home/ivan/ros2_ws/install/text_to_cmd_vel_pkg:/home/ivan/ros2_ws/install/py_pubsub:/home/ivan/ros2_ws/install/my_package:/home/ivan/ros2_ws/install/Ivan:/opt/ros/humble /usr/bin/cmake --install /home/ivan/ros2_ws/task6/ex01/build/my_unique_robot_gazebo
[1.213s] Level 1:colcon.colcon_core.environment:checking '/home/ivan/ros2_ws/task6/ex01/install/my_unique_robot_gazebo' for CMake module files
[1.213s] Level 1:colcon.colcon_core.environment:checking '/home/ivan/ros2_ws/task6/ex01/install/my_unique_robot_gazebo' for CMake config files
[1.214s] Level 1:colcon.colcon_core.shell:create_environment_hook('my_unique_robot_gazebo', 'cmake_prefix_path')
[1.215s] INFO:colcon.colcon_core.shell:Creating environment hook '/home/ivan/ros2_ws/task6/ex01/install/my_unique_robot_gazebo/share/my_unique_robot_gazebo/hook/cmake_prefix_path.ps1'
[1.217s] INFO:colcon.colcon_core.shell:Creating environment descriptor '/home/ivan/ros2_ws/task6/ex01/install/my_unique_robot_gazebo/share/my_unique_robot_gazebo/hook/cmake_prefix_path.dsv'
[1.217s] INFO:colcon.colcon_core.shell:Creating environment hook '/home/ivan/ros2_ws/task6/ex01/install/my_unique_robot_gazebo/share/my_unique_robot_gazebo/hook/cmake_prefix_path.sh'
[1.219s] Level 1:colcon.colcon_core.environment:checking '/home/ivan/ros2_ws/task6/ex01/install/my_unique_robot_gazebo/lib'
[1.219s] Level 1:colcon.colcon_core.environment:checking '/home/ivan/ros2_ws/task6/ex01/install/my_unique_robot_gazebo/bin'
[1.219s] Level 1:colcon.colcon_core.environment:checking '/home/ivan/ros2_ws/task6/ex01/install/my_unique_robot_gazebo/lib/pkgconfig/my_unique_robot_gazebo.pc'
[1.219s] Level 1:colcon.colcon_core.environment:checking '/home/ivan/ros2_ws/task6/ex01/install/my_unique_robot_gazebo/lib/python3.10/site-packages'
[1.220s] Level 1:colcon.colcon_core.environment:checking '/home/ivan/ros2_ws/task6/ex01/install/my_unique_robot_gazebo/bin'
[1.220s] INFO:colcon.colcon_core.shell:Creating package script '/home/ivan/ros2_ws/task6/ex01/install/my_unique_robot_gazebo/share/my_unique_robot_gazebo/package.ps1'
[1.222s] INFO:colcon.colcon_core.shell:Creating package descriptor '/home/ivan/ros2_ws/task6/ex01/install/my_unique_robot_gazebo/share/my_unique_robot_gazebo/package.dsv'
[1.223s] INFO:colcon.colcon_core.shell:Creating package script '/home/ivan/ros2_ws/task6/ex01/install/my_unique_robot_gazebo/share/my_unique_robot_gazebo/package.sh'
[1.225s] INFO:colcon.colcon_core.shell:Creating package script '/home/ivan/ros2_ws/task6/ex01/install/my_unique_robot_gazebo/share/my_unique_robot_gazebo/package.bash'
[1.226s] INFO:colcon.colcon_core.shell:Creating package script '/home/ivan/ros2_ws/task6/ex01/install/my_unique_robot_gazebo/share/my_unique_robot_gazebo/package.zsh'
[1.227s] Level 1:colcon.colcon_core.environment:create_file_with_runtime_dependencies(/home/ivan/ros2_ws/task6/ex01/install/my_unique_robot_gazebo/share/colcon-core/packages/my_unique_robot_gazebo)
[1.229s] Level 1:colcon.colcon_core.environment:create_environment_scripts_only(my_unique_robot_gazebo)
[1.229s] Level 1:colcon.colcon_core.environment:checking '/home/ivan/ros2_ws/task6/ex01/install/my_unique_robot_gazebo' for CMake module files
[1.229s] Level 1:colcon.colcon_core.environment:checking '/home/ivan/ros2_ws/task6/ex01/install/my_unique_robot_gazebo' for CMake config files
[1.230s] Level 1:colcon.colcon_core.shell:create_environment_hook('my_unique_robot_gazebo', 'cmake_prefix_path')
[1.230s] INFO:colcon.colcon_core.shell:Creating environment hook '/home/ivan/ros2_ws/task6/ex01/install/my_unique_robot_gazebo/share/my_unique_robot_gazebo/hook/cmake_prefix_path.ps1'
[1.230s] INFO:colcon.colcon_core.shell:Creating environment descriptor '/home/ivan/ros2_ws/task6/ex01/install/my_unique_robot_gazebo/share/my_unique_robot_gazebo/hook/cmake_prefix_path.dsv'
[1.230s] INFO:colcon.colcon_core.shell:Creating environment hook '/home/ivan/ros2_ws/task6/ex01/install/my_unique_robot_gazebo/share/my_unique_robot_gazebo/hook/cmake_prefix_path.sh'
[1.231s] Level 1:colcon.colcon_core.environment:checking '/home/ivan/ros2_ws/task6/ex01/install/my_unique_robot_gazebo/lib'
[1.231s] Level 1:colcon.colcon_core.environment:checking '/home/ivan/ros2_ws/task6/ex01/install/my_unique_robot_gazebo/bin'
[1.231s] Level 1:colcon.colcon_core.environment:checking '/home/ivan/ros2_ws/task6/ex01/install/my_unique_robot_gazebo/lib/pkgconfig/my_unique_robot_gazebo.pc'
[1.232s] Level 1:colcon.colcon_core.environment:checking '/home/ivan/ros2_ws/task6/ex01/install/my_unique_robot_gazebo/lib/python3.10/site-packages'
[1.232s] Level 1:colcon.colcon_core.environment:checking '/home/ivan/ros2_ws/task6/ex01/install/my_unique_robot_gazebo/bin'
[1.232s] INFO:colcon.colcon_core.shell:Creating package script '/home/ivan/ros2_ws/task6/ex01/install/my_unique_robot_gazebo/share/my_unique_robot_gazebo/package.ps1'
[1.233s] INFO:colcon.colcon_core.shell:Creating package descriptor '/home/ivan/ros2_ws/task6/ex01/install/my_unique_robot_gazebo/share/my_unique_robot_gazebo/package.dsv'
[1.234s] INFO:colcon.colcon_core.shell:Creating package script '/home/ivan/ros2_ws/task6/ex01/install/my_unique_robot_gazebo/share/my_unique_robot_gazebo/package.sh'
[1.234s] INFO:colcon.colcon_core.shell:Creating package script '/home/ivan/ros2_ws/task6/ex01/install/my_unique_robot_gazebo/share/my_unique_robot_gazebo/package.bash'
[1.235s] INFO:colcon.colcon_core.shell:Creating package script '/home/ivan/ros2_ws/task6/ex01/install/my_unique_robot_gazebo/share/my_unique_robot_gazebo/package.zsh'
[1.236s] Level 1:colcon.colcon_core.environment:create_file_with_runtime_dependencies(/home/ivan/ros2_ws/task6/ex01/install/my_unique_robot_gazebo/share/colcon-core/packages/my_unique_robot_gazebo)
[1.236s] DEBUG:colcon.colcon_parallel_executor.executor.parallel:closing loop
[1.237s] DEBUG:colcon.colcon_parallel_executor.executor.parallel:loop closed
[1.237s] DEBUG:colcon.colcon_parallel_executor.executor.parallel:run_until_complete finished with '0'
[1.237s] DEBUG:colcon.colcon_core.event_reactor:joining thread
[1.280s] INFO:colcon.colcon_core.plugin_system:Skipping extension 'colcon_notification.desktop_notification.notify_send': Could not find 'notify-send'
[1.280s] INFO:colcon.colcon_core.plugin_system:Skipping extension 'colcon_notification.desktop_notification.terminal_notifier': Not used on non-Darwin systems
[1.280s] INFO:colcon.colcon_core.plugin_system:Skipping extension 'colcon_notification.desktop_notification.win32': Not used on non-Windows systems
[1.280s] INFO:colcon.colcon_notification.desktop_notification:Sending desktop notification using 'notify2'
[1.280s] DEBUG:colcon.colcon_notification.desktop_notification.notify2:Failed to initialize notify2: org.freedesktop.DBus.Error.FileNotFound: Failed to connect to socket /run/user/1000/bus: No such file or directory
[1.280s] DEBUG:colcon.colcon_core.event_reactor:joined thread
[1.281s] INFO:colcon.colcon_core.shell:Creating prefix script '/home/ivan/ros2_ws/task6/ex01/install/local_setup.ps1'
[1.282s] INFO:colcon.colcon_core.shell:Creating prefix util module '/home/ivan/ros2_ws/task6/ex01/install/_local_setup_util_ps1.py'
[1.284s] INFO:colcon.colcon_core.shell:Creating prefix chain script '/home/ivan/ros2_ws/task6/ex01/install/setup.ps1'
[1.286s] INFO:colcon.colcon_core.shell:Creating prefix script '/home/ivan/ros2_ws/task6/ex01/install/local_setup.sh'
[1.287s] INFO:colcon.colcon_core.shell:Creating prefix util module '/home/ivan/ros2_ws/task6/ex01/install/_local_setup_util_sh.py'
[1.287s] INFO:colcon.colcon_core.shell:Creating prefix chain script '/home/ivan/ros2_ws/task6/ex01/install/setup.sh'
[1.289s] INFO:colcon.colcon_core.shell:Creating prefix script '/home/ivan/ros2_ws/task6/ex01/install/local_setup.bash'
[1.290s] INFO:colcon.colcon_core.shell:Creating prefix chain script '/home/ivan/ros2_ws/task6/ex01/install/setup.bash'
[1.293s] INFO:colcon.colcon_core.shell:Creating prefix script '/home/ivan/ros2_ws/task6/ex01/install/local_setup.zsh'
[1.294s] INFO:colcon.colcon_core.shell:Creating prefix chain script '/home/ivan/ros2_ws/task6/ex01/install/setup.zsh'
