[0.026s] Invoking command in '/home/ivan/ros2_ws/task5/ex01/build/my_robot_description': CMAKE_PREFIX_PATH=${CMAKE_PREFIX_PATH}:/home/ivan/ros2_ws/install/turtle_multi_target:/home/ivan/ros2_ws/install/text_to_cmd_vel_pkg:/home/ivan/ros2_ws/install/py_pubsub:/home/ivan/ros2_ws/install/my_package:/home/ivan/ros2_ws/install/Ivan:/opt/ros/humble /usr/bin/cmake /home/ivan/ros2_ws/task5/ex01/my_robot_description -DAMENT_CMAKE_SYMLINK_INSTALL=1 -DCMAKE_INSTALL_PREFIX=/home/ivan/ros2_ws/task5/ex01/install/my_robot_description
[0.042s] -- Found ament_cmake: 1.3.12 (/opt/ros/humble/share/ament_cmake/cmake)
[0.242s] -- Override CMake install command with custom implementation using symlinks instead of copying resources
[0.252s] -- Found urdf: 2.6.1 (/opt/ros/humble/share/urdf/cmake)
[1.924s] -- Found xacro: 2.1.1 (/opt/ros/humble/share/xacro/cmake)
[3.331s] [31mCMake Error at CMakeLists.txt:12 (find_package):
[3.332s]   By not providing "Findjoint_state_publisher.cmake" in CMAKE_MODULE_PATH
[3.332s]   this project has asked CMake to find a package configuration file provided
[3.332s]   by "joint_state_publisher", but CMake did not find one.
[3.332s] 
[3.332s]   Could not find a package configuration file provided by
[3.332s]   "joint_state_publisher" with any of the following names:
[3.332s] 
[3.332s]     joint_state_publisherConfig.cmake
[3.332s]     joint_state_publisher-config.cmake
[3.332s] 
[3.333s]   Add the installation prefix of "joint_state_publisher" to CMAKE_PREFIX_PATH
[3.333s]   or set "joint_state_publisher_DIR" to a directory containing one of the
[3.333s]   above files.  If "joint_state_publisher" provides a separate development
[3.333s]   package or SDK, be sure it has been installed.
[3.333s] 
[3.333s] [0m
[3.333s] -- Configuring incomplete, errors occurred!
[3.333s] See also "/home/ivan/ros2_ws/task5/ex01/build/my_robot_description/CMakeFiles/CMakeOutput.log".
[3.340s] Invoked command in '/home/ivan/ros2_ws/task5/ex01/build/my_robot_description' returned '1': CMAKE_PREFIX_PATH=${CMAKE_PREFIX_PATH}:/home/ivan/ros2_ws/install/turtle_multi_target:/home/ivan/ros2_ws/install/text_to_cmd_vel_pkg:/home/ivan/ros2_ws/install/py_pubsub:/home/ivan/ros2_ws/install/my_package:/home/ivan/ros2_ws/install/Ivan:/opt/ros/humble /usr/bin/cmake /home/ivan/ros2_ws/task5/ex01/my_robot_description -DAMENT_CMAKE_SYMLINK_INSTALL=1 -DCMAKE_INSTALL_PREFIX=/home/ivan/ros2_ws/task5/ex01/install/my_robot_description
