-- The C compiler identification is GNU 11.4.0
-- The CXX compiler identification is GNU 11.4.0
-- Detecting C compiler ABI info
-- Detecting C compiler ABI info - done
-- Check for working C compiler: /usr/bin/cc - skipped
-- Detecting C compile features
-- Detecting C compile features - done
-- Detecting CXX compiler ABI info
-- Detecting CXX compiler ABI info - done
-- Check for working CXX compiler: /usr/bin/c++ - skipped
-- Detecting CXX compile features
-- Detecting CXX compile features - done
-- Found ament_cmake: 1.3.12 (/opt/ros/humble/share/ament_cmake/cmake)
-- Found Python3: /usr/bin/python3 (found version "3.10.12") found components: Interpreter 
-- Found rclcpp: 16.0.15 (/opt/ros/humble/share/rclcpp/cmake)
-- Found rosidl_generator_c: 3.1.7 (/opt/ros/humble/share/rosidl_generator_c/cmake)
-- Found rosidl_adapter: 3.1.7 (/opt/ros/humble/share/rosidl_adapter/cmake)
-- Found rosidl_generator_cpp: 3.1.7 (/opt/ros/humble/share/rosidl_generator_cpp/cmake)
-- Using all available rosidl_typesupport_c: rosidl_typesupport_fastrtps_c;rosidl_typesupport_introspection_c
-- Using all available rosidl_typesupport_cpp: rosidl_typesupport_fastrtps_cpp;rosidl_typesupport_introspection_cpp
-- Found rmw_implementation_cmake: 6.1.2 (/opt/ros/humble/share/rmw_implementation_cmake/cmake)
-- Found rmw_fastrtps_cpp: 6.2.9 (/opt/ros/humble/share/rmw_fastrtps_cpp/cmake)
-- Found OpenSSL: /usr/lib/x86_64-linux-gnu/libcrypto.so (found version "3.0.2")  
-- Found FastRTPS: /opt/ros/humble/include  
-- Using RMW implementation 'rmw_fastrtps_cpp' as default
-- Looking for pthread.h
-- Looking for pthread.h - found
-- Performing Test CMAKE_HAVE_LIBC_PTHREAD
-- Performing Test CMAKE_HAVE_LIBC_PTHREAD - Success
-- Found Threads: TRUE  
-- Found geometry_msgs: 4.9.0 (/opt/ros/humble/share/geometry_msgs/cmake)
-- Found turtlesim: 1.4.2 (/home/ivan/ros2_ws/install/turtlesim/share/turtlesim/cmake)
-- Found tf2_ros: 0.25.16 (/opt/ros/humble/share/tf2_ros/cmake)
-- Found tf2_geometry_msgs: 0.25.16 (/opt/ros/humble/share/tf2_geometry_msgs/cmake)
-- Found eigen3_cmake_module: 0.1.1 (/opt/ros/humble/share/eigen3_cmake_module/cmake)
-- Found Eigen3: TRUE (found version "3.4.0") 
-- Ensuring Eigen3 include directory is part of orocos-kdl CMake target
-- Found std_srvs: 4.9.0 (/opt/ros/humble/share/std_srvs/cmake)
-- Found rosidl_default_generators: 1.2.0 (/opt/ros/humble/share/rosidl_default_generators/cmake)
-- Found ament_cmake_ros: 0.10.0 (/opt/ros/humble/share/ament_cmake_ros/cmake)
-- Using all available rosidl_typesupport_c: rosidl_typesupport_fastrtps_c;rosidl_typesupport_introspection_c
-- Using all available rosidl_typesupport_cpp: rosidl_typesupport_fastrtps_cpp;rosidl_typesupport_introspection_cpp
-- Found PythonInterp: /usr/bin/python3 (found suitable version "3.10.12", minimum required is "3.6") 
-- Found python_cmake_module: 0.10.0 (/opt/ros/humble/share/python_cmake_module/cmake)
-- Found PythonLibs: /usr/lib/x86_64-linux-gnu/libpython3.10.so (found suitable version "3.10.12", minimum required is "3.5") 
-- Using PYTHON_EXECUTABLE: /usr/bin/python3
-- Using PYTHON_INCLUDE_DIRS: /usr/include/python3.10
-- Using PYTHON_LIBRARIES: /usr/lib/x86_64-linux-gnu/libpython3.10.so
-- Found PythonExtra: .so  
-- Configuring done
-- Generating done
-- Build files have been written to: /home/ivan/ros2_ws/task4/ex02b/build/ex0402b
[  2%] [34m[1mGenerating C code for ROS interfaces[0m
[  4%] [32mBuilding CXX object CMakeFiles/target_switcher.dir/src/target_switcher.cpp.o[0m
[  9%] [34m[1mGenerating C++ code for ROS interfaces[0m
[  9%] [32mBuilding CXX object CMakeFiles/keyboard_listener.dir/src/keyboard_listener.cpp.o[0m
[ 12%] [32mBuilding CXX object CMakeFiles/turtle2_tf2_broadcaster.dir/src/turtle2_tf2_broadcaster.cpp.o[0m
[ 14%] [32mBuilding CXX object CMakeFiles/turtle_tf2_broadcaster.dir/src/turtle_tf2_broadcaster.cpp.o[0m
[ 14%] Built target ament_cmake_python_copy_ex0402b
running egg_info
creating ex0402b.egg-info
writing ex0402b.egg-info/PKG-INFO
writing dependency_links to ex0402b.egg-info/dependency_links.txt
writing top-level names to ex0402b.egg-info/top_level.txt
writing manifest file 'ex0402b.egg-info/SOURCES.txt'
reading manifest file 'ex0402b.egg-info/SOURCES.txt'
writing manifest file 'ex0402b.egg-info/SOURCES.txt'
[ 14%] Built target ex0402b__cpp
[ 17%] [32mBuilding C object CMakeFiles/ex0402b__rosidl_generator_c.dir/rosidl_generator_c/ex0402b/msg/detail/current_target__functions.c.o[0m
[ 19%] [34m[1mGenerating C++ type support for eProsima Fast-RTPS[0m
[ 21%] [34m[1mGenerating C++ introspection for ROS interfaces[0m
[ 24%] [34m[1mGenerating C++ type support dispatch for ROS interfaces[0m
[ 24%] Built target ament_cmake_python_build_ex0402b_egg
[ 26%] [32m[1mLinking C shared library libex0402b__rosidl_generator_c.so[0m
[ 26%] Built target ex0402b__rosidl_generator_c
[ 29%] [34m[1mGenerating C type support dispatch for ROS interfaces[0m
[ 31%] [34m[1mGenerating C type support for eProsima Fast-RTPS[0m
[ 34%] [34m[1mGenerating C introspection for ROS interfaces[0m
[ 36%] [32mBuilding CXX object CMakeFiles/ex0402b__rosidl_typesupport_cpp.dir/rosidl_typesupport_cpp/ex0402b/msg/current_target__type_support.cpp.o[0m
[ 39%] [32mBuilding CXX object CMakeFiles/ex0402b__rosidl_typesupport_introspection_cpp.dir/rosidl_typesupport_introspection_cpp/ex0402b/msg/detail/current_target__type_support.cpp.o[0m
[ 41%] [32mBuilding CXX object CMakeFiles/ex0402b__rosidl_typesupport_fastrtps_cpp.dir/rosidl_typesupport_fastrtps_cpp/ex0402b/msg/detail/dds_fastrtps/current_target__type_support.cpp.o[0m
[ 43%] [32mBuilding CXX object CMakeFiles/ex0402b__rosidl_typesupport_c.dir/rosidl_typesupport_c/ex0402b/msg/current_target__type_support.cpp.o[0m
[ 46%] [32mBuilding C object CMakeFiles/ex0402b__rosidl_typesupport_introspection_c.dir/rosidl_typesupport_introspection_c/ex0402b/msg/detail/current_target__type_support.c.o[0m
[ 48%] [32m[1mLinking CXX shared library libex0402b__rosidl_typesupport_c.so[0m
[ 51%] [32mBuilding CXX object CMakeFiles/ex0402b__rosidl_typesupport_fastrtps_c.dir/rosidl_typesupport_fastrtps_c/ex0402b/msg/detail/current_target__type_support_c.cpp.o[0m
[ 53%] [32m[1mLinking C shared library libex0402b__rosidl_typesupport_introspection_c.so[0m
[ 53%] Built target ex0402b__rosidl_typesupport_c
[ 53%] Built target ex0402b__rosidl_typesupport_introspection_c
[ 56%] [32m[1mLinking CXX shared library libex0402b__rosidl_typesupport_cpp.so[0m
[ 56%] Built target ex0402b__rosidl_typesupport_cpp
[ 58%] [32mBuilding CXX object CMakeFiles/turtle_controller.dir/src/turtle_controller.cpp.o[0m
[ 60%] [32m[1mLinking CXX shared library libex0402b__rosidl_typesupport_fastrtps_cpp.so[0m
[ 63%] [32m[1mLinking CXX shared library libex0402b__rosidl_typesupport_introspection_cpp.so[0m
[ 65%] [32m[1mLinking CXX shared library libex0402b__rosidl_typesupport_fastrtps_c.so[0m
[ 65%] Built target ex0402b__rosidl_typesupport_fastrtps_cpp
[ 65%] Built target ex0402b__rosidl_typesupport_introspection_cpp
[ 65%] Built target ex0402b__rosidl_typesupport_fastrtps_c
[ 65%] Built target ex0402b
[ 68%] [34m[1mGenerating Python code for ROS interfaces[0m
[ 68%] Built target ex0402b__py
[ 70%] [32mBuilding C object CMakeFiles/ex0402b__rosidl_generator_py.dir/rosidl_generator_py/ex0402b/msg/_current_target_s.c.o[0m
[ 73%] [32m[1mLinking C shared library rosidl_generator_py/ex0402b/libex0402b__rosidl_generator_py.so[0m
[ 73%] Built target ex0402b__rosidl_generator_py
[ 78%] [32mBuilding C object CMakeFiles/ex0402b__rosidl_typesupport_introspection_c__pyext.dir/rosidl_generator_py/ex0402b/_ex0402b_s.ep.rosidl_typesupport_introspection_c.c.o[0m
[ 78%] [32mBuilding C object CMakeFiles/ex0402b__rosidl_typesupport_fastrtps_c__pyext.dir/rosidl_generator_py/ex0402b/_ex0402b_s.ep.rosidl_typesupport_fastrtps_c.c.o[0m
[ 80%] [32mBuilding C object CMakeFiles/ex0402b__rosidl_typesupport_c__pyext.dir/rosidl_generator_py/ex0402b/_ex0402b_s.ep.rosidl_typesupport_c.c.o[0m
[ 82%] [32m[1mLinking C shared library rosidl_generator_py/ex0402b/ex0402b_s__rosidl_typesupport_c.cpython-310-x86_64-linux-gnu.so[0m
[ 85%] [32m[1mLinking C shared library rosidl_generator_py/ex0402b/ex0402b_s__rosidl_typesupport_introspection_c.cpython-310-x86_64-linux-gnu.so[0m
[ 87%] [32m[1mLinking C shared library rosidl_generator_py/ex0402b/ex0402b_s__rosidl_typesupport_fastrtps_c.cpython-310-x86_64-linux-gnu.so[0m
[ 87%] Built target ex0402b__rosidl_typesupport_c__pyext
[ 87%] Built target ex0402b__rosidl_typesupport_fastrtps_c__pyext
[ 87%] Built target ex0402b__rosidl_typesupport_introspection_c__pyext
[ 90%] [32m[1mLinking CXX executable keyboard_listener[0m
[ 90%] Built target keyboard_listener
[ 92%] [32m[1mLinking CXX executable target_switcher[0m
[ 92%] Built target target_switcher
[ 95%] [32m[1mLinking CXX executable turtle_controller[0m
[ 95%] Built target turtle_controller
[ 97%] [32m[1mLinking CXX executable turtle_tf2_broadcaster[0m
[100%] [32m[1mLinking CXX executable turtle2_tf2_broadcaster[0m
[100%] Built target turtle_tf2_broadcaster
[100%] Built target turtle2_tf2_broadcaster
-- Install configuration: ""
-- Installing: /home/ivan/ros2_ws/task4/ex02b/install/ex0402b/share/ament_index/resource_index/rosidl_interfaces/ex0402b
-- Installing: /home/ivan/ros2_ws/task4/ex02b/install/ex0402b/include/ex0402b/ex0402b
-- Installing: /home/ivan/ros2_ws/task4/ex02b/install/ex0402b/include/ex0402b/ex0402b/msg
-- Installing: /home/ivan/ros2_ws/task4/ex02b/install/ex0402b/include/ex0402b/ex0402b/msg/current_target.h
-- Installing: /home/ivan/ros2_ws/task4/ex02b/install/ex0402b/include/ex0402b/ex0402b/msg/detail
-- Installing: /home/ivan/ros2_ws/task4/ex02b/install/ex0402b/include/ex0402b/ex0402b/msg/detail/current_target__functions.h
-- Installing: /home/ivan/ros2_ws/task4/ex02b/install/ex0402b/include/ex0402b/ex0402b/msg/detail/current_target__struct.h
-- Installing: /home/ivan/ros2_ws/task4/ex02b/install/ex0402b/include/ex0402b/ex0402b/msg/detail/current_target__functions.c
-- Installing: /home/ivan/ros2_ws/task4/ex02b/install/ex0402b/include/ex0402b/ex0402b/msg/detail/current_target__type_support.h
-- Installing: /home/ivan/ros2_ws/task4/ex02b/install/ex0402b/include/ex0402b/ex0402b/msg/rosidl_generator_c__visibility_control.h
-- Installing: /home/ivan/ros2_ws/task4/ex02b/install/ex0402b/share/ex0402b/environment/library_path.sh
-- Installing: /home/ivan/ros2_ws/task4/ex02b/install/ex0402b/share/ex0402b/environment/library_path.dsv
-- Installing: /home/ivan/ros2_ws/task4/ex02b/install/ex0402b/lib/libex0402b__rosidl_generator_c.so
-- Set runtime path of "/home/ivan/ros2_ws/task4/ex02b/install/ex0402b/lib/libex0402b__rosidl_generator_c.so" to ""
-- Up-to-date: /home/ivan/ros2_ws/task4/ex02b/install/ex0402b/include/ex0402b/ex0402b
-- Up-to-date: /home/ivan/ros2_ws/task4/ex02b/install/ex0402b/include/ex0402b/ex0402b/msg
-- Up-to-date: /home/ivan/ros2_ws/task4/ex02b/install/ex0402b/include/ex0402b/ex0402b/msg/detail
-- Installing: /home/ivan/ros2_ws/task4/ex02b/install/ex0402b/include/ex0402b/ex0402b/msg/detail/current_target__rosidl_typesupport_fastrtps_c.h
-- Installing: /home/ivan/ros2_ws/task4/ex02b/install/ex0402b/include/ex0402b/ex0402b/msg/rosidl_typesupport_fastrtps_c__visibility_control.h
-- Installing: /home/ivan/ros2_ws/task4/ex02b/install/ex0402b/lib/libex0402b__rosidl_typesupport_fastrtps_c.so
-- Set runtime path of "/home/ivan/ros2_ws/task4/ex02b/install/ex0402b/lib/libex0402b__rosidl_typesupport_fastrtps_c.so" to ""
-- Up-to-date: /home/ivan/ros2_ws/task4/ex02b/install/ex0402b/include/ex0402b/ex0402b
-- Up-to-date: /home/ivan/ros2_ws/task4/ex02b/install/ex0402b/include/ex0402b/ex0402b/msg
-- Installing: /home/ivan/ros2_ws/task4/ex02b/install/ex0402b/include/ex0402b/ex0402b/msg/rosidl_generator_cpp__visibility_control.hpp
-- Installing: /home/ivan/ros2_ws/task4/ex02b/install/ex0402b/include/ex0402b/ex0402b/msg/current_target.hpp
-- Up-to-date: /home/ivan/ros2_ws/task4/ex02b/install/ex0402b/include/ex0402b/ex0402b/msg/detail
-- Installing: /home/ivan/ros2_ws/task4/ex02b/install/ex0402b/include/ex0402b/ex0402b/msg/detail/current_target__type_support.hpp
-- Installing: /home/ivan/ros2_ws/task4/ex02b/install/ex0402b/include/ex0402b/ex0402b/msg/detail/current_target__struct.hpp
-- Installing: /home/ivan/ros2_ws/task4/ex02b/install/ex0402b/include/ex0402b/ex0402b/msg/detail/current_target__builder.hpp
-- Installing: /home/ivan/ros2_ws/task4/ex02b/install/ex0402b/include/ex0402b/ex0402b/msg/detail/current_target__traits.hpp
-- Up-to-date: /home/ivan/ros2_ws/task4/ex02b/install/ex0402b/include/ex0402b/ex0402b
-- Up-to-date: /home/ivan/ros2_ws/task4/ex02b/install/ex0402b/include/ex0402b/ex0402b/msg
-- Up-to-date: /home/ivan/ros2_ws/task4/ex02b/install/ex0402b/include/ex0402b/ex0402b/msg/detail
-- Installing: /home/ivan/ros2_ws/task4/ex02b/install/ex0402b/include/ex0402b/ex0402b/msg/detail/dds_fastrtps
-- Installing: /home/ivan/ros2_ws/task4/ex02b/install/ex0402b/include/ex0402b/ex0402b/msg/detail/current_target__rosidl_typesupport_fastrtps_cpp.hpp
-- Installing: /home/ivan/ros2_ws/task4/ex02b/install/ex0402b/include/ex0402b/ex0402b/msg/rosidl_typesupport_fastrtps_cpp__visibility_control.h
-- Installing: /home/ivan/ros2_ws/task4/ex02b/install/ex0402b/lib/libex0402b__rosidl_typesupport_fastrtps_cpp.so
-- Set runtime path of "/home/ivan/ros2_ws/task4/ex02b/install/ex0402b/lib/libex0402b__rosidl_typesupport_fastrtps_cpp.so" to ""
-- Up-to-date: /home/ivan/ros2_ws/task4/ex02b/install/ex0402b/include/ex0402b/ex0402b
-- Up-to-date: /home/ivan/ros2_ws/task4/ex02b/install/ex0402b/include/ex0402b/ex0402b/msg
-- Up-to-date: /home/ivan/ros2_ws/task4/ex02b/install/ex0402b/include/ex0402b/ex0402b/msg/detail
-- Installing: /home/ivan/ros2_ws/task4/ex02b/install/ex0402b/include/ex0402b/ex0402b/msg/detail/current_target__type_support.c
-- Installing: /home/ivan/ros2_ws/task4/ex02b/install/ex0402b/include/ex0402b/ex0402b/msg/detail/current_target__rosidl_typesupport_introspection_c.h
-- Installing: /home/ivan/ros2_ws/task4/ex02b/install/ex0402b/include/ex0402b/ex0402b/msg/rosidl_typesupport_introspection_c__visibility_control.h
-- Installing: /home/ivan/ros2_ws/task4/ex02b/install/ex0402b/lib/libex0402b__rosidl_typesupport_introspection_c.so
-- Set runtime path of "/home/ivan/ros2_ws/task4/ex02b/install/ex0402b/lib/libex0402b__rosidl_typesupport_introspection_c.so" to ""
-- Installing: /home/ivan/ros2_ws/task4/ex02b/install/ex0402b/lib/libex0402b__rosidl_typesupport_c.so
-- Set runtime path of "/home/ivan/ros2_ws/task4/ex02b/install/ex0402b/lib/libex0402b__rosidl_typesupport_c.so" to ""
-- Up-to-date: /home/ivan/ros2_ws/task4/ex02b/install/ex0402b/include/ex0402b/ex0402b
-- Up-to-date: /home/ivan/ros2_ws/task4/ex02b/install/ex0402b/include/ex0402b/ex0402b/msg
-- Up-to-date: /home/ivan/ros2_ws/task4/ex02b/install/ex0402b/include/ex0402b/ex0402b/msg/detail
-- Installing: /home/ivan/ros2_ws/task4/ex02b/install/ex0402b/include/ex0402b/ex0402b/msg/detail/current_target__rosidl_typesupport_introspection_cpp.hpp
-- Installing: /home/ivan/ros2_ws/task4/ex02b/install/ex0402b/include/ex0402b/ex0402b/msg/detail/current_target__type_support.cpp
-- Installing: /home/ivan/ros2_ws/task4/ex02b/install/ex0402b/lib/libex0402b__rosidl_typesupport_introspection_cpp.so
-- Set runtime path of "/home/ivan/ros2_ws/task4/ex02b/install/ex0402b/lib/libex0402b__rosidl_typesupport_introspection_cpp.so" to ""
-- Installing: /home/ivan/ros2_ws/task4/ex02b/install/ex0402b/lib/libex0402b__rosidl_typesupport_cpp.so
-- Set runtime path of "/home/ivan/ros2_ws/task4/ex02b/install/ex0402b/lib/libex0402b__rosidl_typesupport_cpp.so" to ""
-- Installing: /home/ivan/ros2_ws/task4/ex02b/install/ex0402b/share/ex0402b/environment/pythonpath.sh
-- Installing: /home/ivan/ros2_ws/task4/ex02b/install/ex0402b/share/ex0402b/environment/pythonpath.dsv
-- Installing: /home/ivan/ros2_ws/task4/ex02b/install/ex0402b/local/lib/python3.10/dist-packages/ex0402b-0.0.0-py3.10.egg-info
-- Installing: /home/ivan/ros2_ws/task4/ex02b/install/ex0402b/local/lib/python3.10/dist-packages/ex0402b-0.0.0-py3.10.egg-info/PKG-INFO
-- Installing: /home/ivan/ros2_ws/task4/ex02b/install/ex0402b/local/lib/python3.10/dist-packages/ex0402b-0.0.0-py3.10.egg-info/top_level.txt
-- Installing: /home/ivan/ros2_ws/task4/ex02b/install/ex0402b/local/lib/python3.10/dist-packages/ex0402b-0.0.0-py3.10.egg-info/dependency_links.txt
-- Installing: /home/ivan/ros2_ws/task4/ex02b/install/ex0402b/local/lib/python3.10/dist-packages/ex0402b-0.0.0-py3.10.egg-info/SOURCES.txt
-- Installing: /home/ivan/ros2_ws/task4/ex02b/install/ex0402b/local/lib/python3.10/dist-packages/ex0402b
-- Installing: /home/ivan/ros2_ws/task4/ex02b/install/ex0402b/local/lib/python3.10/dist-packages/ex0402b/_ex0402b_s.ep.rosidl_typesupport_introspection_c.c
-- Installing: /home/ivan/ros2_ws/task4/ex02b/install/ex0402b/local/lib/python3.10/dist-packages/ex0402b/_ex0402b_s.ep.rosidl_typesupport_fastrtps_c.c
-- Installing: /home/ivan/ros2_ws/task4/ex02b/install/ex0402b/local/lib/python3.10/dist-packages/ex0402b/libex0402b__rosidl_generator_py.so
-- Installing: /home/ivan/ros2_ws/task4/ex02b/install/ex0402b/local/lib/python3.10/dist-packages/ex0402b/_ex0402b_s.ep.rosidl_typesupport_c.c
-- Installing: /home/ivan/ros2_ws/task4/ex02b/install/ex0402b/local/lib/python3.10/dist-packages/ex0402b/ex0402b_s__rosidl_typesupport_introspection_c.cpython-310-x86_64-linux-gnu.so
-- Installing: /home/ivan/ros2_ws/task4/ex02b/install/ex0402b/local/lib/python3.10/dist-packages/ex0402b/ex0402b_s__rosidl_typesupport_fastrtps_c.cpython-310-x86_64-linux-gnu.so
-- Installing: /home/ivan/ros2_ws/task4/ex02b/install/ex0402b/local/lib/python3.10/dist-packages/ex0402b/ex0402b_s__rosidl_typesupport_c.cpython-310-x86_64-linux-gnu.so
-- Installing: /home/ivan/ros2_ws/task4/ex02b/install/ex0402b/local/lib/python3.10/dist-packages/ex0402b/__init__.py
-- Installing: /home/ivan/ros2_ws/task4/ex02b/install/ex0402b/local/lib/python3.10/dist-packages/ex0402b/msg
-- Installing: /home/ivan/ros2_ws/task4/ex02b/install/ex0402b/local/lib/python3.10/dist-packages/ex0402b/msg/_current_target_s.c
-- Installing: /home/ivan/ros2_ws/task4/ex02b/install/ex0402b/local/lib/python3.10/dist-packages/ex0402b/msg/_current_target.py
-- Installing: /home/ivan/ros2_ws/task4/ex02b/install/ex0402b/local/lib/python3.10/dist-packages/ex0402b/msg/__init__.py
Listing '/home/ivan/ros2_ws/task4/ex02b/install/ex0402b/local/lib/python3.10/dist-packages/ex0402b'...
Compiling '/home/ivan/ros2_ws/task4/ex02b/install/ex0402b/local/lib/python3.10/dist-packages/ex0402b/__init__.py'...
Listing '/home/ivan/ros2_ws/task4/ex02b/install/ex0402b/local/lib/python3.10/dist-packages/ex0402b/msg'...
Compiling '/home/ivan/ros2_ws/task4/ex02b/install/ex0402b/local/lib/python3.10/dist-packages/ex0402b/msg/__init__.py'...
Compiling '/home/ivan/ros2_ws/task4/ex02b/install/ex0402b/local/lib/python3.10/dist-packages/ex0402b/msg/_current_target.py'...
-- Installing: /home/ivan/ros2_ws/task4/ex02b/install/ex0402b/local/lib/python3.10/dist-packages/ex0402b/ex0402b_s__rosidl_typesupport_fastrtps_c.cpython-310-x86_64-linux-gnu.so
-- Set runtime path of "/home/ivan/ros2_ws/task4/ex02b/install/ex0402b/local/lib/python3.10/dist-packages/ex0402b/ex0402b_s__rosidl_typesupport_fastrtps_c.cpython-310-x86_64-linux-gnu.so" to ""
-- Installing: /home/ivan/ros2_ws/task4/ex02b/install/ex0402b/local/lib/python3.10/dist-packages/ex0402b/ex0402b_s__rosidl_typesupport_introspection_c.cpython-310-x86_64-linux-gnu.so
-- Set runtime path of "/home/ivan/ros2_ws/task4/ex02b/install/ex0402b/local/lib/python3.10/dist-packages/ex0402b/ex0402b_s__rosidl_typesupport_introspection_c.cpython-310-x86_64-linux-gnu.so" to ""
-- Installing: /home/ivan/ros2_ws/task4/ex02b/install/ex0402b/local/lib/python3.10/dist-packages/ex0402b/ex0402b_s__rosidl_typesupport_c.cpython-310-x86_64-linux-gnu.so
-- Set runtime path of "/home/ivan/ros2_ws/task4/ex02b/install/ex0402b/local/lib/python3.10/dist-packages/ex0402b/ex0402b_s__rosidl_typesupport_c.cpython-310-x86_64-linux-gnu.so" to ""
-- Installing: /home/ivan/ros2_ws/task4/ex02b/install/ex0402b/lib/libex0402b__rosidl_generator_py.so
-- Set runtime path of "/home/ivan/ros2_ws/task4/ex02b/install/ex0402b/lib/libex0402b__rosidl_generator_py.so" to ""
-- Installing: /home/ivan/ros2_ws/task4/ex02b/install/ex0402b/share/ex0402b/msg/CurrentTarget.idl
-- Installing: /home/ivan/ros2_ws/task4/ex02b/install/ex0402b/share/ex0402b/msg/CurrentTarget.msg
-- Installing: /home/ivan/ros2_ws/task4/ex02b/install/ex0402b/lib/ex0402b/target_switcher
-- Set runtime path of "/home/ivan/ros2_ws/task4/ex02b/install/ex0402b/lib/ex0402b/target_switcher" to ""
-- Installing: /home/ivan/ros2_ws/task4/ex02b/install/ex0402b/lib/ex0402b/turtle_controller
-- Set runtime path of "/home/ivan/ros2_ws/task4/ex02b/install/ex0402b/lib/ex0402b/turtle_controller" to ""
-- Installing: /home/ivan/ros2_ws/task4/ex02b/install/ex0402b/lib/ex0402b/turtle_tf2_broadcaster
-- Set runtime path of "/home/ivan/ros2_ws/task4/ex02b/install/ex0402b/lib/ex0402b/turtle_tf2_broadcaster" to ""
-- Installing: /home/ivan/ros2_ws/task4/ex02b/install/ex0402b/lib/ex0402b/turtle2_tf2_broadcaster
-- Set runtime path of "/home/ivan/ros2_ws/task4/ex02b/install/ex0402b/lib/ex0402b/turtle2_tf2_broadcaster" to ""
-- Installing: /home/ivan/ros2_ws/task4/ex02b/install/ex0402b/lib/ex0402b/keyboard_listener
-- Set runtime path of "/home/ivan/ros2_ws/task4/ex02b/install/ex0402b/lib/ex0402b/keyboard_listener" to ""
-- Installing: /home/ivan/ros2_ws/task4/ex02b/install/ex0402b/share/ex0402b/launch
-- Installing: /home/ivan/ros2_ws/task4/ex02b/install/ex0402b/share/ex0402b/launch/ex0402b.launch.py
-- Installing: /home/ivan/ros2_ws/task4/ex02b/install/ex0402b/share/ex0402b/rviz
-- Installing: /home/ivan/ros2_ws/task4/ex02b/install/ex0402b/share/ex0402b/rviz/multi_target.rviz
-- Up-to-date: /home/ivan/ros2_ws/task4/ex02b/install/ex0402b/share/ex0402b/msg
-- Up-to-date: /home/ivan/ros2_ws/task4/ex02b/install/ex0402b/share/ex0402b/msg/CurrentTarget.msg
-- Up-to-date: /home/ivan/ros2_ws/task4/ex02b/install/ex0402b/include
-- Up-to-date: /home/ivan/ros2_ws/task4/ex02b/install/ex0402b/include/ex0402b
-- Installing: /home/ivan/ros2_ws/task4/ex02b/install/ex0402b/include/ex0402b/utilities.hpp
-- Installing: /home/ivan/ros2_ws/task4/ex02b/install/ex0402b/share/ament_index/resource_index/package_run_dependencies/ex0402b
-- Installing: /home/ivan/ros2_ws/task4/ex02b/install/ex0402b/share/ament_index/resource_index/parent_prefix_path/ex0402b
-- Installing: /home/ivan/ros2_ws/task4/ex02b/install/ex0402b/share/ex0402b/environment/ament_prefix_path.sh
-- Installing: /home/ivan/ros2_ws/task4/ex02b/install/ex0402b/share/ex0402b/environment/ament_prefix_path.dsv
-- Installing: /home/ivan/ros2_ws/task4/ex02b/install/ex0402b/share/ex0402b/environment/path.sh
-- Installing: /home/ivan/ros2_ws/task4/ex02b/install/ex0402b/share/ex0402b/environment/path.dsv
-- Installing: /home/ivan/ros2_ws/task4/ex02b/install/ex0402b/share/ex0402b/local_setup.bash
-- Installing: /home/ivan/ros2_ws/task4/ex02b/install/ex0402b/share/ex0402b/local_setup.sh
-- Installing: /home/ivan/ros2_ws/task4/ex02b/install/ex0402b/share/ex0402b/local_setup.zsh
-- Installing: /home/ivan/ros2_ws/task4/ex02b/install/ex0402b/share/ex0402b/local_setup.dsv
-- Installing: /home/ivan/ros2_ws/task4/ex02b/install/ex0402b/share/ex0402b/package.dsv
-- Installing: /home/ivan/ros2_ws/task4/ex02b/install/ex0402b/share/ament_index/resource_index/packages/ex0402b
-- Installing: /home/ivan/ros2_ws/task4/ex02b/install/ex0402b/share/ex0402b/cmake/export_ex0402b__rosidl_generator_cExport.cmake
-- Installing: /home/ivan/ros2_ws/task4/ex02b/install/ex0402b/share/ex0402b/cmake/export_ex0402b__rosidl_generator_cExport-noconfig.cmake
-- Installing: /home/ivan/ros2_ws/task4/ex02b/install/ex0402b/share/ex0402b/cmake/export_ex0402b__rosidl_typesupport_fastrtps_cExport.cmake
-- Installing: /home/ivan/ros2_ws/task4/ex02b/install/ex0402b/share/ex0402b/cmake/export_ex0402b__rosidl_typesupport_fastrtps_cExport-noconfig.cmake
-- Installing: /home/ivan/ros2_ws/task4/ex02b/install/ex0402b/share/ex0402b/cmake/export_ex0402b__rosidl_generator_cppExport.cmake
-- Installing: /home/ivan/ros2_ws/task4/ex02b/install/ex0402b/share/ex0402b/cmake/export_ex0402b__rosidl_typesupport_fastrtps_cppExport.cmake
-- Installing: /home/ivan/ros2_ws/task4/ex02b/install/ex0402b/share/ex0402b/cmake/export_ex0402b__rosidl_typesupport_fastrtps_cppExport-noconfig.cmake
-- Installing: /home/ivan/ros2_ws/task4/ex02b/install/ex0402b/share/ex0402b/cmake/ex0402b__rosidl_typesupport_introspection_cExport.cmake
-- Installing: /home/ivan/ros2_ws/task4/ex02b/install/ex0402b/share/ex0402b/cmake/ex0402b__rosidl_typesupport_introspection_cExport-noconfig.cmake
-- Installing: /home/ivan/ros2_ws/task4/ex02b/install/ex0402b/share/ex0402b/cmake/ex0402b__rosidl_typesupport_cExport.cmake
-- Installing: /home/ivan/ros2_ws/task4/ex02b/install/ex0402b/share/ex0402b/cmake/ex0402b__rosidl_typesupport_cExport-noconfig.cmake
-- Installing: /home/ivan/ros2_ws/task4/ex02b/install/ex0402b/share/ex0402b/cmake/ex0402b__rosidl_typesupport_introspection_cppExport.cmake
-- Installing: /home/ivan/ros2_ws/task4/ex02b/install/ex0402b/share/ex0402b/cmake/ex0402b__rosidl_typesupport_introspection_cppExport-noconfig.cmake
-- Installing: /home/ivan/ros2_ws/task4/ex02b/install/ex0402b/share/ex0402b/cmake/ex0402b__rosidl_typesupport_cppExport.cmake
-- Installing: /home/ivan/ros2_ws/task4/ex02b/install/ex0402b/share/ex0402b/cmake/ex0402b__rosidl_typesupport_cppExport-noconfig.cmake
-- Installing: /home/ivan/ros2_ws/task4/ex02b/install/ex0402b/share/ex0402b/cmake/export_ex0402b__rosidl_generator_pyExport.cmake
-- Installing: /home/ivan/ros2_ws/task4/ex02b/install/ex0402b/share/ex0402b/cmake/export_ex0402b__rosidl_generator_pyExport-noconfig.cmake
-- Installing: /home/ivan/ros2_ws/task4/ex02b/install/ex0402b/share/ex0402b/cmake/rosidl_cmake-extras.cmake
-- Installing: /home/ivan/ros2_ws/task4/ex02b/install/ex0402b/share/ex0402b/cmake/ament_cmake_export_dependencies-extras.cmake
-- Installing: /home/ivan/ros2_ws/task4/ex02b/install/ex0402b/share/ex0402b/cmake/ament_cmake_export_include_directories-extras.cmake
-- Installing: /home/ivan/ros2_ws/task4/ex02b/install/ex0402b/share/ex0402b/cmake/ament_cmake_export_libraries-extras.cmake
-- Installing: /home/ivan/ros2_ws/task4/ex02b/install/ex0402b/share/ex0402b/cmake/ament_cmake_export_targets-extras.cmake
-- Installing: /home/ivan/ros2_ws/task4/ex02b/install/ex0402b/share/ex0402b/cmake/rosidl_cmake_export_typesupport_targets-extras.cmake
-- Installing: /home/ivan/ros2_ws/task4/ex02b/install/ex0402b/share/ex0402b/cmake/rosidl_cmake_export_typesupport_libraries-extras.cmake
-- Installing: /home/ivan/ros2_ws/task4/ex02b/install/ex0402b/share/ex0402b/cmake/ex0402bConfig.cmake
-- Installing: /home/ivan/ros2_ws/task4/ex02b/install/ex0402b/share/ex0402b/cmake/ex0402bConfig-version.cmake
-- Installing: /home/ivan/ros2_ws/task4/ex02b/install/ex0402b/share/ex0402b/package.xml
