[0.040s] Invoking command in '/home/ivan/ros2_ws/task4/ex02b/build/ex0402b': CMAKE_PREFIX_PATH=${CMAKE_PREFIX_PATH}:/home/ivan/ros2_ws/install/turtle_multi_target:/home/ivan/ros2_ws/install/text_to_cmd_vel_pkg:/home/ivan/ros2_ws/install/py_pubsub:/home/ivan/ros2_ws/install/my_package:/home/ivan/ros2_ws/install/Ivan:/opt/ros/humble /usr/bin/cmake /home/ivan/ros2_ws/task4/ex02b/turtle_multi_target -DCMAKE_INSTALL_PREFIX=/home/ivan/ros2_ws/task4/ex02b/install/ex0402b
[0.220s] -- The C compiler identification is GNU 11.4.0
[0.754s] -- The CXX compiler identification is GNU 11.4.0
[1.115s] -- Detecting C compiler ABI info
[1.308s] -- Detecting C compiler ABI info - done
[1.319s] -- Check for working C compiler: /usr/bin/cc - skipped
[1.320s] -- Detecting C compile features
[1.320s] -- Detecting C compile features - done
[1.326s] -- Detecting CXX compiler ABI info
[1.520s] -- Detecting CXX compiler ABI info - done
[1.532s] -- Check for working CXX compiler: /usr/bin/c++ - skipped
[1.532s] -- Detecting CXX compile features
[1.533s] -- Detecting CXX compile features - done
[1.538s] -- Found ament_cmake: 1.3.12 (/opt/ros/humble/share/ament_cmake/cmake)
[1.771s] -- Found Python3: /usr/bin/python3 (found version "3.10.12") found components: Interpreter 
[1.922s] -- Found rclcpp: 16.0.15 (/opt/ros/humble/share/rclcpp/cmake)
[2.158s] -- Found rosidl_generator_c: 3.1.7 (/opt/ros/humble/share/rosidl_generator_c/cmake)
[2.166s] -- Found rosidl_adapter: 3.1.7 (/opt/ros/humble/share/rosidl_adapter/cmake)
[2.180s] -- Found rosidl_generator_cpp: 3.1.7 (/opt/ros/humble/share/rosidl_generator_cpp/cmake)
[2.201s] -- Using all available rosidl_typesupport_c: rosidl_typesupport_fastrtps_c;rosidl_typesupport_introspection_c
[2.228s] -- Using all available rosidl_typesupport_cpp: rosidl_typesupport_fastrtps_cpp;rosidl_typesupport_introspection_cpp
[2.300s] -- Found rmw_implementation_cmake: 6.1.2 (/opt/ros/humble/share/rmw_implementation_cmake/cmake)
[2.304s] -- Found rmw_fastrtps_cpp: 6.2.9 (/opt/ros/humble/share/rmw_fastrtps_cpp/cmake)
[4.019s] -- Found OpenSSL: /usr/lib/x86_64-linux-gnu/libcrypto.so (found version "3.0.2")  
[5.587s] -- Found FastRTPS: /opt/ros/humble/include  
[8.666s] -- Using RMW implementation 'rmw_fastrtps_cpp' as default
[8.680s] -- Looking for pthread.h
[8.855s] -- Looking for pthread.h - found
[8.855s] -- Performing Test CMAKE_HAVE_LIBC_PTHREAD
[9.029s] -- Performing Test CMAKE_HAVE_LIBC_PTHREAD - Success
[9.030s] -- Found Threads: TRUE  
[9.114s] -- Found geometry_msgs: 4.9.0 (/opt/ros/humble/share/geometry_msgs/cmake)
[9.134s] -- Found turtlesim: 1.4.2 (/home/ivan/ros2_ws/install/turtlesim/share/turtlesim/cmake)
[9.198s] -- Found tf2_ros: 0.25.16 (/opt/ros/humble/share/tf2_ros/cmake)
[9.330s] -- Found tf2_geometry_msgs: 0.25.16 (/opt/ros/humble/share/tf2_geometry_msgs/cmake)
[9.393s] -- Found eigen3_cmake_module: 0.1.1 (/opt/ros/humble/share/eigen3_cmake_module/cmake)
[9.395s] -- Found Eigen3: TRUE (found version "3.4.0") 
[9.395s] -- Ensuring Eigen3 include directory is part of orocos-kdl CMake target
[9.401s] -- Found std_srvs: 4.9.0 (/opt/ros/humble/share/std_srvs/cmake)
[9.420s] -- Found rosidl_default_generators: 1.2.0 (/opt/ros/humble/share/rosidl_default_generators/cmake)
[9.875s] -- Found ament_cmake_ros: 0.10.0 (/opt/ros/humble/share/ament_cmake_ros/cmake)
[10.567s] -- Using all available rosidl_typesupport_c: rosidl_typesupport_fastrtps_c;rosidl_typesupport_introspection_c
[10.817s] -- Using all available rosidl_typesupport_cpp: rosidl_typesupport_fastrtps_cpp;rosidl_typesupport_introspection_cpp
[10.955s] -- Found PythonInterp: /usr/bin/python3 (found suitable version "3.10.12", minimum required is "3.6") 
[10.958s] -- Found python_cmake_module: 0.10.0 (/opt/ros/humble/share/python_cmake_module/cmake)
[11.343s] -- Found PythonLibs: /usr/lib/x86_64-linux-gnu/libpython3.10.so (found suitable version "3.10.12", minimum required is "3.5") 
[11.344s] -- Using PYTHON_EXECUTABLE: /usr/bin/python3
[11.344s] -- Using PYTHON_INCLUDE_DIRS: /usr/include/python3.10
[11.344s] -- Using PYTHON_LIBRARIES: /usr/lib/x86_64-linux-gnu/libpython3.10.so
[11.376s] -- Found PythonExtra: .so  
[11.551s] -- Configuring done
[11.665s] -- Generating done
[11.700s] -- Build files have been written to: /home/ivan/ros2_ws/task4/ex02b/build/ex0402b
[11.720s] Invoked command in '/home/ivan/ros2_ws/task4/ex02b/build/ex0402b' returned '0': CMAKE_PREFIX_PATH=${CMAKE_PREFIX_PATH}:/home/ivan/ros2_ws/install/turtle_multi_target:/home/ivan/ros2_ws/install/text_to_cmd_vel_pkg:/home/ivan/ros2_ws/install/py_pubsub:/home/ivan/ros2_ws/install/my_package:/home/ivan/ros2_ws/install/Ivan:/opt/ros/humble /usr/bin/cmake /home/ivan/ros2_ws/task4/ex02b/turtle_multi_target -DCMAKE_INSTALL_PREFIX=/home/ivan/ros2_ws/task4/ex02b/install/ex0402b
[11.723s] Invoking command in '/home/ivan/ros2_ws/task4/ex02b/build/ex0402b': CMAKE_PREFIX_PATH=${CMAKE_PREFIX_PATH}:/home/ivan/ros2_ws/install/turtle_multi_target:/home/ivan/ros2_ws/install/text_to_cmd_vel_pkg:/home/ivan/ros2_ws/install/py_pubsub:/home/ivan/ros2_ws/install/my_package:/home/ivan/ros2_ws/install/Ivan:/opt/ros/humble /usr/bin/cmake --build /home/ivan/ros2_ws/task4/ex02b/build/ex0402b -- -j16 -l16
[11.790s] [  2%] [34m[1mGenerating C code for ROS interfaces[0m
[11.814s] [  4%] [32mBuilding CXX object CMakeFiles/target_switcher.dir/src/target_switcher.cpp.o[0m
[11.829s] [  9%] [34m[1mGenerating C++ code for ROS interfaces[0m
[11.829s] [  9%] [32mBuilding CXX object CMakeFiles/keyboard_listener.dir/src/keyboard_listener.cpp.o[0m
[11.829s] [ 12%] [32mBuilding CXX object CMakeFiles/turtle2_tf2_broadcaster.dir/src/turtle2_tf2_broadcaster.cpp.o[0m
[11.842s] [ 14%] [32mBuilding CXX object CMakeFiles/turtle_tf2_broadcaster.dir/src/turtle_tf2_broadcaster.cpp.o[0m
[11.859s] [ 14%] Built target ament_cmake_python_copy_ex0402b
[12.338s] running egg_info
[12.339s] creating ex0402b.egg-info
[12.340s] writing ex0402b.egg-info/PKG-INFO
[12.340s] writing dependency_links to ex0402b.egg-info/dependency_links.txt
[12.341s] writing top-level names to ex0402b.egg-info/top_level.txt
[12.341s] writing manifest file 'ex0402b.egg-info/SOURCES.txt'
[12.344s] reading manifest file 'ex0402b.egg-info/SOURCES.txt'
[12.345s] writing manifest file 'ex0402b.egg-info/SOURCES.txt'
[12.347s] [ 14%] Built target ex0402b__cpp
[12.350s] [ 17%] [32mBuilding C object CMakeFiles/ex0402b__rosidl_generator_c.dir/rosidl_generator_c/ex0402b/msg/detail/current_target__functions.c.o[0m
[12.364s] [ 19%] [34m[1mGenerating C++ type support for eProsima Fast-RTPS[0m
[12.366s] [ 21%] [34m[1mGenerating C++ introspection for ROS interfaces[0m
[12.366s] [ 24%] [34m[1mGenerating C++ type support dispatch for ROS interfaces[0m
[12.402s] [ 24%] Built target ament_cmake_python_build_ex0402b_egg
[12.428s] [ 26%] [32m[1mLinking C shared library libex0402b__rosidl_generator_c.so[0m
[12.605s] [ 26%] Built target ex0402b__rosidl_generator_c
[12.623s] [ 29%] [34m[1mGenerating C type support dispatch for ROS interfaces[0m
[12.625s] [ 31%] [34m[1mGenerating C type support for eProsima Fast-RTPS[0m
[12.626s] [ 34%] [34m[1mGenerating C introspection for ROS interfaces[0m
[12.836s] [ 36%] [32mBuilding CXX object CMakeFiles/ex0402b__rosidl_typesupport_cpp.dir/rosidl_typesupport_cpp/ex0402b/msg/current_target__type_support.cpp.o[0m
[12.893s] [ 39%] [32mBuilding CXX object CMakeFiles/ex0402b__rosidl_typesupport_introspection_cpp.dir/rosidl_typesupport_introspection_cpp/ex0402b/msg/detail/current_target__type_support.cpp.o[0m
[12.908s] [ 41%] [32mBuilding CXX object CMakeFiles/ex0402b__rosidl_typesupport_fastrtps_cpp.dir/rosidl_typesupport_fastrtps_cpp/ex0402b/msg/detail/dds_fastrtps/current_target__type_support.cpp.o[0m
[13.114s] [ 43%] [32mBuilding CXX object CMakeFiles/ex0402b__rosidl_typesupport_c.dir/rosidl_typesupport_c/ex0402b/msg/current_target__type_support.cpp.o[0m
[13.171s] [ 46%] [32mBuilding C object CMakeFiles/ex0402b__rosidl_typesupport_introspection_c.dir/rosidl_typesupport_introspection_c/ex0402b/msg/detail/current_target__type_support.c.o[0m
[13.176s] [ 48%] [32m[1mLinking CXX shared library libex0402b__rosidl_typesupport_c.so[0m
[13.190s] [ 51%] [32mBuilding CXX object CMakeFiles/ex0402b__rosidl_typesupport_fastrtps_c.dir/rosidl_typesupport_fastrtps_c/ex0402b/msg/detail/current_target__type_support_c.cpp.o[0m
[13.247s] [ 53%] [32m[1mLinking C shared library libex0402b__rosidl_typesupport_introspection_c.so[0m
[13.385s] [ 53%] Built target ex0402b__rosidl_typesupport_c
[13.422s] [ 53%] Built target ex0402b__rosidl_typesupport_introspection_c
[13.422s] [ 56%] [32m[1mLinking CXX shared library libex0402b__rosidl_typesupport_cpp.so[0m
[13.639s] [ 56%] Built target ex0402b__rosidl_typesupport_cpp
[13.677s] [ 58%] [32mBuilding CXX object CMakeFiles/turtle_controller.dir/src/turtle_controller.cpp.o[0m
[13.794s] [ 60%] [32m[1mLinking CXX shared library libex0402b__rosidl_typesupport_fastrtps_cpp.so[0m
[13.835s] [ 63%] [32m[1mLinking CXX shared library libex0402b__rosidl_typesupport_introspection_cpp.so[0m
[13.920s] [ 65%] [32m[1mLinking CXX shared library libex0402b__rosidl_typesupport_fastrtps_c.so[0m
[14.059s] [ 65%] Built target ex0402b__rosidl_typesupport_fastrtps_cpp
[14.082s] [ 65%] Built target ex0402b__rosidl_typesupport_introspection_cpp
[14.174s] [ 65%] Built target ex0402b__rosidl_typesupport_fastrtps_c
[14.203s] [ 65%] Built target ex0402b
[14.232s] [ 68%] [34m[1mGenerating Python code for ROS interfaces[0m
[14.791s] [ 68%] Built target ex0402b__py
[14.824s] [ 70%] [32mBuilding C object CMakeFiles/ex0402b__rosidl_generator_py.dir/rosidl_generator_py/ex0402b/msg/_current_target_s.c.o[0m
[15.005s] [ 73%] [32m[1mLinking C shared library rosidl_generator_py/ex0402b/libex0402b__rosidl_generator_py.so[0m
[15.199s] [ 73%] Built target ex0402b__rosidl_generator_py
[15.231s] [ 78%] [32mBuilding C object CMakeFiles/ex0402b__rosidl_typesupport_introspection_c__pyext.dir/rosidl_generator_py/ex0402b/_ex0402b_s.ep.rosidl_typesupport_introspection_c.c.o[0m
[15.231s] [ 78%] [32mBuilding C object CMakeFiles/ex0402b__rosidl_typesupport_fastrtps_c__pyext.dir/rosidl_generator_py/ex0402b/_ex0402b_s.ep.rosidl_typesupport_fastrtps_c.c.o[0m
[15.234s] [ 80%] [32mBuilding C object CMakeFiles/ex0402b__rosidl_typesupport_c__pyext.dir/rosidl_generator_py/ex0402b/_ex0402b_s.ep.rosidl_typesupport_c.c.o[0m
[15.399s] [ 82%] [32m[1mLinking C shared library rosidl_generator_py/ex0402b/ex0402b_s__rosidl_typesupport_c.cpython-310-x86_64-linux-gnu.so[0m
[15.414s] [ 85%] [32m[1mLinking C shared library rosidl_generator_py/ex0402b/ex0402b_s__rosidl_typesupport_introspection_c.cpython-310-x86_64-linux-gnu.so[0m
[15.416s] [ 87%] [32m[1mLinking C shared library rosidl_generator_py/ex0402b/ex0402b_s__rosidl_typesupport_fastrtps_c.cpython-310-x86_64-linux-gnu.so[0m
[15.551s] [ 87%] Built target ex0402b__rosidl_typesupport_c__pyext
[15.558s] [ 87%] Built target ex0402b__rosidl_typesupport_fastrtps_c__pyext
[15.572s] [ 87%] Built target ex0402b__rosidl_typesupport_introspection_c__pyext
[19.864s] [ 90%] [32m[1mLinking CXX executable keyboard_listener[0m
[20.304s] [ 90%] Built target keyboard_listener
[20.784s] [ 92%] [32m[1mLinking CXX executable target_switcher[0m
[21.221s] [ 92%] Built target target_switcher
[25.017s] [ 95%] [32m[1mLinking CXX executable turtle_controller[0m
[25.576s] [ 95%] Built target turtle_controller
[26.940s] [ 97%] [32m[1mLinking CXX executable turtle_tf2_broadcaster[0m
[27.187s] [100%] [32m[1mLinking CXX executable turtle2_tf2_broadcaster[0m
[27.710s] [100%] Built target turtle_tf2_broadcaster
[27.950s] [100%] Built target turtle2_tf2_broadcaster
[27.971s] Invoked command in '/home/ivan/ros2_ws/task4/ex02b/build/ex0402b' returned '0': CMAKE_PREFIX_PATH=${CMAKE_PREFIX_PATH}:/home/ivan/ros2_ws/install/turtle_multi_target:/home/ivan/ros2_ws/install/text_to_cmd_vel_pkg:/home/ivan/ros2_ws/install/py_pubsub:/home/ivan/ros2_ws/install/my_package:/home/ivan/ros2_ws/install/Ivan:/opt/ros/humble /usr/bin/cmake --build /home/ivan/ros2_ws/task4/ex02b/build/ex0402b -- -j16 -l16
[27.986s] Invoking command in '/home/ivan/ros2_ws/task4/ex02b/build/ex0402b': CMAKE_PREFIX_PATH=${CMAKE_PREFIX_PATH}:/home/ivan/ros2_ws/install/turtle_multi_target:/home/ivan/ros2_ws/install/text_to_cmd_vel_pkg:/home/ivan/ros2_ws/install/py_pubsub:/home/ivan/ros2_ws/install/my_package:/home/ivan/ros2_ws/install/Ivan:/opt/ros/humble /usr/bin/cmake --install /home/ivan/ros2_ws/task4/ex02b/build/ex0402b
[27.996s] -- Install configuration: ""
[27.998s] -- Installing: /home/ivan/ros2_ws/task4/ex02b/install/ex0402b/share/ament_index/resource_index/rosidl_interfaces/ex0402b
[27.998s] -- Installing: /home/ivan/ros2_ws/task4/ex02b/install/ex0402b/include/ex0402b/ex0402b
[27.999s] -- Installing: /home/ivan/ros2_ws/task4/ex02b/install/ex0402b/include/ex0402b/ex0402b/msg
[27.999s] -- Installing: /home/ivan/ros2_ws/task4/ex02b/install/ex0402b/include/ex0402b/ex0402b/msg/current_target.h
[28.000s] -- Installing: /home/ivan/ros2_ws/task4/ex02b/install/ex0402b/include/ex0402b/ex0402b/msg/detail
[28.000s] -- Installing: /home/ivan/ros2_ws/task4/ex02b/install/ex0402b/include/ex0402b/ex0402b/msg/detail/current_target__functions.h
[28.000s] -- Installing: /home/ivan/ros2_ws/task4/ex02b/install/ex0402b/include/ex0402b/ex0402b/msg/detail/current_target__struct.h
[28.001s] -- Installing: /home/ivan/ros2_ws/task4/ex02b/install/ex0402b/include/ex0402b/ex0402b/msg/detail/current_target__functions.c
[28.001s] -- Installing: /home/ivan/ros2_ws/task4/ex02b/install/ex0402b/include/ex0402b/ex0402b/msg/detail/current_target__type_support.h
[28.001s] -- Installing: /home/ivan/ros2_ws/task4/ex02b/install/ex0402b/include/ex0402b/ex0402b/msg/rosidl_generator_c__visibility_control.h
[28.002s] -- Installing: /home/ivan/ros2_ws/task4/ex02b/install/ex0402b/share/ex0402b/environment/library_path.sh
[28.002s] -- Installing: /home/ivan/ros2_ws/task4/ex02b/install/ex0402b/share/ex0402b/environment/library_path.dsv
[28.003s] -- Installing: /home/ivan/ros2_ws/task4/ex02b/install/ex0402b/lib/libex0402b__rosidl_generator_c.so
[28.004s] -- Set runtime path of "/home/ivan/ros2_ws/task4/ex02b/install/ex0402b/lib/libex0402b__rosidl_generator_c.so" to ""
[28.004s] -- Up-to-date: /home/ivan/ros2_ws/task4/ex02b/install/ex0402b/include/ex0402b/ex0402b
[28.004s] -- Up-to-date: /home/ivan/ros2_ws/task4/ex02b/install/ex0402b/include/ex0402b/ex0402b/msg
[28.005s] -- Up-to-date: /home/ivan/ros2_ws/task4/ex02b/install/ex0402b/include/ex0402b/ex0402b/msg/detail
[28.005s] -- Installing: /home/ivan/ros2_ws/task4/ex02b/install/ex0402b/include/ex0402b/ex0402b/msg/detail/current_target__rosidl_typesupport_fastrtps_c.h
[28.005s] -- Installing: /home/ivan/ros2_ws/task4/ex02b/install/ex0402b/include/ex0402b/ex0402b/msg/rosidl_typesupport_fastrtps_c__visibility_control.h
[28.005s] -- Installing: /home/ivan/ros2_ws/task4/ex02b/install/ex0402b/lib/libex0402b__rosidl_typesupport_fastrtps_c.so
[28.006s] -- Set runtime path of "/home/ivan/ros2_ws/task4/ex02b/install/ex0402b/lib/libex0402b__rosidl_typesupport_fastrtps_c.so" to ""
[28.006s] -- Up-to-date: /home/ivan/ros2_ws/task4/ex02b/install/ex0402b/include/ex0402b/ex0402b
[28.006s] -- Up-to-date: /home/ivan/ros2_ws/task4/ex02b/install/ex0402b/include/ex0402b/ex0402b/msg
[28.006s] -- Installing: /home/ivan/ros2_ws/task4/ex02b/install/ex0402b/include/ex0402b/ex0402b/msg/rosidl_generator_cpp__visibility_control.hpp
[28.007s] -- Installing: /home/ivan/ros2_ws/task4/ex02b/install/ex0402b/include/ex0402b/ex0402b/msg/current_target.hpp
[28.007s] -- Up-to-date: /home/ivan/ros2_ws/task4/ex02b/install/ex0402b/include/ex0402b/ex0402b/msg/detail
[28.007s] -- Installing: /home/ivan/ros2_ws/task4/ex02b/install/ex0402b/include/ex0402b/ex0402b/msg/detail/current_target__type_support.hpp
[28.008s] -- Installing: /home/ivan/ros2_ws/task4/ex02b/install/ex0402b/include/ex0402b/ex0402b/msg/detail/current_target__struct.hpp
[28.008s] -- Installing: /home/ivan/ros2_ws/task4/ex02b/install/ex0402b/include/ex0402b/ex0402b/msg/detail/current_target__builder.hpp
[28.008s] -- Installing: /home/ivan/ros2_ws/task4/ex02b/install/ex0402b/include/ex0402b/ex0402b/msg/detail/current_target__traits.hpp
[28.008s] -- Up-to-date: /home/ivan/ros2_ws/task4/ex02b/install/ex0402b/include/ex0402b/ex0402b
[28.008s] -- Up-to-date: /home/ivan/ros2_ws/task4/ex02b/install/ex0402b/include/ex0402b/ex0402b/msg
[28.008s] -- Up-to-date: /home/ivan/ros2_ws/task4/ex02b/install/ex0402b/include/ex0402b/ex0402b/msg/detail
[28.009s] -- Installing: /home/ivan/ros2_ws/task4/ex02b/install/ex0402b/include/ex0402b/ex0402b/msg/detail/dds_fastrtps
[28.009s] -- Installing: /home/ivan/ros2_ws/task4/ex02b/install/ex0402b/include/ex0402b/ex0402b/msg/detail/current_target__rosidl_typesupport_fastrtps_cpp.hpp
[28.009s] -- Installing: /home/ivan/ros2_ws/task4/ex02b/install/ex0402b/include/ex0402b/ex0402b/msg/rosidl_typesupport_fastrtps_cpp__visibility_control.h
[28.009s] -- Installing: /home/ivan/ros2_ws/task4/ex02b/install/ex0402b/lib/libex0402b__rosidl_typesupport_fastrtps_cpp.so
[28.010s] -- Set runtime path of "/home/ivan/ros2_ws/task4/ex02b/install/ex0402b/lib/libex0402b__rosidl_typesupport_fastrtps_cpp.so" to ""
[28.010s] -- Up-to-date: /home/ivan/ros2_ws/task4/ex02b/install/ex0402b/include/ex0402b/ex0402b
[28.010s] -- Up-to-date: /home/ivan/ros2_ws/task4/ex02b/install/ex0402b/include/ex0402b/ex0402b/msg
[28.011s] -- Up-to-date: /home/ivan/ros2_ws/task4/ex02b/install/ex0402b/include/ex0402b/ex0402b/msg/detail
[28.011s] -- Installing: /home/ivan/ros2_ws/task4/ex02b/install/ex0402b/include/ex0402b/ex0402b/msg/detail/current_target__type_support.c
[28.011s] -- Installing: /home/ivan/ros2_ws/task4/ex02b/install/ex0402b/include/ex0402b/ex0402b/msg/detail/current_target__rosidl_typesupport_introspection_c.h
[28.011s] -- Installing: /home/ivan/ros2_ws/task4/ex02b/install/ex0402b/include/ex0402b/ex0402b/msg/rosidl_typesupport_introspection_c__visibility_control.h
[28.012s] -- Installing: /home/ivan/ros2_ws/task4/ex02b/install/ex0402b/lib/libex0402b__rosidl_typesupport_introspection_c.so
[28.012s] -- Set runtime path of "/home/ivan/ros2_ws/task4/ex02b/install/ex0402b/lib/libex0402b__rosidl_typesupport_introspection_c.so" to ""
[28.012s] -- Installing: /home/ivan/ros2_ws/task4/ex02b/install/ex0402b/lib/libex0402b__rosidl_typesupport_c.so
[28.012s] -- Set runtime path of "/home/ivan/ros2_ws/task4/ex02b/install/ex0402b/lib/libex0402b__rosidl_typesupport_c.so" to ""
[28.012s] -- Up-to-date: /home/ivan/ros2_ws/task4/ex02b/install/ex0402b/include/ex0402b/ex0402b
[28.013s] -- Up-to-date: /home/ivan/ros2_ws/task4/ex02b/install/ex0402b/include/ex0402b/ex0402b/msg
[28.013s] -- Up-to-date: /home/ivan/ros2_ws/task4/ex02b/install/ex0402b/include/ex0402b/ex0402b/msg/detail
[28.013s] -- Installing: /home/ivan/ros2_ws/task4/ex02b/install/ex0402b/include/ex0402b/ex0402b/msg/detail/current_target__rosidl_typesupport_introspection_cpp.hpp
[28.013s] -- Installing: /home/ivan/ros2_ws/task4/ex02b/install/ex0402b/include/ex0402b/ex0402b/msg/detail/current_target__type_support.cpp
[28.013s] -- Installing: /home/ivan/ros2_ws/task4/ex02b/install/ex0402b/lib/libex0402b__rosidl_typesupport_introspection_cpp.so
[28.014s] -- Set runtime path of "/home/ivan/ros2_ws/task4/ex02b/install/ex0402b/lib/libex0402b__rosidl_typesupport_introspection_cpp.so" to ""
[28.014s] -- Installing: /home/ivan/ros2_ws/task4/ex02b/install/ex0402b/lib/libex0402b__rosidl_typesupport_cpp.so
[28.014s] -- Set runtime path of "/home/ivan/ros2_ws/task4/ex02b/install/ex0402b/lib/libex0402b__rosidl_typesupport_cpp.so" to ""
[28.015s] -- Installing: /home/ivan/ros2_ws/task4/ex02b/install/ex0402b/share/ex0402b/environment/pythonpath.sh
[28.015s] -- Installing: /home/ivan/ros2_ws/task4/ex02b/install/ex0402b/share/ex0402b/environment/pythonpath.dsv
[28.015s] -- Installing: /home/ivan/ros2_ws/task4/ex02b/install/ex0402b/local/lib/python3.10/dist-packages/ex0402b-0.0.0-py3.10.egg-info
[28.016s] -- Installing: /home/ivan/ros2_ws/task4/ex02b/install/ex0402b/local/lib/python3.10/dist-packages/ex0402b-0.0.0-py3.10.egg-info/PKG-INFO
[28.017s] -- Installing: /home/ivan/ros2_ws/task4/ex02b/install/ex0402b/local/lib/python3.10/dist-packages/ex0402b-0.0.0-py3.10.egg-info/top_level.txt
[28.017s] -- Installing: /home/ivan/ros2_ws/task4/ex02b/install/ex0402b/local/lib/python3.10/dist-packages/ex0402b-0.0.0-py3.10.egg-info/dependency_links.txt
[28.017s] -- Installing: /home/ivan/ros2_ws/task4/ex02b/install/ex0402b/local/lib/python3.10/dist-packages/ex0402b-0.0.0-py3.10.egg-info/SOURCES.txt
[28.017s] -- Installing: /home/ivan/ros2_ws/task4/ex02b/install/ex0402b/local/lib/python3.10/dist-packages/ex0402b
[28.018s] -- Installing: /home/ivan/ros2_ws/task4/ex02b/install/ex0402b/local/lib/python3.10/dist-packages/ex0402b/_ex0402b_s.ep.rosidl_typesupport_introspection_c.c
[28.019s] -- Installing: /home/ivan/ros2_ws/task4/ex02b/install/ex0402b/local/lib/python3.10/dist-packages/ex0402b/_ex0402b_s.ep.rosidl_typesupport_fastrtps_c.c
[28.019s] -- Installing: /home/ivan/ros2_ws/task4/ex02b/install/ex0402b/local/lib/python3.10/dist-packages/ex0402b/libex0402b__rosidl_generator_py.so
[28.019s] -- Installing: /home/ivan/ros2_ws/task4/ex02b/install/ex0402b/local/lib/python3.10/dist-packages/ex0402b/_ex0402b_s.ep.rosidl_typesupport_c.c
[28.019s] -- Installing: /home/ivan/ros2_ws/task4/ex02b/install/ex0402b/local/lib/python3.10/dist-packages/ex0402b/ex0402b_s__rosidl_typesupport_introspection_c.cpython-310-x86_64-linux-gnu.so
[28.020s] -- Installing: /home/ivan/ros2_ws/task4/ex02b/install/ex0402b/local/lib/python3.10/dist-packages/ex0402b/ex0402b_s__rosidl_typesupport_fastrtps_c.cpython-310-x86_64-linux-gnu.so
[28.020s] -- Installing: /home/ivan/ros2_ws/task4/ex02b/install/ex0402b/local/lib/python3.10/dist-packages/ex0402b/ex0402b_s__rosidl_typesupport_c.cpython-310-x86_64-linux-gnu.so
[28.020s] -- Installing: /home/ivan/ros2_ws/task4/ex02b/install/ex0402b/local/lib/python3.10/dist-packages/ex0402b/__init__.py
[28.020s] -- Installing: /home/ivan/ros2_ws/task4/ex02b/install/ex0402b/local/lib/python3.10/dist-packages/ex0402b/msg
[28.021s] -- Installing: /home/ivan/ros2_ws/task4/ex02b/install/ex0402b/local/lib/python3.10/dist-packages/ex0402b/msg/_current_target_s.c
[28.021s] -- Installing: /home/ivan/ros2_ws/task4/ex02b/install/ex0402b/local/lib/python3.10/dist-packages/ex0402b/msg/_current_target.py
[28.021s] -- Installing: /home/ivan/ros2_ws/task4/ex02b/install/ex0402b/local/lib/python3.10/dist-packages/ex0402b/msg/__init__.py
[28.073s] Listing '/home/ivan/ros2_ws/task4/ex02b/install/ex0402b/local/lib/python3.10/dist-packages/ex0402b'...
[28.073s] Compiling '/home/ivan/ros2_ws/task4/ex02b/install/ex0402b/local/lib/python3.10/dist-packages/ex0402b/__init__.py'...
[28.073s] Listing '/home/ivan/ros2_ws/task4/ex02b/install/ex0402b/local/lib/python3.10/dist-packages/ex0402b/msg'...
[28.074s] Compiling '/home/ivan/ros2_ws/task4/ex02b/install/ex0402b/local/lib/python3.10/dist-packages/ex0402b/msg/__init__.py'...
[28.074s] Compiling '/home/ivan/ros2_ws/task4/ex02b/install/ex0402b/local/lib/python3.10/dist-packages/ex0402b/msg/_current_target.py'...
[28.082s] -- Installing: /home/ivan/ros2_ws/task4/ex02b/install/ex0402b/local/lib/python3.10/dist-packages/ex0402b/ex0402b_s__rosidl_typesupport_fastrtps_c.cpython-310-x86_64-linux-gnu.so
[28.082s] -- Set runtime path of "/home/ivan/ros2_ws/task4/ex02b/install/ex0402b/local/lib/python3.10/dist-packages/ex0402b/ex0402b_s__rosidl_typesupport_fastrtps_c.cpython-310-x86_64-linux-gnu.so" to ""
[28.082s] -- Installing: /home/ivan/ros2_ws/task4/ex02b/install/ex0402b/local/lib/python3.10/dist-packages/ex0402b/ex0402b_s__rosidl_typesupport_introspection_c.cpython-310-x86_64-linux-gnu.so
[28.083s] -- Set runtime path of "/home/ivan/ros2_ws/task4/ex02b/install/ex0402b/local/lib/python3.10/dist-packages/ex0402b/ex0402b_s__rosidl_typesupport_introspection_c.cpython-310-x86_64-linux-gnu.so" to ""
[28.083s] -- Installing: /home/ivan/ros2_ws/task4/ex02b/install/ex0402b/local/lib/python3.10/dist-packages/ex0402b/ex0402b_s__rosidl_typesupport_c.cpython-310-x86_64-linux-gnu.so
[28.084s] -- Set runtime path of "/home/ivan/ros2_ws/task4/ex02b/install/ex0402b/local/lib/python3.10/dist-packages/ex0402b/ex0402b_s__rosidl_typesupport_c.cpython-310-x86_64-linux-gnu.so" to ""
[28.084s] -- Installing: /home/ivan/ros2_ws/task4/ex02b/install/ex0402b/lib/libex0402b__rosidl_generator_py.so
[28.084s] -- Set runtime path of "/home/ivan/ros2_ws/task4/ex02b/install/ex0402b/lib/libex0402b__rosidl_generator_py.so" to ""
[28.085s] -- Installing: /home/ivan/ros2_ws/task4/ex02b/install/ex0402b/share/ex0402b/msg/CurrentTarget.idl
[28.085s] -- Installing: /home/ivan/ros2_ws/task4/ex02b/install/ex0402b/share/ex0402b/msg/CurrentTarget.msg
[28.086s] -- Installing: /home/ivan/ros2_ws/task4/ex02b/install/ex0402b/lib/ex0402b/target_switcher
[28.088s] -- Set runtime path of "/home/ivan/ros2_ws/task4/ex02b/install/ex0402b/lib/ex0402b/target_switcher" to ""
[28.088s] -- Installing: /home/ivan/ros2_ws/task4/ex02b/install/ex0402b/lib/ex0402b/turtle_controller
[28.091s] -- Set runtime path of "/home/ivan/ros2_ws/task4/ex02b/install/ex0402b/lib/ex0402b/turtle_controller" to ""
[28.091s] -- Installing: /home/ivan/ros2_ws/task4/ex02b/install/ex0402b/lib/ex0402b/turtle_tf2_broadcaster
[28.096s] -- Set runtime path of "/home/ivan/ros2_ws/task4/ex02b/install/ex0402b/lib/ex0402b/turtle_tf2_broadcaster" to ""
[28.096s] -- Installing: /home/ivan/ros2_ws/task4/ex02b/install/ex0402b/lib/ex0402b/turtle2_tf2_broadcaster
[28.102s] -- Set runtime path of "/home/ivan/ros2_ws/task4/ex02b/install/ex0402b/lib/ex0402b/turtle2_tf2_broadcaster" to ""
[28.102s] -- Installing: /home/ivan/ros2_ws/task4/ex02b/install/ex0402b/lib/ex0402b/keyboard_listener
[28.103s] -- Set runtime path of "/home/ivan/ros2_ws/task4/ex02b/install/ex0402b/lib/ex0402b/keyboard_listener" to ""
[28.103s] -- Installing: /home/ivan/ros2_ws/task4/ex02b/install/ex0402b/share/ex0402b/launch
[28.104s] -- Installing: /home/ivan/ros2_ws/task4/ex02b/install/ex0402b/share/ex0402b/launch/ex0402b.launch.py
[28.104s] -- Installing: /home/ivan/ros2_ws/task4/ex02b/install/ex0402b/share/ex0402b/rviz
[28.105s] -- Installing: /home/ivan/ros2_ws/task4/ex02b/install/ex0402b/share/ex0402b/rviz/multi_target.rviz
[28.105s] -- Up-to-date: /home/ivan/ros2_ws/task4/ex02b/install/ex0402b/share/ex0402b/msg
[28.106s] -- Up-to-date: /home/ivan/ros2_ws/task4/ex02b/install/ex0402b/share/ex0402b/msg/CurrentTarget.msg
[28.106s] -- Up-to-date: /home/ivan/ros2_ws/task4/ex02b/install/ex0402b/include
[28.106s] -- Up-to-date: /home/ivan/ros2_ws/task4/ex02b/install/ex0402b/include/ex0402b
[28.106s] -- Installing: /home/ivan/ros2_ws/task4/ex02b/install/ex0402b/include/ex0402b/utilities.hpp
[28.107s] -- Installing: /home/ivan/ros2_ws/task4/ex02b/install/ex0402b/share/ament_index/resource_index/package_run_dependencies/ex0402b
[28.107s] -- Installing: /home/ivan/ros2_ws/task4/ex02b/install/ex0402b/share/ament_index/resource_index/parent_prefix_path/ex0402b
[28.108s] -- Installing: /home/ivan/ros2_ws/task4/ex02b/install/ex0402b/share/ex0402b/environment/ament_prefix_path.sh
[28.108s] -- Installing: /home/ivan/ros2_ws/task4/ex02b/install/ex0402b/share/ex0402b/environment/ament_prefix_path.dsv
[28.108s] -- Installing: /home/ivan/ros2_ws/task4/ex02b/install/ex0402b/share/ex0402b/environment/path.sh
[28.108s] -- Installing: /home/ivan/ros2_ws/task4/ex02b/install/ex0402b/share/ex0402b/environment/path.dsv
[28.109s] -- Installing: /home/ivan/ros2_ws/task4/ex02b/install/ex0402b/share/ex0402b/local_setup.bash
[28.109s] -- Installing: /home/ivan/ros2_ws/task4/ex02b/install/ex0402b/share/ex0402b/local_setup.sh
[28.109s] -- Installing: /home/ivan/ros2_ws/task4/ex02b/install/ex0402b/share/ex0402b/local_setup.zsh
[28.110s] -- Installing: /home/ivan/ros2_ws/task4/ex02b/install/ex0402b/share/ex0402b/local_setup.dsv
[28.110s] -- Installing: /home/ivan/ros2_ws/task4/ex02b/install/ex0402b/share/ex0402b/package.dsv
[28.111s] -- Installing: /home/ivan/ros2_ws/task4/ex02b/install/ex0402b/share/ament_index/resource_index/packages/ex0402b
[28.112s] -- Installing: /home/ivan/ros2_ws/task4/ex02b/install/ex0402b/share/ex0402b/cmake/export_ex0402b__rosidl_generator_cExport.cmake
[28.112s] -- Installing: /home/ivan/ros2_ws/task4/ex02b/install/ex0402b/share/ex0402b/cmake/export_ex0402b__rosidl_generator_cExport-noconfig.cmake
[28.112s] -- Installing: /home/ivan/ros2_ws/task4/ex02b/install/ex0402b/share/ex0402b/cmake/export_ex0402b__rosidl_typesupport_fastrtps_cExport.cmake
[28.113s] -- Installing: /home/ivan/ros2_ws/task4/ex02b/install/ex0402b/share/ex0402b/cmake/export_ex0402b__rosidl_typesupport_fastrtps_cExport-noconfig.cmake
[28.113s] -- Installing: /home/ivan/ros2_ws/task4/ex02b/install/ex0402b/share/ex0402b/cmake/export_ex0402b__rosidl_generator_cppExport.cmake
[28.113s] -- Installing: /home/ivan/ros2_ws/task4/ex02b/install/ex0402b/share/ex0402b/cmake/export_ex0402b__rosidl_typesupport_fastrtps_cppExport.cmake
[28.114s] -- Installing: /home/ivan/ros2_ws/task4/ex02b/install/ex0402b/share/ex0402b/cmake/export_ex0402b__rosidl_typesupport_fastrtps_cppExport-noconfig.cmake
[28.114s] -- Installing: /home/ivan/ros2_ws/task4/ex02b/install/ex0402b/share/ex0402b/cmake/ex0402b__rosidl_typesupport_introspection_cExport.cmake
[28.114s] -- Installing: /home/ivan/ros2_ws/task4/ex02b/install/ex0402b/share/ex0402b/cmake/ex0402b__rosidl_typesupport_introspection_cExport-noconfig.cmake
[28.114s] -- Installing: /home/ivan/ros2_ws/task4/ex02b/install/ex0402b/share/ex0402b/cmake/ex0402b__rosidl_typesupport_cExport.cmake
[28.115s] -- Installing: /home/ivan/ros2_ws/task4/ex02b/install/ex0402b/share/ex0402b/cmake/ex0402b__rosidl_typesupport_cExport-noconfig.cmake
[28.115s] -- Installing: /home/ivan/ros2_ws/task4/ex02b/install/ex0402b/share/ex0402b/cmake/ex0402b__rosidl_typesupport_introspection_cppExport.cmake
[28.116s] -- Installing: /home/ivan/ros2_ws/task4/ex02b/install/ex0402b/share/ex0402b/cmake/ex0402b__rosidl_typesupport_introspection_cppExport-noconfig.cmake
[28.116s] -- Installing: /home/ivan/ros2_ws/task4/ex02b/install/ex0402b/share/ex0402b/cmake/ex0402b__rosidl_typesupport_cppExport.cmake
[28.117s] -- Installing: /home/ivan/ros2_ws/task4/ex02b/install/ex0402b/share/ex0402b/cmake/ex0402b__rosidl_typesupport_cppExport-noconfig.cmake
[28.117s] -- Installing: /home/ivan/ros2_ws/task4/ex02b/install/ex0402b/share/ex0402b/cmake/export_ex0402b__rosidl_generator_pyExport.cmake
[28.118s] -- Installing: /home/ivan/ros2_ws/task4/ex02b/install/ex0402b/share/ex0402b/cmake/export_ex0402b__rosidl_generator_pyExport-noconfig.cmake
[28.118s] -- Installing: /home/ivan/ros2_ws/task4/ex02b/install/ex0402b/share/ex0402b/cmake/rosidl_cmake-extras.cmake
[28.118s] -- Installing: /home/ivan/ros2_ws/task4/ex02b/install/ex0402b/share/ex0402b/cmake/ament_cmake_export_dependencies-extras.cmake
[28.118s] -- Installing: /home/ivan/ros2_ws/task4/ex02b/install/ex0402b/share/ex0402b/cmake/ament_cmake_export_include_directories-extras.cmake
[28.119s] -- Installing: /home/ivan/ros2_ws/task4/ex02b/install/ex0402b/share/ex0402b/cmake/ament_cmake_export_libraries-extras.cmake
[28.119s] -- Installing: /home/ivan/ros2_ws/task4/ex02b/install/ex0402b/share/ex0402b/cmake/ament_cmake_export_targets-extras.cmake
[28.119s] -- Installing: /home/ivan/ros2_ws/task4/ex02b/install/ex0402b/share/ex0402b/cmake/rosidl_cmake_export_typesupport_targets-extras.cmake
[28.120s] -- Installing: /home/ivan/ros2_ws/task4/ex02b/install/ex0402b/share/ex0402b/cmake/rosidl_cmake_export_typesupport_libraries-extras.cmake
[28.120s] -- Installing: /home/ivan/ros2_ws/task4/ex02b/install/ex0402b/share/ex0402b/cmake/ex0402bConfig.cmake
[28.120s] -- Installing: /home/ivan/ros2_ws/task4/ex02b/install/ex0402b/share/ex0402b/cmake/ex0402bConfig-version.cmake
[28.121s] -- Installing: /home/ivan/ros2_ws/task4/ex02b/install/ex0402b/share/ex0402b/package.xml
[28.125s] Invoked command in '/home/ivan/ros2_ws/task4/ex02b/build/ex0402b' returned '0': CMAKE_PREFIX_PATH=${CMAKE_PREFIX_PATH}:/home/ivan/ros2_ws/install/turtle_multi_target:/home/ivan/ros2_ws/install/text_to_cmd_vel_pkg:/home/ivan/ros2_ws/install/py_pubsub:/home/ivan/ros2_ws/install/my_package:/home/ivan/ros2_ws/install/Ivan:/opt/ros/humble /usr/bin/cmake --install /home/ivan/ros2_ws/task4/ex02b/build/ex0402b
