[0.404s] DEBUG:colcon:Command line arguments: ['/usr/bin/colcon', 'build', '--packages-select', 'my_robot_gazebo']
[0.405s] DEBUG:colcon:Parsed command line arguments: Namespace(log_base=None, log_level=None, verb_name='build', build_base='build', install_base='install', merge_install=False, symlink_install=False, test_result_base=None, continue_on_error=False, executor='parallel', parallel_workers=16, event_handlers=None, ignore_user_meta=False, metas=['./colcon.meta'], base_paths=['.'], packages_ignore=None, packages_ignore_regex=None, paths=None, packages_up_to=None, packages_up_to_regex=None, packages_above=None, packages_above_and_dependencies=None, packages_above_depth=None, packages_select_by_dep=None, packages_skip_by_dep=None, packages_skip_up_to=None, packages_select_build_failed=False, packages_skip_build_finished=False, packages_select_test_failures=False, packages_skip_test_passed=False, packages_select=['my_robot_gazebo'], packages_skip=None, packages_select_regex=None, packages_skip_regex=None, packages_start=None, packages_end=None, allow_overriding=[], cmake_args=None, cmake_target=None, cmake_target_skip_unavailable=False, cmake_clean_cache=False, cmake_clean_first=False, cmake_force_configure=False, ament_cmake_args=None, catkin_cmake_args=None, catkin_skip_building_tests=False, verb_parser=<colcon_defaults.argument_parser.defaults.DefaultArgumentsDecorator object at 0x7fcbc01c21d0>, verb_extension=<colcon_core.verb.build.BuildVerb object at 0x7fcbc03bb730>, main=<bound method BuildVerb.main of <colcon_core.verb.build.BuildVerb object at 0x7fcbc03bb730>>)
[0.970s] Level 1:colcon.colcon_core.package_discovery:discover_packages(colcon_meta) check parameters
[0.971s] Level 1:colcon.colcon_core.package_discovery:discover_packages(recursive) check parameters
[0.971s] Level 1:colcon.colcon_core.package_discovery:discover_packages(ignore) check parameters
[0.971s] Level 1:colcon.colcon_core.package_discovery:discover_packages(path) check parameters
[0.971s] Level 1:colcon.colcon_core.package_discovery:discover_packages(colcon_meta) discover
[0.971s] Level 1:colcon.colcon_core.package_discovery:discover_packages(recursive) discover
[0.971s] INFO:colcon.colcon_core.package_discovery:Crawling recursively for packages in '/home/ivan/ros2_ws/task5'
[0.971s] Level 1:colcon.colcon_core.package_identification:_identify(.) by extensions ['ignore', 'ignore_ament_install']
[0.971s] Level 1:colcon.colcon_core.package_identification:_identify(.) by extension 'ignore'
[0.971s] Level 1:colcon.colcon_core.package_identification:_identify(.) by extension 'ignore_ament_install'
[0.971s] Level 1:colcon.colcon_core.package_identification:_identify(.) by extensions ['colcon_pkg']
[0.971s] Level 1:colcon.colcon_core.package_identification:_identify(.) by extension 'colcon_pkg'
[0.971s] Level 1:colcon.colcon_core.package_identification:_identify(.) by extensions ['colcon_meta']
[0.971s] Level 1:colcon.colcon_core.package_identification:_identify(.) by extension 'colcon_meta'
[0.972s] Level 1:colcon.colcon_core.package_identification:_identify(.) by extensions ['ros']
[0.972s] Level 1:colcon.colcon_core.package_identification:_identify(.) by extension 'ros'
[0.993s] Level 1:colcon.colcon_core.package_identification:_identify(.) by extensions ['cmake', 'python']
[0.993s] Level 1:colcon.colcon_core.package_identification:_identify(.) by extension 'cmake'
[0.993s] Level 1:colcon.colcon_core.package_identification:_identify(.) by extension 'python'
[0.993s] Level 1:colcon.colcon_core.package_identification:_identify(.) by extensions ['python_setup_py']
[0.993s] Level 1:colcon.colcon_core.package_identification:_identify(.) by extension 'python_setup_py'
[0.995s] Level 1:colcon.colcon_core.package_identification:_identify(build) by extensions ['ignore', 'ignore_ament_install']
[0.995s] Level 1:colcon.colcon_core.package_identification:_identify(build) by extension 'ignore'
[0.995s] Level 1:colcon.colcon_core.package_identification:_identify(build) ignored
[0.996s] Level 1:colcon.colcon_core.package_identification:_identify(ex01) by extensions ['ignore', 'ignore_ament_install']
[0.996s] Level 1:colcon.colcon_core.package_identification:_identify(ex01) by extension 'ignore'
[0.996s] Level 1:colcon.colcon_core.package_identification:_identify(ex01) by extension 'ignore_ament_install'
[0.996s] Level 1:colcon.colcon_core.package_identification:_identify(ex01) by extensions ['colcon_pkg']
[0.996s] Level 1:colcon.colcon_core.package_identification:_identify(ex01) by extension 'colcon_pkg'
[0.996s] Level 1:colcon.colcon_core.package_identification:_identify(ex01) by extensions ['colcon_meta']
[0.997s] Level 1:colcon.colcon_core.package_identification:_identify(ex01) by extension 'colcon_meta'
[0.997s] Level 1:colcon.colcon_core.package_identification:_identify(ex01) by extensions ['ros']
[0.997s] Level 1:colcon.colcon_core.package_identification:_identify(ex01) by extension 'ros'
[0.997s] Level 1:colcon.colcon_core.package_identification:_identify(ex01) by extensions ['cmake', 'python']
[0.997s] Level 1:colcon.colcon_core.package_identification:_identify(ex01) by extension 'cmake'
[0.997s] Level 1:colcon.colcon_core.package_identification:_identify(ex01) by extension 'python'
[0.997s] Level 1:colcon.colcon_core.package_identification:_identify(ex01) by extensions ['python_setup_py']
[0.997s] Level 1:colcon.colcon_core.package_identification:_identify(ex01) by extension 'python_setup_py'
[0.998s] Level 1:colcon.colcon_core.package_identification:_identify(ex01/build) by extensions ['ignore', 'ignore_ament_install']
[0.998s] Level 1:colcon.colcon_core.package_identification:_identify(ex01/build) by extension 'ignore'
[0.998s] Level 1:colcon.colcon_core.package_identification:_identify(ex01/build) ignored
[0.999s] Level 1:colcon.colcon_core.package_identification:_identify(ex01/install) by extensions ['ignore', 'ignore_ament_install']
[0.999s] Level 1:colcon.colcon_core.package_identification:_identify(ex01/install) by extension 'ignore'
[0.999s] Level 1:colcon.colcon_core.package_identification:_identify(ex01/install) ignored
[1.000s] Level 1:colcon.colcon_core.package_identification:_identify(ex01/log) by extensions ['ignore', 'ignore_ament_install']
[1.000s] Level 1:colcon.colcon_core.package_identification:_identify(ex01/log) by extension 'ignore'
[1.000s] Level 1:colcon.colcon_core.package_identification:_identify(ex01/log) ignored
[1.001s] Level 1:colcon.colcon_core.package_identification:_identify(ex01/my_robot_description) by extensions ['ignore', 'ignore_ament_install']
[1.001s] Level 1:colcon.colcon_core.package_identification:_identify(ex01/my_robot_description) by extension 'ignore'
[1.001s] Level 1:colcon.colcon_core.package_identification:_identify(ex01/my_robot_description) by extension 'ignore_ament_install'
[1.001s] Level 1:colcon.colcon_core.package_identification:_identify(ex01/my_robot_description) by extensions ['colcon_pkg']
[1.001s] Level 1:colcon.colcon_core.package_identification:_identify(ex01/my_robot_description) by extension 'colcon_pkg'
[1.001s] Level 1:colcon.colcon_core.package_identification:_identify(ex01/my_robot_description) by extensions ['colcon_meta']
[1.001s] Level 1:colcon.colcon_core.package_identification:_identify(ex01/my_robot_description) by extension 'colcon_meta'
[1.002s] Level 1:colcon.colcon_core.package_identification:_identify(ex01/my_robot_description) by extensions ['ros']
[1.002s] Level 1:colcon.colcon_core.package_identification:_identify(ex01/my_robot_description) by extension 'ros'
[1.007s] DEBUG:colcon.colcon_core.package_identification:Package 'ex01/my_robot_description' with type 'ros.ament_cmake' and name 'my_robot_description'
[1.008s] Level 1:colcon.colcon_core.package_identification:_identify(ex02) by extensions ['ignore', 'ignore_ament_install']
[1.008s] Level 1:colcon.colcon_core.package_identification:_identify(ex02) by extension 'ignore'
[1.008s] Level 1:colcon.colcon_core.package_identification:_identify(ex02) by extension 'ignore_ament_install'
[1.008s] Level 1:colcon.colcon_core.package_identification:_identify(ex02) by extensions ['colcon_pkg']
[1.008s] Level 1:colcon.colcon_core.package_identification:_identify(ex02) by extension 'colcon_pkg'
[1.008s] Level 1:colcon.colcon_core.package_identification:_identify(ex02) by extensions ['colcon_meta']
[1.008s] Level 1:colcon.colcon_core.package_identification:_identify(ex02) by extension 'colcon_meta'
[1.009s] Level 1:colcon.colcon_core.package_identification:_identify(ex02) by extensions ['ros']
[1.009s] Level 1:colcon.colcon_core.package_identification:_identify(ex02) by extension 'ros'
[1.009s] Level 1:colcon.colcon_core.package_identification:_identify(ex02) by extensions ['cmake', 'python']
[1.009s] Level 1:colcon.colcon_core.package_identification:_identify(ex02) by extension 'cmake'
[1.009s] Level 1:colcon.colcon_core.package_identification:_identify(ex02) by extension 'python'
[1.009s] Level 1:colcon.colcon_core.package_identification:_identify(ex02) by extensions ['python_setup_py']
[1.009s] Level 1:colcon.colcon_core.package_identification:_identify(ex02) by extension 'python_setup_py'
[1.009s] Level 1:colcon.colcon_core.package_identification:_identify(ex03) by extensions ['ignore', 'ignore_ament_install']
[1.009s] Level 1:colcon.colcon_core.package_identification:_identify(ex03) by extension 'ignore'
[1.009s] Level 1:colcon.colcon_core.package_identification:_identify(ex03) by extension 'ignore_ament_install'
[1.009s] Level 1:colcon.colcon_core.package_identification:_identify(ex03) by extensions ['colcon_pkg']
[1.009s] Level 1:colcon.colcon_core.package_identification:_identify(ex03) by extension 'colcon_pkg'
[1.009s] Level 1:colcon.colcon_core.package_identification:_identify(ex03) by extensions ['colcon_meta']
[1.009s] Level 1:colcon.colcon_core.package_identification:_identify(ex03) by extension 'colcon_meta'
[1.009s] Level 1:colcon.colcon_core.package_identification:_identify(ex03) by extensions ['ros']
[1.009s] Level 1:colcon.colcon_core.package_identification:_identify(ex03) by extension 'ros'
[1.009s] Level 1:colcon.colcon_core.package_identification:_identify(ex03) by extensions ['cmake', 'python']
[1.009s] Level 1:colcon.colcon_core.package_identification:_identify(ex03) by extension 'cmake'
[1.009s] Level 1:colcon.colcon_core.package_identification:_identify(ex03) by extension 'python'
[1.009s] Level 1:colcon.colcon_core.package_identification:_identify(ex03) by extensions ['python_setup_py']
[1.010s] Level 1:colcon.colcon_core.package_identification:_identify(ex03) by extension 'python_setup_py'
[1.010s] Level 1:colcon.colcon_core.package_identification:_identify(ex03/src) by extensions ['ignore', 'ignore_ament_install']
[1.010s] Level 1:colcon.colcon_core.package_identification:_identify(ex03/src) by extension 'ignore'
[1.010s] Level 1:colcon.colcon_core.package_identification:_identify(ex03/src) by extension 'ignore_ament_install'
[1.010s] Level 1:colcon.colcon_core.package_identification:_identify(ex03/src) by extensions ['colcon_pkg']
[1.010s] Level 1:colcon.colcon_core.package_identification:_identify(ex03/src) by extension 'colcon_pkg'
[1.010s] Level 1:colcon.colcon_core.package_identification:_identify(ex03/src) by extensions ['colcon_meta']
[1.010s] Level 1:colcon.colcon_core.package_identification:_identify(ex03/src) by extension 'colcon_meta'
[1.010s] Level 1:colcon.colcon_core.package_identification:_identify(ex03/src) by extensions ['ros']
[1.010s] Level 1:colcon.colcon_core.package_identification:_identify(ex03/src) by extension 'ros'
[1.010s] Level 1:colcon.colcon_core.package_identification:_identify(ex03/src) by extensions ['cmake', 'python']
[1.010s] Level 1:colcon.colcon_core.package_identification:_identify(ex03/src) by extension 'cmake'
[1.010s] Level 1:colcon.colcon_core.package_identification:_identify(ex03/src) by extension 'python'
[1.010s] Level 1:colcon.colcon_core.package_identification:_identify(ex03/src) by extensions ['python_setup_py']
[1.010s] Level 1:colcon.colcon_core.package_identification:_identify(ex03/src) by extension 'python_setup_py'
[1.010s] Level 1:colcon.colcon_core.package_identification:_identify(ex03/src/my_robot_gazebo) by extensions ['ignore', 'ignore_ament_install']
[1.010s] Level 1:colcon.colcon_core.package_identification:_identify(ex03/src/my_robot_gazebo) by extension 'ignore'
[1.011s] Level 1:colcon.colcon_core.package_identification:_identify(ex03/src/my_robot_gazebo) by extension 'ignore_ament_install'
[1.011s] Level 1:colcon.colcon_core.package_identification:_identify(ex03/src/my_robot_gazebo) by extensions ['colcon_pkg']
[1.011s] Level 1:colcon.colcon_core.package_identification:_identify(ex03/src/my_robot_gazebo) by extension 'colcon_pkg'
[1.011s] Level 1:colcon.colcon_core.package_identification:_identify(ex03/src/my_robot_gazebo) by extensions ['colcon_meta']
[1.011s] Level 1:colcon.colcon_core.package_identification:_identify(ex03/src/my_robot_gazebo) by extension 'colcon_meta'
[1.011s] Level 1:colcon.colcon_core.package_identification:_identify(ex03/src/my_robot_gazebo) by extensions ['ros']
[1.011s] Level 1:colcon.colcon_core.package_identification:_identify(ex03/src/my_robot_gazebo) by extension 'ros'
[1.013s] DEBUG:colcon.colcon_core.package_identification:Package 'ex03/src/my_robot_gazebo' with type 'ros.ament_cmake' and name 'my_robot_gazebo'
[1.014s] Level 1:colcon.colcon_core.package_identification:_identify(install) by extensions ['ignore', 'ignore_ament_install']
[1.014s] Level 1:colcon.colcon_core.package_identification:_identify(install) by extension 'ignore'
[1.014s] Level 1:colcon.colcon_core.package_identification:_identify(install) ignored
[1.014s] Level 1:colcon.colcon_core.package_identification:_identify(log) by extensions ['ignore', 'ignore_ament_install']
[1.015s] Level 1:colcon.colcon_core.package_identification:_identify(log) by extension 'ignore'
[1.015s] Level 1:colcon.colcon_core.package_identification:_identify(log) ignored
[1.016s] Level 1:colcon.colcon_core.package_identification:_identify(src) by extensions ['ignore', 'ignore_ament_install']
[1.016s] Level 1:colcon.colcon_core.package_identification:_identify(src) by extension 'ignore'
[1.016s] Level 1:colcon.colcon_core.package_identification:_identify(src) by extension 'ignore_ament_install'
[1.016s] Level 1:colcon.colcon_core.package_identification:_identify(src) by extensions ['colcon_pkg']
[1.016s] Level 1:colcon.colcon_core.package_identification:_identify(src) by extension 'colcon_pkg'
[1.016s] Level 1:colcon.colcon_core.package_identification:_identify(src) by extensions ['colcon_meta']
[1.016s] Level 1:colcon.colcon_core.package_identification:_identify(src) by extension 'colcon_meta'
[1.016s] Level 1:colcon.colcon_core.package_identification:_identify(src) by extensions ['ros']
[1.016s] Level 1:colcon.colcon_core.package_identification:_identify(src) by extension 'ros'
[1.016s] Level 1:colcon.colcon_core.package_identification:_identify(src) by extensions ['cmake', 'python']
[1.016s] Level 1:colcon.colcon_core.package_identification:_identify(src) by extension 'cmake'
[1.016s] Level 1:colcon.colcon_core.package_identification:_identify(src) by extension 'python'
[1.016s] Level 1:colcon.colcon_core.package_identification:_identify(src) by extensions ['python_setup_py']
[1.017s] Level 1:colcon.colcon_core.package_identification:_identify(src) by extension 'python_setup_py'
[1.018s] Level 1:colcon.colcon_core.package_identification:_identify(src/my_robot_gazebo) by extensions ['ignore', 'ignore_ament_install']
[1.018s] Level 1:colcon.colcon_core.package_identification:_identify(src/my_robot_gazebo) by extension 'ignore'
[1.018s] Level 1:colcon.colcon_core.package_identification:_identify(src/my_robot_gazebo) by extension 'ignore_ament_install'
[1.018s] Level 1:colcon.colcon_core.package_identification:_identify(src/my_robot_gazebo) by extensions ['colcon_pkg']
[1.018s] Level 1:colcon.colcon_core.package_identification:_identify(src/my_robot_gazebo) by extension 'colcon_pkg'
[1.018s] Level 1:colcon.colcon_core.package_identification:_identify(src/my_robot_gazebo) by extensions ['colcon_meta']
[1.018s] Level 1:colcon.colcon_core.package_identification:_identify(src/my_robot_gazebo) by extension 'colcon_meta'
[1.018s] Level 1:colcon.colcon_core.package_identification:_identify(src/my_robot_gazebo) by extensions ['ros']
[1.018s] Level 1:colcon.colcon_core.package_identification:_identify(src/my_robot_gazebo) by extension 'ros'
[1.019s] Level 1:colcon.colcon_core.package_identification:_identify(src/my_robot_gazebo) by extensions ['cmake', 'python']
[1.019s] Level 1:colcon.colcon_core.package_identification:_identify(src/my_robot_gazebo) by extension 'cmake'
[1.019s] Level 1:colcon.colcon_core.package_identification:_identify(src/my_robot_gazebo) by extension 'python'
[1.019s] Level 1:colcon.colcon_core.package_identification:_identify(src/my_robot_gazebo) by extensions ['python_setup_py']
[1.019s] Level 1:colcon.colcon_core.package_identification:_identify(src/my_robot_gazebo) by extension 'python_setup_py'
[1.020s] Level 1:colcon.colcon_core.package_identification:_identify(src/my_robot_gazebo/ex03) by extensions ['ignore', 'ignore_ament_install']
[1.020s] Level 1:colcon.colcon_core.package_identification:_identify(src/my_robot_gazebo/ex03) by extension 'ignore'
[1.020s] Level 1:colcon.colcon_core.package_identification:_identify(src/my_robot_gazebo/ex03) by extension 'ignore_ament_install'
[1.020s] Level 1:colcon.colcon_core.package_identification:_identify(src/my_robot_gazebo/ex03) by extensions ['colcon_pkg']
[1.020s] Level 1:colcon.colcon_core.package_identification:_identify(src/my_robot_gazebo/ex03) by extension 'colcon_pkg'
[1.020s] Level 1:colcon.colcon_core.package_identification:_identify(src/my_robot_gazebo/ex03) by extensions ['colcon_meta']
[1.020s] Level 1:colcon.colcon_core.package_identification:_identify(src/my_robot_gazebo/ex03) by extension 'colcon_meta'
[1.020s] Level 1:colcon.colcon_core.package_identification:_identify(src/my_robot_gazebo/ex03) by extensions ['ros']
[1.020s] Level 1:colcon.colcon_core.package_identification:_identify(src/my_robot_gazebo/ex03) by extension 'ros'
[1.020s] Level 1:colcon.colcon_core.package_identification:_identify(src/my_robot_gazebo/ex03) by extensions ['cmake', 'python']
[1.020s] Level 1:colcon.colcon_core.package_identification:_identify(src/my_robot_gazebo/ex03) by extension 'cmake'
[1.021s] Level 1:colcon.colcon_core.package_identification:_identify(src/my_robot_gazebo/ex03) by extension 'python'
[1.021s] Level 1:colcon.colcon_core.package_identification:_identify(src/my_robot_gazebo/ex03) by extensions ['python_setup_py']
[1.021s] Level 1:colcon.colcon_core.package_identification:_identify(src/my_robot_gazebo/ex03) by extension 'python_setup_py'
[1.021s] Level 1:colcon.colcon_core.package_discovery:discover_packages(recursive) using defaults
[1.021s] Level 1:colcon.colcon_core.package_discovery:discover_packages(ignore) discover
[1.021s] Level 1:colcon.colcon_core.package_discovery:discover_packages(ignore) using defaults
[1.021s] Level 1:colcon.colcon_core.package_discovery:discover_packages(path) discover
[1.021s] Level 1:colcon.colcon_core.package_discovery:discover_packages(path) using defaults
[1.085s] INFO:colcon.colcon_core.package_selection:Skipping not selected package 'my_robot_description' in 'ex01/my_robot_description'
[1.087s] Level 1:colcon.colcon_core.package_discovery:discover_packages(prefix_path) check parameters
[1.087s] Level 1:colcon.colcon_core.package_discovery:discover_packages(prefix_path) discover
[1.093s] WARNING:colcon.colcon_core.prefix_path.colcon:The path '/home/ivan/ros2_ws/task5/ex03/install' in the environment variable COLCON_PREFIX_PATH doesn't exist
[1.093s] WARNING:colcon.colcon_ros.prefix_path.ament:The path '/home/ivan/ros2_ws/task5/ex03/install/my_robot_gazebo' in the environment variable AMENT_PREFIX_PATH doesn't exist
[1.103s] WARNING:colcon.colcon_ros.prefix_path.catkin:The path '/home/ivan/ros2_ws/task5/ex03/install/my_robot_gazebo' in the environment variable CMAKE_PREFIX_PATH doesn't exist
[1.107s] DEBUG:colcon.colcon_installed_package_information.package_discovery:Found 2 installed packages in /home/ivan/ros2_ws/task5/install
[1.109s] DEBUG:colcon.colcon_installed_package_information.package_discovery:Found 7 installed packages in /home/ivan/ros2_ws/install
[1.112s] DEBUG:colcon.colcon_installed_package_information.package_discovery:Found 340 installed packages in /opt/ros/humble
[1.114s] Level 1:colcon.colcon_core.package_discovery:discover_packages(prefix_path) using defaults
[1.352s] Level 5:colcon.colcon_core.verb:set package 'my_robot_gazebo' build argument 'cmake_args' from command line to 'None'
[1.352s] Level 5:colcon.colcon_core.verb:set package 'my_robot_gazebo' build argument 'cmake_target' from command line to 'None'
[1.352s] Level 5:colcon.colcon_core.verb:set package 'my_robot_gazebo' build argument 'cmake_target_skip_unavailable' from command line to 'False'
[1.352s] Level 5:colcon.colcon_core.verb:set package 'my_robot_gazebo' build argument 'cmake_clean_cache' from command line to 'False'
[1.352s] Level 5:colcon.colcon_core.verb:set package 'my_robot_gazebo' build argument 'cmake_clean_first' from command line to 'False'
[1.352s] Level 5:colcon.colcon_core.verb:set package 'my_robot_gazebo' build argument 'cmake_force_configure' from command line to 'False'
[1.352s] Level 5:colcon.colcon_core.verb:set package 'my_robot_gazebo' build argument 'ament_cmake_args' from command line to 'None'
[1.352s] Level 5:colcon.colcon_core.verb:set package 'my_robot_gazebo' build argument 'catkin_cmake_args' from command line to 'None'
[1.352s] Level 5:colcon.colcon_core.verb:set package 'my_robot_gazebo' build argument 'catkin_skip_building_tests' from command line to 'False'
[1.352s] DEBUG:colcon.colcon_core.verb:Building package 'my_robot_gazebo' with the following arguments: {'ament_cmake_args': None, 'build_base': '/home/ivan/ros2_ws/task5/build/my_robot_gazebo', 'catkin_cmake_args': None, 'catkin_skip_building_tests': False, 'cmake_args': None, 'cmake_clean_cache': False, 'cmake_clean_first': False, 'cmake_force_configure': False, 'cmake_target': None, 'cmake_target_skip_unavailable': False, 'install_base': '/home/ivan/ros2_ws/task5/install/my_robot_gazebo', 'merge_install': False, 'path': '/home/ivan/ros2_ws/task5/ex03/src/my_robot_gazebo', 'symlink_install': False, 'test_result_base': None}
[1.352s] INFO:colcon.colcon_core.executor:Executing jobs using 'parallel' executor
[1.354s] DEBUG:colcon.colcon_parallel_executor.executor.parallel:run_until_complete
[1.355s] INFO:colcon.colcon_ros.task.ament_cmake.build:Building ROS package in '/home/ivan/ros2_ws/task5/ex03/src/my_robot_gazebo' with build type 'ament_cmake'
[1.355s] INFO:colcon.colcon_cmake.task.cmake.build:Building CMake package in '/home/ivan/ros2_ws/task5/ex03/src/my_robot_gazebo'
[1.365s] INFO:colcon.colcon_core.plugin_system:Skipping extension 'colcon_core.shell.bat': Not used on non-Windows systems
[1.365s] INFO:colcon.colcon_core.shell:Skip shell extension 'powershell' for command environment: Not usable outside of PowerShell
[1.365s] DEBUG:colcon.colcon_core.shell:Skip shell extension 'dsv' for command environment
[1.440s] DEBUG:colcon.colcon_core.event_handler.log_command:Invoking command in '/home/ivan/ros2_ws/task5/build/my_robot_gazebo': CMAKE_PREFIX_PATH=/home/ivan/ros2_ws/task5/install/my_robot_description:/home/ivan/ros2_ws/task5/ex03/install/my_robot_gazebo:/home/ivan/ros2_ws/task5/install/my_robot_gazebo:/home/ivan/ros2_ws/install/tutorial_interfaces:/home/ivan/ros2_ws/install/turtlesim:/home/ivan/ros2_ws/install/turtle_multi_target:/home/ivan/ros2_ws/install/text_to_cmd_vel_pkg:/home/ivan/ros2_ws/install/py_pubsub:/home/ivan/ros2_ws/install/my_package:/home/ivan/ros2_ws/install/Ivan:/opt/ros/humble /usr/bin/cmake --build /home/ivan/ros2_ws/task5/build/my_robot_gazebo -- -j16 -l16
[17.541s] DEBUG:colcon.colcon_core.event_handler.log_command:Invoked command in '/home/ivan/ros2_ws/task5/build/my_robot_gazebo' returned '0': CMAKE_PREFIX_PATH=/home/ivan/ros2_ws/task5/install/my_robot_description:/home/ivan/ros2_ws/task5/ex03/install/my_robot_gazebo:/home/ivan/ros2_ws/task5/install/my_robot_gazebo:/home/ivan/ros2_ws/install/tutorial_interfaces:/home/ivan/ros2_ws/install/turtlesim:/home/ivan/ros2_ws/install/turtle_multi_target:/home/ivan/ros2_ws/install/text_to_cmd_vel_pkg:/home/ivan/ros2_ws/install/py_pubsub:/home/ivan/ros2_ws/install/my_package:/home/ivan/ros2_ws/install/Ivan:/opt/ros/humble /usr/bin/cmake --build /home/ivan/ros2_ws/task5/build/my_robot_gazebo -- -j16 -l16
[17.559s] DEBUG:colcon.colcon_core.event_handler.log_command:Invoking command in '/home/ivan/ros2_ws/task5/build/my_robot_gazebo': CMAKE_PREFIX_PATH=/home/ivan/ros2_ws/task5/install/my_robot_description:/home/ivan/ros2_ws/task5/ex03/install/my_robot_gazebo:/home/ivan/ros2_ws/task5/install/my_robot_gazebo:/home/ivan/ros2_ws/install/tutorial_interfaces:/home/ivan/ros2_ws/install/turtlesim:/home/ivan/ros2_ws/install/turtle_multi_target:/home/ivan/ros2_ws/install/text_to_cmd_vel_pkg:/home/ivan/ros2_ws/install/py_pubsub:/home/ivan/ros2_ws/install/my_package:/home/ivan/ros2_ws/install/Ivan:/opt/ros/humble /usr/bin/cmake --install /home/ivan/ros2_ws/task5/build/my_robot_gazebo
[17.573s] Level 1:colcon.colcon_core.environment:create_environment_scripts_only(my_robot_gazebo)
[17.574s] DEBUG:colcon.colcon_core.event_handler.log_command:Invoked command in '/home/ivan/ros2_ws/task5/build/my_robot_gazebo' returned '0': CMAKE_PREFIX_PATH=/home/ivan/ros2_ws/task5/install/my_robot_description:/home/ivan/ros2_ws/task5/ex03/install/my_robot_gazebo:/home/ivan/ros2_ws/task5/install/my_robot_gazebo:/home/ivan/ros2_ws/install/tutorial_interfaces:/home/ivan/ros2_ws/install/turtlesim:/home/ivan/ros2_ws/install/turtle_multi_target:/home/ivan/ros2_ws/install/text_to_cmd_vel_pkg:/home/ivan/ros2_ws/install/py_pubsub:/home/ivan/ros2_ws/install/my_package:/home/ivan/ros2_ws/install/Ivan:/opt/ros/humble /usr/bin/cmake --install /home/ivan/ros2_ws/task5/build/my_robot_gazebo
[17.590s] Level 1:colcon.colcon_core.environment:checking '/home/ivan/ros2_ws/task5/install/my_robot_gazebo' for CMake module files
[17.590s] Level 1:colcon.colcon_core.environment:checking '/home/ivan/ros2_ws/task5/install/my_robot_gazebo' for CMake config files
[17.591s] Level 1:colcon.colcon_core.shell:create_environment_hook('my_robot_gazebo', 'cmake_prefix_path')
[17.591s] INFO:colcon.colcon_core.shell:Creating environment hook '/home/ivan/ros2_ws/task5/install/my_robot_gazebo/share/my_robot_gazebo/hook/cmake_prefix_path.ps1'
[17.593s] INFO:colcon.colcon_core.shell:Creating environment descriptor '/home/ivan/ros2_ws/task5/install/my_robot_gazebo/share/my_robot_gazebo/hook/cmake_prefix_path.dsv'
[17.594s] INFO:colcon.colcon_core.shell:Creating environment hook '/home/ivan/ros2_ws/task5/install/my_robot_gazebo/share/my_robot_gazebo/hook/cmake_prefix_path.sh'
[17.596s] Level 1:colcon.colcon_core.environment:checking '/home/ivan/ros2_ws/task5/install/my_robot_gazebo/lib'
[17.596s] Level 1:colcon.colcon_core.environment:checking '/home/ivan/ros2_ws/task5/install/my_robot_gazebo/bin'
[17.596s] Level 1:colcon.colcon_core.environment:checking '/home/ivan/ros2_ws/task5/install/my_robot_gazebo/lib/pkgconfig/my_robot_gazebo.pc'
[17.597s] Level 1:colcon.colcon_core.environment:checking '/home/ivan/ros2_ws/task5/install/my_robot_gazebo/lib/python3.10/site-packages'
[17.597s] Level 1:colcon.colcon_core.environment:checking '/home/ivan/ros2_ws/task5/install/my_robot_gazebo/bin'
[17.598s] INFO:colcon.colcon_core.shell:Creating package script '/home/ivan/ros2_ws/task5/install/my_robot_gazebo/share/my_robot_gazebo/package.ps1'
[17.600s] INFO:colcon.colcon_core.shell:Creating package descriptor '/home/ivan/ros2_ws/task5/install/my_robot_gazebo/share/my_robot_gazebo/package.dsv'
[17.602s] INFO:colcon.colcon_core.shell:Creating package script '/home/ivan/ros2_ws/task5/install/my_robot_gazebo/share/my_robot_gazebo/package.sh'
[17.604s] INFO:colcon.colcon_core.shell:Creating package script '/home/ivan/ros2_ws/task5/install/my_robot_gazebo/share/my_robot_gazebo/package.bash'
[17.606s] INFO:colcon.colcon_core.shell:Creating package script '/home/ivan/ros2_ws/task5/install/my_robot_gazebo/share/my_robot_gazebo/package.zsh'
[17.608s] Level 1:colcon.colcon_core.environment:create_file_with_runtime_dependencies(/home/ivan/ros2_ws/task5/install/my_robot_gazebo/share/colcon-core/packages/my_robot_gazebo)
[17.609s] Level 1:colcon.colcon_core.environment:create_environment_scripts_only(my_robot_gazebo)
[17.609s] Level 1:colcon.colcon_core.environment:checking '/home/ivan/ros2_ws/task5/install/my_robot_gazebo' for CMake module files
[17.609s] Level 1:colcon.colcon_core.environment:checking '/home/ivan/ros2_ws/task5/install/my_robot_gazebo' for CMake config files
[17.610s] Level 1:colcon.colcon_core.shell:create_environment_hook('my_robot_gazebo', 'cmake_prefix_path')
[17.610s] INFO:colcon.colcon_core.shell:Creating environment hook '/home/ivan/ros2_ws/task5/install/my_robot_gazebo/share/my_robot_gazebo/hook/cmake_prefix_path.ps1'
[17.610s] INFO:colcon.colcon_core.shell:Creating environment descriptor '/home/ivan/ros2_ws/task5/install/my_robot_gazebo/share/my_robot_gazebo/hook/cmake_prefix_path.dsv'
[17.611s] INFO:colcon.colcon_core.shell:Creating environment hook '/home/ivan/ros2_ws/task5/install/my_robot_gazebo/share/my_robot_gazebo/hook/cmake_prefix_path.sh'
[17.612s] Level 1:colcon.colcon_core.environment:checking '/home/ivan/ros2_ws/task5/install/my_robot_gazebo/lib'
[17.612s] Level 1:colcon.colcon_core.environment:checking '/home/ivan/ros2_ws/task5/install/my_robot_gazebo/bin'
[17.612s] Level 1:colcon.colcon_core.environment:checking '/home/ivan/ros2_ws/task5/install/my_robot_gazebo/lib/pkgconfig/my_robot_gazebo.pc'
[17.612s] Level 1:colcon.colcon_core.environment:checking '/home/ivan/ros2_ws/task5/install/my_robot_gazebo/lib/python3.10/site-packages'
[17.612s] Level 1:colcon.colcon_core.environment:checking '/home/ivan/ros2_ws/task5/install/my_robot_gazebo/bin'
[17.613s] INFO:colcon.colcon_core.shell:Creating package script '/home/ivan/ros2_ws/task5/install/my_robot_gazebo/share/my_robot_gazebo/package.ps1'
[17.614s] INFO:colcon.colcon_core.shell:Creating package descriptor '/home/ivan/ros2_ws/task5/install/my_robot_gazebo/share/my_robot_gazebo/package.dsv'
[17.616s] INFO:colcon.colcon_core.shell:Creating package script '/home/ivan/ros2_ws/task5/install/my_robot_gazebo/share/my_robot_gazebo/package.sh'
[17.617s] INFO:colcon.colcon_core.shell:Creating package script '/home/ivan/ros2_ws/task5/install/my_robot_gazebo/share/my_robot_gazebo/package.bash'
[17.618s] INFO:colcon.colcon_core.shell:Creating package script '/home/ivan/ros2_ws/task5/install/my_robot_gazebo/share/my_robot_gazebo/package.zsh'
[17.619s] Level 1:colcon.colcon_core.environment:create_file_with_runtime_dependencies(/home/ivan/ros2_ws/task5/install/my_robot_gazebo/share/colcon-core/packages/my_robot_gazebo)
[17.621s] DEBUG:colcon.colcon_parallel_executor.executor.parallel:closing loop
[17.622s] DEBUG:colcon.colcon_parallel_executor.executor.parallel:loop closed
[17.623s] DEBUG:colcon.colcon_parallel_executor.executor.parallel:run_until_complete finished with '0'
[17.623s] DEBUG:colcon.colcon_core.event_reactor:joining thread
[17.685s] INFO:colcon.colcon_core.plugin_system:Skipping extension 'colcon_notification.desktop_notification.notify_send': Could not find 'notify-send'
[17.685s] INFO:colcon.colcon_core.plugin_system:Skipping extension 'colcon_notification.desktop_notification.terminal_notifier': Not used on non-Darwin systems
[17.685s] INFO:colcon.colcon_core.plugin_system:Skipping extension 'colcon_notification.desktop_notification.win32': Not used on non-Windows systems
[17.685s] INFO:colcon.colcon_notification.desktop_notification:Sending desktop notification using 'notify2'
[17.685s] DEBUG:colcon.colcon_notification.desktop_notification.notify2:Failed to initialize notify2: org.freedesktop.DBus.Error.FileNotFound: Failed to connect to socket /run/user/1000/bus: No such file or directory
[17.686s] DEBUG:colcon.colcon_core.event_reactor:joined thread
[17.686s] INFO:colcon.colcon_core.shell:Creating prefix script '/home/ivan/ros2_ws/task5/install/local_setup.ps1'
[17.688s] INFO:colcon.colcon_core.shell:Creating prefix util module '/home/ivan/ros2_ws/task5/install/_local_setup_util_ps1.py'
[17.690s] INFO:colcon.colcon_core.shell:Creating prefix chain script '/home/ivan/ros2_ws/task5/install/setup.ps1'
[17.692s] INFO:colcon.colcon_core.shell:Creating prefix script '/home/ivan/ros2_ws/task5/install/local_setup.sh'
[17.693s] INFO:colcon.colcon_core.shell:Creating prefix util module '/home/ivan/ros2_ws/task5/install/_local_setup_util_sh.py'
[17.694s] INFO:colcon.colcon_core.shell:Creating prefix chain script '/home/ivan/ros2_ws/task5/install/setup.sh'
[17.696s] INFO:colcon.colcon_core.shell:Creating prefix script '/home/ivan/ros2_ws/task5/install/local_setup.bash'
[17.697s] INFO:colcon.colcon_core.shell:Creating prefix chain script '/home/ivan/ros2_ws/task5/install/setup.bash'
[17.700s] INFO:colcon.colcon_core.shell:Creating prefix script '/home/ivan/ros2_ws/task5/install/local_setup.zsh'
[17.701s] INFO:colcon.colcon_core.shell:Creating prefix chain script '/home/ivan/ros2_ws/task5/install/setup.zsh'
