[0.035s] Invoking command in '/home/ivan/ros2_ws/task5/build/my_robot_description': CMAKE_PREFIX_PATH=${CMAKE_PREFIX_PATH}:/home/ivan/ros2_ws/install/turtle_multi_target:/home/ivan/ros2_ws/install/text_to_cmd_vel_pkg:/home/ivan/ros2_ws/install/py_pubsub:/home/ivan/ros2_ws/install/my_package:/home/ivan/ros2_ws/install/Ivan:/opt/ros/humble /usr/bin/cmake /home/ivan/ros2_ws/task5/ex01/my_robot_description -DCMAKE_INSTALL_PREFIX=/home/ivan/ros2_ws/task5/install/my_robot_description
[0.434s] -- The C compiler identification is GNU 11.4.0
[1.110s] -- The CXX compiler identification is GNU 11.4.0
[1.567s] -- Detecting C compiler ABI info
[1.798s] -- Detecting C compiler ABI info - done
[1.811s] -- Check for working C compiler: /usr/bin/cc - skipped
[1.818s] -- Detecting C compile features
[1.819s] -- Detecting C compile features - done
[1.828s] -- Detecting CXX compiler ABI info
[2.043s] -- Detecting CXX compiler ABI info - done
[2.055s] -- Check for working CXX compiler: /usr/bin/c++ - skipped
[2.056s] -- Detecting CXX compile features
[2.057s] -- Detecting CXX compile features - done
[2.101s] -- Found ament_cmake: 1.3.12 (/opt/ros/humble/share/ament_cmake/cmake)
[2.374s] -- Found Python3: /usr/bin/python3 (found version "3.10.12") found components: Interpreter 
[2.616s] -- Found urdf: 2.6.1 (/opt/ros/humble/share/urdf/cmake)
[4.705s] -- Found xacro: 2.1.1 (/opt/ros/humble/share/xacro/cmake)
[4.712s] -- Found robot_state_publisher: 3.0.3 (/opt/ros/humble/share/robot_state_publisher/cmake)
[4.812s] -- Found rosidl_generator_c: 3.1.7 (/opt/ros/humble/share/rosidl_generator_c/cmake)
[4.829s] -- Found rosidl_adapter: 3.1.7 (/opt/ros/humble/share/rosidl_adapter/cmake)
[4.859s] -- Found rosidl_generator_cpp: 3.1.7 (/opt/ros/humble/share/rosidl_generator_cpp/cmake)
[4.904s] -- Using all available rosidl_typesupport_c: rosidl_typesupport_fastrtps_c;rosidl_typesupport_introspection_c
[4.947s] -- Using all available rosidl_typesupport_cpp: rosidl_typesupport_fastrtps_cpp;rosidl_typesupport_introspection_cpp
[5.150s] -- Found eigen3_cmake_module: 0.1.1 (/opt/ros/humble/share/eigen3_cmake_module/cmake)
[5.154s] -- Found Eigen3: TRUE (found version "3.4.0") 
[5.154s] -- Ensuring Eigen3 include directory is part of orocos-kdl CMake target
[5.294s] -- Found rmw_implementation_cmake: 6.1.2 (/opt/ros/humble/share/rmw_implementation_cmake/cmake)
[5.305s] -- Found rmw_fastrtps_cpp: 6.2.9 (/opt/ros/humble/share/rmw_fastrtps_cpp/cmake)
[5.393s] -- Found TinyXML2 via Config file: TinyXML2_DIR-NOTFOUND
[5.493s] -- Found OpenSSL: /usr/lib/x86_64-linux-gnu/libcrypto.so (found version "3.0.2")  
[5.502s] -- Found TinyXML2 via Config file: TinyXML2_DIR-NOTFOUND
[5.689s] -- Found FastRTPS: /opt/ros/humble/include  
[5.699s] -- Found TinyXML2 via Config file: TinyXML2_DIR-NOTFOUND
[5.712s] -- Found TinyXML2 via Config file: TinyXML2_DIR-NOTFOUND
[5.806s] -- Using RMW implementation 'rmw_fastrtps_cpp' as default
[5.842s] -- Looking for pthread.h
[6.032s] -- Looking for pthread.h - found
[6.032s] -- Performing Test CMAKE_HAVE_LIBC_PTHREAD
[6.224s] -- Performing Test CMAKE_HAVE_LIBC_PTHREAD - Success
[6.226s] -- Found Threads: TRUE  
[6.681s] -- Found ament_lint_auto: 0.12.14 (/opt/ros/humble/share/ament_lint_auto/cmake)
[6.860s] -- Added test 'flake8' to check Python code syntax and style conventions
[6.862s] -- Added test 'lint_cmake' to check CMake code style
[6.865s] -- Added test 'pep257' to check Python code against some of the docstring style conventions in PEP 257
[6.869s] -- Added test 'xmllint' to check XML markup files
[6.874s] -- Configuring done
[6.890s] -- Generating done
[6.895s] -- Build files have been written to: /home/ivan/ros2_ws/task5/build/my_robot_description
[6.912s] Invoked command in '/home/ivan/ros2_ws/task5/build/my_robot_description' returned '0': CMAKE_PREFIX_PATH=${CMAKE_PREFIX_PATH}:/home/ivan/ros2_ws/install/turtle_multi_target:/home/ivan/ros2_ws/install/text_to_cmd_vel_pkg:/home/ivan/ros2_ws/install/py_pubsub:/home/ivan/ros2_ws/install/my_package:/home/ivan/ros2_ws/install/Ivan:/opt/ros/humble /usr/bin/cmake /home/ivan/ros2_ws/task5/ex01/my_robot_description -DCMAKE_INSTALL_PREFIX=/home/ivan/ros2_ws/task5/install/my_robot_description
[6.916s] Invoking command in '/home/ivan/ros2_ws/task5/build/my_robot_description': CMAKE_PREFIX_PATH=${CMAKE_PREFIX_PATH}:/home/ivan/ros2_ws/install/turtle_multi_target:/home/ivan/ros2_ws/install/text_to_cmd_vel_pkg:/home/ivan/ros2_ws/install/py_pubsub:/home/ivan/ros2_ws/install/my_package:/home/ivan/ros2_ws/install/Ivan:/opt/ros/humble /usr/bin/cmake --build /home/ivan/ros2_ws/task5/build/my_robot_description -- -j16 -l16
[6.972s] Invoked command in '/home/ivan/ros2_ws/task5/build/my_robot_description' returned '0': CMAKE_PREFIX_PATH=${CMAKE_PREFIX_PATH}:/home/ivan/ros2_ws/install/turtle_multi_target:/home/ivan/ros2_ws/install/text_to_cmd_vel_pkg:/home/ivan/ros2_ws/install/py_pubsub:/home/ivan/ros2_ws/install/my_package:/home/ivan/ros2_ws/install/Ivan:/opt/ros/humble /usr/bin/cmake --build /home/ivan/ros2_ws/task5/build/my_robot_description -- -j16 -l16
[6.988s] Invoking command in '/home/ivan/ros2_ws/task5/build/my_robot_description': CMAKE_PREFIX_PATH=${CMAKE_PREFIX_PATH}:/home/ivan/ros2_ws/install/turtle_multi_target:/home/ivan/ros2_ws/install/text_to_cmd_vel_pkg:/home/ivan/ros2_ws/install/py_pubsub:/home/ivan/ros2_ws/install/my_package:/home/ivan/ros2_ws/install/Ivan:/opt/ros/humble /usr/bin/cmake --install /home/ivan/ros2_ws/task5/build/my_robot_description
[6.997s] -- Install configuration: ""
[6.997s] -- Installing: /home/ivan/ros2_ws/task5/install/my_robot_description/share/my_robot_description//urdf
[6.999s] -- Installing: /home/ivan/ros2_ws/task5/install/my_robot_description/share/my_robot_description//urdf/robot.urdf.xacro
[7.002s] -- Installing: /home/ivan/ros2_ws/task5/install/my_robot_description/share/my_robot_description//ex02
[7.004s] -- Installing: /home/ivan/ros2_ws/task5/install/my_robot_description/share/my_robot_description//launch
[7.005s] -- Installing: /home/ivan/ros2_ws/task5/install/my_robot_description/share/my_robot_description//launch/robot_display.launch.py
[7.009s] -- Installing: /home/ivan/ros2_ws/task5/install/my_robot_description/share/ament_index/resource_index/package_run_dependencies/my_robot_description
[7.009s] -- Installing: /home/ivan/ros2_ws/task5/install/my_robot_description/share/ament_index/resource_index/parent_prefix_path/my_robot_description
[7.010s] -- Installing: /home/ivan/ros2_ws/task5/install/my_robot_description/share/my_robot_description/environment/ament_prefix_path.sh
[7.011s] -- Installing: /home/ivan/ros2_ws/task5/install/my_robot_description/share/my_robot_description/environment/ament_prefix_path.dsv
[7.011s] -- Installing: /home/ivan/ros2_ws/task5/install/my_robot_description/share/my_robot_description/environment/path.sh
[7.012s] -- Installing: /home/ivan/ros2_ws/task5/install/my_robot_description/share/my_robot_description/environment/path.dsv
[7.012s] -- Installing: /home/ivan/ros2_ws/task5/install/my_robot_description/share/my_robot_description/local_setup.bash
[7.012s] -- Installing: /home/ivan/ros2_ws/task5/install/my_robot_description/share/my_robot_description/local_setup.sh
[7.013s] -- Installing: /home/ivan/ros2_ws/task5/install/my_robot_description/share/my_robot_description/local_setup.zsh
[7.013s] -- Installing: /home/ivan/ros2_ws/task5/install/my_robot_description/share/my_robot_description/local_setup.dsv
[7.013s] -- Installing: /home/ivan/ros2_ws/task5/install/my_robot_description/share/my_robot_description/package.dsv
[7.014s] -- Installing: /home/ivan/ros2_ws/task5/install/my_robot_description/share/ament_index/resource_index/packages/my_robot_description
[7.015s] -- Installing: /home/ivan/ros2_ws/task5/install/my_robot_description/share/my_robot_description/cmake/my_robot_descriptionConfig.cmake
[7.015s] -- Installing: /home/ivan/ros2_ws/task5/install/my_robot_description/share/my_robot_description/cmake/my_robot_descriptionConfig-version.cmake
[7.016s] -- Installing: /home/ivan/ros2_ws/task5/install/my_robot_description/share/my_robot_description/package.xml
[7.019s] Invoked command in '/home/ivan/ros2_ws/task5/build/my_robot_description' returned '0': CMAKE_PREFIX_PATH=${CMAKE_PREFIX_PATH}:/home/ivan/ros2_ws/install/turtle_multi_target:/home/ivan/ros2_ws/install/text_to_cmd_vel_pkg:/home/ivan/ros2_ws/install/py_pubsub:/home/ivan/ros2_ws/install/my_package:/home/ivan/ros2_ws/install/Ivan:/opt/ros/humble /usr/bin/cmake --install /home/ivan/ros2_ws/task5/build/my_robot_description
