[0.074s] Invoking command in '/home/ivan/ros2_ws/task5/build/my_robot_gazebo': CMAKE_PREFIX_PATH=/home/ivan/ros2_ws/task5/install/my_robot_description:/home/ivan/ros2_ws/task5/ex03/install/my_robot_gazebo:/home/ivan/ros2_ws/task5/install/my_robot_gazebo:/home/ivan/ros2_ws/install/tutorial_interfaces:/home/ivan/ros2_ws/install/turtlesim:/home/ivan/ros2_ws/install/turtle_multi_target:/home/ivan/ros2_ws/install/text_to_cmd_vel_pkg:/home/ivan/ros2_ws/install/py_pubsub:/home/ivan/ros2_ws/install/my_package:/home/ivan/ros2_ws/install/Ivan:/opt/ros/humble /usr/bin/cmake --build /home/ivan/ros2_ws/task5/build/my_robot_gazebo -- -j16 -l16
[0.131s] Invoked command in '/home/ivan/ros2_ws/task5/build/my_robot_gazebo' returned '0': CMAKE_PREFIX_PATH=/home/ivan/ros2_ws/task5/install/my_robot_description:/home/ivan/ros2_ws/task5/ex03/install/my_robot_gazebo:/home/ivan/ros2_ws/task5/install/my_robot_gazebo:/home/ivan/ros2_ws/install/tutorial_interfaces:/home/ivan/ros2_ws/install/turtlesim:/home/ivan/ros2_ws/install/turtle_multi_target:/home/ivan/ros2_ws/install/text_to_cmd_vel_pkg:/home/ivan/ros2_ws/install/py_pubsub:/home/ivan/ros2_ws/install/my_package:/home/ivan/ros2_ws/install/Ivan:/opt/ros/humble /usr/bin/cmake --build /home/ivan/ros2_ws/task5/build/my_robot_gazebo -- -j16 -l16
[0.146s] Invoking command in '/home/ivan/ros2_ws/task5/build/my_robot_gazebo': CMAKE_PREFIX_PATH=/home/ivan/ros2_ws/task5/install/my_robot_description:/home/ivan/ros2_ws/task5/ex03/install/my_robot_gazebo:/home/ivan/ros2_ws/task5/install/my_robot_gazebo:/home/ivan/ros2_ws/install/tutorial_interfaces:/home/ivan/ros2_ws/install/turtlesim:/home/ivan/ros2_ws/install/turtle_multi_target:/home/ivan/ros2_ws/install/text_to_cmd_vel_pkg:/home/ivan/ros2_ws/install/py_pubsub:/home/ivan/ros2_ws/install/my_package:/home/ivan/ros2_ws/install/Ivan:/opt/ros/humble /usr/bin/cmake --install /home/ivan/ros2_ws/task5/build/my_robot_gazebo
[0.156s] -- Install configuration: ""
[0.157s] -- Up-to-date: /home/ivan/ros2_ws/task5/install/my_robot_gazebo/share/my_robot_gazebo/ex03
[0.157s] -- Up-to-date: /home/ivan/ros2_ws/task5/install/my_robot_gazebo/share/my_robot_gazebo/ex03/robot.urdf.xacro
[0.158s] -- Up-to-date: /home/ivan/ros2_ws/task5/install/my_robot_gazebo/share/my_robot_gazebo/ex03/robot.gazebo.xacro
[0.159s] -- Up-to-date: /home/ivan/ros2_ws/task5/install/my_robot_gazebo/share/my_robot_gazebo/ex03/world.sdf
[0.159s] -- Installing: /home/ivan/ros2_ws/task5/install/my_robot_gazebo/share/my_robot_gazebo/ex03/odom_to_tf.py
[0.159s] -- Up-to-date: /home/ivan/ros2_ws/task5/install/my_robot_gazebo/share/my_robot_gazebo/ex03/robot_gazebo.launch.py
[0.160s] -- Installing: /home/ivan/ros2_ws/task5/install/my_robot_gazebo/lib/my_robot_gazebo/odom_to_tf.py
[0.160s] -- Up-to-date: /home/ivan/ros2_ws/task5/install/my_robot_gazebo/share/ament_index/resource_index/package_run_dependencies/my_robot_gazebo
[0.160s] -- Up-to-date: /home/ivan/ros2_ws/task5/install/my_robot_gazebo/share/ament_index/resource_index/parent_prefix_path/my_robot_gazebo
[0.161s] -- Up-to-date: /home/ivan/ros2_ws/task5/install/my_robot_gazebo/share/my_robot_gazebo/environment/ament_prefix_path.sh
[0.161s] -- Up-to-date: /home/ivan/ros2_ws/task5/install/my_robot_gazebo/share/my_robot_gazebo/environment/ament_prefix_path.dsv
[0.161s] -- Up-to-date: /home/ivan/ros2_ws/task5/install/my_robot_gazebo/share/my_robot_gazebo/environment/path.sh
[0.162s] -- Up-to-date: /home/ivan/ros2_ws/task5/install/my_robot_gazebo/share/my_robot_gazebo/environment/path.dsv
[0.162s] -- Up-to-date: /home/ivan/ros2_ws/task5/install/my_robot_gazebo/share/my_robot_gazebo/local_setup.bash
[0.162s] -- Up-to-date: /home/ivan/ros2_ws/task5/install/my_robot_gazebo/share/my_robot_gazebo/local_setup.sh
[0.163s] -- Up-to-date: /home/ivan/ros2_ws/task5/install/my_robot_gazebo/share/my_robot_gazebo/local_setup.zsh
[0.163s] -- Up-to-date: /home/ivan/ros2_ws/task5/install/my_robot_gazebo/share/my_robot_gazebo/local_setup.dsv
[0.163s] -- Up-to-date: /home/ivan/ros2_ws/task5/install/my_robot_gazebo/share/my_robot_gazebo/package.dsv
[0.165s] -- Up-to-date: /home/ivan/ros2_ws/task5/install/my_robot_gazebo/share/ament_index/resource_index/packages/my_robot_gazebo
[0.166s] -- Up-to-date: /home/ivan/ros2_ws/task5/install/my_robot_gazebo/share/my_robot_gazebo/cmake/my_robot_gazeboConfig.cmake
[0.167s] -- Up-to-date: /home/ivan/ros2_ws/task5/install/my_robot_gazebo/share/my_robot_gazebo/cmake/my_robot_gazeboConfig-version.cmake
[0.167s] -- Up-to-date: /home/ivan/ros2_ws/task5/install/my_robot_gazebo/share/my_robot_gazebo/package.xml
[0.168s] Invoked command in '/home/ivan/ros2_ws/task5/build/my_robot_gazebo' returned '0': CMAKE_PREFIX_PATH=/home/ivan/ros2_ws/task5/install/my_robot_description:/home/ivan/ros2_ws/task5/ex03/install/my_robot_gazebo:/home/ivan/ros2_ws/task5/install/my_robot_gazebo:/home/ivan/ros2_ws/install/tutorial_interfaces:/home/ivan/ros2_ws/install/turtlesim:/home/ivan/ros2_ws/install/turtle_multi_target:/home/ivan/ros2_ws/install/text_to_cmd_vel_pkg:/home/ivan/ros2_ws/install/py_pubsub:/home/ivan/ros2_ws/install/my_package:/home/ivan/ros2_ws/install/Ivan:/opt/ros/humble /usr/bin/cmake --install /home/ivan/ros2_ws/task5/build/my_robot_gazebo
