running egg_info
creating ../../build/my_unique_robot_control/my_unique_robot_control.egg-info
writing ../../build/my_unique_robot_control/my_unique_robot_control.egg-info/PKG-INFO
writing dependency_links to ../../build/my_unique_robot_control/my_unique_robot_control.egg-info/dependency_links.txt
writing entry points to ../../build/my_unique_robot_control/my_unique_robot_control.egg-info/entry_points.txt
writing requirements to ../../build/my_unique_robot_control/my_unique_robot_control.egg-info/requires.txt
writing top-level names to ../../build/my_unique_robot_control/my_unique_robot_control.egg-info/top_level.txt
writing manifest file '../../build/my_unique_robot_control/my_unique_robot_control.egg-info/SOURCES.txt'
reading manifest file '../../build/my_unique_robot_control/my_unique_robot_control.egg-info/SOURCES.txt'
writing manifest file '../../build/my_unique_robot_control/my_unique_robot_control.egg-info/SOURCES.txt'
running build
running build_py
creating /home/ivan/ros2_ws/task5/build/my_unique_robot_control/build
creating /home/ivan/ros2_ws/task5/build/my_unique_robot_control/build/lib
creating /home/ivan/ros2_ws/task5/build/my_unique_robot_control/build/lib/my_unique_robot_control
copying my_unique_robot_control/__init__.py -> /home/ivan/ros2_ws/task5/build/my_unique_robot_control/build/lib/my_unique_robot_control
running install
running install_lib
creating /home/ivan/ros2_ws/task5/install/my_unique_robot_control/lib/python3.10/site-packages/my_unique_robot_control
copying /home/ivan/ros2_ws/task5/build/my_unique_robot_control/build/lib/my_unique_robot_control/__init__.py -> /home/ivan/ros2_ws/task5/install/my_unique_robot_control/lib/python3.10/site-packages/my_unique_robot_control
byte-compiling /home/ivan/ros2_ws/task5/install/my_unique_robot_control/lib/python3.10/site-packages/my_unique_robot_control/__init__.py to __init__.cpython-310.pyc
running install_data
creating /home/ivan/ros2_ws/task5/install/my_unique_robot_control/share/ament_index
creating /home/ivan/ros2_ws/task5/install/my_unique_robot_control/share/ament_index/resource_index
creating /home/ivan/ros2_ws/task5/install/my_unique_robot_control/share/ament_index/resource_index/packages
copying resource/my_unique_robot_control -> /home/ivan/ros2_ws/task5/install/my_unique_robot_control/share/ament_index/resource_index/packages
copying package.xml -> /home/ivan/ros2_ws/task5/install/my_unique_robot_control/share/my_unique_robot_control
creating /home/ivan/ros2_ws/task5/install/my_unique_robot_control/share/my_unique_robot_control/launch
copying launch/unique_movement.launch.py -> /home/ivan/ros2_ws/task5/install/my_unique_robot_control/share/my_unique_robot_control/launch
running install_egg_info
Copying ../../build/my_unique_robot_control/my_unique_robot_control.egg-info to /home/ivan/ros2_ws/task5/install/my_unique_robot_control/lib/python3.10/site-packages/my_unique_robot_control-0.0.0-py3.10.egg-info
running install_scripts
Installing unique_movement script to /home/ivan/ros2_ws/task5/install/my_unique_robot_control/lib/my_unique_robot_control
writing list of installed files to '/home/ivan/ros2_ws/task5/build/my_unique_robot_control/install.log'
