[1.533s] Invoking command in '/home/ivan/ros2_ws/task5/ex05/my_unique_robot_control': CMAKE_PREFIX_PATH=/home/ivan/ros2_ws/task5/install/my_robot_gazebo:/home/ivan/ros2_ws/task5/install/my_robot_description:/home/ivan/ros2_ws/task5/ex03/install/my_robot_gazebo:/home/ivan/ros2_ws/install/tutorial_interfaces:/home/ivan/ros2_ws/install/turtlesim PYTHONPATH=/home/ivan/ros2_ws/task5/build/my_unique_robot_control/prefix_override:/usr/lib/python3/dist-packages/colcon_core/task/python/colcon_distutils_commands:/home/ivan/ros2_ws/task5/install/my_unique_robot_control/lib/python3.10/site-packages:${PYTHONPATH} /usr/bin/python3 -W ignore:setup.py install is deprecated -W ignore:easy_install command is deprecated setup.py egg_info --egg-base ../../build/my_unique_robot_control build --build-base /home/ivan/ros2_ws/task5/build/my_unique_robot_control/build install --record /home/ivan/ros2_ws/task5/build/my_unique_robot_control/install.log --single-version-externally-managed install_data
[1.883s] running egg_info
[1.884s] creating ../../build/my_unique_robot_control/my_unique_robot_control.egg-info
[1.885s] writing ../../build/my_unique_robot_control/my_unique_robot_control.egg-info/PKG-INFO
[1.885s] writing dependency_links to ../../build/my_unique_robot_control/my_unique_robot_control.egg-info/dependency_links.txt
[1.886s] writing entry points to ../../build/my_unique_robot_control/my_unique_robot_control.egg-info/entry_points.txt
[1.886s] writing requirements to ../../build/my_unique_robot_control/my_unique_robot_control.egg-info/requires.txt
[1.894s] writing top-level names to ../../build/my_unique_robot_control/my_unique_robot_control.egg-info/top_level.txt
[1.895s] writing manifest file '../../build/my_unique_robot_control/my_unique_robot_control.egg-info/SOURCES.txt'
[1.898s] reading manifest file '../../build/my_unique_robot_control/my_unique_robot_control.egg-info/SOURCES.txt'
[1.900s] writing manifest file '../../build/my_unique_robot_control/my_unique_robot_control.egg-info/SOURCES.txt'
[1.900s] running build
[1.900s] running build_py
[1.900s] creating /home/ivan/ros2_ws/task5/build/my_unique_robot_control/build
[1.901s] creating /home/ivan/ros2_ws/task5/build/my_unique_robot_control/build/lib
[1.902s] creating /home/ivan/ros2_ws/task5/build/my_unique_robot_control/build/lib/my_unique_robot_control
[1.903s] copying my_unique_robot_control/__init__.py -> /home/ivan/ros2_ws/task5/build/my_unique_robot_control/build/lib/my_unique_robot_control
[1.903s] running install
[1.904s] running install_lib
[1.905s] creating /home/ivan/ros2_ws/task5/install/my_unique_robot_control/lib/python3.10/site-packages/my_unique_robot_control
[1.906s] copying /home/ivan/ros2_ws/task5/build/my_unique_robot_control/build/lib/my_unique_robot_control/__init__.py -> /home/ivan/ros2_ws/task5/install/my_unique_robot_control/lib/python3.10/site-packages/my_unique_robot_control
[1.907s] byte-compiling /home/ivan/ros2_ws/task5/install/my_unique_robot_control/lib/python3.10/site-packages/my_unique_robot_control/__init__.py to __init__.cpython-310.pyc
[1.909s] running install_data
[1.909s] creating /home/ivan/ros2_ws/task5/install/my_unique_robot_control/share/ament_index
[1.911s] creating /home/ivan/ros2_ws/task5/install/my_unique_robot_control/share/ament_index/resource_index
[1.911s] creating /home/ivan/ros2_ws/task5/install/my_unique_robot_control/share/ament_index/resource_index/packages
[1.912s] copying resource/my_unique_robot_control -> /home/ivan/ros2_ws/task5/install/my_unique_robot_control/share/ament_index/resource_index/packages
[1.913s] copying package.xml -> /home/ivan/ros2_ws/task5/install/my_unique_robot_control/share/my_unique_robot_control
[1.913s] creating /home/ivan/ros2_ws/task5/install/my_unique_robot_control/share/my_unique_robot_control/launch
[1.914s] copying launch/unique_movement.launch.py -> /home/ivan/ros2_ws/task5/install/my_unique_robot_control/share/my_unique_robot_control/launch
[1.914s] running install_egg_info
[1.917s] Copying ../../build/my_unique_robot_control/my_unique_robot_control.egg-info to /home/ivan/ros2_ws/task5/install/my_unique_robot_control/lib/python3.10/site-packages/my_unique_robot_control-0.0.0-py3.10.egg-info
[1.921s] running install_scripts
[1.951s] Installing unique_movement script to /home/ivan/ros2_ws/task5/install/my_unique_robot_control/lib/my_unique_robot_control
[1.952s] writing list of installed files to '/home/ivan/ros2_ws/task5/build/my_unique_robot_control/install.log'
[1.998s] Invoked command in '/home/ivan/ros2_ws/task5/ex05/my_unique_robot_control' returned '0': CMAKE_PREFIX_PATH=/home/ivan/ros2_ws/task5/install/my_robot_gazebo:/home/ivan/ros2_ws/task5/install/my_robot_description:/home/ivan/ros2_ws/task5/ex03/install/my_robot_gazebo:/home/ivan/ros2_ws/install/tutorial_interfaces:/home/ivan/ros2_ws/install/turtlesim PYTHONPATH=/home/ivan/ros2_ws/task5/build/my_unique_robot_control/prefix_override:/usr/lib/python3/dist-packages/colcon_core/task/python/colcon_distutils_commands:/home/ivan/ros2_ws/task5/install/my_unique_robot_control/lib/python3.10/site-packages:${PYTHONPATH} /usr/bin/python3 -W ignore:setup.py install is deprecated -W ignore:easy_install command is deprecated setup.py egg_info --egg-base ../../build/my_unique_robot_control build --build-base /home/ivan/ros2_ws/task5/build/my_unique_robot_control/build install --record /home/ivan/ros2_ws/task5/build/my_unique_robot_control/install.log --single-version-externally-managed install_data
