[0.532s] DEBUG:colcon:Command line arguments: ['/usr/bin/colcon', 'build', '--packages-select', 'my_unique_robot_gazebo', 'my_unique_robot_control']
[0.533s] DEBUG:colcon:Parsed command line arguments: Namespace(log_base=None, log_level=None, verb_name='build', build_base='build', install_base='install', merge_install=False, symlink_install=False, test_result_base=None, continue_on_error=False, executor='parallel', parallel_workers=16, event_handlers=None, ignore_user_meta=False, metas=['./colcon.meta'], base_paths=['.'], packages_ignore=None, packages_ignore_regex=None, paths=None, packages_up_to=None, packages_up_to_regex=None, packages_above=None, packages_above_and_dependencies=None, packages_above_depth=None, packages_select_by_dep=None, packages_skip_by_dep=None, packages_skip_up_to=None, packages_select_build_failed=False, packages_skip_build_finished=False, packages_select_test_failures=False, packages_skip_test_passed=False, packages_select=['my_unique_robot_gazebo', 'my_unique_robot_control'], packages_skip=None, packages_select_regex=None, packages_skip_regex=None, packages_start=None, packages_end=None, allow_overriding=[], cmake_args=None, cmake_target=None, cmake_target_skip_unavailable=False, cmake_clean_cache=False, cmake_clean_first=False, cmake_force_configure=False, ament_cmake_args=None, catkin_cmake_args=None, catkin_skip_building_tests=False, verb_parser=<colcon_defaults.argument_parser.defaults.DefaultArgumentsDecorator object at 0x7f3592606b30>, verb_extension=<colcon_core.verb.build.BuildVerb object at 0x7f35925c0070>, main=<bound method BuildVerb.main of <colcon_core.verb.build.BuildVerb object at 0x7f35925c0070>>)
[1.470s] Level 1:colcon.colcon_core.package_discovery:discover_packages(colcon_meta) check parameters
[1.470s] Level 1:colcon.colcon_core.package_discovery:discover_packages(recursive) check parameters
[1.470s] Level 1:colcon.colcon_core.package_discovery:discover_packages(ignore) check parameters
[1.470s] Level 1:colcon.colcon_core.package_discovery:discover_packages(path) check parameters
[1.470s] Level 1:colcon.colcon_core.package_discovery:discover_packages(colcon_meta) discover
[1.470s] Level 1:colcon.colcon_core.package_discovery:discover_packages(recursive) discover
[1.471s] INFO:colcon.colcon_core.package_discovery:Crawling recursively for packages in '/home/ivan/ros2_ws/task5'
[1.471s] Level 1:colcon.colcon_core.package_identification:_identify(.) by extensions ['ignore', 'ignore_ament_install']
[1.471s] Level 1:colcon.colcon_core.package_identification:_identify(.) by extension 'ignore'
[1.471s] Level 1:colcon.colcon_core.package_identification:_identify(.) by extension 'ignore_ament_install'
[1.471s] Level 1:colcon.colcon_core.package_identification:_identify(.) by extensions ['colcon_pkg']
[1.471s] Level 1:colcon.colcon_core.package_identification:_identify(.) by extension 'colcon_pkg'
[1.471s] Level 1:colcon.colcon_core.package_identification:_identify(.) by extensions ['colcon_meta']
[1.471s] Level 1:colcon.colcon_core.package_identification:_identify(.) by extension 'colcon_meta'
[1.471s] Level 1:colcon.colcon_core.package_identification:_identify(.) by extensions ['ros']
[1.471s] Level 1:colcon.colcon_core.package_identification:_identify(.) by extension 'ros'
[1.491s] Level 1:colcon.colcon_core.package_identification:_identify(.) by extensions ['cmake', 'python']
[1.492s] Level 1:colcon.colcon_core.package_identification:_identify(.) by extension 'cmake'
[1.492s] Level 1:colcon.colcon_core.package_identification:_identify(.) by extension 'python'
[1.492s] Level 1:colcon.colcon_core.package_identification:_identify(.) by extensions ['python_setup_py']
[1.492s] Level 1:colcon.colcon_core.package_identification:_identify(.) by extension 'python_setup_py'
[1.492s] Level 1:colcon.colcon_core.package_identification:_identify(build) by extensions ['ignore', 'ignore_ament_install']
[1.492s] Level 1:colcon.colcon_core.package_identification:_identify(build) by extension 'ignore'
[1.492s] Level 1:colcon.colcon_core.package_identification:_identify(build) ignored
[1.492s] Level 1:colcon.colcon_core.package_identification:_identify(ex01) by extensions ['ignore', 'ignore_ament_install']
[1.493s] Level 1:colcon.colcon_core.package_identification:_identify(ex01) by extension 'ignore'
[1.493s] Level 1:colcon.colcon_core.package_identification:_identify(ex01) by extension 'ignore_ament_install'
[1.493s] Level 1:colcon.colcon_core.package_identification:_identify(ex01) by extensions ['colcon_pkg']
[1.493s] Level 1:colcon.colcon_core.package_identification:_identify(ex01) by extension 'colcon_pkg'
[1.493s] Level 1:colcon.colcon_core.package_identification:_identify(ex01) by extensions ['colcon_meta']
[1.493s] Level 1:colcon.colcon_core.package_identification:_identify(ex01) by extension 'colcon_meta'
[1.493s] Level 1:colcon.colcon_core.package_identification:_identify(ex01) by extensions ['ros']
[1.493s] Level 1:colcon.colcon_core.package_identification:_identify(ex01) by extension 'ros'
[1.493s] Level 1:colcon.colcon_core.package_identification:_identify(ex01) by extensions ['cmake', 'python']
[1.493s] Level 1:colcon.colcon_core.package_identification:_identify(ex01) by extension 'cmake'
[1.493s] Level 1:colcon.colcon_core.package_identification:_identify(ex01) by extension 'python'
[1.493s] Level 1:colcon.colcon_core.package_identification:_identify(ex01) by extensions ['python_setup_py']
[1.493s] Level 1:colcon.colcon_core.package_identification:_identify(ex01) by extension 'python_setup_py'
[1.493s] Level 1:colcon.colcon_core.package_identification:_identify(ex01/build) by extensions ['ignore', 'ignore_ament_install']
[1.494s] Level 1:colcon.colcon_core.package_identification:_identify(ex01/build) by extension 'ignore'
[1.494s] Level 1:colcon.colcon_core.package_identification:_identify(ex01/build) ignored
[1.494s] Level 1:colcon.colcon_core.package_identification:_identify(ex01/install) by extensions ['ignore', 'ignore_ament_install']
[1.494s] Level 1:colcon.colcon_core.package_identification:_identify(ex01/install) by extension 'ignore'
[1.494s] Level 1:colcon.colcon_core.package_identification:_identify(ex01/install) ignored
[1.494s] Level 1:colcon.colcon_core.package_identification:_identify(ex01/log) by extensions ['ignore', 'ignore_ament_install']
[1.494s] Level 1:colcon.colcon_core.package_identification:_identify(ex01/log) by extension 'ignore'
[1.494s] Level 1:colcon.colcon_core.package_identification:_identify(ex01/log) ignored
[1.494s] Level 1:colcon.colcon_core.package_identification:_identify(ex01/my_robot_description) by extensions ['ignore', 'ignore_ament_install']
[1.494s] Level 1:colcon.colcon_core.package_identification:_identify(ex01/my_robot_description) by extension 'ignore'
[1.494s] Level 1:colcon.colcon_core.package_identification:_identify(ex01/my_robot_description) by extension 'ignore_ament_install'
[1.494s] Level 1:colcon.colcon_core.package_identification:_identify(ex01/my_robot_description) by extensions ['colcon_pkg']
[1.494s] Level 1:colcon.colcon_core.package_identification:_identify(ex01/my_robot_description) by extension 'colcon_pkg'
[1.494s] Level 1:colcon.colcon_core.package_identification:_identify(ex01/my_robot_description) by extensions ['colcon_meta']
[1.495s] Level 1:colcon.colcon_core.package_identification:_identify(ex01/my_robot_description) by extension 'colcon_meta'
[1.495s] Level 1:colcon.colcon_core.package_identification:_identify(ex01/my_robot_description) by extensions ['ros']
[1.495s] Level 1:colcon.colcon_core.package_identification:_identify(ex01/my_robot_description) by extension 'ros'
[1.504s] DEBUG:colcon.colcon_core.package_identification:Package 'ex01/my_robot_description' with type 'ros.ament_cmake' and name 'my_robot_description'
[1.504s] Level 1:colcon.colcon_core.package_identification:_identify(ex02) by extensions ['ignore', 'ignore_ament_install']
[1.504s] Level 1:colcon.colcon_core.package_identification:_identify(ex02) by extension 'ignore'
[1.504s] Level 1:colcon.colcon_core.package_identification:_identify(ex02) by extension 'ignore_ament_install'
[1.504s] Level 1:colcon.colcon_core.package_identification:_identify(ex02) by extensions ['colcon_pkg']
[1.505s] Level 1:colcon.colcon_core.package_identification:_identify(ex02) by extension 'colcon_pkg'
[1.505s] Level 1:colcon.colcon_core.package_identification:_identify(ex02) by extensions ['colcon_meta']
[1.505s] Level 1:colcon.colcon_core.package_identification:_identify(ex02) by extension 'colcon_meta'
[1.505s] Level 1:colcon.colcon_core.package_identification:_identify(ex02) by extensions ['ros']
[1.505s] Level 1:colcon.colcon_core.package_identification:_identify(ex02) by extension 'ros'
[1.505s] Level 1:colcon.colcon_core.package_identification:_identify(ex02) by extensions ['cmake', 'python']
[1.505s] Level 1:colcon.colcon_core.package_identification:_identify(ex02) by extension 'cmake'
[1.505s] Level 1:colcon.colcon_core.package_identification:_identify(ex02) by extension 'python'
[1.505s] Level 1:colcon.colcon_core.package_identification:_identify(ex02) by extensions ['python_setup_py']
[1.505s] Level 1:colcon.colcon_core.package_identification:_identify(ex02) by extension 'python_setup_py'
[1.505s] Level 1:colcon.colcon_core.package_identification:_identify(ex03) by extensions ['ignore', 'ignore_ament_install']
[1.505s] Level 1:colcon.colcon_core.package_identification:_identify(ex03) by extension 'ignore'
[1.505s] Level 1:colcon.colcon_core.package_identification:_identify(ex03) by extension 'ignore_ament_install'
[1.506s] Level 1:colcon.colcon_core.package_identification:_identify(ex03) by extensions ['colcon_pkg']
[1.506s] Level 1:colcon.colcon_core.package_identification:_identify(ex03) by extension 'colcon_pkg'
[1.506s] Level 1:colcon.colcon_core.package_identification:_identify(ex03) by extensions ['colcon_meta']
[1.506s] Level 1:colcon.colcon_core.package_identification:_identify(ex03) by extension 'colcon_meta'
[1.506s] Level 1:colcon.colcon_core.package_identification:_identify(ex03) by extensions ['ros']
[1.506s] Level 1:colcon.colcon_core.package_identification:_identify(ex03) by extension 'ros'
[1.506s] Level 1:colcon.colcon_core.package_identification:_identify(ex03) by extensions ['cmake', 'python']
[1.506s] Level 1:colcon.colcon_core.package_identification:_identify(ex03) by extension 'cmake'
[1.506s] Level 1:colcon.colcon_core.package_identification:_identify(ex03) by extension 'python'
[1.506s] Level 1:colcon.colcon_core.package_identification:_identify(ex03) by extensions ['python_setup_py']
[1.506s] Level 1:colcon.colcon_core.package_identification:_identify(ex03) by extension 'python_setup_py'
[1.506s] Level 1:colcon.colcon_core.package_identification:_identify(ex03/src) by extensions ['ignore', 'ignore_ament_install']
[1.506s] Level 1:colcon.colcon_core.package_identification:_identify(ex03/src) by extension 'ignore'
[1.506s] Level 1:colcon.colcon_core.package_identification:_identify(ex03/src) by extension 'ignore_ament_install'
[1.506s] Level 1:colcon.colcon_core.package_identification:_identify(ex03/src) by extensions ['colcon_pkg']
[1.506s] Level 1:colcon.colcon_core.package_identification:_identify(ex03/src) by extension 'colcon_pkg'
[1.506s] Level 1:colcon.colcon_core.package_identification:_identify(ex03/src) by extensions ['colcon_meta']
[1.507s] Level 1:colcon.colcon_core.package_identification:_identify(ex03/src) by extension 'colcon_meta'
[1.507s] Level 1:colcon.colcon_core.package_identification:_identify(ex03/src) by extensions ['ros']
[1.507s] Level 1:colcon.colcon_core.package_identification:_identify(ex03/src) by extension 'ros'
[1.507s] Level 1:colcon.colcon_core.package_identification:_identify(ex03/src) by extensions ['cmake', 'python']
[1.507s] Level 1:colcon.colcon_core.package_identification:_identify(ex03/src) by extension 'cmake'
[1.507s] Level 1:colcon.colcon_core.package_identification:_identify(ex03/src) by extension 'python'
[1.507s] Level 1:colcon.colcon_core.package_identification:_identify(ex03/src) by extensions ['python_setup_py']
[1.507s] Level 1:colcon.colcon_core.package_identification:_identify(ex03/src) by extension 'python_setup_py'
[1.507s] Level 1:colcon.colcon_core.package_identification:_identify(ex03/src/my_robot_gazebo) by extensions ['ignore', 'ignore_ament_install']
[1.507s] Level 1:colcon.colcon_core.package_identification:_identify(ex03/src/my_robot_gazebo) by extension 'ignore'
[1.507s] Level 1:colcon.colcon_core.package_identification:_identify(ex03/src/my_robot_gazebo) by extension 'ignore_ament_install'
[1.507s] Level 1:colcon.colcon_core.package_identification:_identify(ex03/src/my_robot_gazebo) by extensions ['colcon_pkg']
[1.507s] Level 1:colcon.colcon_core.package_identification:_identify(ex03/src/my_robot_gazebo) by extension 'colcon_pkg'
[1.507s] Level 1:colcon.colcon_core.package_identification:_identify(ex03/src/my_robot_gazebo) by extensions ['colcon_meta']
[1.507s] Level 1:colcon.colcon_core.package_identification:_identify(ex03/src/my_robot_gazebo) by extension 'colcon_meta'
[1.507s] Level 1:colcon.colcon_core.package_identification:_identify(ex03/src/my_robot_gazebo) by extensions ['ros']
[1.507s] Level 1:colcon.colcon_core.package_identification:_identify(ex03/src/my_robot_gazebo) by extension 'ros'
[1.509s] DEBUG:colcon.colcon_core.package_identification:Package 'ex03/src/my_robot_gazebo' with type 'ros.ament_cmake' and name 'my_robot_gazebo'
[1.509s] Level 1:colcon.colcon_core.package_identification:_identify(ex04) by extensions ['ignore', 'ignore_ament_install']
[1.509s] Level 1:colcon.colcon_core.package_identification:_identify(ex04) by extension 'ignore'
[1.509s] Level 1:colcon.colcon_core.package_identification:_identify(ex04) by extension 'ignore_ament_install'
[1.509s] Level 1:colcon.colcon_core.package_identification:_identify(ex04) by extensions ['colcon_pkg']
[1.509s] Level 1:colcon.colcon_core.package_identification:_identify(ex04) by extension 'colcon_pkg'
[1.509s] Level 1:colcon.colcon_core.package_identification:_identify(ex04) by extensions ['colcon_meta']
[1.509s] Level 1:colcon.colcon_core.package_identification:_identify(ex04) by extension 'colcon_meta'
[1.509s] Level 1:colcon.colcon_core.package_identification:_identify(ex04) by extensions ['ros']
[1.509s] Level 1:colcon.colcon_core.package_identification:_identify(ex04) by extension 'ros'
[1.509s] Level 1:colcon.colcon_core.package_identification:_identify(ex04) by extensions ['cmake', 'python']
[1.509s] Level 1:colcon.colcon_core.package_identification:_identify(ex04) by extension 'cmake'
[1.510s] Level 1:colcon.colcon_core.package_identification:_identify(ex04) by extension 'python'
[1.510s] Level 1:colcon.colcon_core.package_identification:_identify(ex04) by extensions ['python_setup_py']
[1.510s] Level 1:colcon.colcon_core.package_identification:_identify(ex04) by extension 'python_setup_py'
[1.510s] Level 1:colcon.colcon_core.package_identification:_identify(ex04/my_robot_control) by extensions ['ignore', 'ignore_ament_install']
[1.510s] Level 1:colcon.colcon_core.package_identification:_identify(ex04/my_robot_control) by extension 'ignore'
[1.510s] Level 1:colcon.colcon_core.package_identification:_identify(ex04/my_robot_control) by extension 'ignore_ament_install'
[1.510s] Level 1:colcon.colcon_core.package_identification:_identify(ex04/my_robot_control) by extensions ['colcon_pkg']
[1.510s] Level 1:colcon.colcon_core.package_identification:_identify(ex04/my_robot_control) by extension 'colcon_pkg'
[1.510s] Level 1:colcon.colcon_core.package_identification:_identify(ex04/my_robot_control) by extensions ['colcon_meta']
[1.510s] Level 1:colcon.colcon_core.package_identification:_identify(ex04/my_robot_control) by extension 'colcon_meta'
[1.510s] Level 1:colcon.colcon_core.package_identification:_identify(ex04/my_robot_control) by extensions ['ros']
[1.510s] Level 1:colcon.colcon_core.package_identification:_identify(ex04/my_robot_control) by extension 'ros'
[1.511s] DEBUG:colcon.colcon_core.package_identification:Package 'ex04/my_robot_control' with type 'ros.ament_python' and name 'my_robot_control'
[1.512s] Level 1:colcon.colcon_core.package_identification:_identify(ex05) by extensions ['ignore', 'ignore_ament_install']
[1.512s] Level 1:colcon.colcon_core.package_identification:_identify(ex05) by extension 'ignore'
[1.512s] Level 1:colcon.colcon_core.package_identification:_identify(ex05) by extension 'ignore_ament_install'
[1.512s] Level 1:colcon.colcon_core.package_identification:_identify(ex05) by extensions ['colcon_pkg']
[1.512s] Level 1:colcon.colcon_core.package_identification:_identify(ex05) by extension 'colcon_pkg'
[1.512s] Level 1:colcon.colcon_core.package_identification:_identify(ex05) by extensions ['colcon_meta']
[1.512s] Level 1:colcon.colcon_core.package_identification:_identify(ex05) by extension 'colcon_meta'
[1.512s] Level 1:colcon.colcon_core.package_identification:_identify(ex05) by extensions ['ros']
[1.512s] Level 1:colcon.colcon_core.package_identification:_identify(ex05) by extension 'ros'
[1.512s] Level 1:colcon.colcon_core.package_identification:_identify(ex05) by extensions ['cmake', 'python']
[1.512s] Level 1:colcon.colcon_core.package_identification:_identify(ex05) by extension 'cmake'
[1.512s] Level 1:colcon.colcon_core.package_identification:_identify(ex05) by extension 'python'
[1.512s] Level 1:colcon.colcon_core.package_identification:_identify(ex05) by extensions ['python_setup_py']
[1.512s] Level 1:colcon.colcon_core.package_identification:_identify(ex05) by extension 'python_setup_py'
[1.513s] Level 1:colcon.colcon_core.package_identification:_identify(ex05/my_unique_robot_control) by extensions ['ignore', 'ignore_ament_install']
[1.513s] Level 1:colcon.colcon_core.package_identification:_identify(ex05/my_unique_robot_control) by extension 'ignore'
[1.513s] Level 1:colcon.colcon_core.package_identification:_identify(ex05/my_unique_robot_control) by extension 'ignore_ament_install'
[1.513s] Level 1:colcon.colcon_core.package_identification:_identify(ex05/my_unique_robot_control) by extensions ['colcon_pkg']
[1.513s] Level 1:colcon.colcon_core.package_identification:_identify(ex05/my_unique_robot_control) by extension 'colcon_pkg'
[1.513s] Level 1:colcon.colcon_core.package_identification:_identify(ex05/my_unique_robot_control) by extensions ['colcon_meta']
[1.513s] Level 1:colcon.colcon_core.package_identification:_identify(ex05/my_unique_robot_control) by extension 'colcon_meta'
[1.513s] Level 1:colcon.colcon_core.package_identification:_identify(ex05/my_unique_robot_control) by extensions ['ros']
[1.513s] Level 1:colcon.colcon_core.package_identification:_identify(ex05/my_unique_robot_control) by extension 'ros'
[1.514s] DEBUG:colcon.colcon_core.package_identification:Package 'ex05/my_unique_robot_control' with type 'ros.ament_python' and name 'my_unique_robot_control'
[1.514s] Level 1:colcon.colcon_core.package_identification:_identify(ex05/my_unique_robot_gazebo) by extensions ['ignore', 'ignore_ament_install']
[1.514s] Level 1:colcon.colcon_core.package_identification:_identify(ex05/my_unique_robot_gazebo) by extension 'ignore'
[1.515s] Level 1:colcon.colcon_core.package_identification:_identify(ex05/my_unique_robot_gazebo) by extension 'ignore_ament_install'
[1.515s] Level 1:colcon.colcon_core.package_identification:_identify(ex05/my_unique_robot_gazebo) by extensions ['colcon_pkg']
[1.515s] Level 1:colcon.colcon_core.package_identification:_identify(ex05/my_unique_robot_gazebo) by extension 'colcon_pkg'
[1.515s] Level 1:colcon.colcon_core.package_identification:_identify(ex05/my_unique_robot_gazebo) by extensions ['colcon_meta']
[1.515s] Level 1:colcon.colcon_core.package_identification:_identify(ex05/my_unique_robot_gazebo) by extension 'colcon_meta'
[1.515s] Level 1:colcon.colcon_core.package_identification:_identify(ex05/my_unique_robot_gazebo) by extensions ['ros']
[1.515s] Level 1:colcon.colcon_core.package_identification:_identify(ex05/my_unique_robot_gazebo) by extension 'ros'
[1.516s] DEBUG:colcon.colcon_core.package_identification:Package 'ex05/my_unique_robot_gazebo' with type 'ros.ament_cmake' and name 'my_unique_robot_gazebo'
[1.517s] Level 1:colcon.colcon_core.package_identification:_identify(install) by extensions ['ignore', 'ignore_ament_install']
[1.517s] Level 1:colcon.colcon_core.package_identification:_identify(install) by extension 'ignore'
[1.517s] Level 1:colcon.colcon_core.package_identification:_identify(install) ignored
[1.517s] Level 1:colcon.colcon_core.package_identification:_identify(log) by extensions ['ignore', 'ignore_ament_install']
[1.517s] Level 1:colcon.colcon_core.package_identification:_identify(log) by extension 'ignore'
[1.517s] Level 1:colcon.colcon_core.package_identification:_identify(log) ignored
[1.517s] Level 1:colcon.colcon_core.package_identification:_identify(src) by extensions ['ignore', 'ignore_ament_install']
[1.517s] Level 1:colcon.colcon_core.package_identification:_identify(src) by extension 'ignore'
[1.517s] Level 1:colcon.colcon_core.package_identification:_identify(src) by extension 'ignore_ament_install'
[1.518s] Level 1:colcon.colcon_core.package_identification:_identify(src) by extensions ['colcon_pkg']
[1.518s] Level 1:colcon.colcon_core.package_identification:_identify(src) by extension 'colcon_pkg'
[1.518s] Level 1:colcon.colcon_core.package_identification:_identify(src) by extensions ['colcon_meta']
[1.518s] Level 1:colcon.colcon_core.package_identification:_identify(src) by extension 'colcon_meta'
[1.518s] Level 1:colcon.colcon_core.package_identification:_identify(src) by extensions ['ros']
[1.518s] Level 1:colcon.colcon_core.package_identification:_identify(src) by extension 'ros'
[1.518s] Level 1:colcon.colcon_core.package_identification:_identify(src) by extensions ['cmake', 'python']
[1.518s] Level 1:colcon.colcon_core.package_identification:_identify(src) by extension 'cmake'
[1.518s] Level 1:colcon.colcon_core.package_identification:_identify(src) by extension 'python'
[1.518s] Level 1:colcon.colcon_core.package_identification:_identify(src) by extensions ['python_setup_py']
[1.518s] Level 1:colcon.colcon_core.package_identification:_identify(src) by extension 'python_setup_py'
[1.518s] Level 1:colcon.colcon_core.package_identification:_identify(src/my_robot_gazebo) by extensions ['ignore', 'ignore_ament_install']
[1.518s] Level 1:colcon.colcon_core.package_identification:_identify(src/my_robot_gazebo) by extension 'ignore'
[1.518s] Level 1:colcon.colcon_core.package_identification:_identify(src/my_robot_gazebo) by extension 'ignore_ament_install'
[1.519s] Level 1:colcon.colcon_core.package_identification:_identify(src/my_robot_gazebo) by extensions ['colcon_pkg']
[1.519s] Level 1:colcon.colcon_core.package_identification:_identify(src/my_robot_gazebo) by extension 'colcon_pkg'
[1.519s] Level 1:colcon.colcon_core.package_identification:_identify(src/my_robot_gazebo) by extensions ['colcon_meta']
[1.519s] Level 1:colcon.colcon_core.package_identification:_identify(src/my_robot_gazebo) by extension 'colcon_meta'
[1.519s] Level 1:colcon.colcon_core.package_identification:_identify(src/my_robot_gazebo) by extensions ['ros']
[1.519s] Level 1:colcon.colcon_core.package_identification:_identify(src/my_robot_gazebo) by extension 'ros'
[1.519s] Level 1:colcon.colcon_core.package_identification:_identify(src/my_robot_gazebo) by extensions ['cmake', 'python']
[1.519s] Level 1:colcon.colcon_core.package_identification:_identify(src/my_robot_gazebo) by extension 'cmake'
[1.519s] Level 1:colcon.colcon_core.package_identification:_identify(src/my_robot_gazebo) by extension 'python'
[1.519s] Level 1:colcon.colcon_core.package_identification:_identify(src/my_robot_gazebo) by extensions ['python_setup_py']
[1.519s] Level 1:colcon.colcon_core.package_identification:_identify(src/my_robot_gazebo) by extension 'python_setup_py'
[1.519s] Level 1:colcon.colcon_core.package_identification:_identify(src/my_robot_gazebo/ex03) by extensions ['ignore', 'ignore_ament_install']
[1.519s] Level 1:colcon.colcon_core.package_identification:_identify(src/my_robot_gazebo/ex03) by extension 'ignore'
[1.519s] Level 1:colcon.colcon_core.package_identification:_identify(src/my_robot_gazebo/ex03) by extension 'ignore_ament_install'
[1.519s] Level 1:colcon.colcon_core.package_identification:_identify(src/my_robot_gazebo/ex03) by extensions ['colcon_pkg']
[1.519s] Level 1:colcon.colcon_core.package_identification:_identify(src/my_robot_gazebo/ex03) by extension 'colcon_pkg'
[1.519s] Level 1:colcon.colcon_core.package_identification:_identify(src/my_robot_gazebo/ex03) by extensions ['colcon_meta']
[1.519s] Level 1:colcon.colcon_core.package_identification:_identify(src/my_robot_gazebo/ex03) by extension 'colcon_meta'
[1.520s] Level 1:colcon.colcon_core.package_identification:_identify(src/my_robot_gazebo/ex03) by extensions ['ros']
[1.520s] Level 1:colcon.colcon_core.package_identification:_identify(src/my_robot_gazebo/ex03) by extension 'ros'
[1.520s] Level 1:colcon.colcon_core.package_identification:_identify(src/my_robot_gazebo/ex03) by extensions ['cmake', 'python']
[1.520s] Level 1:colcon.colcon_core.package_identification:_identify(src/my_robot_gazebo/ex03) by extension 'cmake'
[1.520s] Level 1:colcon.colcon_core.package_identification:_identify(src/my_robot_gazebo/ex03) by extension 'python'
[1.520s] Level 1:colcon.colcon_core.package_identification:_identify(src/my_robot_gazebo/ex03) by extensions ['python_setup_py']
[1.520s] Level 1:colcon.colcon_core.package_identification:_identify(src/my_robot_gazebo/ex03) by extension 'python_setup_py'
[1.520s] Level 1:colcon.colcon_core.package_identification:_identify(Новая папка) by extensions ['ignore', 'ignore_ament_install']
[1.520s] Level 1:colcon.colcon_core.package_identification:_identify(Новая папка) by extension 'ignore'
[1.520s] Level 1:colcon.colcon_core.package_identification:_identify(Новая папка) by extension 'ignore_ament_install'
[1.520s] Level 1:colcon.colcon_core.package_identification:_identify(Новая папка) by extensions ['colcon_pkg']
[1.520s] Level 1:colcon.colcon_core.package_identification:_identify(Новая папка) by extension 'colcon_pkg'
[1.520s] Level 1:colcon.colcon_core.package_identification:_identify(Новая папка) by extensions ['colcon_meta']
[1.520s] Level 1:colcon.colcon_core.package_identification:_identify(Новая папка) by extension 'colcon_meta'
[1.520s] Level 1:colcon.colcon_core.package_identification:_identify(Новая папка) by extensions ['ros']
[1.521s] Level 1:colcon.colcon_core.package_identification:_identify(Новая папка) by extension 'ros'
[1.521s] Level 1:colcon.colcon_core.package_identification:_identify(Новая папка) by extensions ['cmake', 'python']
[1.521s] Level 1:colcon.colcon_core.package_identification:_identify(Новая папка) by extension 'cmake'
[1.521s] Level 1:colcon.colcon_core.package_identification:_identify(Новая папка) by extension 'python'
[1.521s] Level 1:colcon.colcon_core.package_identification:_identify(Новая папка) by extensions ['python_setup_py']
[1.521s] Level 1:colcon.colcon_core.package_identification:_identify(Новая папка) by extension 'python_setup_py'
[1.521s] Level 1:colcon.colcon_core.package_discovery:discover_packages(recursive) using defaults
[1.521s] Level 1:colcon.colcon_core.package_discovery:discover_packages(ignore) discover
[1.521s] Level 1:colcon.colcon_core.package_discovery:discover_packages(ignore) using defaults
[1.521s] Level 1:colcon.colcon_core.package_discovery:discover_packages(path) discover
[1.521s] Level 1:colcon.colcon_core.package_discovery:discover_packages(path) using defaults
[1.615s] INFO:colcon.colcon_core.package_selection:Skipping not selected package 'my_robot_description' in 'ex01/my_robot_description'
[1.615s] INFO:colcon.colcon_core.package_selection:Skipping not selected package 'my_robot_gazebo' in 'ex03/src/my_robot_gazebo'
[1.615s] INFO:colcon.colcon_core.package_selection:Skipping not selected package 'my_robot_control' in 'ex04/my_robot_control'
[1.618s] Level 1:colcon.colcon_core.package_discovery:discover_packages(prefix_path) check parameters
[1.618s] Level 1:colcon.colcon_core.package_discovery:discover_packages(prefix_path) discover
[1.623s] WARNING:colcon.colcon_core.prefix_path.colcon:The path '/home/ivan/ros2_ws/task5/ex04/install' in the environment variable COLCON_PREFIX_PATH doesn't exist
[1.623s] WARNING:colcon.colcon_core.prefix_path.colcon:The path '/home/ivan/ros2_ws/task5/ex03/install' in the environment variable COLCON_PREFIX_PATH doesn't exist
[1.624s] WARNING:colcon.colcon_ros.prefix_path.ament:The path '/home/ivan/ros2_ws/task5/ex04/install/my_robot_control' in the environment variable AMENT_PREFIX_PATH doesn't exist
[1.624s] WARNING:colcon.colcon_ros.prefix_path.ament:The path '/home/ivan/ros2_ws/task5/ex03/install/my_robot_gazebo' in the environment variable AMENT_PREFIX_PATH doesn't exist
[1.633s] WARNING:colcon.colcon_ros.prefix_path.catkin:The path '/home/ivan/ros2_ws/task5/ex03/install/my_robot_gazebo' in the environment variable CMAKE_PREFIX_PATH doesn't exist
[1.635s] DEBUG:colcon.colcon_installed_package_information.package_discovery:Found 4 installed packages in /home/ivan/ros2_ws/task5/install
[1.637s] DEBUG:colcon.colcon_installed_package_information.package_discovery:Found 7 installed packages in /home/ivan/ros2_ws/install
[1.642s] DEBUG:colcon.colcon_installed_package_information.package_discovery:Found 340 installed packages in /opt/ros/humble
[1.645s] Level 1:colcon.colcon_core.package_discovery:discover_packages(prefix_path) using defaults
[1.891s] Level 5:colcon.colcon_core.verb:set package 'my_unique_robot_gazebo' build argument 'cmake_args' from command line to 'None'
[1.891s] Level 5:colcon.colcon_core.verb:set package 'my_unique_robot_gazebo' build argument 'cmake_target' from command line to 'None'
[1.891s] Level 5:colcon.colcon_core.verb:set package 'my_unique_robot_gazebo' build argument 'cmake_target_skip_unavailable' from command line to 'False'
[1.891s] Level 5:colcon.colcon_core.verb:set package 'my_unique_robot_gazebo' build argument 'cmake_clean_cache' from command line to 'False'
[1.892s] Level 5:colcon.colcon_core.verb:set package 'my_unique_robot_gazebo' build argument 'cmake_clean_first' from command line to 'False'
[1.892s] Level 5:colcon.colcon_core.verb:set package 'my_unique_robot_gazebo' build argument 'cmake_force_configure' from command line to 'False'
[1.892s] Level 5:colcon.colcon_core.verb:set package 'my_unique_robot_gazebo' build argument 'ament_cmake_args' from command line to 'None'
[1.892s] Level 5:colcon.colcon_core.verb:set package 'my_unique_robot_gazebo' build argument 'catkin_cmake_args' from command line to 'None'
[1.892s] Level 5:colcon.colcon_core.verb:set package 'my_unique_robot_gazebo' build argument 'catkin_skip_building_tests' from command line to 'False'
[1.892s] DEBUG:colcon.colcon_core.verb:Building package 'my_unique_robot_gazebo' with the following arguments: {'ament_cmake_args': None, 'build_base': '/home/ivan/ros2_ws/task5/build/my_unique_robot_gazebo', 'catkin_cmake_args': None, 'catkin_skip_building_tests': False, 'cmake_args': None, 'cmake_clean_cache': False, 'cmake_clean_first': False, 'cmake_force_configure': False, 'cmake_target': None, 'cmake_target_skip_unavailable': False, 'install_base': '/home/ivan/ros2_ws/task5/install/my_unique_robot_gazebo', 'merge_install': False, 'path': '/home/ivan/ros2_ws/task5/ex05/my_unique_robot_gazebo', 'symlink_install': False, 'test_result_base': None}
[1.892s] Level 5:colcon.colcon_core.verb:set package 'my_unique_robot_control' build argument 'cmake_args' from command line to 'None'
[1.892s] Level 5:colcon.colcon_core.verb:set package 'my_unique_robot_control' build argument 'cmake_target' from command line to 'None'
[1.892s] Level 5:colcon.colcon_core.verb:set package 'my_unique_robot_control' build argument 'cmake_target_skip_unavailable' from command line to 'False'
[1.892s] Level 5:colcon.colcon_core.verb:set package 'my_unique_robot_control' build argument 'cmake_clean_cache' from command line to 'False'
[1.892s] Level 5:colcon.colcon_core.verb:set package 'my_unique_robot_control' build argument 'cmake_clean_first' from command line to 'False'
[1.892s] Level 5:colcon.colcon_core.verb:set package 'my_unique_robot_control' build argument 'cmake_force_configure' from command line to 'False'
[1.892s] Level 5:colcon.colcon_core.verb:set package 'my_unique_robot_control' build argument 'ament_cmake_args' from command line to 'None'
[1.892s] Level 5:colcon.colcon_core.verb:set package 'my_unique_robot_control' build argument 'catkin_cmake_args' from command line to 'None'
[1.892s] Level 5:colcon.colcon_core.verb:set package 'my_unique_robot_control' build argument 'catkin_skip_building_tests' from command line to 'False'
[1.893s] DEBUG:colcon.colcon_core.verb:Building package 'my_unique_robot_control' with the following arguments: {'ament_cmake_args': None, 'build_base': '/home/ivan/ros2_ws/task5/build/my_unique_robot_control', 'catkin_cmake_args': None, 'catkin_skip_building_tests': False, 'cmake_args': None, 'cmake_clean_cache': False, 'cmake_clean_first': False, 'cmake_force_configure': False, 'cmake_target': None, 'cmake_target_skip_unavailable': False, 'install_base': '/home/ivan/ros2_ws/task5/install/my_unique_robot_control', 'merge_install': False, 'path': '/home/ivan/ros2_ws/task5/ex05/my_unique_robot_control', 'symlink_install': False, 'test_result_base': None}
[1.893s] INFO:colcon.colcon_core.executor:Executing jobs using 'parallel' executor
[1.895s] DEBUG:colcon.colcon_parallel_executor.executor.parallel:run_until_complete
[1.895s] INFO:colcon.colcon_ros.task.ament_cmake.build:Building ROS package in '/home/ivan/ros2_ws/task5/ex05/my_unique_robot_gazebo' with build type 'ament_cmake'
[1.895s] INFO:colcon.colcon_cmake.task.cmake.build:Building CMake package in '/home/ivan/ros2_ws/task5/ex05/my_unique_robot_gazebo'
[1.907s] INFO:colcon.colcon_core.plugin_system:Skipping extension 'colcon_core.shell.bat': Not used on non-Windows systems
[1.908s] INFO:colcon.colcon_core.shell:Skip shell extension 'powershell' for command environment: Not usable outside of PowerShell
[1.908s] DEBUG:colcon.colcon_core.shell:Skip shell extension 'dsv' for command environment
[1.932s] DEBUG:colcon.colcon_core.event_handler.log_command:Invoking command in '/home/ivan/ros2_ws/task5/build/my_unique_robot_gazebo': CMAKE_PREFIX_PATH=${CMAKE_PREFIX_PATH}:/home/ivan/ros2_ws/task5/install/my_unique_robot_control:/home/ivan/ros2_ws/task5/install/my_robot_control:/home/ivan/ros2_ws/task5/ex04/install/my_robot_control:/home/ivan/ros2_ws/install/turtle_multi_target:/home/ivan/ros2_ws/install/text_to_cmd_vel_pkg:/home/ivan/ros2_ws/install/py_pubsub:/home/ivan/ros2_ws/install/my_package:/home/ivan/ros2_ws/install/Ivan:/opt/ros/humble /usr/bin/cmake /home/ivan/ros2_ws/task5/ex05/my_unique_robot_gazebo -DCMAKE_INSTALL_PREFIX=/home/ivan/ros2_ws/task5/install/my_unique_robot_gazebo
[21.043s] DEBUG:colcon.colcon_core.event_handler.log_command:Invoked command in '/home/ivan/ros2_ws/task5/build/my_unique_robot_gazebo' returned '0': CMAKE_PREFIX_PATH=${CMAKE_PREFIX_PATH}:/home/ivan/ros2_ws/task5/install/my_unique_robot_control:/home/ivan/ros2_ws/task5/install/my_robot_control:/home/ivan/ros2_ws/task5/ex04/install/my_robot_control:/home/ivan/ros2_ws/install/turtle_multi_target:/home/ivan/ros2_ws/install/text_to_cmd_vel_pkg:/home/ivan/ros2_ws/install/py_pubsub:/home/ivan/ros2_ws/install/my_package:/home/ivan/ros2_ws/install/Ivan:/opt/ros/humble /usr/bin/cmake /home/ivan/ros2_ws/task5/ex05/my_unique_robot_gazebo -DCMAKE_INSTALL_PREFIX=/home/ivan/ros2_ws/task5/install/my_unique_robot_gazebo
[21.049s] DEBUG:colcon.colcon_core.event_handler.log_command:Invoking command in '/home/ivan/ros2_ws/task5/build/my_unique_robot_gazebo': CMAKE_PREFIX_PATH=${CMAKE_PREFIX_PATH}:/home/ivan/ros2_ws/task5/install/my_unique_robot_control:/home/ivan/ros2_ws/task5/install/my_robot_control:/home/ivan/ros2_ws/task5/ex04/install/my_robot_control:/home/ivan/ros2_ws/install/turtle_multi_target:/home/ivan/ros2_ws/install/text_to_cmd_vel_pkg:/home/ivan/ros2_ws/install/py_pubsub:/home/ivan/ros2_ws/install/my_package:/home/ivan/ros2_ws/install/Ivan:/opt/ros/humble /usr/bin/cmake --build /home/ivan/ros2_ws/task5/build/my_unique_robot_gazebo -- -j16 -l16
[21.116s] DEBUG:colcon.colcon_core.event_handler.log_command:Invoked command in '/home/ivan/ros2_ws/task5/build/my_unique_robot_gazebo' returned '0': CMAKE_PREFIX_PATH=${CMAKE_PREFIX_PATH}:/home/ivan/ros2_ws/task5/install/my_unique_robot_control:/home/ivan/ros2_ws/task5/install/my_robot_control:/home/ivan/ros2_ws/task5/ex04/install/my_robot_control:/home/ivan/ros2_ws/install/turtle_multi_target:/home/ivan/ros2_ws/install/text_to_cmd_vel_pkg:/home/ivan/ros2_ws/install/py_pubsub:/home/ivan/ros2_ws/install/my_package:/home/ivan/ros2_ws/install/Ivan:/opt/ros/humble /usr/bin/cmake --build /home/ivan/ros2_ws/task5/build/my_unique_robot_gazebo -- -j16 -l16
[21.136s] DEBUG:colcon.colcon_core.event_handler.log_command:Invoking command in '/home/ivan/ros2_ws/task5/build/my_unique_robot_gazebo': CMAKE_PREFIX_PATH=${CMAKE_PREFIX_PATH}:/home/ivan/ros2_ws/task5/install/my_unique_robot_control:/home/ivan/ros2_ws/task5/install/my_robot_control:/home/ivan/ros2_ws/task5/ex04/install/my_robot_control:/home/ivan/ros2_ws/install/turtle_multi_target:/home/ivan/ros2_ws/install/text_to_cmd_vel_pkg:/home/ivan/ros2_ws/install/py_pubsub:/home/ivan/ros2_ws/install/my_package:/home/ivan/ros2_ws/install/Ivan:/opt/ros/humble /usr/bin/cmake --install /home/ivan/ros2_ws/task5/build/my_unique_robot_gazebo
[21.167s] Level 1:colcon.colcon_core.environment:create_environment_scripts_only(my_unique_robot_gazebo)
[21.168s] DEBUG:colcon.colcon_core.event_handler.log_command:Invoked command in '/home/ivan/ros2_ws/task5/build/my_unique_robot_gazebo' returned '0': CMAKE_PREFIX_PATH=${CMAKE_PREFIX_PATH}:/home/ivan/ros2_ws/task5/install/my_unique_robot_control:/home/ivan/ros2_ws/task5/install/my_robot_control:/home/ivan/ros2_ws/task5/ex04/install/my_robot_control:/home/ivan/ros2_ws/install/turtle_multi_target:/home/ivan/ros2_ws/install/text_to_cmd_vel_pkg:/home/ivan/ros2_ws/install/py_pubsub:/home/ivan/ros2_ws/install/my_package:/home/ivan/ros2_ws/install/Ivan:/opt/ros/humble /usr/bin/cmake --install /home/ivan/ros2_ws/task5/build/my_unique_robot_gazebo
[21.190s] Level 1:colcon.colcon_core.environment:checking '/home/ivan/ros2_ws/task5/install/my_unique_robot_gazebo' for CMake module files
[21.192s] Level 1:colcon.colcon_core.environment:checking '/home/ivan/ros2_ws/task5/install/my_unique_robot_gazebo' for CMake config files
[21.192s] Level 1:colcon.colcon_core.shell:create_environment_hook('my_unique_robot_gazebo', 'cmake_prefix_path')
[21.193s] INFO:colcon.colcon_core.shell:Creating environment hook '/home/ivan/ros2_ws/task5/install/my_unique_robot_gazebo/share/my_unique_robot_gazebo/hook/cmake_prefix_path.ps1'
[21.195s] INFO:colcon.colcon_core.shell:Creating environment descriptor '/home/ivan/ros2_ws/task5/install/my_unique_robot_gazebo/share/my_unique_robot_gazebo/hook/cmake_prefix_path.dsv'
[21.197s] INFO:colcon.colcon_core.shell:Creating environment hook '/home/ivan/ros2_ws/task5/install/my_unique_robot_gazebo/share/my_unique_robot_gazebo/hook/cmake_prefix_path.sh'
[21.200s] Level 1:colcon.colcon_core.environment:checking '/home/ivan/ros2_ws/task5/install/my_unique_robot_gazebo/bin'
[21.200s] Level 1:colcon.colcon_core.environment:checking '/home/ivan/ros2_ws/task5/install/my_unique_robot_gazebo/lib/pkgconfig/my_unique_robot_gazebo.pc'
[21.200s] Level 1:colcon.colcon_core.environment:checking '/home/ivan/ros2_ws/task5/install/my_unique_robot_gazebo/lib/python3.10/site-packages'
[21.201s] Level 1:colcon.colcon_core.environment:checking '/home/ivan/ros2_ws/task5/install/my_unique_robot_gazebo/bin'
[21.201s] INFO:colcon.colcon_core.shell:Creating package script '/home/ivan/ros2_ws/task5/install/my_unique_robot_gazebo/share/my_unique_robot_gazebo/package.ps1'
[21.204s] INFO:colcon.colcon_core.shell:Creating package descriptor '/home/ivan/ros2_ws/task5/install/my_unique_robot_gazebo/share/my_unique_robot_gazebo/package.dsv'
[21.206s] INFO:colcon.colcon_core.shell:Creating package script '/home/ivan/ros2_ws/task5/install/my_unique_robot_gazebo/share/my_unique_robot_gazebo/package.sh'
[21.208s] INFO:colcon.colcon_core.shell:Creating package script '/home/ivan/ros2_ws/task5/install/my_unique_robot_gazebo/share/my_unique_robot_gazebo/package.bash'
[21.210s] INFO:colcon.colcon_core.shell:Creating package script '/home/ivan/ros2_ws/task5/install/my_unique_robot_gazebo/share/my_unique_robot_gazebo/package.zsh'
[21.213s] Level 1:colcon.colcon_core.environment:create_file_with_runtime_dependencies(/home/ivan/ros2_ws/task5/install/my_unique_robot_gazebo/share/colcon-core/packages/my_unique_robot_gazebo)
[21.216s] Level 1:colcon.colcon_core.environment:create_environment_scripts_only(my_unique_robot_gazebo)
[21.216s] Level 1:colcon.colcon_core.environment:checking '/home/ivan/ros2_ws/task5/install/my_unique_robot_gazebo' for CMake module files
[21.217s] Level 1:colcon.colcon_core.environment:checking '/home/ivan/ros2_ws/task5/install/my_unique_robot_gazebo' for CMake config files
[21.217s] Level 1:colcon.colcon_core.shell:create_environment_hook('my_unique_robot_gazebo', 'cmake_prefix_path')
[21.217s] INFO:colcon.colcon_core.shell:Creating environment hook '/home/ivan/ros2_ws/task5/install/my_unique_robot_gazebo/share/my_unique_robot_gazebo/hook/cmake_prefix_path.ps1'
[21.218s] INFO:colcon.colcon_core.shell:Creating environment descriptor '/home/ivan/ros2_ws/task5/install/my_unique_robot_gazebo/share/my_unique_robot_gazebo/hook/cmake_prefix_path.dsv'
[21.219s] INFO:colcon.colcon_core.shell:Creating environment hook '/home/ivan/ros2_ws/task5/install/my_unique_robot_gazebo/share/my_unique_robot_gazebo/hook/cmake_prefix_path.sh'
[21.220s] Level 1:colcon.colcon_core.environment:checking '/home/ivan/ros2_ws/task5/install/my_unique_robot_gazebo/bin'
[21.221s] Level 1:colcon.colcon_core.environment:checking '/home/ivan/ros2_ws/task5/install/my_unique_robot_gazebo/lib/pkgconfig/my_unique_robot_gazebo.pc'
[21.221s] Level 1:colcon.colcon_core.environment:checking '/home/ivan/ros2_ws/task5/install/my_unique_robot_gazebo/lib/python3.10/site-packages'
[21.221s] Level 1:colcon.colcon_core.environment:checking '/home/ivan/ros2_ws/task5/install/my_unique_robot_gazebo/bin'
[21.222s] INFO:colcon.colcon_core.shell:Creating package script '/home/ivan/ros2_ws/task5/install/my_unique_robot_gazebo/share/my_unique_robot_gazebo/package.ps1'
[21.223s] INFO:colcon.colcon_core.shell:Creating package descriptor '/home/ivan/ros2_ws/task5/install/my_unique_robot_gazebo/share/my_unique_robot_gazebo/package.dsv'
[21.224s] INFO:colcon.colcon_core.shell:Creating package script '/home/ivan/ros2_ws/task5/install/my_unique_robot_gazebo/share/my_unique_robot_gazebo/package.sh'
[21.225s] INFO:colcon.colcon_core.shell:Creating package script '/home/ivan/ros2_ws/task5/install/my_unique_robot_gazebo/share/my_unique_robot_gazebo/package.bash'
[21.226s] INFO:colcon.colcon_core.shell:Creating package script '/home/ivan/ros2_ws/task5/install/my_unique_robot_gazebo/share/my_unique_robot_gazebo/package.zsh'
[21.226s] Level 1:colcon.colcon_core.environment:create_file_with_runtime_dependencies(/home/ivan/ros2_ws/task5/install/my_unique_robot_gazebo/share/colcon-core/packages/my_unique_robot_gazebo)
[21.227s] INFO:colcon.colcon_ros.task.ament_python.build:Building ROS package in '/home/ivan/ros2_ws/task5/ex05/my_unique_robot_control' with build type 'ament_python'
[21.228s] Level 1:colcon.colcon_core.shell:create_environment_hook('my_unique_robot_control', 'ament_prefix_path')
[21.228s] INFO:colcon.colcon_core.shell:Creating environment hook '/home/ivan/ros2_ws/task5/install/my_unique_robot_control/share/my_unique_robot_control/hook/ament_prefix_path.ps1'
[21.231s] INFO:colcon.colcon_core.shell:Creating environment descriptor '/home/ivan/ros2_ws/task5/install/my_unique_robot_control/share/my_unique_robot_control/hook/ament_prefix_path.dsv'
[21.233s] INFO:colcon.colcon_core.shell:Creating environment hook '/home/ivan/ros2_ws/task5/install/my_unique_robot_control/share/my_unique_robot_control/hook/ament_prefix_path.sh'
[21.234s] INFO:colcon.colcon_core.shell:Skip shell extension 'powershell' for command environment: Not usable outside of PowerShell
[21.234s] DEBUG:colcon.colcon_core.shell:Skip shell extension 'dsv' for command environment
[21.830s] INFO:colcon.colcon_core.task.python.build:Building Python package in '/home/ivan/ros2_ws/task5/ex05/my_unique_robot_control'
[21.831s] INFO:colcon.colcon_core.shell:Skip shell extension 'powershell' for command environment: Not usable outside of PowerShell
[21.831s] DEBUG:colcon.colcon_core.shell:Skip shell extension 'dsv' for command environment
[22.899s] DEBUG:colcon.colcon_core.event_handler.log_command:Invoking command in '/home/ivan/ros2_ws/task5/ex05/my_unique_robot_control': AMENT_PREFIX_PATH=/home/ivan/ros2_ws/task5/install/my_unique_robot_gazebo:${AMENT_PREFIX_PATH} CMAKE_PREFIX_PATH=/home/ivan/ros2_ws/task5/install/my_robot_gazebo:/home/ivan/ros2_ws/task5/install/my_unique_robot_gazebo:/home/ivan/ros2_ws/task5/install/my_robot_description:/home/ivan/ros2_ws/task5/ex03/install/my_robot_gazebo:/home/ivan/ros2_ws/install/tutorial_interfaces:/home/ivan/ros2_ws/install/turtlesim PYTHONPATH=/home/ivan/ros2_ws/task5/build/my_unique_robot_control/prefix_override:/usr/lib/python3/dist-packages/colcon_core/task/python/colcon_distutils_commands:/home/ivan/ros2_ws/task5/install/my_unique_robot_control/lib/python3.10/site-packages:${PYTHONPATH} /usr/bin/python3 -W ignore:setup.py install is deprecated -W ignore:easy_install command is deprecated setup.py egg_info --egg-base ../../build/my_unique_robot_control build --build-base /home/ivan/ros2_ws/task5/build/my_unique_robot_control/build install --record /home/ivan/ros2_ws/task5/build/my_unique_robot_control/install.log --single-version-externally-managed install_data
[23.375s] Level 1:colcon.colcon_core.environment:checking '/home/ivan/ros2_ws/task5/install/my_unique_robot_control' for CMake module files
[23.376s] DEBUG:colcon.colcon_core.event_handler.log_command:Invoked command in '/home/ivan/ros2_ws/task5/ex05/my_unique_robot_control' returned '0': AMENT_PREFIX_PATH=/home/ivan/ros2_ws/task5/install/my_unique_robot_gazebo:${AMENT_PREFIX_PATH} CMAKE_PREFIX_PATH=/home/ivan/ros2_ws/task5/install/my_robot_gazebo:/home/ivan/ros2_ws/task5/install/my_unique_robot_gazebo:/home/ivan/ros2_ws/task5/install/my_robot_description:/home/ivan/ros2_ws/task5/ex03/install/my_robot_gazebo:/home/ivan/ros2_ws/install/tutorial_interfaces:/home/ivan/ros2_ws/install/turtlesim PYTHONPATH=/home/ivan/ros2_ws/task5/build/my_unique_robot_control/prefix_override:/usr/lib/python3/dist-packages/colcon_core/task/python/colcon_distutils_commands:/home/ivan/ros2_ws/task5/install/my_unique_robot_control/lib/python3.10/site-packages:${PYTHONPATH} /usr/bin/python3 -W ignore:setup.py install is deprecated -W ignore:easy_install command is deprecated setup.py egg_info --egg-base ../../build/my_unique_robot_control build --build-base /home/ivan/ros2_ws/task5/build/my_unique_robot_control/build install --record /home/ivan/ros2_ws/task5/build/my_unique_robot_control/install.log --single-version-externally-managed install_data
[23.377s] Level 1:colcon.colcon_core.environment:checking '/home/ivan/ros2_ws/task5/install/my_unique_robot_control' for CMake config files
[23.377s] Level 1:colcon.colcon_core.environment:checking '/home/ivan/ros2_ws/task5/install/my_unique_robot_control/lib'
[23.378s] Level 1:colcon.colcon_core.environment:checking '/home/ivan/ros2_ws/task5/install/my_unique_robot_control/bin'
[23.378s] Level 1:colcon.colcon_core.environment:checking '/home/ivan/ros2_ws/task5/install/my_unique_robot_control/lib/pkgconfig/my_unique_robot_control.pc'
[23.378s] Level 1:colcon.colcon_core.environment:checking '/home/ivan/ros2_ws/task5/install/my_unique_robot_control/lib/python3.10/site-packages'
[23.378s] Level 1:colcon.colcon_core.shell:create_environment_hook('my_unique_robot_control', 'pythonpath')
[23.379s] INFO:colcon.colcon_core.shell:Creating environment hook '/home/ivan/ros2_ws/task5/install/my_unique_robot_control/share/my_unique_robot_control/hook/pythonpath.ps1'
[23.379s] INFO:colcon.colcon_core.shell:Creating environment descriptor '/home/ivan/ros2_ws/task5/install/my_unique_robot_control/share/my_unique_robot_control/hook/pythonpath.dsv'
[23.380s] INFO:colcon.colcon_core.shell:Creating environment hook '/home/ivan/ros2_ws/task5/install/my_unique_robot_control/share/my_unique_robot_control/hook/pythonpath.sh'
[23.381s] Level 1:colcon.colcon_core.environment:checking '/home/ivan/ros2_ws/task5/install/my_unique_robot_control/bin'
[23.381s] Level 1:colcon.colcon_core.environment:create_environment_scripts_only(my_unique_robot_control)
[23.381s] INFO:colcon.colcon_core.shell:Creating package script '/home/ivan/ros2_ws/task5/install/my_unique_robot_control/share/my_unique_robot_control/package.ps1'
[23.382s] INFO:colcon.colcon_core.shell:Creating package descriptor '/home/ivan/ros2_ws/task5/install/my_unique_robot_control/share/my_unique_robot_control/package.dsv'
[23.383s] INFO:colcon.colcon_core.shell:Creating package script '/home/ivan/ros2_ws/task5/install/my_unique_robot_control/share/my_unique_robot_control/package.sh'
[23.383s] INFO:colcon.colcon_core.shell:Creating package script '/home/ivan/ros2_ws/task5/install/my_unique_robot_control/share/my_unique_robot_control/package.bash'
[23.384s] INFO:colcon.colcon_core.shell:Creating package script '/home/ivan/ros2_ws/task5/install/my_unique_robot_control/share/my_unique_robot_control/package.zsh'
[23.385s] Level 1:colcon.colcon_core.environment:create_file_with_runtime_dependencies(/home/ivan/ros2_ws/task5/install/my_unique_robot_control/share/colcon-core/packages/my_unique_robot_control)
[23.385s] DEBUG:colcon.colcon_parallel_executor.executor.parallel:closing loop
[23.386s] DEBUG:colcon.colcon_parallel_executor.executor.parallel:loop closed
[23.387s] DEBUG:colcon.colcon_parallel_executor.executor.parallel:run_until_complete finished with '0'
[23.388s] DEBUG:colcon.colcon_core.event_reactor:joining thread
[23.456s] INFO:colcon.colcon_core.plugin_system:Skipping extension 'colcon_notification.desktop_notification.notify_send': Could not find 'notify-send'
[23.457s] INFO:colcon.colcon_core.plugin_system:Skipping extension 'colcon_notification.desktop_notification.terminal_notifier': Not used on non-Darwin systems
[23.457s] INFO:colcon.colcon_core.plugin_system:Skipping extension 'colcon_notification.desktop_notification.win32': Not used on non-Windows systems
[23.457s] INFO:colcon.colcon_notification.desktop_notification:Sending desktop notification using 'notify2'
[23.457s] DEBUG:colcon.colcon_notification.desktop_notification.notify2:Failed to initialize notify2: org.freedesktop.DBus.Error.FileNotFound: Failed to connect to socket /run/user/1000/bus: No such file or directory
[23.457s] DEBUG:colcon.colcon_core.event_reactor:joined thread
[23.458s] INFO:colcon.colcon_core.shell:Creating prefix script '/home/ivan/ros2_ws/task5/install/local_setup.ps1'
[23.460s] INFO:colcon.colcon_core.shell:Creating prefix util module '/home/ivan/ros2_ws/task5/install/_local_setup_util_ps1.py'
[23.463s] INFO:colcon.colcon_core.shell:Creating prefix chain script '/home/ivan/ros2_ws/task5/install/setup.ps1'
[23.465s] INFO:colcon.colcon_core.shell:Creating prefix script '/home/ivan/ros2_ws/task5/install/local_setup.sh'
[23.467s] INFO:colcon.colcon_core.shell:Creating prefix util module '/home/ivan/ros2_ws/task5/install/_local_setup_util_sh.py'
[23.468s] INFO:colcon.colcon_core.shell:Creating prefix chain script '/home/ivan/ros2_ws/task5/install/setup.sh'
[23.470s] INFO:colcon.colcon_core.shell:Creating prefix script '/home/ivan/ros2_ws/task5/install/local_setup.bash'
[23.472s] INFO:colcon.colcon_core.shell:Creating prefix chain script '/home/ivan/ros2_ws/task5/install/setup.bash'
[23.475s] INFO:colcon.colcon_core.shell:Creating prefix script '/home/ivan/ros2_ws/task5/install/local_setup.zsh'
[23.476s] INFO:colcon.colcon_core.shell:Creating prefix chain script '/home/ivan/ros2_ws/task5/install/setup.zsh'
