[0.084s] Invoking command in '/home/ivan/ros2_ws/task5/build/my_robot_gazebo': CMAKE_PREFIX_PATH=/home/ivan/ros2_ws/task5/install/my_robot_description:/home/ivan/ros2_ws/task5/ex03/install/my_robot_gazebo:/home/ivan/ros2_ws/task5/install/my_robot_gazebo:/home/ivan/ros2_ws/install/tutorial_interfaces:/home/ivan/ros2_ws/install/turtlesim:/home/ivan/ros2_ws/install/turtle_multi_target:/home/ivan/ros2_ws/install/text_to_cmd_vel_pkg:/home/ivan/ros2_ws/install/py_pubsub:/home/ivan/ros2_ws/install/my_package:/home/ivan/ros2_ws/install/Ivan:/opt/ros/humble /usr/bin/cmake --build /home/ivan/ros2_ws/task5/build/my_robot_gazebo -- -j16 -l16
[0.189s] -- Found ament_cmake: 1.3.12 (/opt/ros/humble/share/ament_cmake/cmake)
[0.445s] -- Found rclpy: 3.3.17 (/opt/ros/humble/share/rclpy/cmake)
[0.446s] -- Found robot_state_publisher: 3.0.3 (/opt/ros/humble/share/robot_state_publisher/cmake)
[1.427s] -- Found rosidl_generator_c: 3.1.7 (/opt/ros/humble/share/rosidl_generator_c/cmake)
[1.434s] -- Found rosidl_adapter: 3.1.7 (/opt/ros/humble/share/rosidl_adapter/cmake)
[1.449s] -- Found rosidl_generator_cpp: 3.1.7 (/opt/ros/humble/share/rosidl_generator_cpp/cmake)
[1.474s] -- Using all available rosidl_typesupport_c: rosidl_typesupport_fastrtps_c;rosidl_typesupport_introspection_c
[1.509s] -- Using all available rosidl_typesupport_cpp: rosidl_typesupport_fastrtps_cpp;rosidl_typesupport_introspection_cpp
[1.607s] -- Found eigen3_cmake_module: 0.1.1 (/opt/ros/humble/share/eigen3_cmake_module/cmake)
[1.609s] -- Ensuring Eigen3 include directory is part of orocos-kdl CMake target
[1.694s] -- Found rmw_implementation_cmake: 6.1.2 (/opt/ros/humble/share/rmw_implementation_cmake/cmake)
[1.700s] -- Found rmw_fastrtps_cpp: 6.2.9 (/opt/ros/humble/share/rmw_fastrtps_cpp/cmake)
[8.586s] -- Using RMW implementation 'rmw_fastrtps_cpp' as default
[10.625s] -- Found xacro: 2.1.1 (/opt/ros/humble/share/xacro/cmake)
[10.627s] -- Found ros_gz_sim: 0.244.20 (/opt/ros/humble/share/ros_gz_sim/cmake)
[10.633s] -- Found ros_gz_bridge: 0.244.20 (/opt/ros/humble/share/ros_gz_bridge/cmake)
[12.374s] -- Found Protobuf: /usr/lib/x86_64-linux-gnu/libprotobuf.so (found suitable version "3.12.4", minimum required is "3") 
[13.932s] -- Found Protobuf: /usr/lib/x86_64-linux-gnu/libprotobuf.so (found version "3.12.4") 
[15.996s] -- Found ament_lint_auto: 0.12.14 (/opt/ros/humble/share/ament_lint_auto/cmake)
[16.106s] -- Added test 'flake8' to check Python code syntax and style conventions
[16.107s] -- Added test 'lint_cmake' to check CMake code style
[16.109s] -- Added test 'pep257' to check Python code against some of the docstring style conventions in PEP 257
[16.111s] -- Added test 'xmllint' to check XML markup files
[16.116s] -- Configuring done
[16.137s] -- Generating done
[16.144s] -- Build files have been written to: /home/ivan/ros2_ws/task5/build/my_robot_gazebo
[16.185s] Invoked command in '/home/ivan/ros2_ws/task5/build/my_robot_gazebo' returned '0': CMAKE_PREFIX_PATH=/home/ivan/ros2_ws/task5/install/my_robot_description:/home/ivan/ros2_ws/task5/ex03/install/my_robot_gazebo:/home/ivan/ros2_ws/task5/install/my_robot_gazebo:/home/ivan/ros2_ws/install/tutorial_interfaces:/home/ivan/ros2_ws/install/turtlesim:/home/ivan/ros2_ws/install/turtle_multi_target:/home/ivan/ros2_ws/install/text_to_cmd_vel_pkg:/home/ivan/ros2_ws/install/py_pubsub:/home/ivan/ros2_ws/install/my_package:/home/ivan/ros2_ws/install/Ivan:/opt/ros/humble /usr/bin/cmake --build /home/ivan/ros2_ws/task5/build/my_robot_gazebo -- -j16 -l16
[16.203s] Invoking command in '/home/ivan/ros2_ws/task5/build/my_robot_gazebo': CMAKE_PREFIX_PATH=/home/ivan/ros2_ws/task5/install/my_robot_description:/home/ivan/ros2_ws/task5/ex03/install/my_robot_gazebo:/home/ivan/ros2_ws/task5/install/my_robot_gazebo:/home/ivan/ros2_ws/install/tutorial_interfaces:/home/ivan/ros2_ws/install/turtlesim:/home/ivan/ros2_ws/install/turtle_multi_target:/home/ivan/ros2_ws/install/text_to_cmd_vel_pkg:/home/ivan/ros2_ws/install/py_pubsub:/home/ivan/ros2_ws/install/my_package:/home/ivan/ros2_ws/install/Ivan:/opt/ros/humble /usr/bin/cmake --install /home/ivan/ros2_ws/task5/build/my_robot_gazebo
[16.210s] -- Install configuration: ""
[16.210s] -- Up-to-date: /home/ivan/ros2_ws/task5/install/my_robot_gazebo/share/my_robot_gazebo/ex03
[16.210s] -- Up-to-date: /home/ivan/ros2_ws/task5/install/my_robot_gazebo/share/my_robot_gazebo/ex03/robot.urdf.xacro
[16.211s] -- Up-to-date: /home/ivan/ros2_ws/task5/install/my_robot_gazebo/share/my_robot_gazebo/ex03/robot.gazebo.xacro
[16.211s] -- Up-to-date: /home/ivan/ros2_ws/task5/install/my_robot_gazebo/share/my_robot_gazebo/ex03/world.sdf
[16.211s] -- Installing: /home/ivan/ros2_ws/task5/install/my_robot_gazebo/share/my_robot_gazebo/ex03/odom_to_tf.py
[16.211s] -- Installing: /home/ivan/ros2_ws/task5/install/my_robot_gazebo/share/my_robot_gazebo/ex03/robot_gazebo.launch.py
[16.212s] -- Installing: /home/ivan/ros2_ws/task5/install/my_robot_gazebo/lib/my_robot_gazebo/odom_to_tf.py
[16.213s] -- Up-to-date: /home/ivan/ros2_ws/task5/install/my_robot_gazebo/share/ament_index/resource_index/package_run_dependencies/my_robot_gazebo
[16.213s] -- Up-to-date: /home/ivan/ros2_ws/task5/install/my_robot_gazebo/share/ament_index/resource_index/parent_prefix_path/my_robot_gazebo
[16.214s] -- Up-to-date: /home/ivan/ros2_ws/task5/install/my_robot_gazebo/share/my_robot_gazebo/environment/ament_prefix_path.sh
[16.214s] -- Installing: /home/ivan/ros2_ws/task5/install/my_robot_gazebo/share/my_robot_gazebo/environment/ament_prefix_path.dsv
[16.215s] -- Up-to-date: /home/ivan/ros2_ws/task5/install/my_robot_gazebo/share/my_robot_gazebo/environment/path.sh
[16.215s] -- Installing: /home/ivan/ros2_ws/task5/install/my_robot_gazebo/share/my_robot_gazebo/environment/path.dsv
[16.215s] -- Up-to-date: /home/ivan/ros2_ws/task5/install/my_robot_gazebo/share/my_robot_gazebo/local_setup.bash
[16.215s] -- Up-to-date: /home/ivan/ros2_ws/task5/install/my_robot_gazebo/share/my_robot_gazebo/local_setup.sh
[16.215s] -- Up-to-date: /home/ivan/ros2_ws/task5/install/my_robot_gazebo/share/my_robot_gazebo/local_setup.zsh
[16.215s] -- Installing: /home/ivan/ros2_ws/task5/install/my_robot_gazebo/share/my_robot_gazebo/local_setup.dsv
[16.215s] -- Installing: /home/ivan/ros2_ws/task5/install/my_robot_gazebo/share/my_robot_gazebo/package.dsv
[16.215s] -- Up-to-date: /home/ivan/ros2_ws/task5/install/my_robot_gazebo/share/ament_index/resource_index/packages/my_robot_gazebo
[16.215s] -- Up-to-date: /home/ivan/ros2_ws/task5/install/my_robot_gazebo/share/my_robot_gazebo/cmake/my_robot_gazeboConfig.cmake
[16.215s] -- Up-to-date: /home/ivan/ros2_ws/task5/install/my_robot_gazebo/share/my_robot_gazebo/cmake/my_robot_gazeboConfig-version.cmake
[16.215s] -- Up-to-date: /home/ivan/ros2_ws/task5/install/my_robot_gazebo/share/my_robot_gazebo/package.xml
[16.218s] Invoked command in '/home/ivan/ros2_ws/task5/build/my_robot_gazebo' returned '0': CMAKE_PREFIX_PATH=/home/ivan/ros2_ws/task5/install/my_robot_description:/home/ivan/ros2_ws/task5/ex03/install/my_robot_gazebo:/home/ivan/ros2_ws/task5/install/my_robot_gazebo:/home/ivan/ros2_ws/install/tutorial_interfaces:/home/ivan/ros2_ws/install/turtlesim:/home/ivan/ros2_ws/install/turtle_multi_target:/home/ivan/ros2_ws/install/text_to_cmd_vel_pkg:/home/ivan/ros2_ws/install/py_pubsub:/home/ivan/ros2_ws/install/my_package:/home/ivan/ros2_ws/install/Ivan:/opt/ros/humble /usr/bin/cmake --install /home/ivan/ros2_ws/task5/build/my_robot_gazebo
