[0.028s] Invoking command in '/home/ivan/ros2_ws/task5/ex01/build/my_robot_description': CMAKE_PREFIX_PATH=${CMAKE_PREFIX_PATH}:/home/ivan/ros2_ws/install/turtle_multi_target:/home/ivan/ros2_ws/install/text_to_cmd_vel_pkg:/home/ivan/ros2_ws/install/py_pubsub:/home/ivan/ros2_ws/install/my_package:/home/ivan/ros2_ws/install/Ivan:/opt/ros/humble /usr/bin/cmake /home/ivan/ros2_ws/task5/ex01/my_robot_description -DAMENT_CMAKE_SYMLINK_INSTALL=1 -DCMAKE_INSTALL_PREFIX=/home/ivan/ros2_ws/task5/ex01/install/my_robot_description
[0.104s] -- Found ament_cmake: 1.3.12 (/opt/ros/humble/share/ament_cmake/cmake)
[0.303s] -- Override CMake install command with custom implementation using symlinks instead of copying resources
[0.339s] -- Found urdf: 2.6.1 (/opt/ros/humble/share/urdf/cmake)
[1.902s] -- Found robot_state_publisher: 3.0.3 (/opt/ros/humble/share/robot_state_publisher/cmake)
[2.015s] -- Found rosidl_generator_c: 3.1.7 (/opt/ros/humble/share/rosidl_generator_c/cmake)
[2.033s] -- Found rosidl_adapter: 3.1.7 (/opt/ros/humble/share/rosidl_adapter/cmake)
[2.058s] -- Found rosidl_generator_cpp: 3.1.7 (/opt/ros/humble/share/rosidl_generator_cpp/cmake)
[2.115s] -- Using all available rosidl_typesupport_c: rosidl_typesupport_fastrtps_c;rosidl_typesupport_introspection_c
[2.153s] -- Using all available rosidl_typesupport_cpp: rosidl_typesupport_fastrtps_cpp;rosidl_typesupport_introspection_cpp
[2.367s] -- Found eigen3_cmake_module: 0.1.1 (/opt/ros/humble/share/eigen3_cmake_module/cmake)
[2.371s] -- Found Eigen3: TRUE (found version "3.4.0") 
[2.371s] -- Ensuring Eigen3 include directory is part of orocos-kdl CMake target
[2.504s] -- Found rmw_implementation_cmake: 6.1.2 (/opt/ros/humble/share/rmw_implementation_cmake/cmake)
[2.515s] -- Found rmw_fastrtps_cpp: 6.2.9 (/opt/ros/humble/share/rmw_fastrtps_cpp/cmake)
[2.594s] -- Found TinyXML2 via Config file: TinyXML2_DIR-NOTFOUND
[2.703s] -- Found OpenSSL: /usr/lib/x86_64-linux-gnu/libcrypto.so (found version "3.0.2")  
[2.710s] -- Found TinyXML2 via Config file: TinyXML2_DIR-NOTFOUND
[2.902s] -- Found FastRTPS: /opt/ros/humble/include  
[2.907s] -- Found TinyXML2 via Config file: TinyXML2_DIR-NOTFOUND
[2.918s] -- Found TinyXML2 via Config file: TinyXML2_DIR-NOTFOUND
[3.025s] -- Using RMW implementation 'rmw_fastrtps_cpp' as default
[3.071s] -- Looking for pthread.h
[3.364s] -- Looking for pthread.h - found
[3.365s] -- Performing Test CMAKE_HAVE_LIBC_PTHREAD
[3.564s] -- Performing Test CMAKE_HAVE_LIBC_PTHREAD - Success
[3.566s] -- Found Threads: TRUE  
[3.992s] -- Found ament_lint_auto: 0.12.14 (/opt/ros/humble/share/ament_lint_auto/cmake)
[4.145s] -- Added test 'flake8' to check Python code syntax and style conventions
[4.147s] -- Added test 'lint_cmake' to check CMake code style
[4.149s] -- Added test 'pep257' to check Python code against some of the docstring style conventions in PEP 257
[4.153s] -- Added test 'xmllint' to check XML markup files
[4.157s] -- Configuring done
[4.169s] -- Generating done
[4.174s] -- Build files have been written to: /home/ivan/ros2_ws/task5/ex01/build/my_robot_description
[4.184s] Invoked command in '/home/ivan/ros2_ws/task5/ex01/build/my_robot_description' returned '0': CMAKE_PREFIX_PATH=${CMAKE_PREFIX_PATH}:/home/ivan/ros2_ws/install/turtle_multi_target:/home/ivan/ros2_ws/install/text_to_cmd_vel_pkg:/home/ivan/ros2_ws/install/py_pubsub:/home/ivan/ros2_ws/install/my_package:/home/ivan/ros2_ws/install/Ivan:/opt/ros/humble /usr/bin/cmake /home/ivan/ros2_ws/task5/ex01/my_robot_description -DAMENT_CMAKE_SYMLINK_INSTALL=1 -DCMAKE_INSTALL_PREFIX=/home/ivan/ros2_ws/task5/ex01/install/my_robot_description
[4.187s] Invoking command in '/home/ivan/ros2_ws/task5/ex01/build/my_robot_description': CMAKE_PREFIX_PATH=${CMAKE_PREFIX_PATH}:/home/ivan/ros2_ws/install/turtle_multi_target:/home/ivan/ros2_ws/install/text_to_cmd_vel_pkg:/home/ivan/ros2_ws/install/py_pubsub:/home/ivan/ros2_ws/install/my_package:/home/ivan/ros2_ws/install/Ivan:/opt/ros/humble /usr/bin/cmake --build /home/ivan/ros2_ws/task5/ex01/build/my_robot_description -- -j16 -l16
[4.239s] Invoked command in '/home/ivan/ros2_ws/task5/ex01/build/my_robot_description' returned '0': CMAKE_PREFIX_PATH=${CMAKE_PREFIX_PATH}:/home/ivan/ros2_ws/install/turtle_multi_target:/home/ivan/ros2_ws/install/text_to_cmd_vel_pkg:/home/ivan/ros2_ws/install/py_pubsub:/home/ivan/ros2_ws/install/my_package:/home/ivan/ros2_ws/install/Ivan:/opt/ros/humble /usr/bin/cmake --build /home/ivan/ros2_ws/task5/ex01/build/my_robot_description -- -j16 -l16
[4.252s] Invoking command in '/home/ivan/ros2_ws/task5/ex01/build/my_robot_description': CMAKE_PREFIX_PATH=${CMAKE_PREFIX_PATH}:/home/ivan/ros2_ws/install/turtle_multi_target:/home/ivan/ros2_ws/install/text_to_cmd_vel_pkg:/home/ivan/ros2_ws/install/py_pubsub:/home/ivan/ros2_ws/install/my_package:/home/ivan/ros2_ws/install/Ivan:/opt/ros/humble /usr/bin/cmake --install /home/ivan/ros2_ws/task5/ex01/build/my_robot_description
[4.261s] -- Install configuration: ""
[4.262s] -- Execute custom install script
[4.264s] -- Symlinking: /home/ivan/ros2_ws/task5/ex01/install/my_robot_description/share/ament_index/resource_index/package_run_dependencies/my_robot_description
[4.276s] -- Symlinking: /home/ivan/ros2_ws/task5/ex01/install/my_robot_description/share/ament_index/resource_index/parent_prefix_path/my_robot_description
[4.293s] -- Symlinking: /home/ivan/ros2_ws/task5/ex01/install/my_robot_description/share/my_robot_description/environment/ament_prefix_path.sh
[4.305s] -- Symlinking: /home/ivan/ros2_ws/task5/ex01/install/my_robot_description/share/my_robot_description/environment/ament_prefix_path.dsv
[4.316s] -- Symlinking: /home/ivan/ros2_ws/task5/ex01/install/my_robot_description/share/my_robot_description/environment/path.sh
[4.328s] -- Symlinking: /home/ivan/ros2_ws/task5/ex01/install/my_robot_description/share/my_robot_description/environment/path.dsv
[4.340s] -- Symlinking: /home/ivan/ros2_ws/task5/ex01/install/my_robot_description/share/my_robot_description/local_setup.bash
[4.352s] -- Symlinking: /home/ivan/ros2_ws/task5/ex01/install/my_robot_description/share/my_robot_description/local_setup.sh
[4.365s] -- Symlinking: /home/ivan/ros2_ws/task5/ex01/install/my_robot_description/share/my_robot_description/local_setup.zsh
[4.377s] -- Symlinking: /home/ivan/ros2_ws/task5/ex01/install/my_robot_description/share/my_robot_description/local_setup.dsv
[4.389s] -- Symlinking: /home/ivan/ros2_ws/task5/ex01/install/my_robot_description/share/my_robot_description/package.dsv
[4.407s] -- Symlinking: /home/ivan/ros2_ws/task5/ex01/install/my_robot_description/share/ament_index/resource_index/packages/my_robot_description
[4.422s] -- Symlinking: /home/ivan/ros2_ws/task5/ex01/install/my_robot_description/share/my_robot_description/cmake/my_robot_descriptionConfig.cmake
[4.434s] -- Symlinking: /home/ivan/ros2_ws/task5/ex01/install/my_robot_description/share/my_robot_description/cmake/my_robot_descriptionConfig-version.cmake
[4.446s] -- Symlinking: /home/ivan/ros2_ws/task5/ex01/install/my_robot_description/share/my_robot_description/package.xml
[4.463s] Invoked command in '/home/ivan/ros2_ws/task5/ex01/build/my_robot_description' returned '0': CMAKE_PREFIX_PATH=${CMAKE_PREFIX_PATH}:/home/ivan/ros2_ws/install/turtle_multi_target:/home/ivan/ros2_ws/install/text_to_cmd_vel_pkg:/home/ivan/ros2_ws/install/py_pubsub:/home/ivan/ros2_ws/install/my_package:/home/ivan/ros2_ws/install/Ivan:/opt/ros/humble /usr/bin/cmake --install /home/ivan/ros2_ws/task5/ex01/build/my_robot_description
