[0.598s] DEBUG:colcon:Command line arguments: ['/usr/bin/colcon', 'build', '--packages-select', 'my_unique_robot_gazebo', 'my_unique_robot_control']
[0.598s] DEBUG:colcon:Parsed command line arguments: Namespace(log_base=None, log_level=None, verb_name='build', build_base='build', install_base='install', merge_install=False, symlink_install=False, test_result_base=None, continue_on_error=False, executor='parallel', parallel_workers=16, event_handlers=None, ignore_user_meta=False, metas=['./colcon.meta'], base_paths=['.'], packages_ignore=None, packages_ignore_regex=None, paths=None, packages_up_to=None, packages_up_to_regex=None, packages_above=None, packages_above_and_dependencies=None, packages_above_depth=None, packages_select_by_dep=None, packages_skip_by_dep=None, packages_skip_up_to=None, packages_select_build_failed=False, packages_skip_build_finished=False, packages_select_test_failures=False, packages_skip_test_passed=False, packages_select=['my_unique_robot_gazebo', 'my_unique_robot_control'], packages_skip=None, packages_select_regex=None, packages_skip_regex=None, packages_start=None, packages_end=None, allow_overriding=[], cmake_args=None, cmake_target=None, cmake_target_skip_unavailable=False, cmake_clean_cache=False, cmake_clean_first=False, cmake_force_configure=False, ament_cmake_args=None, catkin_cmake_args=None, catkin_skip_building_tests=False, verb_parser=<colcon_defaults.argument_parser.defaults.DefaultArgumentsDecorator object at 0x7f129daeeb30>, verb_extension=<colcon_core.verb.build.BuildVerb object at 0x7f129daa8070>, main=<bound method BuildVerb.main of <colcon_core.verb.build.BuildVerb object at 0x7f129daa8070>>)
[1.271s] Level 1:colcon.colcon_core.package_discovery:discover_packages(colcon_meta) check parameters
[1.271s] Level 1:colcon.colcon_core.package_discovery:discover_packages(recursive) check parameters
[1.271s] Level 1:colcon.colcon_core.package_discovery:discover_packages(ignore) check parameters
[1.271s] Level 1:colcon.colcon_core.package_discovery:discover_packages(path) check parameters
[1.271s] Level 1:colcon.colcon_core.package_discovery:discover_packages(colcon_meta) discover
[1.271s] Level 1:colcon.colcon_core.package_discovery:discover_packages(recursive) discover
[1.271s] INFO:colcon.colcon_core.package_discovery:Crawling recursively for packages in '/home/ivan/ros2_ws/task5'
[1.271s] Level 1:colcon.colcon_core.package_identification:_identify(.) by extensions ['ignore', 'ignore_ament_install']
[1.272s] Level 1:colcon.colcon_core.package_identification:_identify(.) by extension 'ignore'
[1.272s] Level 1:colcon.colcon_core.package_identification:_identify(.) by extension 'ignore_ament_install'
[1.272s] Level 1:colcon.colcon_core.package_identification:_identify(.) by extensions ['colcon_pkg']
[1.272s] Level 1:colcon.colcon_core.package_identification:_identify(.) by extension 'colcon_pkg'
[1.272s] Level 1:colcon.colcon_core.package_identification:_identify(.) by extensions ['colcon_meta']
[1.272s] Level 1:colcon.colcon_core.package_identification:_identify(.) by extension 'colcon_meta'
[1.272s] Level 1:colcon.colcon_core.package_identification:_identify(.) by extensions ['ros']
[1.272s] Level 1:colcon.colcon_core.package_identification:_identify(.) by extension 'ros'
[1.299s] Level 1:colcon.colcon_core.package_identification:_identify(.) by extensions ['cmake', 'python']
[1.299s] Level 1:colcon.colcon_core.package_identification:_identify(.) by extension 'cmake'
[1.299s] Level 1:colcon.colcon_core.package_identification:_identify(.) by extension 'python'
[1.299s] Level 1:colcon.colcon_core.package_identification:_identify(.) by extensions ['python_setup_py']
[1.299s] Level 1:colcon.colcon_core.package_identification:_identify(.) by extension 'python_setup_py'
[1.300s] Level 1:colcon.colcon_core.package_identification:_identify(build) by extensions ['ignore', 'ignore_ament_install']
[1.300s] Level 1:colcon.colcon_core.package_identification:_identify(build) by extension 'ignore'
[1.301s] Level 1:colcon.colcon_core.package_identification:_identify(build) ignored
[1.301s] Level 1:colcon.colcon_core.package_identification:_identify(ex01) by extensions ['ignore', 'ignore_ament_install']
[1.302s] Level 1:colcon.colcon_core.package_identification:_identify(ex01) by extension 'ignore'
[1.302s] Level 1:colcon.colcon_core.package_identification:_identify(ex01) by extension 'ignore_ament_install'
[1.302s] Level 1:colcon.colcon_core.package_identification:_identify(ex01) by extensions ['colcon_pkg']
[1.302s] Level 1:colcon.colcon_core.package_identification:_identify(ex01) by extension 'colcon_pkg'
[1.302s] Level 1:colcon.colcon_core.package_identification:_identify(ex01) by extensions ['colcon_meta']
[1.302s] Level 1:colcon.colcon_core.package_identification:_identify(ex01) by extension 'colcon_meta'
[1.302s] Level 1:colcon.colcon_core.package_identification:_identify(ex01) by extensions ['ros']
[1.302s] Level 1:colcon.colcon_core.package_identification:_identify(ex01) by extension 'ros'
[1.302s] Level 1:colcon.colcon_core.package_identification:_identify(ex01) by extensions ['cmake', 'python']
[1.302s] Level 1:colcon.colcon_core.package_identification:_identify(ex01) by extension 'cmake'
[1.302s] Level 1:colcon.colcon_core.package_identification:_identify(ex01) by extension 'python'
[1.302s] Level 1:colcon.colcon_core.package_identification:_identify(ex01) by extensions ['python_setup_py']
[1.302s] Level 1:colcon.colcon_core.package_identification:_identify(ex01) by extension 'python_setup_py'
[1.303s] Level 1:colcon.colcon_core.package_identification:_identify(ex01/build) by extensions ['ignore', 'ignore_ament_install']
[1.303s] Level 1:colcon.colcon_core.package_identification:_identify(ex01/build) by extension 'ignore'
[1.303s] Level 1:colcon.colcon_core.package_identification:_identify(ex01/build) ignored
[1.304s] Level 1:colcon.colcon_core.package_identification:_identify(ex01/install) by extensions ['ignore', 'ignore_ament_install']
[1.304s] Level 1:colcon.colcon_core.package_identification:_identify(ex01/install) by extension 'ignore'
[1.305s] Level 1:colcon.colcon_core.package_identification:_identify(ex01/install) ignored
[1.305s] Level 1:colcon.colcon_core.package_identification:_identify(ex01/log) by extensions ['ignore', 'ignore_ament_install']
[1.305s] Level 1:colcon.colcon_core.package_identification:_identify(ex01/log) by extension 'ignore'
[1.306s] Level 1:colcon.colcon_core.package_identification:_identify(ex01/log) ignored
[1.306s] Level 1:colcon.colcon_core.package_identification:_identify(ex01/my_robot_description) by extensions ['ignore', 'ignore_ament_install']
[1.306s] Level 1:colcon.colcon_core.package_identification:_identify(ex01/my_robot_description) by extension 'ignore'
[1.307s] Level 1:colcon.colcon_core.package_identification:_identify(ex01/my_robot_description) by extension 'ignore_ament_install'
[1.307s] Level 1:colcon.colcon_core.package_identification:_identify(ex01/my_robot_description) by extensions ['colcon_pkg']
[1.307s] Level 1:colcon.colcon_core.package_identification:_identify(ex01/my_robot_description) by extension 'colcon_pkg'
[1.307s] Level 1:colcon.colcon_core.package_identification:_identify(ex01/my_robot_description) by extensions ['colcon_meta']
[1.307s] Level 1:colcon.colcon_core.package_identification:_identify(ex01/my_robot_description) by extension 'colcon_meta'
[1.307s] Level 1:colcon.colcon_core.package_identification:_identify(ex01/my_robot_description) by extensions ['ros']
[1.307s] Level 1:colcon.colcon_core.package_identification:_identify(ex01/my_robot_description) by extension 'ros'
[1.313s] DEBUG:colcon.colcon_core.package_identification:Package 'ex01/my_robot_description' with type 'ros.ament_cmake' and name 'my_robot_description'
[1.314s] Level 1:colcon.colcon_core.package_identification:_identify(ex02) by extensions ['ignore', 'ignore_ament_install']
[1.314s] Level 1:colcon.colcon_core.package_identification:_identify(ex02) by extension 'ignore'
[1.315s] Level 1:colcon.colcon_core.package_identification:_identify(ex02) by extension 'ignore_ament_install'
[1.315s] Level 1:colcon.colcon_core.package_identification:_identify(ex02) by extensions ['colcon_pkg']
[1.315s] Level 1:colcon.colcon_core.package_identification:_identify(ex02) by extension 'colcon_pkg'
[1.315s] Level 1:colcon.colcon_core.package_identification:_identify(ex02) by extensions ['colcon_meta']
[1.315s] Level 1:colcon.colcon_core.package_identification:_identify(ex02) by extension 'colcon_meta'
[1.315s] Level 1:colcon.colcon_core.package_identification:_identify(ex02) by extensions ['ros']
[1.315s] Level 1:colcon.colcon_core.package_identification:_identify(ex02) by extension 'ros'
[1.315s] Level 1:colcon.colcon_core.package_identification:_identify(ex02) by extensions ['cmake', 'python']
[1.315s] Level 1:colcon.colcon_core.package_identification:_identify(ex02) by extension 'cmake'
[1.315s] Level 1:colcon.colcon_core.package_identification:_identify(ex02) by extension 'python'
[1.316s] Level 1:colcon.colcon_core.package_identification:_identify(ex02) by extensions ['python_setup_py']
[1.316s] Level 1:colcon.colcon_core.package_identification:_identify(ex02) by extension 'python_setup_py'
[1.316s] Level 1:colcon.colcon_core.package_identification:_identify(ex03) by extensions ['ignore', 'ignore_ament_install']
[1.317s] Level 1:colcon.colcon_core.package_identification:_identify(ex03) by extension 'ignore'
[1.317s] Level 1:colcon.colcon_core.package_identification:_identify(ex03) by extension 'ignore_ament_install'
[1.317s] Level 1:colcon.colcon_core.package_identification:_identify(ex03) by extensions ['colcon_pkg']
[1.317s] Level 1:colcon.colcon_core.package_identification:_identify(ex03) by extension 'colcon_pkg'
[1.317s] Level 1:colcon.colcon_core.package_identification:_identify(ex03) by extensions ['colcon_meta']
[1.317s] Level 1:colcon.colcon_core.package_identification:_identify(ex03) by extension 'colcon_meta'
[1.317s] Level 1:colcon.colcon_core.package_identification:_identify(ex03) by extensions ['ros']
[1.317s] Level 1:colcon.colcon_core.package_identification:_identify(ex03) by extension 'ros'
[1.317s] Level 1:colcon.colcon_core.package_identification:_identify(ex03) by extensions ['cmake', 'python']
[1.317s] Level 1:colcon.colcon_core.package_identification:_identify(ex03) by extension 'cmake'
[1.317s] Level 1:colcon.colcon_core.package_identification:_identify(ex03) by extension 'python'
[1.317s] Level 1:colcon.colcon_core.package_identification:_identify(ex03) by extensions ['python_setup_py']
[1.317s] Level 1:colcon.colcon_core.package_identification:_identify(ex03) by extension 'python_setup_py'
[1.318s] Level 1:colcon.colcon_core.package_identification:_identify(ex03/src) by extensions ['ignore', 'ignore_ament_install']
[1.318s] Level 1:colcon.colcon_core.package_identification:_identify(ex03/src) by extension 'ignore'
[1.319s] Level 1:colcon.colcon_core.package_identification:_identify(ex03/src) by extension 'ignore_ament_install'
[1.319s] Level 1:colcon.colcon_core.package_identification:_identify(ex03/src) by extensions ['colcon_pkg']
[1.319s] Level 1:colcon.colcon_core.package_identification:_identify(ex03/src) by extension 'colcon_pkg'
[1.319s] Level 1:colcon.colcon_core.package_identification:_identify(ex03/src) by extensions ['colcon_meta']
[1.319s] Level 1:colcon.colcon_core.package_identification:_identify(ex03/src) by extension 'colcon_meta'
[1.319s] Level 1:colcon.colcon_core.package_identification:_identify(ex03/src) by extensions ['ros']
[1.319s] Level 1:colcon.colcon_core.package_identification:_identify(ex03/src) by extension 'ros'
[1.319s] Level 1:colcon.colcon_core.package_identification:_identify(ex03/src) by extensions ['cmake', 'python']
[1.319s] Level 1:colcon.colcon_core.package_identification:_identify(ex03/src) by extension 'cmake'
[1.319s] Level 1:colcon.colcon_core.package_identification:_identify(ex03/src) by extension 'python'
[1.319s] Level 1:colcon.colcon_core.package_identification:_identify(ex03/src) by extensions ['python_setup_py']
[1.319s] Level 1:colcon.colcon_core.package_identification:_identify(ex03/src) by extension 'python_setup_py'
[1.320s] Level 1:colcon.colcon_core.package_identification:_identify(ex03/src/my_robot_gazebo) by extensions ['ignore', 'ignore_ament_install']
[1.320s] Level 1:colcon.colcon_core.package_identification:_identify(ex03/src/my_robot_gazebo) by extension 'ignore'
[1.320s] Level 1:colcon.colcon_core.package_identification:_identify(ex03/src/my_robot_gazebo) by extension 'ignore_ament_install'
[1.320s] Level 1:colcon.colcon_core.package_identification:_identify(ex03/src/my_robot_gazebo) by extensions ['colcon_pkg']
[1.320s] Level 1:colcon.colcon_core.package_identification:_identify(ex03/src/my_robot_gazebo) by extension 'colcon_pkg'
[1.320s] Level 1:colcon.colcon_core.package_identification:_identify(ex03/src/my_robot_gazebo) by extensions ['colcon_meta']
[1.320s] Level 1:colcon.colcon_core.package_identification:_identify(ex03/src/my_robot_gazebo) by extension 'colcon_meta'
[1.320s] Level 1:colcon.colcon_core.package_identification:_identify(ex03/src/my_robot_gazebo) by extensions ['ros']
[1.320s] Level 1:colcon.colcon_core.package_identification:_identify(ex03/src/my_robot_gazebo) by extension 'ros'
[1.322s] DEBUG:colcon.colcon_core.package_identification:Package 'ex03/src/my_robot_gazebo' with type 'ros.ament_cmake' and name 'my_robot_gazebo'
[1.323s] Level 1:colcon.colcon_core.package_identification:_identify(ex04) by extensions ['ignore', 'ignore_ament_install']
[1.323s] Level 1:colcon.colcon_core.package_identification:_identify(ex04) by extension 'ignore'
[1.323s] Level 1:colcon.colcon_core.package_identification:_identify(ex04) by extension 'ignore_ament_install'
[1.323s] Level 1:colcon.colcon_core.package_identification:_identify(ex04) by extensions ['colcon_pkg']
[1.323s] Level 1:colcon.colcon_core.package_identification:_identify(ex04) by extension 'colcon_pkg'
[1.323s] Level 1:colcon.colcon_core.package_identification:_identify(ex04) by extensions ['colcon_meta']
[1.324s] Level 1:colcon.colcon_core.package_identification:_identify(ex04) by extension 'colcon_meta'
[1.324s] Level 1:colcon.colcon_core.package_identification:_identify(ex04) by extensions ['ros']
[1.324s] Level 1:colcon.colcon_core.package_identification:_identify(ex04) by extension 'ros'
[1.324s] Level 1:colcon.colcon_core.package_identification:_identify(ex04) by extensions ['cmake', 'python']
[1.324s] Level 1:colcon.colcon_core.package_identification:_identify(ex04) by extension 'cmake'
[1.324s] Level 1:colcon.colcon_core.package_identification:_identify(ex04) by extension 'python'
[1.324s] Level 1:colcon.colcon_core.package_identification:_identify(ex04) by extensions ['python_setup_py']
[1.324s] Level 1:colcon.colcon_core.package_identification:_identify(ex04) by extension 'python_setup_py'
[1.325s] Level 1:colcon.colcon_core.package_identification:_identify(ex04/my_robot_control) by extensions ['ignore', 'ignore_ament_install']
[1.325s] Level 1:colcon.colcon_core.package_identification:_identify(ex04/my_robot_control) by extension 'ignore'
[1.325s] Level 1:colcon.colcon_core.package_identification:_identify(ex04/my_robot_control) by extension 'ignore_ament_install'
[1.325s] Level 1:colcon.colcon_core.package_identification:_identify(ex04/my_robot_control) by extensions ['colcon_pkg']
[1.325s] Level 1:colcon.colcon_core.package_identification:_identify(ex04/my_robot_control) by extension 'colcon_pkg'
[1.325s] Level 1:colcon.colcon_core.package_identification:_identify(ex04/my_robot_control) by extensions ['colcon_meta']
[1.325s] Level 1:colcon.colcon_core.package_identification:_identify(ex04/my_robot_control) by extension 'colcon_meta'
[1.325s] Level 1:colcon.colcon_core.package_identification:_identify(ex04/my_robot_control) by extensions ['ros']
[1.325s] Level 1:colcon.colcon_core.package_identification:_identify(ex04/my_robot_control) by extension 'ros'
[1.328s] DEBUG:colcon.colcon_core.package_identification:Package 'ex04/my_robot_control' with type 'ros.ament_python' and name 'my_robot_control'
[1.328s] Level 1:colcon.colcon_core.package_identification:_identify(ex05) by extensions ['ignore', 'ignore_ament_install']
[1.328s] Level 1:colcon.colcon_core.package_identification:_identify(ex05) by extension 'ignore'
[1.328s] Level 1:colcon.colcon_core.package_identification:_identify(ex05) by extension 'ignore_ament_install'
[1.328s] Level 1:colcon.colcon_core.package_identification:_identify(ex05) by extensions ['colcon_pkg']
[1.328s] Level 1:colcon.colcon_core.package_identification:_identify(ex05) by extension 'colcon_pkg'
[1.328s] Level 1:colcon.colcon_core.package_identification:_identify(ex05) by extensions ['colcon_meta']
[1.328s] Level 1:colcon.colcon_core.package_identification:_identify(ex05) by extension 'colcon_meta'
[1.329s] Level 1:colcon.colcon_core.package_identification:_identify(ex05) by extensions ['ros']
[1.329s] Level 1:colcon.colcon_core.package_identification:_identify(ex05) by extension 'ros'
[1.329s] Level 1:colcon.colcon_core.package_identification:_identify(ex05) by extensions ['cmake', 'python']
[1.329s] Level 1:colcon.colcon_core.package_identification:_identify(ex05) by extension 'cmake'
[1.329s] Level 1:colcon.colcon_core.package_identification:_identify(ex05) by extension 'python'
[1.329s] Level 1:colcon.colcon_core.package_identification:_identify(ex05) by extensions ['python_setup_py']
[1.329s] Level 1:colcon.colcon_core.package_identification:_identify(ex05) by extension 'python_setup_py'
[1.329s] Level 1:colcon.colcon_core.package_identification:_identify(ex05/my_unique_robot_control) by extensions ['ignore', 'ignore_ament_install']
[1.329s] Level 1:colcon.colcon_core.package_identification:_identify(ex05/my_unique_robot_control) by extension 'ignore'
[1.329s] Level 1:colcon.colcon_core.package_identification:_identify(ex05/my_unique_robot_control) by extension 'ignore_ament_install'
[1.329s] Level 1:colcon.colcon_core.package_identification:_identify(ex05/my_unique_robot_control) by extensions ['colcon_pkg']
[1.329s] Level 1:colcon.colcon_core.package_identification:_identify(ex05/my_unique_robot_control) by extension 'colcon_pkg'
[1.329s] Level 1:colcon.colcon_core.package_identification:_identify(ex05/my_unique_robot_control) by extensions ['colcon_meta']
[1.329s] Level 1:colcon.colcon_core.package_identification:_identify(ex05/my_unique_robot_control) by extension 'colcon_meta'
[1.329s] Level 1:colcon.colcon_core.package_identification:_identify(ex05/my_unique_robot_control) by extensions ['ros']
[1.329s] Level 1:colcon.colcon_core.package_identification:_identify(ex05/my_unique_robot_control) by extension 'ros'
[1.331s] DEBUG:colcon.colcon_core.package_identification:Package 'ex05/my_unique_robot_control' with type 'ros.ament_python' and name 'my_unique_robot_control'
[1.332s] Level 1:colcon.colcon_core.package_identification:_identify(ex05/my_unique_robot_gazebo) by extensions ['ignore', 'ignore_ament_install']
[1.332s] Level 1:colcon.colcon_core.package_identification:_identify(ex05/my_unique_robot_gazebo) by extension 'ignore'
[1.332s] Level 1:colcon.colcon_core.package_identification:_identify(ex05/my_unique_robot_gazebo) by extension 'ignore_ament_install'
[1.332s] Level 1:colcon.colcon_core.package_identification:_identify(ex05/my_unique_robot_gazebo) by extensions ['colcon_pkg']
[1.332s] Level 1:colcon.colcon_core.package_identification:_identify(ex05/my_unique_robot_gazebo) by extension 'colcon_pkg'
[1.332s] Level 1:colcon.colcon_core.package_identification:_identify(ex05/my_unique_robot_gazebo) by extensions ['colcon_meta']
[1.332s] Level 1:colcon.colcon_core.package_identification:_identify(ex05/my_unique_robot_gazebo) by extension 'colcon_meta'
[1.332s] Level 1:colcon.colcon_core.package_identification:_identify(ex05/my_unique_robot_gazebo) by extensions ['ros']
[1.332s] Level 1:colcon.colcon_core.package_identification:_identify(ex05/my_unique_robot_gazebo) by extension 'ros'
[1.335s] DEBUG:colcon.colcon_core.package_identification:Package 'ex05/my_unique_robot_gazebo' with type 'ros.ament_cmake' and name 'my_unique_robot_gazebo'
[1.336s] Level 1:colcon.colcon_core.package_identification:_identify(install) by extensions ['ignore', 'ignore_ament_install']
[1.336s] Level 1:colcon.colcon_core.package_identification:_identify(install) by extension 'ignore'
[1.336s] Level 1:colcon.colcon_core.package_identification:_identify(install) ignored
[1.336s] Level 1:colcon.colcon_core.package_identification:_identify(log) by extensions ['ignore', 'ignore_ament_install']
[1.336s] Level 1:colcon.colcon_core.package_identification:_identify(log) by extension 'ignore'
[1.336s] Level 1:colcon.colcon_core.package_identification:_identify(log) ignored
[1.337s] Level 1:colcon.colcon_core.package_identification:_identify(src) by extensions ['ignore', 'ignore_ament_install']
[1.337s] Level 1:colcon.colcon_core.package_identification:_identify(src) by extension 'ignore'
[1.337s] Level 1:colcon.colcon_core.package_identification:_identify(src) by extension 'ignore_ament_install'
[1.337s] Level 1:colcon.colcon_core.package_identification:_identify(src) by extensions ['colcon_pkg']
[1.337s] Level 1:colcon.colcon_core.package_identification:_identify(src) by extension 'colcon_pkg'
[1.337s] Level 1:colcon.colcon_core.package_identification:_identify(src) by extensions ['colcon_meta']
[1.338s] Level 1:colcon.colcon_core.package_identification:_identify(src) by extension 'colcon_meta'
[1.338s] Level 1:colcon.colcon_core.package_identification:_identify(src) by extensions ['ros']
[1.338s] Level 1:colcon.colcon_core.package_identification:_identify(src) by extension 'ros'
[1.338s] Level 1:colcon.colcon_core.package_identification:_identify(src) by extensions ['cmake', 'python']
[1.338s] Level 1:colcon.colcon_core.package_identification:_identify(src) by extension 'cmake'
[1.338s] Level 1:colcon.colcon_core.package_identification:_identify(src) by extension 'python'
[1.338s] Level 1:colcon.colcon_core.package_identification:_identify(src) by extensions ['python_setup_py']
[1.338s] Level 1:colcon.colcon_core.package_identification:_identify(src) by extension 'python_setup_py'
[1.339s] Level 1:colcon.colcon_core.package_identification:_identify(src/my_robot_gazebo) by extensions ['ignore', 'ignore_ament_install']
[1.339s] Level 1:colcon.colcon_core.package_identification:_identify(src/my_robot_gazebo) by extension 'ignore'
[1.339s] Level 1:colcon.colcon_core.package_identification:_identify(src/my_robot_gazebo) by extension 'ignore_ament_install'
[1.339s] Level 1:colcon.colcon_core.package_identification:_identify(src/my_robot_gazebo) by extensions ['colcon_pkg']
[1.339s] Level 1:colcon.colcon_core.package_identification:_identify(src/my_robot_gazebo) by extension 'colcon_pkg'
[1.339s] Level 1:colcon.colcon_core.package_identification:_identify(src/my_robot_gazebo) by extensions ['colcon_meta']
[1.339s] Level 1:colcon.colcon_core.package_identification:_identify(src/my_robot_gazebo) by extension 'colcon_meta'
[1.339s] Level 1:colcon.colcon_core.package_identification:_identify(src/my_robot_gazebo) by extensions ['ros']
[1.339s] Level 1:colcon.colcon_core.package_identification:_identify(src/my_robot_gazebo) by extension 'ros'
[1.339s] Level 1:colcon.colcon_core.package_identification:_identify(src/my_robot_gazebo) by extensions ['cmake', 'python']
[1.339s] Level 1:colcon.colcon_core.package_identification:_identify(src/my_robot_gazebo) by extension 'cmake'
[1.339s] Level 1:colcon.colcon_core.package_identification:_identify(src/my_robot_gazebo) by extension 'python'
[1.339s] Level 1:colcon.colcon_core.package_identification:_identify(src/my_robot_gazebo) by extensions ['python_setup_py']
[1.339s] Level 1:colcon.colcon_core.package_identification:_identify(src/my_robot_gazebo) by extension 'python_setup_py'
[1.340s] Level 1:colcon.colcon_core.package_identification:_identify(src/my_robot_gazebo/ex03) by extensions ['ignore', 'ignore_ament_install']
[1.340s] Level 1:colcon.colcon_core.package_identification:_identify(src/my_robot_gazebo/ex03) by extension 'ignore'
[1.340s] Level 1:colcon.colcon_core.package_identification:_identify(src/my_robot_gazebo/ex03) by extension 'ignore_ament_install'
[1.340s] Level 1:colcon.colcon_core.package_identification:_identify(src/my_robot_gazebo/ex03) by extensions ['colcon_pkg']
[1.340s] Level 1:colcon.colcon_core.package_identification:_identify(src/my_robot_gazebo/ex03) by extension 'colcon_pkg'
[1.341s] Level 1:colcon.colcon_core.package_identification:_identify(src/my_robot_gazebo/ex03) by extensions ['colcon_meta']
[1.341s] Level 1:colcon.colcon_core.package_identification:_identify(src/my_robot_gazebo/ex03) by extension 'colcon_meta'
[1.341s] Level 1:colcon.colcon_core.package_identification:_identify(src/my_robot_gazebo/ex03) by extensions ['ros']
[1.341s] Level 1:colcon.colcon_core.package_identification:_identify(src/my_robot_gazebo/ex03) by extension 'ros'
[1.341s] Level 1:colcon.colcon_core.package_identification:_identify(src/my_robot_gazebo/ex03) by extensions ['cmake', 'python']
[1.341s] Level 1:colcon.colcon_core.package_identification:_identify(src/my_robot_gazebo/ex03) by extension 'cmake'
[1.341s] Level 1:colcon.colcon_core.package_identification:_identify(src/my_robot_gazebo/ex03) by extension 'python'
[1.341s] Level 1:colcon.colcon_core.package_identification:_identify(src/my_robot_gazebo/ex03) by extensions ['python_setup_py']
[1.341s] Level 1:colcon.colcon_core.package_identification:_identify(src/my_robot_gazebo/ex03) by extension 'python_setup_py'
[1.342s] Level 1:colcon.colcon_core.package_identification:_identify(Новая папка) by extensions ['ignore', 'ignore_ament_install']
[1.342s] Level 1:colcon.colcon_core.package_identification:_identify(Новая папка) by extension 'ignore'
[1.342s] Level 1:colcon.colcon_core.package_identification:_identify(Новая папка) by extension 'ignore_ament_install'
[1.342s] Level 1:colcon.colcon_core.package_identification:_identify(Новая папка) by extensions ['colcon_pkg']
[1.342s] Level 1:colcon.colcon_core.package_identification:_identify(Новая папка) by extension 'colcon_pkg'
[1.342s] Level 1:colcon.colcon_core.package_identification:_identify(Новая папка) by extensions ['colcon_meta']
[1.342s] Level 1:colcon.colcon_core.package_identification:_identify(Новая папка) by extension 'colcon_meta'
[1.342s] Level 1:colcon.colcon_core.package_identification:_identify(Новая папка) by extensions ['ros']
[1.342s] Level 1:colcon.colcon_core.package_identification:_identify(Новая папка) by extension 'ros'
[1.342s] Level 1:colcon.colcon_core.package_identification:_identify(Новая папка) by extensions ['cmake', 'python']
[1.342s] Level 1:colcon.colcon_core.package_identification:_identify(Новая папка) by extension 'cmake'
[1.342s] Level 1:colcon.colcon_core.package_identification:_identify(Новая папка) by extension 'python'
[1.343s] Level 1:colcon.colcon_core.package_identification:_identify(Новая папка) by extensions ['python_setup_py']
[1.343s] Level 1:colcon.colcon_core.package_identification:_identify(Новая папка) by extension 'python_setup_py'
[1.343s] Level 1:colcon.colcon_core.package_discovery:discover_packages(recursive) using defaults
[1.343s] Level 1:colcon.colcon_core.package_discovery:discover_packages(ignore) discover
[1.343s] Level 1:colcon.colcon_core.package_discovery:discover_packages(ignore) using defaults
[1.343s] Level 1:colcon.colcon_core.package_discovery:discover_packages(path) discover
[1.343s] Level 1:colcon.colcon_core.package_discovery:discover_packages(path) using defaults
[1.416s] INFO:colcon.colcon_core.package_selection:Skipping not selected package 'my_robot_description' in 'ex01/my_robot_description'
[1.417s] INFO:colcon.colcon_core.package_selection:Skipping not selected package 'my_robot_gazebo' in 'ex03/src/my_robot_gazebo'
[1.417s] INFO:colcon.colcon_core.package_selection:Skipping not selected package 'my_robot_control' in 'ex04/my_robot_control'
[1.419s] Level 1:colcon.colcon_core.package_discovery:discover_packages(prefix_path) check parameters
[1.420s] Level 1:colcon.colcon_core.package_discovery:discover_packages(prefix_path) discover
[1.425s] WARNING:colcon.colcon_core.prefix_path.colcon:The path '/home/ivan/ros2_ws/task5/ex04/install' in the environment variable COLCON_PREFIX_PATH doesn't exist
[1.425s] WARNING:colcon.colcon_core.prefix_path.colcon:The path '/home/ivan/ros2_ws/task5/ex03/install' in the environment variable COLCON_PREFIX_PATH doesn't exist
[1.427s] WARNING:colcon.colcon_ros.prefix_path.ament:The path '/home/ivan/ros2_ws/task5/ex04/install/my_robot_control' in the environment variable AMENT_PREFIX_PATH doesn't exist
[1.427s] WARNING:colcon.colcon_ros.prefix_path.ament:The path '/home/ivan/ros2_ws/task5/ex03/install/my_robot_gazebo' in the environment variable AMENT_PREFIX_PATH doesn't exist
[1.434s] WARNING:colcon.colcon_ros.prefix_path.catkin:The path '/home/ivan/ros2_ws/task5/ex03/install/my_robot_gazebo' in the environment variable CMAKE_PREFIX_PATH doesn't exist
[1.437s] DEBUG:colcon.colcon_installed_package_information.package_discovery:Found 5 installed packages in /home/ivan/ros2_ws/task5/install
[1.438s] DEBUG:colcon.colcon_installed_package_information.package_discovery:Found 7 installed packages in /home/ivan/ros2_ws/install
[1.443s] DEBUG:colcon.colcon_installed_package_information.package_discovery:Found 340 installed packages in /opt/ros/humble
[1.446s] Level 1:colcon.colcon_core.package_discovery:discover_packages(prefix_path) using defaults
[1.635s] Level 5:colcon.colcon_core.verb:set package 'my_unique_robot_gazebo' build argument 'cmake_args' from command line to 'None'
[1.635s] Level 5:colcon.colcon_core.verb:set package 'my_unique_robot_gazebo' build argument 'cmake_target' from command line to 'None'
[1.635s] Level 5:colcon.colcon_core.verb:set package 'my_unique_robot_gazebo' build argument 'cmake_target_skip_unavailable' from command line to 'False'
[1.635s] Level 5:colcon.colcon_core.verb:set package 'my_unique_robot_gazebo' build argument 'cmake_clean_cache' from command line to 'False'
[1.635s] Level 5:colcon.colcon_core.verb:set package 'my_unique_robot_gazebo' build argument 'cmake_clean_first' from command line to 'False'
[1.635s] Level 5:colcon.colcon_core.verb:set package 'my_unique_robot_gazebo' build argument 'cmake_force_configure' from command line to 'False'
[1.635s] Level 5:colcon.colcon_core.verb:set package 'my_unique_robot_gazebo' build argument 'ament_cmake_args' from command line to 'None'
[1.635s] Level 5:colcon.colcon_core.verb:set package 'my_unique_robot_gazebo' build argument 'catkin_cmake_args' from command line to 'None'
[1.635s] Level 5:colcon.colcon_core.verb:set package 'my_unique_robot_gazebo' build argument 'catkin_skip_building_tests' from command line to 'False'
[1.636s] DEBUG:colcon.colcon_core.verb:Building package 'my_unique_robot_gazebo' with the following arguments: {'ament_cmake_args': None, 'build_base': '/home/ivan/ros2_ws/task5/build/my_unique_robot_gazebo', 'catkin_cmake_args': None, 'catkin_skip_building_tests': False, 'cmake_args': None, 'cmake_clean_cache': False, 'cmake_clean_first': False, 'cmake_force_configure': False, 'cmake_target': None, 'cmake_target_skip_unavailable': False, 'install_base': '/home/ivan/ros2_ws/task5/install/my_unique_robot_gazebo', 'merge_install': False, 'path': '/home/ivan/ros2_ws/task5/ex05/my_unique_robot_gazebo', 'symlink_install': False, 'test_result_base': None}
[1.636s] Level 5:colcon.colcon_core.verb:set package 'my_unique_robot_control' build argument 'cmake_args' from command line to 'None'
[1.636s] Level 5:colcon.colcon_core.verb:set package 'my_unique_robot_control' build argument 'cmake_target' from command line to 'None'
[1.636s] Level 5:colcon.colcon_core.verb:set package 'my_unique_robot_control' build argument 'cmake_target_skip_unavailable' from command line to 'False'
[1.636s] Level 5:colcon.colcon_core.verb:set package 'my_unique_robot_control' build argument 'cmake_clean_cache' from command line to 'False'
[1.636s] Level 5:colcon.colcon_core.verb:set package 'my_unique_robot_control' build argument 'cmake_clean_first' from command line to 'False'
[1.636s] Level 5:colcon.colcon_core.verb:set package 'my_unique_robot_control' build argument 'cmake_force_configure' from command line to 'False'
[1.636s] Level 5:colcon.colcon_core.verb:set package 'my_unique_robot_control' build argument 'ament_cmake_args' from command line to 'None'
[1.636s] Level 5:colcon.colcon_core.verb:set package 'my_unique_robot_control' build argument 'catkin_cmake_args' from command line to 'None'
[1.636s] Level 5:colcon.colcon_core.verb:set package 'my_unique_robot_control' build argument 'catkin_skip_building_tests' from command line to 'False'
[1.636s] DEBUG:colcon.colcon_core.verb:Building package 'my_unique_robot_control' with the following arguments: {'ament_cmake_args': None, 'build_base': '/home/ivan/ros2_ws/task5/build/my_unique_robot_control', 'catkin_cmake_args': None, 'catkin_skip_building_tests': False, 'cmake_args': None, 'cmake_clean_cache': False, 'cmake_clean_first': False, 'cmake_force_configure': False, 'cmake_target': None, 'cmake_target_skip_unavailable': False, 'install_base': '/home/ivan/ros2_ws/task5/install/my_unique_robot_control', 'merge_install': False, 'path': '/home/ivan/ros2_ws/task5/ex05/my_unique_robot_control', 'symlink_install': False, 'test_result_base': None}
[1.637s] INFO:colcon.colcon_core.executor:Executing jobs using 'parallel' executor
[1.638s] DEBUG:colcon.colcon_parallel_executor.executor.parallel:run_until_complete
[1.639s] INFO:colcon.colcon_ros.task.ament_cmake.build:Building ROS package in '/home/ivan/ros2_ws/task5/ex05/my_unique_robot_gazebo' with build type 'ament_cmake'
[1.639s] INFO:colcon.colcon_cmake.task.cmake.build:Building CMake package in '/home/ivan/ros2_ws/task5/ex05/my_unique_robot_gazebo'
[1.651s] INFO:colcon.colcon_core.plugin_system:Skipping extension 'colcon_core.shell.bat': Not used on non-Windows systems
[1.651s] INFO:colcon.colcon_core.shell:Skip shell extension 'powershell' for command environment: Not usable outside of PowerShell
[1.651s] DEBUG:colcon.colcon_core.shell:Skip shell extension 'dsv' for command environment
[1.671s] DEBUG:colcon.colcon_core.event_handler.log_command:Invoking command in '/home/ivan/ros2_ws/task5/build/my_unique_robot_gazebo': CMAKE_PREFIX_PATH=${CMAKE_PREFIX_PATH}:/home/ivan/ros2_ws/task5/install/my_unique_robot_control:/home/ivan/ros2_ws/task5/install/my_robot_control:/home/ivan/ros2_ws/task5/ex04/install/my_robot_control:/home/ivan/ros2_ws/install/turtle_multi_target:/home/ivan/ros2_ws/install/text_to_cmd_vel_pkg:/home/ivan/ros2_ws/install/py_pubsub:/home/ivan/ros2_ws/install/my_package:/home/ivan/ros2_ws/install/Ivan:/opt/ros/humble /usr/bin/cmake --build /home/ivan/ros2_ws/task5/build/my_unique_robot_gazebo -- -j16 -l16
[1.815s] DEBUG:colcon.colcon_core.event_handler.log_command:Invoked command in '/home/ivan/ros2_ws/task5/build/my_unique_robot_gazebo' returned '0': CMAKE_PREFIX_PATH=${CMAKE_PREFIX_PATH}:/home/ivan/ros2_ws/task5/install/my_unique_robot_control:/home/ivan/ros2_ws/task5/install/my_robot_control:/home/ivan/ros2_ws/task5/ex04/install/my_robot_control:/home/ivan/ros2_ws/install/turtle_multi_target:/home/ivan/ros2_ws/install/text_to_cmd_vel_pkg:/home/ivan/ros2_ws/install/py_pubsub:/home/ivan/ros2_ws/install/my_package:/home/ivan/ros2_ws/install/Ivan:/opt/ros/humble /usr/bin/cmake --build /home/ivan/ros2_ws/task5/build/my_unique_robot_gazebo -- -j16 -l16
[1.832s] DEBUG:colcon.colcon_core.event_handler.log_command:Invoking command in '/home/ivan/ros2_ws/task5/build/my_unique_robot_gazebo': CMAKE_PREFIX_PATH=${CMAKE_PREFIX_PATH}:/home/ivan/ros2_ws/task5/install/my_unique_robot_control:/home/ivan/ros2_ws/task5/install/my_robot_control:/home/ivan/ros2_ws/task5/ex04/install/my_robot_control:/home/ivan/ros2_ws/install/turtle_multi_target:/home/ivan/ros2_ws/install/text_to_cmd_vel_pkg:/home/ivan/ros2_ws/install/py_pubsub:/home/ivan/ros2_ws/install/my_package:/home/ivan/ros2_ws/install/Ivan:/opt/ros/humble /usr/bin/cmake --install /home/ivan/ros2_ws/task5/build/my_unique_robot_gazebo
[1.851s] Level 1:colcon.colcon_core.environment:create_environment_scripts_only(my_unique_robot_gazebo)
[1.852s] DEBUG:colcon.colcon_core.event_handler.log_command:Invoked command in '/home/ivan/ros2_ws/task5/build/my_unique_robot_gazebo' returned '0': CMAKE_PREFIX_PATH=${CMAKE_PREFIX_PATH}:/home/ivan/ros2_ws/task5/install/my_unique_robot_control:/home/ivan/ros2_ws/task5/install/my_robot_control:/home/ivan/ros2_ws/task5/ex04/install/my_robot_control:/home/ivan/ros2_ws/install/turtle_multi_target:/home/ivan/ros2_ws/install/text_to_cmd_vel_pkg:/home/ivan/ros2_ws/install/py_pubsub:/home/ivan/ros2_ws/install/my_package:/home/ivan/ros2_ws/install/Ivan:/opt/ros/humble /usr/bin/cmake --install /home/ivan/ros2_ws/task5/build/my_unique_robot_gazebo
[1.864s] Level 1:colcon.colcon_core.environment:checking '/home/ivan/ros2_ws/task5/install/my_unique_robot_gazebo' for CMake module files
[1.865s] Level 1:colcon.colcon_core.environment:checking '/home/ivan/ros2_ws/task5/install/my_unique_robot_gazebo' for CMake config files
[1.866s] Level 1:colcon.colcon_core.shell:create_environment_hook('my_unique_robot_gazebo', 'cmake_prefix_path')
[1.866s] INFO:colcon.colcon_core.shell:Creating environment hook '/home/ivan/ros2_ws/task5/install/my_unique_robot_gazebo/share/my_unique_robot_gazebo/hook/cmake_prefix_path.ps1'
[1.868s] INFO:colcon.colcon_core.shell:Creating environment descriptor '/home/ivan/ros2_ws/task5/install/my_unique_robot_gazebo/share/my_unique_robot_gazebo/hook/cmake_prefix_path.dsv'
[1.869s] INFO:colcon.colcon_core.shell:Creating environment hook '/home/ivan/ros2_ws/task5/install/my_unique_robot_gazebo/share/my_unique_robot_gazebo/hook/cmake_prefix_path.sh'
[1.871s] Level 1:colcon.colcon_core.environment:checking '/home/ivan/ros2_ws/task5/install/my_unique_robot_gazebo/bin'
[1.871s] Level 1:colcon.colcon_core.environment:checking '/home/ivan/ros2_ws/task5/install/my_unique_robot_gazebo/lib/pkgconfig/my_unique_robot_gazebo.pc'
[1.872s] Level 1:colcon.colcon_core.environment:checking '/home/ivan/ros2_ws/task5/install/my_unique_robot_gazebo/lib/python3.10/site-packages'
[1.872s] Level 1:colcon.colcon_core.environment:checking '/home/ivan/ros2_ws/task5/install/my_unique_robot_gazebo/bin'
[1.873s] INFO:colcon.colcon_core.shell:Creating package script '/home/ivan/ros2_ws/task5/install/my_unique_robot_gazebo/share/my_unique_robot_gazebo/package.ps1'
[1.875s] INFO:colcon.colcon_core.shell:Creating package descriptor '/home/ivan/ros2_ws/task5/install/my_unique_robot_gazebo/share/my_unique_robot_gazebo/package.dsv'
[1.876s] INFO:colcon.colcon_core.shell:Creating package script '/home/ivan/ros2_ws/task5/install/my_unique_robot_gazebo/share/my_unique_robot_gazebo/package.sh'
[1.878s] INFO:colcon.colcon_core.shell:Creating package script '/home/ivan/ros2_ws/task5/install/my_unique_robot_gazebo/share/my_unique_robot_gazebo/package.bash'
[1.879s] INFO:colcon.colcon_core.shell:Creating package script '/home/ivan/ros2_ws/task5/install/my_unique_robot_gazebo/share/my_unique_robot_gazebo/package.zsh'
[1.881s] Level 1:colcon.colcon_core.environment:create_file_with_runtime_dependencies(/home/ivan/ros2_ws/task5/install/my_unique_robot_gazebo/share/colcon-core/packages/my_unique_robot_gazebo)
[1.882s] Level 1:colcon.colcon_core.environment:create_environment_scripts_only(my_unique_robot_gazebo)
[1.882s] Level 1:colcon.colcon_core.environment:checking '/home/ivan/ros2_ws/task5/install/my_unique_robot_gazebo' for CMake module files
[1.883s] Level 1:colcon.colcon_core.environment:checking '/home/ivan/ros2_ws/task5/install/my_unique_robot_gazebo' for CMake config files
[1.883s] Level 1:colcon.colcon_core.shell:create_environment_hook('my_unique_robot_gazebo', 'cmake_prefix_path')
[1.883s] INFO:colcon.colcon_core.shell:Creating environment hook '/home/ivan/ros2_ws/task5/install/my_unique_robot_gazebo/share/my_unique_robot_gazebo/hook/cmake_prefix_path.ps1'
[1.884s] INFO:colcon.colcon_core.shell:Creating environment descriptor '/home/ivan/ros2_ws/task5/install/my_unique_robot_gazebo/share/my_unique_robot_gazebo/hook/cmake_prefix_path.dsv'
[1.884s] INFO:colcon.colcon_core.shell:Creating environment hook '/home/ivan/ros2_ws/task5/install/my_unique_robot_gazebo/share/my_unique_robot_gazebo/hook/cmake_prefix_path.sh'
[1.885s] Level 1:colcon.colcon_core.environment:checking '/home/ivan/ros2_ws/task5/install/my_unique_robot_gazebo/bin'
[1.885s] Level 1:colcon.colcon_core.environment:checking '/home/ivan/ros2_ws/task5/install/my_unique_robot_gazebo/lib/pkgconfig/my_unique_robot_gazebo.pc'
[1.886s] Level 1:colcon.colcon_core.environment:checking '/home/ivan/ros2_ws/task5/install/my_unique_robot_gazebo/lib/python3.10/site-packages'
[1.886s] Level 1:colcon.colcon_core.environment:checking '/home/ivan/ros2_ws/task5/install/my_unique_robot_gazebo/bin'
[1.886s] INFO:colcon.colcon_core.shell:Creating package script '/home/ivan/ros2_ws/task5/install/my_unique_robot_gazebo/share/my_unique_robot_gazebo/package.ps1'
[1.887s] INFO:colcon.colcon_core.shell:Creating package descriptor '/home/ivan/ros2_ws/task5/install/my_unique_robot_gazebo/share/my_unique_robot_gazebo/package.dsv'
[1.888s] INFO:colcon.colcon_core.shell:Creating package script '/home/ivan/ros2_ws/task5/install/my_unique_robot_gazebo/share/my_unique_robot_gazebo/package.sh'
[1.889s] INFO:colcon.colcon_core.shell:Creating package script '/home/ivan/ros2_ws/task5/install/my_unique_robot_gazebo/share/my_unique_robot_gazebo/package.bash'
[1.889s] INFO:colcon.colcon_core.shell:Creating package script '/home/ivan/ros2_ws/task5/install/my_unique_robot_gazebo/share/my_unique_robot_gazebo/package.zsh'
[1.890s] Level 1:colcon.colcon_core.environment:create_file_with_runtime_dependencies(/home/ivan/ros2_ws/task5/install/my_unique_robot_gazebo/share/colcon-core/packages/my_unique_robot_gazebo)
[1.891s] INFO:colcon.colcon_ros.task.ament_python.build:Building ROS package in '/home/ivan/ros2_ws/task5/ex05/my_unique_robot_control' with build type 'ament_python'
[1.891s] Level 1:colcon.colcon_core.shell:create_environment_hook('my_unique_robot_control', 'ament_prefix_path')
[1.891s] INFO:colcon.colcon_core.shell:Creating environment hook '/home/ivan/ros2_ws/task5/install/my_unique_robot_control/share/my_unique_robot_control/hook/ament_prefix_path.ps1'
[1.894s] INFO:colcon.colcon_core.shell:Creating environment descriptor '/home/ivan/ros2_ws/task5/install/my_unique_robot_control/share/my_unique_robot_control/hook/ament_prefix_path.dsv'
[1.895s] INFO:colcon.colcon_core.shell:Creating environment hook '/home/ivan/ros2_ws/task5/install/my_unique_robot_control/share/my_unique_robot_control/hook/ament_prefix_path.sh'
[1.896s] INFO:colcon.colcon_core.shell:Skip shell extension 'powershell' for command environment: Not usable outside of PowerShell
[1.896s] DEBUG:colcon.colcon_core.shell:Skip shell extension 'dsv' for command environment
[2.418s] INFO:colcon.colcon_core.task.python.build:Building Python package in '/home/ivan/ros2_ws/task5/ex05/my_unique_robot_control'
[2.419s] INFO:colcon.colcon_core.shell:Skip shell extension 'powershell' for command environment: Not usable outside of PowerShell
[2.419s] DEBUG:colcon.colcon_core.shell:Skip shell extension 'dsv' for command environment
[3.489s] DEBUG:colcon.colcon_core.event_handler.log_command:Invoking command in '/home/ivan/ros2_ws/task5/ex05/my_unique_robot_control': CMAKE_PREFIX_PATH=/home/ivan/ros2_ws/task5/install/my_robot_gazebo:/home/ivan/ros2_ws/task5/install/my_unique_robot_gazebo:/home/ivan/ros2_ws/task5/install/my_robot_description:/home/ivan/ros2_ws/task5/ex03/install/my_robot_gazebo:/home/ivan/ros2_ws/install/tutorial_interfaces:/home/ivan/ros2_ws/install/turtlesim PYTHONPATH=/home/ivan/ros2_ws/task5/build/my_unique_robot_control/prefix_override:/usr/lib/python3/dist-packages/colcon_core/task/python/colcon_distutils_commands:/home/ivan/ros2_ws/task5/install/my_unique_robot_control/lib/python3.10/site-packages:${PYTHONPATH} /usr/bin/python3 -W ignore:setup.py install is deprecated -W ignore:easy_install command is deprecated setup.py egg_info --egg-base ../../build/my_unique_robot_control build --build-base /home/ivan/ros2_ws/task5/build/my_unique_robot_control/build install --record /home/ivan/ros2_ws/task5/build/my_unique_robot_control/install.log --single-version-externally-managed install_data
[3.949s] Level 1:colcon.colcon_core.environment:checking '/home/ivan/ros2_ws/task5/install/my_unique_robot_control' for CMake module files
[3.950s] DEBUG:colcon.colcon_core.event_handler.log_command:Invoked command in '/home/ivan/ros2_ws/task5/ex05/my_unique_robot_control' returned '0': CMAKE_PREFIX_PATH=/home/ivan/ros2_ws/task5/install/my_robot_gazebo:/home/ivan/ros2_ws/task5/install/my_unique_robot_gazebo:/home/ivan/ros2_ws/task5/install/my_robot_description:/home/ivan/ros2_ws/task5/ex03/install/my_robot_gazebo:/home/ivan/ros2_ws/install/tutorial_interfaces:/home/ivan/ros2_ws/install/turtlesim PYTHONPATH=/home/ivan/ros2_ws/task5/build/my_unique_robot_control/prefix_override:/usr/lib/python3/dist-packages/colcon_core/task/python/colcon_distutils_commands:/home/ivan/ros2_ws/task5/install/my_unique_robot_control/lib/python3.10/site-packages:${PYTHONPATH} /usr/bin/python3 -W ignore:setup.py install is deprecated -W ignore:easy_install command is deprecated setup.py egg_info --egg-base ../../build/my_unique_robot_control build --build-base /home/ivan/ros2_ws/task5/build/my_unique_robot_control/build install --record /home/ivan/ros2_ws/task5/build/my_unique_robot_control/install.log --single-version-externally-managed install_data
[3.952s] Level 1:colcon.colcon_core.environment:checking '/home/ivan/ros2_ws/task5/install/my_unique_robot_control' for CMake config files
[3.959s] Level 1:colcon.colcon_core.environment:checking '/home/ivan/ros2_ws/task5/install/my_unique_robot_control/lib'
[3.959s] Level 1:colcon.colcon_core.environment:checking '/home/ivan/ros2_ws/task5/install/my_unique_robot_control/bin'
[3.959s] Level 1:colcon.colcon_core.environment:checking '/home/ivan/ros2_ws/task5/install/my_unique_robot_control/lib/pkgconfig/my_unique_robot_control.pc'
[3.960s] Level 1:colcon.colcon_core.environment:checking '/home/ivan/ros2_ws/task5/install/my_unique_robot_control/lib/python3.10/site-packages'
[3.960s] Level 1:colcon.colcon_core.shell:create_environment_hook('my_unique_robot_control', 'pythonpath')
[3.960s] INFO:colcon.colcon_core.shell:Creating environment hook '/home/ivan/ros2_ws/task5/install/my_unique_robot_control/share/my_unique_robot_control/hook/pythonpath.ps1'
[3.961s] INFO:colcon.colcon_core.shell:Creating environment descriptor '/home/ivan/ros2_ws/task5/install/my_unique_robot_control/share/my_unique_robot_control/hook/pythonpath.dsv'
[3.961s] INFO:colcon.colcon_core.shell:Creating environment hook '/home/ivan/ros2_ws/task5/install/my_unique_robot_control/share/my_unique_robot_control/hook/pythonpath.sh'
[3.963s] Level 1:colcon.colcon_core.environment:checking '/home/ivan/ros2_ws/task5/install/my_unique_robot_control/bin'
[3.963s] Level 1:colcon.colcon_core.environment:create_environment_scripts_only(my_unique_robot_control)
[3.963s] INFO:colcon.colcon_core.shell:Creating package script '/home/ivan/ros2_ws/task5/install/my_unique_robot_control/share/my_unique_robot_control/package.ps1'
[3.964s] INFO:colcon.colcon_core.shell:Creating package descriptor '/home/ivan/ros2_ws/task5/install/my_unique_robot_control/share/my_unique_robot_control/package.dsv'
[3.965s] INFO:colcon.colcon_core.shell:Creating package script '/home/ivan/ros2_ws/task5/install/my_unique_robot_control/share/my_unique_robot_control/package.sh'
[3.966s] INFO:colcon.colcon_core.shell:Creating package script '/home/ivan/ros2_ws/task5/install/my_unique_robot_control/share/my_unique_robot_control/package.bash'
[3.967s] INFO:colcon.colcon_core.shell:Creating package script '/home/ivan/ros2_ws/task5/install/my_unique_robot_control/share/my_unique_robot_control/package.zsh'
[3.968s] Level 1:colcon.colcon_core.environment:create_file_with_runtime_dependencies(/home/ivan/ros2_ws/task5/install/my_unique_robot_control/share/colcon-core/packages/my_unique_robot_control)
[3.968s] DEBUG:colcon.colcon_parallel_executor.executor.parallel:closing loop
[3.969s] DEBUG:colcon.colcon_parallel_executor.executor.parallel:loop closed
[3.970s] DEBUG:colcon.colcon_parallel_executor.executor.parallel:run_until_complete finished with '0'
[3.971s] DEBUG:colcon.colcon_core.event_reactor:joining thread
[4.049s] INFO:colcon.colcon_core.plugin_system:Skipping extension 'colcon_notification.desktop_notification.notify_send': Could not find 'notify-send'
[4.049s] INFO:colcon.colcon_core.plugin_system:Skipping extension 'colcon_notification.desktop_notification.terminal_notifier': Not used on non-Darwin systems
[4.049s] INFO:colcon.colcon_core.plugin_system:Skipping extension 'colcon_notification.desktop_notification.win32': Not used on non-Windows systems
[4.049s] INFO:colcon.colcon_notification.desktop_notification:Sending desktop notification using 'notify2'
[4.049s] DEBUG:colcon.colcon_notification.desktop_notification.notify2:Failed to initialize notify2: org.freedesktop.DBus.Error.FileNotFound: Failed to connect to socket /run/user/1000/bus: No such file or directory
[4.050s] DEBUG:colcon.colcon_core.event_reactor:joined thread
[4.050s] INFO:colcon.colcon_core.shell:Creating prefix script '/home/ivan/ros2_ws/task5/install/local_setup.ps1'
[4.052s] INFO:colcon.colcon_core.shell:Creating prefix util module '/home/ivan/ros2_ws/task5/install/_local_setup_util_ps1.py'
[4.055s] INFO:colcon.colcon_core.shell:Creating prefix chain script '/home/ivan/ros2_ws/task5/install/setup.ps1'
[4.058s] INFO:colcon.colcon_core.shell:Creating prefix script '/home/ivan/ros2_ws/task5/install/local_setup.sh'
[4.059s] INFO:colcon.colcon_core.shell:Creating prefix util module '/home/ivan/ros2_ws/task5/install/_local_setup_util_sh.py'
[4.060s] INFO:colcon.colcon_core.shell:Creating prefix chain script '/home/ivan/ros2_ws/task5/install/setup.sh'
[4.063s] INFO:colcon.colcon_core.shell:Creating prefix script '/home/ivan/ros2_ws/task5/install/local_setup.bash'
[4.064s] INFO:colcon.colcon_core.shell:Creating prefix chain script '/home/ivan/ros2_ws/task5/install/setup.bash'
[4.068s] INFO:colcon.colcon_core.shell:Creating prefix script '/home/ivan/ros2_ws/task5/install/local_setup.zsh'
[4.070s] INFO:colcon.colcon_core.shell:Creating prefix chain script '/home/ivan/ros2_ws/task5/install/setup.zsh'
